=== Debug Logger Session Started at 2026-09-13T01:27:57.630 ===
PNut-Term-TS: v1.0.8
Program: debug
=====================================

[2026-09-13T01:27:57.526] [SYSTEM] BAUD_RATE_SET 2000000 baud (preferences/default)

=== Session ended - Download Started at 2026-09-13T01:27:57.769 ===
=== Debug Logger Session Started at 2026-09-13T01:27:57.772 ===
PNut-Term-TS: v1.0.8
Program: debug
=====================================

[2026-09-13T01:27:57.769] [SYSTEM] [DOWNLOAD TO RAM] File: test_bench_scan.bin | Size: 38400 bytes | Modified: 2026-09-13T07:27:56.168Z
[2026-09-13T01:27:57.772] [SYSTEM] Download Session Started
[2026-09-13T01:27:59.114] [SYSTEM] [DOWNLOAD SUCCESS] test_bench_scan.bin successfully downloaded to RAM
[2026-09-13T01:27:59.131] Cog0  INIT $0000_0000 $0000_0000 load
[2026-09-13T01:27:59.132] Cog0  INIT $0000_0FA8 $0000_8B74 jump
[2026-09-13T01:27:59.132] Cog0  BS-BANNER,src_rev,2,fmt,2,cfg_id,BENCH,frame,MOTOR,clkfreq,270_000_000,left_base,32,right_base,16,voltage_enum,6,det_mode,30,motor_type,0,def_neg_deg,43,def_pos_deg,317
[2026-09-13T01:27:59.133] Cog0  BS-DRIVE,ceiling_incre,147_000_000,qtr_incre,36_750_000,half_incre,73_500_000,preflight_incre,18_375_000,jog_incre,36_750_000
[2026-09-13T01:27:59.135] Cog0  BS-LIMITS,abs_abort_mV,1_500,abs_abort_samples,4,point_abort_x100,250,point_abort_samples,40,run_time_cap_s,1_800,run_charge_cap_mVs,432_000,run_fault_cap,24,run_abort_i_cap,6
[2026-09-13T01:27:59.136] Cog0  BS-LIMITS2,leg_fault_cap,3,side_fault_stop,2,hard_limit_deg,90,drift_flag_pct,8,imbalance_pct,10
[2026-09-13T01:27:59.138] Cog0  BS-PLAN-T,sample_ms,5,settle_ms,1_000,steady_timeout_ms,4_000,stop_timeout_ms,3_000,rest_ms,500,fault_cool_ms,5_000,jog_ms,1_000,batch_ticks,30,win_ticks_coarse,180,win_ticks_fine,270,win_ticks_self,450,win_ticks_half,540
[2026-09-13T01:27:59.141] Cog0  BS-PLAN-S,coarse_step_deg,10,fine_step_deg,5,cliff_half_step_deg,2,fine_half_deg,20,extend_pts,4,confirm_half_deg,15,confirm_extend_pts,2,rise_pct,15,min_past,2,fit_min_pts,6,confirm_min_pts,5
[2026-09-13T01:27:59.142] Cog0  BS-BANDS,pos_qtr_lo_mV,68,pos_qtr_hi_mV,114,neg_qtr_lo_mV,127,neg_qtr_hi_mV,212,ratio_lo_x1000,1_550,ratio_hi_x1000,2_200,zero_lo_mV,-10,zero_hi_mV,30,rate_qtr_lo,90,rate_qtr_hi,106,rate_half_lo,182,rate_half_hi,212
[2026-09-13T01:27:59.144] Cog0  * PANIC PROCEDURE IS PHYSICAL BATTERY DISCONNECT ONLY -- emergencyCutoff() self-cancels in about 250 ms (finding S-4)
[2026-09-13T01:27:59.144] Cog0  --- pinSum = 94, 64010 Rev B, highTimeUs = 72
[2026-09-13T01:27:59.144] Cog0  MOT: fwdDegrees = 43, offset_fwd = $1E93_E93E
[2026-09-13T01:27:59.144] Cog0       revDegrees = 317, offset_rev = $E16C_16C1
[2026-09-13T01:27:59.145] Cog0   - Calc FRAME: frame_cnt = 6_136
[2026-09-13T01:27:59.145] Cog0  * init values dead_gap = 70, pwm_limit = 3_033, adc_fram = 6_136, duty_min = 1_600, duty_max = 24_264
[2026-09-13T01:27:59.146] Cog0  *      values duty_up = 18, duty_dn = 4, cfg_ctcks = 135_000
[2026-09-13T01:27:59.146] Cog0  *VAL* legalVoltage = 6
[2026-09-13T01:27:59.146] Cog0  * ENTRY CFG selectedPower = 6
[2026-09-13T01:27:59.147] Cog0  * EXIT 2 CFG eUserSelectedVolts = 6 maxFwdIncreAtPwr = 147_000_000 minFwdIncreAtPwr = 544_628
[2026-09-13T01:27:59.147] Cog0  -MOT- inincr = 0 nTgtIncr = $0000_0000 0 sync = 0
[2026-09-13T01:27:59.147] Cog0  * Motor COG #1
[2026-09-13T01:27:59.152] Cog1  INIT $0000_5FE2 $0000_873F load
[2026-09-13T01:27:59.152] Cog0  BLDC: getBoardType() pinbase: ** NOT SET **
[2026-09-13T01:27:59.153] Cog0  BLDC: getBoardType() driver running, not measured; returning revision recorded at start 22
[2026-09-13T01:27:59.153] Cog0  MOT:  offset_fwd_degrees = 43, offset_fwd = $1E93_E93E
[2026-09-13T01:27:59.155] Cog0   (ind)offset_rev_degrees = 317, offset_rev = $E16C_16C1
[2026-09-13T01:27:59.156] Cog0  BS-START,motor,LEFT,base,32,cog,1,cog_ok,TRUE,board_rev,22,rev_b,TRUE,board_id,REV_B,init_neg_deg,43,init_pos_deg,317,neg_deg,43,pos_deg,317,offsets_ok,TRUE,missed,0,illegal,0,integ_ok,TRUE,result,OK
[2026-09-13T01:27:59.171] Cog0  -MOT- inincr = 18_375_000 nTgtIncr = $0118_6158 0 sync = 0
[2026-09-13T01:27:59.876] Cog0  -MOT- inincr = 0 nTgtIncr = $0000_0000 0 sync = 0
[2026-09-13T01:28:00.059] Cog0  BS-PREFLIGHT,motor,LEFT,base,32,ticks,13,moved,TRUE
[2026-09-13T01:28:00.059] Cog0  --- pinSum = 95, 64010 Rev B, highTimeUs = 73
[2026-09-13T01:28:00.059] Cog0  MOT: fwdDegrees = 43, offset_fwd = $1E93_E93E
[2026-09-13T01:28:00.059] Cog0       revDegrees = 317, offset_rev = $E16C_16C1
[2026-09-13T01:28:00.060] Cog0   - Calc FRAME: frame_cnt = 6_136
[2026-09-13T01:28:00.061] Cog0  * init values dead_gap = 70, pwm_limit = 3_033, adc_fram = 6_136, duty_min = 1_600, duty_max = 24_264
[2026-09-13T01:28:00.061] Cog0  *      values duty_up = 18, duty_dn = 4, cfg_ctcks = 135_000
[2026-09-13T01:28:00.061] Cog0  *VAL* legalVoltage = 6
[2026-09-13T01:28:00.062] Cog0  * ENTRY CFG selectedPower = 6
[2026-09-13T01:28:00.062] Cog0  * EXIT 2 CFG eUserSelectedVolts = 6 maxFwdIncreAtPwr = 147_000_000 minFwdIncreAtPwr = 544_628
[2026-09-13T01:28:00.062] Cog0  -MOT- inincr = 0 nTgtIncr = $0000_0000 0 sync = 0
[2026-09-13T01:28:00.067] Cog0  * Motor COG #1
[2026-09-13T01:28:00.067] Cog1  INIT $0000_5FE2 $0000_8A6F load
[2026-09-13T01:28:00.067] Cog0  BLDC: getBoardType() driver running, not measured; returning revision recorded at start 22
[2026-09-13T01:28:00.068] Cog0  BLDC: getBoardType() pinbase: ** NOT SET **
[2026-09-13T01:28:00.068] Cog0  MOT:  offset_fwd_degrees = 43, offset_fwd = $1E93_E93E
[2026-09-13T01:28:00.070] Cog0   (ind)offset_rev_degrees = 317, offset_rev = $E16C_16C1
[2026-09-13T01:28:00.070] Cog0  BS-START,motor,RIGHT,base,16,cog,1,cog_ok,TRUE,board_rev,22,rev_b,TRUE,board_id,REV_B,init_neg_deg,43,init_pos_deg,317,neg_deg,43,pos_deg,317,offsets_ok,TRUE,missed,0,illegal,0,integ_ok,TRUE,result,OK
[2026-09-13T01:28:00.086] Cog0  -MOT- inincr = 18_375_000 nTgtIncr = $0118_6158 0 sync = 0
[2026-09-13T01:28:00.790] Cog0  -MOT- inincr = 0 nTgtIncr = $0000_0000 0 sync = 0
[2026-09-13T01:28:00.973] Cog0  BS-PREFLIGHT,motor,RIGHT,base,16,ticks,13,moved,TRUE
[2026-09-13T01:28:00.973] Cog0  --- pinSum = 99, 64010 Rev B, highTimeUs = 73
[2026-09-13T01:28:00.974] Cog0  MOT: fwdDegrees = 43, offset_fwd = $1E93_E93E
[2026-09-13T01:28:00.974] Cog0       revDegrees = 317, offset_rev = $E16C_16C1
[2026-09-13T01:28:00.974] Cog0   - Calc FRAME: frame_cnt = 6_136
[2026-09-13T01:28:00.975] Cog0  * init values dead_gap = 70, pwm_limit = 3_033, adc_fram = 6_136, duty_min = 1_600, duty_max = 24_264
[2026-09-13T01:28:00.975] Cog0  *      values duty_up = 18, duty_dn = 4, cfg_ctcks = 135_000
[2026-09-13T01:28:00.975] Cog0  *VAL* legalVoltage = 6
[2026-09-13T01:28:00.976] Cog0  * ENTRY CFG selectedPower = 6
[2026-09-13T01:28:00.976] Cog0  * EXIT 2 CFG eUserSelectedVolts = 6 maxFwdIncreAtPwr = 147_000_000 minFwdIncreAtPwr = 544_628
[2026-09-13T01:28:00.976] Cog0  -MOT- inincr = 0 nTgtIncr = $0000_0000 0 sync = 0
[2026-09-13T01:28:00.982] Cog0  * Motor COG #1
[2026-09-13T01:28:00.982] Cog1  INIT $0000_5FE2 $0000_873F load
[2026-09-13T01:28:00.982] Cog0  BLDC: getBoardType() pinbase: ** NOT SET **
[2026-09-13T01:28:00.982] Cog0  BLDC: getBoardType() driver running, not measured; returning revision recorded at start 22
[2026-09-13T01:28:00.983] Cog0  MOT:  offset_fwd_degrees = 43, offset_fwd = $1E93_E93E
[2026-09-13T01:28:00.984] Cog0   (ind)offset_rev_degrees = 317, offset_rev = $E16C_16C1
[2026-09-13T01:28:01.000] Cog0  BS-START,motor,LEFT,base,32,cog,1,cog_ok,TRUE,board_rev,22,rev_b,TRUE,board_id,REV_B,init_neg_deg,43,init_pos_deg,317,neg_deg,43,pos_deg,317,offsets_ok,TRUE,missed,0,illegal,0,integ_ok,TRUE,result,OK
[2026-09-13T01:28:02.007] Cog0  BS-ZERO,motor,LEFT,phase,ZERO_INIT,samples,200,i_mean_mV_x10,67,i_min_mV,4,i_max_mV,11,frozen,FALSE,in_band,TRUE
[2026-09-13T01:28:02.999] Cog0  BS-ZERO,motor,LEFT,phase,SELF,samples,200,i_mean_mV_x10,73,i_min_mV,5,i_max_mV,10,frozen,FALSE,in_band,TRUE
[2026-09-13T01:28:02.999] Cog0  MOT:  offset_fwd_degrees = 43, offset_fwd = $1E93_E93E
[2026-09-13T01:28:02.999] Cog0   (ind)offset_rev_degrees = 317, offset_rev = $E16C_16C1
[2026-09-13T01:28:03.015] Cog0  -MOT- inincr = 36_750_000 nTgtIncr = $0230_C2B0 0 sync = 0
[2026-09-13T01:28:09.514] Cog0  -MOT- inincr = 0 nTgtIncr = $0000_0000 0 sync = 0
[2026-09-13T01:28:09.899] Cog0  BS-POINT,seq,1,motor,LEFT,speed,QTR,incre,36_750_000,phase,SELF,neg_deg,43,pos_deg,317,swept_deg,-43,result,OK,steady_ms,925,ticks,450,win_ms,4_582,rate_x10,982,rate_ok,TRUE,samples,909,i_mean_mV_x10,901,i_se_mV_x10,11
[2026-09-13T01:28:09.916] Cog0  BS-POINT2,seq,1,motor,LEFT,incre,36_750_000,i_halfA_mV_x10,892,i_halfB_mV_x10,910,unsettled,FALSE,i_min_mV,75,i_max_mV,109,duty_mean,7_182,err_mean,48,missed_d,0,illegal_d,0,fault,FALSE,abort_i,FALSE,charge_mVs,545,drv_state,1
[2026-09-13T01:28:10.417] Cog0  BS-CHECK,motor,LEFT,incre,36_750_000,lo_mV,68,hi_mV,114,i_ok,TRUE,rate_ok,TRUE,integ_ok,TRUE,fault_ok,TRUE
[2026-09-13T01:28:11.408] Cog0  BS-ZERO,motor,LEFT,phase,SELF,samples,200,i_mean_mV_x10,80,i_min_mV,6,i_max_mV,12,frozen,FALSE,in_band,TRUE
[2026-09-13T01:28:11.409] Cog0  MOT:  offset_fwd_degrees = 43, offset_fwd = $1E93_E93E
[2026-09-13T01:28:11.409] Cog0   (ind)offset_rev_degrees = 317, offset_rev = $E16C_16C1
[2026-09-13T01:28:11.424] Cog0  -MOT- inincr = -36_750_000 nTgtIncr = $7DCF_3D50 0 sync = 0
[2026-09-13T01:28:17.924] Cog0  -MOT- inincr = 0 nTgtIncr = $0000_0000 0 sync = 0
[2026-09-13T01:28:18.309] Cog0  BS-POINT,seq,2,motor,LEFT,speed,QTR,incre,-36_750_000,phase,SELF,neg_deg,43,pos_deg,317,swept_deg,43,result,OK,steady_ms,925,ticks,450,win_ms,4_582,rate_x10,982,rate_ok,TRUE,samples,909,i_mean_mV_x10,1_707,i_se_mV_x10,17
[2026-09-13T01:28:18.326] Cog0  BS-POINT2,seq,2,motor,LEFT,incre,-36_750_000,i_halfA_mV_x10,1_705,i_halfB_mV_x10,1_708,unsettled,FALSE,i_min_mV,149,i_max_mV,196,duty_mean,8_130,err_mean,-48,missed_d,0,illegal_d,0,fault,FALSE,abort_i,FALSE,charge_mVs,1_017,drv_state,1
[2026-09-13T01:28:18.812] Cog0  BS-CHECK,motor,LEFT,incre,-36_750_000,lo_mV,127,hi_mV,212,i_ok,TRUE,rate_ok,TRUE,integ_ok,TRUE,fault_ok,TRUE
[2026-09-13T01:28:18.828] Cog0  BS-CHECKSUM,motor,LEFT,start_ok,TRUE,zero_ok,TRUE,pos_i_ok,TRUE,neg_i_ok,TRUE,ratio_x1000,1_894,ratio_ok,TRUE,rate_ok,TRUE,integ_ok,TRUE,fault_ok,TRUE,verdict,PASS,first_miss,NONE
[2026-09-13T01:28:19.820] Cog0  BS-ZERO,motor,LEFT,phase,REF_START,samples,200,i_mean_mV_x10,80,i_min_mV,5,i_max_mV,11,frozen,FALSE,in_band,TRUE
[2026-09-13T01:28:19.820] Cog0  MOT:  offset_fwd_degrees = 43, offset_fwd = $1E93_E93E
[2026-09-13T01:28:19.821] Cog0   (ind)offset_rev_degrees = 317, offset_rev = $E16C_16C1
[2026-09-13T01:28:19.837] Cog0  -MOT- inincr = -36_750_000 nTgtIncr = $7DCF_3D50 0 sync = 0
[2026-09-13T01:28:24.495] Cog0  -MOT- inincr = 0 nTgtIncr = $0000_0000 0 sync = 0
[2026-09-13T01:28:24.886] Cog0  BS-POINT,seq,3,motor,LEFT,speed,QTR,incre,-36_750_000,phase,REF_START,neg_deg,43,pos_deg,317,swept_deg,43,result,OK,steady_ms,925,ticks,270,win_ms,2_748,rate_x10,982,rate_ok,TRUE,samples,545,i_mean_mV_x10,1_709,i_se_mV_x10,21
[2026-09-13T01:28:24.902] Cog0  BS-POINT2,seq,3,motor,LEFT,incre,-36_750_000,i_halfA_mV_x10,1_692,i_halfB_mV_x10,1_726,unsettled,FALSE,i_min_mV,151,i_max_mV,197,duty_mean,8_133,err_mean,-48,missed_d,0,illegal_d,0,fault,FALSE,abort_i,FALSE,charge_mVs,709,drv_state,1
[2026-09-13T01:28:25.388] Cog0  MOT:  offset_fwd_degrees = 53, offset_fwd = $25B0_5B05
[2026-09-13T01:28:25.388] Cog0   (ind)offset_rev_degrees = 317, offset_rev = $E16C_16C1
[2026-09-13T01:28:25.404] Cog0  -MOT- inincr = -36_750_000 nTgtIncr = $7DCF_3D50 0 sync = 0
[2026-09-13T01:28:29.150] Cog0  -MOT- inincr = 0 nTgtIncr = $0000_0000 0 sync = 0
[2026-09-13T01:28:29.536] Cog0  BS-POINT,seq,4,motor,LEFT,speed,QTR,incre,-36_750_000,phase,COARSE,neg_deg,53,pos_deg,317,swept_deg,53,result,OK,steady_ms,925,ticks,180,win_ms,1_830,rate_x10,983,rate_ok,TRUE,samples,363,i_mean_mV_x10,3_891,i_se_mV_x10,50
[2026-09-13T01:28:29.553] Cog0  BS-POINT2,seq,4,motor,LEFT,incre,-36_750_000,i_halfA_mV_x10,3_896,i_halfB_mV_x10,3_886,unsettled,FALSE,i_min_mV,355,i_max_mV,427,duty_mean,10_085,err_mean,-48,missed_d,0,illegal_d,0,fault,FALSE,abort_i,FALSE,charge_mVs,1_234,drv_state,1
[2026-09-13T01:28:30.038] Cog0  MOT:  offset_fwd_degrees = 63, offset_fwd = $2CCC_CCCC
[2026-09-13T01:28:30.038] Cog0   (ind)offset_rev_degrees = 317, offset_rev = $E16C_16C1
[2026-09-13T01:28:30.053] Cog0  -MOT- inincr = -36_750_000 nTgtIncr = $7DCF_3D50 0 sync = 0
[2026-09-13T01:28:31.173] Cog0  BS-POINT,seq,5,motor,LEFT,speed,QTR,incre,-36_750_000,phase,COARSE,neg_deg,63,pos_deg,317,swept_deg,63,result,ABORT_I,steady_ms,925,ticks,NA,win_ms,NA,rate_x10,NA,rate_ok,FALSE,samples,NA,i_mean_mV_x10,NA,i_se_mV_x10,NA
[2026-09-13T01:28:31.175] Cog0  BS-POINT2,seq,5,motor,LEFT,incre,-36_750_000,i_halfA_mV_x10,NA,i_halfB_mV_x10,NA,unsettled,FALSE,i_min_mV,NA,i_max_mV,NA,duty_mean,NA,err_mean,NA,missed_d,NA,illegal_d,NA,fault,FALSE,abort_i,TRUE,charge_mVs,211,drv_state,3
[2026-09-13T01:28:31.175] Cog0  BS-ABORT,scope,POINT,reason,ABORT_I,motor,LEFT,incre,-36_750_000,seq,5,value,703,elapsed_s,32
[2026-09-13T01:28:31.177] Cog0  --- pinSum = 95, 64010 Rev B, highTimeUs = 73
[2026-09-13T01:28:31.177] Cog0  MOT: fwdDegrees = 43, offset_fwd = $1E93_E93E
[2026-09-13T01:28:31.177] Cog0       revDegrees = 317, offset_rev = $E16C_16C1
[2026-09-13T01:28:31.178] Cog0   - Calc FRAME: frame_cnt = 6_136
[2026-09-13T01:28:31.178] Cog0  * init values dead_gap = 70, pwm_limit = 3_033, adc_fram = 6_136, duty_min = 1_600, duty_max = 24_264
[2026-09-13T01:28:31.179] Cog0  *      values duty_up = 18, duty_dn = 4, cfg_ctcks = 135_000
[2026-09-13T01:28:31.179] Cog0  *VAL* legalVoltage = 6
[2026-09-13T01:28:31.179] Cog0  * ENTRY CFG selectedPower = 6
[2026-09-13T01:28:31.180] Cog0  * EXIT 2 CFG eUserSelectedVolts = 6 maxFwdIncreAtPwr = 147_000_000 minFwdIncreAtPwr = 544_628
[2026-09-13T01:28:31.180] Cog0  -MOT- inincr = 0 nTgtIncr = $0000_0000 0 sync = 0
[2026-09-13T01:28:31.185] Cog0  * Motor COG #1
[2026-09-13T01:28:31.185] Cog1  INIT $0000_5FE2 $0000_873F load
[2026-09-13T01:28:31.185] Cog0  BLDC: getBoardType() pinbase: ** NOT SET **
[2026-09-13T01:28:31.186] Cog0  BLDC: getBoardType() driver running, not measured; returning revision recorded at start 22
[2026-09-13T01:28:31.186] Cog0  MOT:  offset_fwd_degrees = 43, offset_fwd = $1E93_E93E
[2026-09-13T01:28:31.188] Cog0   (ind)offset_rev_degrees = 317, offset_rev = $E16C_16C1
[2026-09-13T01:28:31.204] Cog0  BS-START,motor,LEFT,base,32,cog,1,cog_ok,TRUE,board_rev,22,rev_b,TRUE,board_id,REV_B,init_neg_deg,43,init_pos_deg,317,neg_deg,43,pos_deg,317,offsets_ok,TRUE,missed,0,illegal,0,integ_ok,TRUE,result,OK
[2026-09-13T01:28:31.690] Cog0  BS-WALK,motor,LEFT,speed,QTR,sign,NEG,side,UP,pts,2,last_swept_deg,63,stop,RISE,low_swept_deg,43,low_mV_x10,1_709
[2026-09-13T01:28:31.690] Cog0  MOT:  offset_fwd_degrees = 33, offset_fwd = $1777_7777
[2026-09-13T01:28:31.691] Cog0   (ind)offset_rev_degrees = 317, offset_rev = $E16C_16C1
[2026-09-13T01:28:31.706] Cog0  -MOT- inincr = -36_750_000 nTgtIncr = $7DCF_3D50 0 sync = 0
[2026-09-13T01:28:35.452] Cog0  -MOT- inincr = 0 nTgtIncr = $0000_0000 0 sync = 0
[2026-09-13T01:28:35.838] Cog0  BS-POINT,seq,6,motor,LEFT,speed,QTR,incre,-36_750_000,phase,COARSE,neg_deg,33,pos_deg,317,swept_deg,33,result,OK,steady_ms,925,ticks,180,win_ms,1_830,rate_x10,983,rate_ok,TRUE,samples,363,i_mean_mV_x10,714,i_se_mV_x10,13
[2026-09-13T01:28:35.855] Cog0  BS-POINT2,seq,6,motor,LEFT,incre,-36_750_000,i_halfA_mV_x10,711,i_halfB_mV_x10,717,unsettled,FALSE,i_min_mV,58,i_max_mV,88,duty_mean,6_962,err_mean,-48,missed_d,0,illegal_d,0,fault,FALSE,abort_i,FALSE,charge_mVs,237,drv_state,1
[2026-09-13T01:28:36.340] Cog0  MOT:  offset_fwd_degrees = 23, offset_fwd = $105B_05B0
[2026-09-13T01:28:36.341] Cog0   (ind)offset_rev_degrees = 317, offset_rev = $E16C_16C1
[2026-09-13T01:28:36.356] Cog0  -MOT- inincr = -36_750_000 nTgtIncr = $7DCF_3D50 0 sync = 0
[2026-09-13T01:28:40.103] Cog0  -MOT- inincr = 0 nTgtIncr = $0000_0000 0 sync = 0
[2026-09-13T01:28:40.488] Cog0  BS-POINT,seq,7,motor,LEFT,speed,QTR,incre,-36_750_000,phase,COARSE,neg_deg,23,pos_deg,317,swept_deg,23,result,OK,steady_ms,925,ticks,180,win_ms,1_830,rate_x10,983,rate_ok,TRUE,samples,363,i_mean_mV_x10,299,i_se_mV_x10,7
[2026-09-13T01:28:40.505] Cog0  BS-POINT2,seq,7,motor,LEFT,incre,-36_750_000,i_halfA_mV_x10,297,i_halfB_mV_x10,300,unsettled,FALSE,i_min_mV,24,i_max_mV,38,duty_mean,6_245,err_mean,-48,missed_d,0,illegal_d,0,fault,FALSE,abort_i,FALSE,charge_mVs,110,drv_state,1
[2026-09-13T01:28:40.990] Cog0  MOT:  offset_fwd_degrees = 13, offset_fwd = $093E_93E9
[2026-09-13T01:28:40.990] Cog0   (ind)offset_rev_degrees = 317, offset_rev = $E16C_16C1
[2026-09-13T01:28:41.006] Cog0  -MOT- inincr = -36_750_000 nTgtIncr = $7DCF_3D50 0 sync = 0
[2026-09-13T01:28:44.752] Cog0  -MOT- inincr = 0 nTgtIncr = $0000_0000 0 sync = 0
[2026-09-13T01:28:45.138] Cog0  BS-POINT,seq,8,motor,LEFT,speed,QTR,incre,-36_750_000,phase,COARSE,neg_deg,13,pos_deg,317,swept_deg,13,result,OK,steady_ms,925,ticks,180,win_ms,1_829,rate_x10,984,rate_ok,TRUE,samples,363,i_mean_mV_x10,204,i_se_mV_x10,2
[2026-09-13T01:28:45.154] Cog0  BS-POINT2,seq,8,motor,LEFT,incre,-36_750_000,i_halfA_mV_x10,202,i_halfB_mV_x10,206,unsettled,FALSE,i_min_mV,12,i_max_mV,37,duty_mean,6_069,err_mean,-48,missed_d,0,illegal_d,0,fault,FALSE,abort_i,FALSE,charge_mVs,82,drv_state,1
[2026-09-13T01:28:45.639] Cog0  MOT:  offset_fwd_degrees = 3, offset_fwd = $0222_2222
[2026-09-13T01:28:45.640] Cog0   (ind)offset_rev_degrees = 317, offset_rev = $E16C_16C1
[2026-09-13T01:28:45.656] Cog0  -MOT- inincr = -36_750_000 nTgtIncr = $7DCF_3D50 0 sync = 0
[2026-09-13T01:28:46.371] Cog0  -MOT- inincr = 0 nTgtIncr = $0000_0000 0 sync = 0
[2026-09-13T01:28:46.373] Cog0  BS-POINT,seq,9,motor,LEFT,speed,QTR,incre,-36_750_000,phase,COARSE,neg_deg,3,pos_deg,317,swept_deg,3,result,FAULT,steady_ms,729,ticks,NA,win_ms,NA,rate_x10,NA,rate_ok,FALSE,samples,NA,i_mean_mV_x10,NA,i_se_mV_x10,NA
[2026-09-13T01:28:46.374] Cog0  BS-POINT2,seq,9,motor,LEFT,incre,-36_750_000,i_halfA_mV_x10,NA,i_halfB_mV_x10,NA,unsettled,FALSE,i_min_mV,NA,i_max_mV,NA,duty_mean,NA,err_mean,NA,missed_d,0,illegal_d,0,fault,TRUE,abort_i,FALSE,charge_mVs,13,drv_state,6
[2026-09-13T01:28:46.375] Cog0  -MOT- inincr = 0 nTgtIncr = $0000_0000 0 sync = 0
[2026-09-13T01:28:46.376] Cog0  BS-FAULT,seq,9,motor,LEFT,incre,-36_750_000,swept_deg,3,drv_state,1,step,ZERO_CMD,cleared,FALSE,consec,0,run_faults,1
[2026-09-13T01:28:46.376] Cog0  MOT: reset fault...
[2026-09-13T01:28:46.391] Cog0  MTR: did reset fault ind.
[2026-09-13T01:28:46.422] Cog0  BS-FAULT,seq,9,motor,LEFT,incre,-36_750_000,swept_deg,3,drv_state,1,step,RESET,cleared,TRUE,consec,0,run_faults,1
[2026-09-13T01:28:51.908] Cog0  MOT:  offset_fwd_degrees = 353, offset_fwd = $FB05_B05B
[2026-09-13T01:28:51.908] Cog0   (ind)offset_rev_degrees = 317, offset_rev = $E16C_16C1
[2026-09-13T01:28:51.923] Cog0  -MOT- inincr = -36_750_000 nTgtIncr = $7DCF_3D50 0 sync = 0
[2026-09-13T01:28:52.644] Cog0  -MOT- inincr = 0 nTgtIncr = $0000_0000 0 sync = 0
[2026-09-13T01:28:52.646] Cog0  BS-POINT,seq,10,motor,LEFT,speed,QTR,incre,-36_750_000,phase,COARSE,neg_deg,353,pos_deg,317,swept_deg,-7,result,FAULT,steady_ms,729,ticks,NA,win_ms,NA,rate_x10,NA,rate_ok,FALSE,samples,NA,i_mean_mV_x10,NA,i_se_mV_x10,NA
[2026-09-13T01:28:52.647] Cog0  BS-POINT2,seq,10,motor,LEFT,incre,-36_750_000,i_halfA_mV_x10,NA,i_halfB_mV_x10,NA,unsettled,FALSE,i_min_mV,NA,i_max_mV,NA,duty_mean,NA,err_mean,NA,missed_d,0,illegal_d,0,fault,TRUE,abort_i,FALSE,charge_mVs,12,drv_state,1
[2026-09-13T01:28:52.648] Cog0  -MOT- inincr = 0 nTgtIncr = $0000_0000 0 sync = 0
[2026-09-13T01:28:52.649] Cog0  BS-FAULT,seq,10,motor,LEFT,incre,-36_750_000,swept_deg,-7,drv_state,1,step,ZERO_CMD,cleared,FALSE,consec,1,run_faults,2
[2026-09-13T01:28:52.649] Cog0  MOT: reset fault...
[2026-09-13T01:28:52.664] Cog0  MTR: did reset fault ind.
[2026-09-13T01:28:52.696] Cog0  BS-FAULT,seq,10,motor,LEFT,incre,-36_750_000,swept_deg,-7,drv_state,1,step,RESET,cleared,TRUE,consec,1,run_faults,2
[2026-09-13T01:28:58.181] Cog0  MOT:  offset_fwd_degrees = 8, offset_fwd = $05B0_5B05
[2026-09-13T01:28:58.181] Cog0   (ind)offset_rev_degrees = 317, offset_rev = $E16C_16C1
[2026-09-13T01:28:58.196] Cog0  -MOT- inincr = -36_750_000 nTgtIncr = $7DCF_3D50 0 sync = 0
[2026-09-13T01:29:01.943] Cog0  -MOT- inincr = 0 nTgtIncr = $0000_0000 0 sync = 0
[2026-09-13T01:29:02.329] Cog0  BS-POINT,seq,11,motor,LEFT,speed,QTR,incre,-36_750_000,phase,CLIFF,neg_deg,8,pos_deg,317,swept_deg,8,result,OK,steady_ms,925,ticks,180,win_ms,1_830,rate_x10,983,rate_ok,TRUE,samples,363,i_mean_mV_x10,215,i_se_mV_x10,2
[2026-09-13T01:29:02.345] Cog0  BS-POINT2,seq,11,motor,LEFT,incre,-36_750_000,i_halfA_mV_x10,214,i_halfB_mV_x10,216,unsettled,FALSE,i_min_mV,10,i_max_mV,36,duty_mean,6_047,err_mean,-47,missed_d,0,illegal_d,0,fault,FALSE,abort_i,FALSE,charge_mVs,88,drv_state,1
[2026-09-13T01:29:02.832] Cog0  BS-WALK,motor,LEFT,speed,QTR,sign,NEG,side,DOWN,pts,5,last_swept_deg,-7,stop,FAULTS,low_swept_deg,13,low_mV_x10,204
[2026-09-13T01:29:02.848] Cog0  BS-BRACKET,motor,LEFT,speed,QTR,sign,NEG,low_swept_deg,13,low_mV_x10,204,below_ok,FALSE,above_ok,TRUE,bracketed,FALSE,reason,EDGE_FAULT
[2026-09-13T01:29:03.840] Cog0  BS-ZERO,motor,LEFT,phase,REF_END,samples,200,i_mean_mV_x10,72,i_min_mV,4,i_max_mV,10,frozen,FALSE,in_band,TRUE
[2026-09-13T01:29:03.840] Cog0  MOT:  offset_fwd_degrees = 43, offset_fwd = $1E93_E93E
[2026-09-13T01:29:03.840] Cog0   (ind)offset_rev_degrees = 317, offset_rev = $E16C_16C1
[2026-09-13T01:29:03.840] Cog0  -MOT- inincr = -36_750_000 nTgtIncr = $7DCF_3D50 0 sync = 0
[2026-09-13T01:29:08.514] Cog0  -MOT- inincr = 0 nTgtIncr = $0000_0000 0 sync = 0
[2026-09-13T01:29:08.906] Cog0  BS-POINT,seq,12,motor,LEFT,speed,QTR,incre,-36_750_000,phase,REF_END,neg_deg,43,pos_deg,317,swept_deg,43,result,OK,steady_ms,925,ticks,270,win_ms,2_747,rate_x10,982,rate_ok,TRUE,samples,545,i_mean_mV_x10,1_698,i_se_mV_x10,21
[2026-09-13T01:29:08.922] Cog0  BS-POINT2,seq,12,motor,LEFT,incre,-36_750_000,i_halfA_mV_x10,1_717,i_halfB_mV_x10,1_679,unsettled,FALSE,i_min_mV,150,i_max_mV,195,duty_mean,8_136,err_mean,-48,missed_d,0,illegal_d,0,fault,FALSE,abort_i,FALSE,charge_mVs,704,drv_state,1
[2026-09-13T01:29:09.409] Cog0  BS-FIT,motor,LEFT,speed,QTR,sign,NEG,status,NOT_BRACKETED,n,0,centre_deg,NA,span_lo_deg,NA,span_hi_deg,NA,extended,FALSE
[2026-09-13T01:29:09.411] Cog0  BS-FIT2,motor,LEFT,speed,QTR,sign,NEG,min_deg_x10,NA,min_se_deg_x10,NA,min_mV_x10,NA,rms_mV_x10,NA,med_se_mV_x10,NA,curv_x100,NA,curv_model_pct,NA,flat2_deg_x10,NA
[2026-09-13T01:29:09.413] Cog0  BS-CLIFF,motor,LEFT,speed,QTR,sign,NEG,found,TRUE,last_good_deg,8,first_fault_deg,3,edge_deg_x10,55,margin_deg_x10,75,margin_from_fit,FALSE
[2026-09-13T01:29:09.429] Cog0  BS-LEG,motor,LEFT,speed,QTR,sign,NEG,served_by,OFFSET_FWD,pts,10,faults,2,aborts_i,1,ref_start_mV_x10,1_709,ref_end_mV_x10,1_698,drift_pct_x10,-6,drift_flag,FALSE,exit,DONE
[2026-09-13T01:29:10.420] Cog0  BS-ZERO,motor,LEFT,phase,REF_START,samples,200,i_mean_mV_x10,77,i_min_mV,5,i_max_mV,11,frozen,FALSE,in_band,TRUE
[2026-09-13T01:29:10.420] Cog0  MOT:  offset_fwd_degrees = 43, offset_fwd = $1E93_E93E
[2026-09-13T01:29:10.421] Cog0   (ind)offset_rev_degrees = 317, offset_rev = $E16C_16C1
[2026-09-13T01:29:10.436] Cog0  -MOT- inincr = 36_750_000 nTgtIncr = $0230_C2B0 0 sync = 0
[2026-09-13T01:29:15.095] Cog0  -MOT- inincr = 0 nTgtIncr = $0000_0000 0 sync = 0
[2026-09-13T01:29:15.486] Cog0  BS-POINT,seq,13,motor,LEFT,speed,QTR,incre,36_750_000,phase,REF_START,neg_deg,43,pos_deg,317,swept_deg,-43,result,OK,steady_ms,925,ticks,270,win_ms,2_747,rate_x10,982,rate_ok,TRUE,samples,545,i_mean_mV_x10,893,i_se_mV_x10,12
[2026-09-13T01:29:15.502] Cog0  BS-POINT2,seq,13,motor,LEFT,incre,36_750_000,i_halfA_mV_x10,906,i_halfB_mV_x10,881,unsettled,FALSE,i_min_mV,75,i_max_mV,106,duty_mean,7_187,err_mean,48,missed_d,0,illegal_d,0,fault,FALSE,abort_i,FALSE,charge_mVs,376,drv_state,1
[2026-09-13T01:29:15.988] Cog0  MOT:  offset_fwd_degrees = 43, offset_fwd = $1E93_E93E
[2026-09-13T01:29:15.988] Cog0   (ind)offset_rev_degrees = 327, offset_rev = $E888_8888
[2026-09-13T01:29:16.003] Cog0  -MOT- inincr = 36_750_000 nTgtIncr = $0230_C2B0 0 sync = 0
[2026-09-13T01:29:19.750] Cog0  -MOT- inincr = 0 nTgtIncr = $0000_0000 0 sync = 0
[2026-09-13T01:29:20.141] Cog0  BS-POINT,seq,14,motor,LEFT,speed,QTR,incre,36_750_000,phase,COARSE,neg_deg,43,pos_deg,327,swept_deg,-33,result,OK,steady_ms,925,ticks,180,win_ms,1_835,rate_x10,980,rate_ok,TRUE,samples,364,i_mean_mV_x10,373,i_se_mV_x10,8
[2026-09-13T01:29:20.157] Cog0  BS-POINT2,seq,14,motor,LEFT,incre,36_750_000,i_halfA_mV_x10,373,i_halfB_mV_x10,372,unsettled,FALSE,i_min_mV,30,i_max_mV,47,duty_mean,6_374,err_mean,48,missed_d,0,illegal_d,0,fault,FALSE,abort_i,FALSE,charge_mVs,133,drv_state,1
[2026-09-13T01:29:20.642] Cog0  MOT:  offset_fwd_degrees = 43, offset_fwd = $1E93_E93E
[2026-09-13T01:29:20.643] Cog0   (ind)offset_rev_degrees = 337, offset_rev = $EFA4_FA4F
[2026-09-13T01:29:20.659] Cog0  -MOT- inincr = 36_750_000 nTgtIncr = $0230_C2B0 0 sync = 0
[2026-09-13T01:29:24.405] Cog0  -MOT- inincr = 0 nTgtIncr = $0000_0000 0 sync = 0
[2026-09-13T01:29:24.796] Cog0  BS-POINT,seq,15,motor,LEFT,speed,QTR,incre,36_750_000,phase,COARSE,neg_deg,43,pos_deg,337,swept_deg,-23,result,OK,steady_ms,926,ticks,180,win_ms,1_835,rate_x10,980,rate_ok,TRUE,samples,364,i_mean_mV_x10,182,i_se_mV_x10,2
[2026-09-13T01:29:24.812] Cog0  BS-POINT2,seq,15,motor,LEFT,incre,36_750_000,i_halfA_mV_x10,183,i_halfB_mV_x10,180,unsettled,FALSE,i_min_mV,14,i_max_mV,25,duty_mean,5_956,err_mean,48,missed_d,0,illegal_d,0,fault,FALSE,abort_i,FALSE,charge_mVs,79,drv_state,1
[2026-09-13T01:29:25.297] Cog0  MOT:  offset_fwd_degrees = 43, offset_fwd = $1E93_E93E
[2026-09-13T01:29:25.298] Cog0   (ind)offset_rev_degrees = 347, offset_rev = $F6C1_6C16
[2026-09-13T01:29:25.313] Cog0  -MOT- inincr = 36_750_000 nTgtIncr = $0230_C2B0 0 sync = 0
[2026-09-13T01:29:26.028] Cog0  -MOT- inincr = 0 nTgtIncr = $0000_0000 0 sync = 0
[2026-09-13T01:29:26.031] Cog0  BS-POINT,seq,16,motor,LEFT,speed,QTR,incre,36_750_000,phase,COARSE,neg_deg,43,pos_deg,347,swept_deg,-13,result,FAULT,steady_ms,729,ticks,NA,win_ms,NA,rate_x10,NA,rate_ok,FALSE,samples,NA,i_mean_mV_x10,NA,i_se_mV_x10,NA
[2026-09-13T01:29:26.032] Cog0  BS-POINT2,seq,16,motor,LEFT,incre,36_750_000,i_halfA_mV_x10,NA,i_halfB_mV_x10,NA,unsettled,FALSE,i_min_mV,NA,i_max_mV,NA,duty_mean,NA,err_mean,NA,missed_d,0,illegal_d,0,fault,TRUE,abort_i,FALSE,charge_mVs,14,drv_state,6
[2026-09-13T01:29:26.033] Cog0  -MOT- inincr = 0 nTgtIncr = $0000_0000 0 sync = 0
[2026-09-13T01:29:26.033] Cog0  BS-FAULT,seq,16,motor,LEFT,incre,36_750_000,swept_deg,-13,drv_state,1,step,ZERO_CMD,cleared,FALSE,consec,0,run_faults,3
[2026-09-13T01:29:26.033] Cog0  MOT: reset fault...
[2026-09-13T01:29:26.049] Cog0  MTR: did reset fault ind.
[2026-09-13T01:29:26.080] Cog0  BS-FAULT,seq,16,motor,LEFT,incre,36_750_000,swept_deg,-13,drv_state,1,step,RESET,cleared,TRUE,consec,0,run_faults,3
[2026-09-13T01:29:31.565] Cog0  MOT:  offset_fwd_degrees = 43, offset_fwd = $1E93_E93E
[2026-09-13T01:29:31.566] Cog0   (ind)offset_rev_degrees = 357, offset_rev = $FDDD_DDDD
[2026-09-13T01:29:31.581] Cog0  -MOT- inincr = 36_750_000 nTgtIncr = $0230_C2B0 0 sync = 0
[2026-09-13T01:29:32.302] Cog0  -MOT- inincr = 0 nTgtIncr = $0000_0000 0 sync = 0
[2026-09-13T01:29:32.304] Cog0  BS-POINT,seq,17,motor,LEFT,speed,QTR,incre,36_750_000,phase,COARSE,neg_deg,43,pos_deg,357,swept_deg,-3,result,FAULT,steady_ms,729,ticks,NA,win_ms,NA,rate_x10,NA,rate_ok,FALSE,samples,NA,i_mean_mV_x10,NA,i_se_mV_x10,NA
[2026-09-13T01:29:32.305] Cog0  BS-POINT2,seq,17,motor,LEFT,incre,36_750_000,i_halfA_mV_x10,NA,i_halfB_mV_x10,NA,unsettled,FALSE,i_min_mV,NA,i_max_mV,NA,duty_mean,NA,err_mean,NA,missed_d,0,illegal_d,0,fault,TRUE,abort_i,FALSE,charge_mVs,13,drv_state,1
[2026-09-13T01:29:32.306] Cog0  -MOT- inincr = 0 nTgtIncr = $0000_0000 0 sync = 0
[2026-09-13T01:29:32.307] Cog0  BS-FAULT,seq,17,motor,LEFT,incre,36_750_000,swept_deg,-3,drv_state,1,step,ZERO_CMD,cleared,FALSE,consec,1,run_faults,4
[2026-09-13T01:29:32.307] Cog0  MOT: reset fault...
[2026-09-13T01:29:32.322] Cog0  MTR: did reset fault ind.
[2026-09-13T01:29:32.353] Cog0  BS-FAULT,seq,17,motor,LEFT,incre,36_750_000,swept_deg,-3,drv_state,1,step,RESET,cleared,TRUE,consec,1,run_faults,4
[2026-09-13T01:29:37.838] Cog0  MOT:  offset_fwd_degrees = 43, offset_fwd = $1E93_E93E
[2026-09-13T01:29:37.839] Cog0   (ind)offset_rev_degrees = 342, offset_rev = $F333_3333
[2026-09-13T01:29:37.854] Cog0  -MOT- inincr = 36_750_000 nTgtIncr = $0230_C2B0 0 sync = 0
[2026-09-13T01:29:41.601] Cog0  -MOT- inincr = 0 nTgtIncr = $0000_0000 0 sync = 0
[2026-09-13T01:29:41.992] Cog0  BS-POINT,seq,18,motor,LEFT,speed,QTR,incre,36_750_000,phase,CLIFF,neg_deg,43,pos_deg,342,swept_deg,-18,result,OK,steady_ms,925,ticks,180,win_ms,1_835,rate_x10,980,rate_ok,TRUE,samples,364,i_mean_mV_x10,226,i_se_mV_x10,2
[2026-09-13T01:29:42.008] Cog0  BS-POINT2,seq,18,motor,LEFT,incre,36_750_000,i_halfA_mV_x10,224,i_halfB_mV_x10,227,unsettled,FALSE,i_min_mV,12,i_max_mV,39,duty_mean,6_066,err_mean,48,missed_d,0,illegal_d,0,fault,FALSE,abort_i,FALSE,charge_mVs,97,drv_state,1
[2026-09-13T01:29:42.494] Cog0  BS-WALK,motor,LEFT,speed,QTR,sign,POS,side,UP,pts,4,last_swept_deg,-3,stop,FAULTS,low_swept_deg,-23,low_mV_x10,182
[2026-09-13T01:29:42.494] Cog0  MOT:  offset_fwd_degrees = 43, offset_fwd = $1E93_E93E
[2026-09-13T01:29:42.495] Cog0   (ind)offset_rev_degrees = 307, offset_rev = $DA4F_A4FA
[2026-09-13T01:29:42.511] Cog0  -MOT- inincr = 36_750_000 nTgtIncr = $0230_C2B0 0 sync = 0
[2026-09-13T01:29:46.257] Cog0  -MOT- inincr = 0 nTgtIncr = $0000_0000 0 sync = 0
[2026-09-13T01:29:46.643] Cog0  BS-POINT,seq,19,motor,LEFT,speed,QTR,incre,36_750_000,phase,COARSE,neg_deg,43,pos_deg,307,swept_deg,-53,result,OK,steady_ms,926,ticks,180,win_ms,1_830,rate_x10,983,rate_ok,TRUE,samples,363,i_mean_mV_x10,2_094,i_se_mV_x10,30
[2026-09-13T01:29:46.659] Cog0  BS-POINT2,seq,19,motor,LEFT,incre,36_750_000,i_halfA_mV_x10,2_098,i_halfB_mV_x10,2_090,unsettled,FALSE,i_min_mV,185,i_max_mV,243,duty_mean,8_534,err_mean,48,missed_d,0,illegal_d,0,fault,FALSE,abort_i,FALSE,charge_mVs,668,drv_state,1
[2026-09-13T01:29:47.144] Cog0  MOT:  offset_fwd_degrees = 43, offset_fwd = $1E93_E93E
[2026-09-13T01:29:47.145] Cog0   (ind)offset_rev_degrees = 297, offset_rev = $D333_3333
[2026-09-13T01:29:47.160] Cog0  -MOT- inincr = 36_750_000 nTgtIncr = $0230_C2B0 0 sync = 0
[2026-09-13T01:29:48.250] Cog0  BS-POINT,seq,20,motor,LEFT,speed,QTR,incre,36_750_000,phase,COARSE,neg_deg,43,pos_deg,297,swept_deg,-63,result,ABORT_I,steady_ms,925,ticks,NA,win_ms,NA,rate_x10,NA,rate_ok,FALSE,samples,NA,i_mean_mV_x10,NA,i_se_mV_x10,NA
[2026-09-13T01:29:48.251] Cog0  BS-POINT2,seq,20,motor,LEFT,incre,36_750_000,i_halfA_mV_x10,NA,i_halfB_mV_x10,NA,unsettled,FALSE,i_min_mV,NA,i_max_mV,NA,duty_mean,NA,err_mean,NA,missed_d,NA,illegal_d,NA,fault,FALSE,abort_i,TRUE,charge_mVs,117,drv_state,3
[2026-09-13T01:29:48.253] Cog0  BS-ABORT,scope,POINT,reason,ABORT_I,motor,LEFT,incre,36_750_000,seq,20,value,412,elapsed_s,109
[2026-09-13T01:29:48.253] Cog0  --- pinSum = 93, 64010 Rev B, highTimeUs = 71
[2026-09-13T01:29:48.254] Cog0  MOT: fwdDegrees = 43, offset_fwd = $1E93_E93E
[2026-09-13T01:29:48.254] Cog0       revDegrees = 317, offset_rev = $E16C_16C1
[2026-09-13T01:29:48.254] Cog0   - Calc FRAME: frame_cnt = 6_136
[2026-09-13T01:29:48.255] Cog0  * init values dead_gap = 70, pwm_limit = 3_033, adc_fram = 6_136, duty_min = 1_600, duty_max = 24_264
[2026-09-13T01:29:48.255] Cog0  *      values duty_up = 18, duty_dn = 4, cfg_ctcks = 135_000
[2026-09-13T01:29:48.255] Cog0  *VAL* legalVoltage = 6
[2026-09-13T01:29:48.256] Cog0  * ENTRY CFG selectedPower = 6
[2026-09-13T01:29:48.256] Cog0  * EXIT 2 CFG eUserSelectedVolts = 6 maxFwdIncreAtPwr = 147_000_000 minFwdIncreAtPwr = 544_628
[2026-09-13T01:29:48.256] Cog0  -MOT- inincr = 0 nTgtIncr = $0000_0000 0 sync = 0
[2026-09-13T01:29:48.261] Cog0  * Motor COG #1
[2026-09-13T01:29:48.262] Cog1  INIT $0000_5FE2 $0000_873F load
[2026-09-13T01:29:48.262] Cog0  BLDC: getBoardType() pinbase: ** NOT SET **
[2026-09-13T01:29:48.262] Cog0  BLDC: getBoardType() driver running, not measured; returning revision recorded at start 22
[2026-09-13T01:29:48.263] Cog0  MOT:  offset_fwd_degrees = 43, offset_fwd = $1E93_E93E
[2026-09-13T01:29:48.264] Cog0   (ind)offset_rev_degrees = 317, offset_rev = $E16C_16C1
[2026-09-13T01:29:48.280] Cog0  BS-START,motor,LEFT,base,32,cog,1,cog_ok,TRUE,board_rev,22,rev_b,TRUE,board_id,REV_B,init_neg_deg,43,init_pos_deg,317,neg_deg,43,pos_deg,317,offsets_ok,TRUE,missed,0,illegal,0,integ_ok,TRUE,result,OK
[2026-09-13T01:29:48.767] Cog0  BS-WALK,motor,LEFT,speed,QTR,sign,POS,side,DOWN,pts,2,last_swept_deg,-63,stop,RISE,low_swept_deg,-23,low_mV_x10,182
[2026-09-13T01:29:48.783] Cog0  BS-BRACKET,motor,LEFT,speed,QTR,sign,POS,low_swept_deg,-23,low_mV_x10,182,below_ok,TRUE,above_ok,FALSE,bracketed,FALSE,reason,EDGE_FAULT
[2026-09-13T01:29:49.775] Cog0  BS-ZERO,motor,LEFT,phase,REF_END,samples,200,i_mean_mV_x10,189,i_min_mV,16,i_max_mV,22,frozen,FALSE,in_band,TRUE
[2026-09-13T01:29:49.775] Cog0  MOT:  offset_fwd_degrees = 43, offset_fwd = $1E93_E93E
[2026-09-13T01:29:49.775] Cog0   (ind)offset_rev_degrees = 317, offset_rev = $E16C_16C1
[2026-09-13T01:29:49.791] Cog0  -MOT- inincr = 36_750_000 nTgtIncr = $0230_C2B0 0 sync = 0
[2026-09-13T01:29:54.450] Cog0  -MOT- inincr = 0 nTgtIncr = $0000_0000 0 sync = 0
[2026-09-13T01:29:54.841] Cog0  BS-POINT,seq,21,motor,LEFT,speed,QTR,incre,36_750_000,phase,REF_END,neg_deg,43,pos_deg,317,swept_deg,-43,result,OK,steady_ms,925,ticks,270,win_ms,2_748,rate_x10,982,rate_ok,TRUE,samples,545,i_mean_mV_x10,1_004,i_se_mV_x10,12
[2026-09-13T01:29:54.858] Cog0  BS-POINT2,seq,21,motor,LEFT,incre,36_750_000,i_halfA_mV_x10,1_019,i_halfB_mV_x10,989,unsettled,FALSE,i_min_mV,87,i_max_mV,115,duty_mean,7_188,err_mean,48,missed_d,0,illegal_d,0,fault,FALSE,abort_i,FALSE,charge_mVs,436,drv_state,1
[2026-09-13T01:29:55.345] Cog0  BS-FIT,motor,LEFT,speed,QTR,sign,POS,status,NOT_BRACKETED,n,0,centre_deg,NA,span_lo_deg,NA,span_hi_deg,NA,extended,FALSE
[2026-09-13T01:29:55.346] Cog0  BS-FIT2,motor,LEFT,speed,QTR,sign,POS,min_deg_x10,NA,min_se_deg_x10,NA,min_mV_x10,NA,rms_mV_x10,NA,med_se_mV_x10,NA,curv_x100,NA,curv_model_pct,NA,flat2_deg_x10,NA
[2026-09-13T01:29:55.348] Cog0  BS-CLIFF,motor,LEFT,speed,QTR,sign,POS,found,TRUE,last_good_deg,-18,first_fault_deg,-13,edge_deg_x10,-155,margin_deg_x10,75,margin_from_fit,FALSE
[2026-09-13T01:29:55.349] Cog0  BS-LEG,motor,LEFT,speed,QTR,sign,POS,served_by,OFFSET_REV,pts,9,faults,2,aborts_i,1,ref_start_mV_x10,893,ref_end_mV_x10,1_004,drift_pct_x10,124,drift_flag,TRUE,exit,DONE
[2026-09-13T01:29:55.351] Cog0  BS-FIT,motor,LEFT,speed,HALF,sign,NEG,status,SKIPPED,n,0,centre_deg,NA,span_lo_deg,NA,span_hi_deg,NA,extended,FALSE
[2026-09-13T01:29:55.352] Cog0  BS-FIT2,motor,LEFT,speed,HALF,sign,NEG,min_deg_x10,NA,min_se_deg_x10,NA,min_mV_x10,NA,rms_mV_x10,NA,med_se_mV_x10,NA,curv_x100,NA,curv_model_pct,NA,flat2_deg_x10,NA
[2026-09-13T01:29:55.354] Cog0  BS-CLIFF,motor,LEFT,speed,HALF,sign,NEG,found,FALSE,last_good_deg,NA,first_fault_deg,NA,edge_deg_x10,NA,margin_deg_x10,NA,margin_from_fit,FALSE
[2026-09-13T01:29:55.356] Cog0  BS-LEG,motor,LEFT,speed,HALF,sign,NEG,served_by,OFFSET_FWD,pts,0,faults,0,aborts_i,0,ref_start_mV_x10,NA,ref_end_mV_x10,NA,drift_pct_x10,NA,drift_flag,FALSE,exit,SKIPPED
[2026-09-13T01:29:55.357] Cog0  BS-FIT,motor,LEFT,speed,HALF,sign,POS,status,SKIPPED,n,0,centre_deg,NA,span_lo_deg,NA,span_hi_deg,NA,extended,FALSE
[2026-09-13T01:29:55.359] Cog0  BS-FIT2,motor,LEFT,speed,HALF,sign,POS,min_deg_x10,NA,min_se_deg_x10,NA,min_mV_x10,NA,rms_mV_x10,NA,med_se_mV_x10,NA,curv_x100,NA,curv_model_pct,NA,flat2_deg_x10,NA
[2026-09-13T01:29:55.361] Cog0  BS-CLIFF,motor,LEFT,speed,HALF,sign,POS,found,FALSE,last_good_deg,NA,first_fault_deg,NA,edge_deg_x10,NA,margin_deg_x10,NA,margin_from_fit,FALSE
[2026-09-13T01:29:55.363] Cog0  BS-LEG,motor,LEFT,speed,HALF,sign,POS,served_by,OFFSET_REV,pts,0,faults,0,aborts_i,0,ref_start_mV_x10,NA,ref_end_mV_x10,NA,drift_pct_x10,NA,drift_flag,FALSE,exit,SKIPPED
[2026-09-13T01:29:55.365] Cog0  BS-RESULT,motor,LEFT,sign,NEG,served_by,OFFSET_FWD,def_deg,43,status,NOT_BRACKETED,min_deg_x10,NA,applied_deg,NA,min_se_deg_x10,NA,i_min_mV_x10,NA,i_def_mV_x10,1_703,saving_pct_x10,NA,fit_rms_mV_x10,NA,drift_flag,FALSE
[2026-09-13T01:29:55.367] Cog0  BS-RESULT-HALF,motor,LEFT,sign,NEG,status,SKIPPED,min_deg_x10,NA,min_se_deg_x10,NA,i_min_mV_x10,NA,i_def_mV_x10,NA,shift_deg_x10,NA,shift_se_deg_x10,NA,shift_sig,FALSE
[2026-09-13T01:29:55.369] Cog0  BS-RESULT,motor,LEFT,sign,POS,served_by,OFFSET_REV,def_deg,-43,status,NOT_BRACKETED,min_deg_x10,NA,applied_deg,NA,min_se_deg_x10,NA,i_min_mV_x10,NA,i_def_mV_x10,948,saving_pct_x10,NA,fit_rms_mV_x10,NA,drift_flag,TRUE
[2026-09-13T01:29:55.371] Cog0  BS-RESULT-HALF,motor,LEFT,sign,POS,status,SKIPPED,min_deg_x10,NA,min_se_deg_x10,NA,i_min_mV_x10,NA,i_def_mV_x10,NA,shift_deg_x10,NA,shift_se_deg_x10,NA,shift_sig,FALSE
[2026-09-13T01:29:55.372] Cog0  BS-PAIR,motor,LEFT,complete,FALSE,neg_min_deg_x10,NA,pos_min_deg_x10,NA,mid_deg_x10,NA,mid_se_deg_x10,NA,lead_deg_x10,NA,sign_order,NEG_FIRST
[2026-09-13T01:29:55.374] Cog0  BS-PAIR2,motor,LEFT,i_neg_min_mV_x10,NA,i_pos_min_mV_x10,NA,zero_mV_x10,67,ratio_raw_x1000,NA,ratio_net_x1000,NA,imbalance,FALSE
[2026-09-13T01:29:55.374] Cog0  --- pinSum = 100, 64010 Rev B, highTimeUs = 74
[2026-09-13T01:29:55.375] Cog0  MOT: fwdDegrees = 43, offset_fwd = $1E93_E93E
[2026-09-13T01:29:55.375] Cog0       revDegrees = 317, offset_rev = $E16C_16C1
[2026-09-13T01:29:55.375] Cog0   - Calc FRAME: frame_cnt = 6_136
[2026-09-13T01:29:55.376] Cog0  * init values dead_gap = 70, pwm_limit = 3_033, adc_fram = 6_136, duty_min = 1_600, duty_max = 24_264
[2026-09-13T01:29:55.376] Cog0  *      values duty_up = 18, duty_dn = 4, cfg_ctcks = 135_000
[2026-09-13T01:29:55.376] Cog0  *VAL* legalVoltage = 6
[2026-09-13T01:29:55.376] Cog0  * ENTRY CFG selectedPower = 6
[2026-09-13T01:29:55.377] Cog0  * EXIT 2 CFG eUserSelectedVolts = 6 maxFwdIncreAtPwr = 147_000_000 minFwdIncreAtPwr = 544_628
[2026-09-13T01:29:55.377] Cog0  -MOT- inincr = 0 nTgtIncr = $0000_0000 0 sync = 0
[2026-09-13T01:29:55.377] Cog0  * Motor COG #1
[2026-09-13T01:29:55.383] Cog1  INIT $0000_5FE2 $0000_8A6F load
[2026-09-13T01:29:55.383] Cog0  BLDC: getBoardType() driver running, not measured; returning revision recorded at start 22
[2026-09-13T01:29:55.383] Cog0  BLDC: getBoardType() pinbase: ** NOT SET **
[2026-09-13T01:29:55.384] Cog0  MOT:  offset_fwd_degrees = 43, offset_fwd = $1E93_E93E
[2026-09-13T01:29:55.385] Cog0   (ind)offset_rev_degrees = 317, offset_rev = $E16C_16C1
[2026-09-13T01:29:55.402] Cog0  BS-START,motor,RIGHT,base,16,cog,1,cog_ok,TRUE,board_rev,22,rev_b,TRUE,board_id,REV_B,init_neg_deg,43,init_pos_deg,317,neg_deg,43,pos_deg,317,offsets_ok,TRUE,missed,0,illegal,0,integ_ok,TRUE,result,OK
[2026-09-13T01:29:56.393] Cog0  BS-ZERO,motor,RIGHT,phase,ZERO_INIT,samples,200,i_mean_mV_x10,721,i_min_mV,69,i_max_mV,75,frozen,FALSE,in_band,FALSE
[2026-09-13T01:29:57.399] Cog0  BS-ZERO,motor,RIGHT,phase,SELF,samples,200,i_mean_mV_x10,726,i_min_mV,70,i_max_mV,75,frozen,FALSE,in_band,FALSE
[2026-09-13T01:29:57.400] Cog0  MOT:  offset_fwd_degrees = 43, offset_fwd = $1E93_E93E
[2026-09-13T01:29:57.400] Cog0   (ind)offset_rev_degrees = 317, offset_rev = $E16C_16C1
[2026-09-13T01:29:57.400] Cog0  -MOT- inincr = 36_750_000 nTgtIncr = $0230_C2B0 0 sync = 0
[2026-09-13T01:30:03.916] Cog0  -MOT- inincr = 0 nTgtIncr = $0000_0000 0 sync = 0
[2026-09-13T01:30:04.300] Cog0  BS-POINT,seq,22,motor,RIGHT,speed,QTR,incre,36_750_000,phase,SELF,neg_deg,43,pos_deg,317,swept_deg,-43,result,OK,steady_ms,926,ticks,450,win_ms,4_582,rate_x10,982,rate_ok,TRUE,samples,909,i_mean_mV_x10,1_637,i_se_mV_x10,13
[2026-09-13T01:30:04.316] Cog0  BS-POINT2,seq,22,motor,RIGHT,incre,36_750_000,i_halfA_mV_x10,1_633,i_halfB_mV_x10,1_641,unsettled,FALSE,i_min_mV,147,i_max_mV,184,duty_mean,7_444,err_mean,48,missed_d,0,illegal_d,0,fault,FALSE,abort_i,FALSE,charge_mVs,1_043,drv_state,1
[2026-09-13T01:30:04.817] Cog0  BS-CHECK,motor,RIGHT,incre,36_750_000,lo_mV,68,hi_mV,114,i_ok,FALSE,rate_ok,TRUE,integ_ok,TRUE,fault_ok,TRUE
[2026-09-13T01:30:05.809] Cog0  BS-ZERO,motor,RIGHT,phase,SELF,samples,200,i_mean_mV_x10,714,i_min_mV,69,i_max_mV,74,frozen,FALSE,in_band,FALSE
[2026-09-13T01:30:05.809] Cog0  MOT:  offset_fwd_degrees = 43, offset_fwd = $1E93_E93E
[2026-09-13T01:30:05.809] Cog0   (ind)offset_rev_degrees = 317, offset_rev = $E16C_16C1
[2026-09-13T01:30:05.826] Cog0  -MOT- inincr = -36_750_000 nTgtIncr = $7DCF_3D50 0 sync = 0
[2026-09-13T01:30:12.326] Cog0  -MOT- inincr = 0 nTgtIncr = $0000_0000 0 sync = 0
[2026-09-13T01:30:12.709] Cog0  BS-POINT,seq,23,motor,RIGHT,speed,QTR,incre,-36_750_000,phase,SELF,neg_deg,43,pos_deg,317,swept_deg,43,result,OK,steady_ms,925,ticks,450,win_ms,4_582,rate_x10,982,rate_ok,TRUE,samples,909,i_mean_mV_x10,2_402,i_se_mV_x10,18
[2026-09-13T01:30:12.725] Cog0  BS-POINT2,seq,23,motor,RIGHT,incre,-36_750_000,i_halfA_mV_x10,2_375,i_halfB_mV_x10,2_428,unsettled,FALSE,i_min_mV,219,i_max_mV,270,duty_mean,8_280,err_mean,-48,missed_d,0,illegal_d,0,fault,FALSE,abort_i,FALSE,charge_mVs,1_489,drv_state,1
[2026-09-13T01:30:13.213] Cog0  BS-CHECK,motor,RIGHT,incre,-36_750_000,lo_mV,127,hi_mV,212,i_ok,FALSE,rate_ok,TRUE,integ_ok,TRUE,fault_ok,TRUE
[2026-09-13T01:30:13.214] Cog0  BS-CHECKSUM,motor,RIGHT,start_ok,TRUE,zero_ok,FALSE,pos_i_ok,FALSE,neg_i_ok,FALSE,ratio_x1000,0,ratio_ok,FALSE,rate_ok,TRUE,integ_ok,TRUE,fault_ok,TRUE,verdict,FAIL,first_miss,ZERO
[2026-09-13T01:30:13.215] Cog0  BS-ABORT,scope,RUN,reason,SELF_CHECK_MISS,motor,RIGHT,incre,0,seq,23,value,2,elapsed_s,134
[2026-09-13T01:30:13.232] Cog0  BS-END,exit,ABORTED,reason,SELF_CHECK_MISS,elapsed_s,134,points,23,faults,4,aborts_i,2,charge_mVs,9_835,left_done,TRUE,right_done,FALSE,lib_abort,FALSE
[2026-09-13T01:30:13.232] Cog0  DEBUG_END_SESSION

=== Debug Logger Session Ended at 2026-09-13T01:30:13.235 ===
