=== Debug Logger Session Started at 2026-09-12T20:56:12.330 ===
PNut-Term-TS: v1.0.8
Program: debug
=====================================

[2026-09-12T20:56:12.227] [SYSTEM] BAUD_RATE_SET 2000000 baud (preferences/default)

=== Session ended - Download Started at 2026-09-12T20:56:12.463 ===
=== Debug Logger Session Started at 2026-09-12T20:56:12.466 ===
PNut-Term-TS: v1.0.8
Program: debug
=====================================

[2026-09-12T20:56:12.463] [SYSTEM] [DOWNLOAD TO RAM] File: test_bench_scan.bin | Size: 37636 bytes | Modified: 2026-09-13T02:56:11.432Z
[2026-09-12T20:56:12.466] [SYSTEM] Download Session Started
[2026-09-12T20:56:13.816] Cog0  INIT $0000_0000 $0000_0000 load
[2026-09-12T20:56:13.817] [SYSTEM] [DOWNLOAD SUCCESS] test_bench_scan.bin successfully downloaded to RAM
[2026-09-12T20:56:13.822] Cog0  INIT $0000_0FA8 $0000_886C jump
[2026-09-12T20:56:13.824] Cog0  BS-BANNER,src_rev,1,fmt,1,cfg_id,BENCH,frame,MOTOR,clkfreq,270_000_000,left_base,32,right_base,16,voltage_enum,6,det_mode,30,motor_type,0,def_neg_deg,43,def_pos_deg,317
[2026-09-12T20:56:13.826] Cog0  BS-DRIVE,ceiling_incre,147_000_000,qtr_incre,36_750_000,half_incre,73_500_000,preflight_incre,18_375_000,jog_incre,36_750_000
[2026-09-12T20:56:13.827] Cog0  BS-LIMITS,abs_abort_mV,1_500,abs_abort_samples,4,point_abort_x100,250,point_abort_samples,40,run_time_cap_s,1_800,run_charge_cap_mVs,432_000,run_fault_cap,24,run_abort_i_cap,6
[2026-09-12T20:56:13.829] Cog0  BS-LIMITS2,leg_fault_cap,3,side_fault_stop,2,hard_limit_deg,90,drift_flag_pct,8,imbalance_pct,10
[2026-09-12T20:56:13.831] Cog0  BS-PLAN-T,sample_ms,5,settle_ms,1_000,steady_timeout_ms,4_000,stop_timeout_ms,3_000,rest_ms,500,fault_cool_ms,5_000,jog_ms,1_000,batch_ticks,30,win_ticks_coarse,180,win_ticks_fine,270,win_ticks_self,450,win_ticks_half,540
[2026-09-12T20:56:13.833] Cog0  BS-PLAN-S,coarse_step_deg,10,fine_step_deg,5,fine_half_deg,20,extend_pts,4,confirm_half_deg,15,confirm_extend_pts,2,rise_pct,15,min_past,2,fit_min_pts,6,confirm_min_pts,5
[2026-09-12T20:56:13.834] Cog0  BS-BANDS,pos_qtr_lo_mV,68,pos_qtr_hi_mV,114,neg_qtr_lo_mV,127,neg_qtr_hi_mV,212,ratio_lo_x1000,1_550,ratio_hi_x1000,2_200,zero_lo_mV,-10,zero_hi_mV,30,rate_qtr_lo,90,rate_qtr_hi,106,rate_half_lo,182,rate_half_hi,212
[2026-09-12T20:56:13.836] Cog0  * PANIC PROCEDURE IS PHYSICAL BATTERY DISCONNECT ONLY -- emergencyCutoff() self-cancels in about 250 ms (finding S-4)
[2026-09-12T20:56:13.836] Cog0  --- pinSum = 99, 64010 Rev B, highTimeUs = 73
[2026-09-12T20:56:13.837] Cog0  MOT: fwdDegrees = 43, offset_fwd = $1E93_E93E
[2026-09-12T20:56:13.837] Cog0       revDegrees = 317, offset_rev = $E16C_16C1
[2026-09-12T20:56:13.837] Cog0   - Calc FRAME: frame_cnt = 6_136
[2026-09-12T20:56:13.838] Cog0  * init values dead_gap = 70, pwm_limit = 3_033, adc_fram = 6_136, duty_min = 1_600, duty_max = 24_264
[2026-09-12T20:56:13.838] Cog0  *      values duty_up = 18, duty_dn = 4, cfg_ctcks = 135_000
[2026-09-12T20:56:13.838] Cog0  *VAL* legalVoltage = 6
[2026-09-12T20:56:13.838] Cog0  * ENTRY CFG selectedPower = 6
[2026-09-12T20:56:13.839] Cog0  * EXIT 2 CFG eUserSelectedVolts = 6 maxFwdIncreAtPwr = 147_000_000 minFwdIncreAtPwr = 544_628
[2026-09-12T20:56:13.839] Cog0  -MOT- inincr = 0 nTgtIncr = $0000_0000 0 sync = 0
[2026-09-12T20:56:13.839] Cog0  * Motor COG #1
[2026-09-12T20:56:13.844] Cog1  INIT $0000_5CDE $0000_8437 load
[2026-09-12T20:56:13.845] Cog0  BLDC: getBoardType() pinbase: ** NOT SET **
[2026-09-12T20:56:13.845] Cog0  BLDC: getBoardType() driver running, not measured; returning revision recorded at start 22
[2026-09-12T20:56:13.845] Cog0  MOT:  offset_fwd_degrees = 43, offset_fwd = $1E93_E93E
[2026-09-12T20:56:13.847] Cog0   (ind)offset_rev_degrees = 317, offset_rev = $E16C_16C1
[2026-09-12T20:56:13.848] Cog0  BS-START,motor,LEFT,base,32,cog,1,cog_ok,TRUE,board_rev,22,rev_b,TRUE,board_id,REV_B,init_neg_deg,43,init_pos_deg,317,neg_deg,43,pos_deg,317,offsets_ok,TRUE,missed,0,illegal,1,integ_ok,FALSE,result,FAIL
[2026-09-12T20:56:13.850] Cog0  BS-ABORT,scope,RUN,reason,START_CHECK,motor,LEFT,incre,0,seq,0,value,22,elapsed_s,0
[2026-09-12T20:56:13.850] Cog0  BS-END,exit,ABORTED,reason,START_CHECK,elapsed_s,0,points,0,faults,0,aborts_i,0,charge_mVs,0,left_done,FALSE,right_done,FALSE,lib_abort,FALSE
[2026-09-12T20:56:13.867] Cog0  DEBUG_END_SESSION

=== Debug Logger Session Ended at 2026-09-12T20:56:13.868 ===
