=== Debug Logger Session Started at 2026-09-12T23:08:36.205 ===
PNut-Term-TS: v1.0.8
Program: debug
=====================================

[2026-09-12T23:08:36.098] [SYSTEM] BAUD_RATE_SET 2000000 baud (preferences/default)

=== Session ended - Download Started at 2026-09-12T23:08:36.337 ===
=== Debug Logger Session Started at 2026-09-12T23:08:36.340 ===
PNut-Term-TS: v1.0.8
Program: debug
=====================================

[2026-09-12T23:08:36.337] [SYSTEM] [DOWNLOAD TO RAM] File: test_bench_scan.bin | Size: 37628 bytes | Modified: 2026-09-13T05:08:35.328Z
[2026-09-12T23:08:36.340] [SYSTEM] Download Session Started
[2026-09-12T23:08:37.690] [SYSTEM] [DOWNLOAD SUCCESS] test_bench_scan.bin successfully downloaded to RAM
[2026-09-12T23:08:37.703] Cog0  INIT $0000_0000 $0000_0000 load
[2026-09-12T23:08:37.703] Cog0  INIT $0000_0FA8 $0000_8864 jump
[2026-09-12T23:08:37.704] Cog0  BS-BANNER,src_rev,1,fmt,1,cfg_id,BENCH,frame,MOTOR,clkfreq,270_000_000,left_base,32,right_base,16,voltage_enum,6,det_mode,30,motor_type,0,def_neg_deg,43,def_pos_deg,317
[2026-09-12T23:08:37.705] Cog0  BS-DRIVE,ceiling_incre,147_000_000,qtr_incre,36_750_000,half_incre,73_500_000,preflight_incre,18_375_000,jog_incre,36_750_000
[2026-09-12T23:08:37.706] Cog0  BS-LIMITS,abs_abort_mV,1_500,abs_abort_samples,4,point_abort_x100,250,point_abort_samples,40,run_time_cap_s,1_800,run_charge_cap_mVs,432_000,run_fault_cap,24,run_abort_i_cap,6
[2026-09-12T23:08:37.708] Cog0  BS-LIMITS2,leg_fault_cap,3,side_fault_stop,2,hard_limit_deg,90,drift_flag_pct,8,imbalance_pct,10
[2026-09-12T23:08:37.710] Cog0  BS-PLAN-T,sample_ms,5,settle_ms,1_000,steady_timeout_ms,4_000,stop_timeout_ms,3_000,rest_ms,500,fault_cool_ms,5_000,jog_ms,1_000,batch_ticks,30,win_ticks_coarse,180,win_ticks_fine,270,win_ticks_self,450,win_ticks_half,540
[2026-09-12T23:08:37.712] Cog0  BS-PLAN-S,coarse_step_deg,10,fine_step_deg,5,fine_half_deg,20,extend_pts,4,confirm_half_deg,15,confirm_extend_pts,2,rise_pct,15,min_past,2,fit_min_pts,6,confirm_min_pts,5
[2026-09-12T23:08:37.713] Cog0  BS-BANDS,pos_qtr_lo_mV,68,pos_qtr_hi_mV,114,neg_qtr_lo_mV,127,neg_qtr_hi_mV,212,ratio_lo_x1000,1_550,ratio_hi_x1000,2_200,zero_lo_mV,-10,zero_hi_mV,30,rate_qtr_lo,90,rate_qtr_hi,106,rate_half_lo,182,rate_half_hi,212
[2026-09-12T23:08:37.716] Cog0  * PANIC PROCEDURE IS PHYSICAL BATTERY DISCONNECT ONLY -- emergencyCutoff() self-cancels in about 250 ms (finding S-4)
[2026-09-12T23:08:37.716] Cog0  --- pinSum = 99, 64010 Rev B, highTimeUs = 73
[2026-09-12T23:08:37.716] Cog0  MOT: fwdDegrees = 43, offset_fwd = $1E93_E93E
[2026-09-12T23:08:37.716] Cog0       revDegrees = 317, offset_rev = $E16C_16C1
[2026-09-12T23:08:37.716] Cog0   - Calc FRAME: frame_cnt = 6_136
[2026-09-12T23:08:37.717] Cog0  * init values dead_gap = 70, pwm_limit = 3_033, adc_fram = 6_136, duty_min = 1_600, duty_max = 24_264
[2026-09-12T23:08:37.717] Cog0  *      values duty_up = 18, duty_dn = 4, cfg_ctcks = 135_000
[2026-09-12T23:08:37.717] Cog0  *VAL* legalVoltage = 6
[2026-09-12T23:08:37.718] Cog0  * ENTRY CFG selectedPower = 6
[2026-09-12T23:08:37.718] Cog0  * EXIT 2 CFG eUserSelectedVolts = 6 maxFwdIncreAtPwr = 147_000_000 minFwdIncreAtPwr = 544_628
[2026-09-12T23:08:37.718] Cog0  -MOT- inincr = 0 nTgtIncr = $0000_0000 0 sync = 0
[2026-09-12T23:08:37.724] Cog0  * Motor COG #1
[2026-09-12T23:08:37.724] Cog1  INIT $0000_5CDE $0000_842F load
[2026-09-12T23:08:37.724] Cog0  BLDC: getBoardType() pinbase: ** NOT SET **
[2026-09-12T23:08:37.724] Cog0  BLDC: getBoardType() driver running, not measured; returning revision recorded at start 22
[2026-09-12T23:08:37.725] Cog0  MOT:  offset_fwd_degrees = 43, offset_fwd = $1E93_E93E
[2026-09-12T23:08:37.726] Cog0   (ind)offset_rev_degrees = 317, offset_rev = $E16C_16C1
[2026-09-12T23:08:37.727] Cog0  BS-START,motor,LEFT,base,32,cog,1,cog_ok,TRUE,board_rev,22,rev_b,TRUE,board_id,REV_B,init_neg_deg,43,init_pos_deg,317,neg_deg,43,pos_deg,317,offsets_ok,TRUE,missed,0,illegal,0,integ_ok,TRUE,result,OK
[2026-09-12T23:08:37.742] Cog0  -MOT- inincr = 18_375_000 nTgtIncr = $0118_6158 0 sync = 0
[2026-09-12T23:08:38.447] Cog0  -MOT- inincr = 0 nTgtIncr = $0000_0000 0 sync = 0
[2026-09-12T23:08:38.630] Cog0  BS-PREFLIGHT,motor,LEFT,base,32,ticks,13,moved,TRUE
[2026-09-12T23:08:38.631] Cog0  --- pinSum = 97, 64010 Rev B, highTimeUs = 71
[2026-09-12T23:08:38.631] Cog0  MOT: fwdDegrees = 43, offset_fwd = $1E93_E93E
[2026-09-12T23:08:38.631] Cog0       revDegrees = 317, offset_rev = $E16C_16C1
[2026-09-12T23:08:38.632] Cog0   - Calc FRAME: frame_cnt = 6_136
[2026-09-12T23:08:38.632] Cog0  * init values dead_gap = 70, pwm_limit = 3_033, adc_fram = 6_136, duty_min = 1_600, duty_max = 24_264
[2026-09-12T23:08:38.632] Cog0  *      values duty_up = 18, duty_dn = 4, cfg_ctcks = 135_000
[2026-09-12T23:08:38.632] Cog0  *VAL* legalVoltage = 6
[2026-09-12T23:08:38.633] Cog0  * ENTRY CFG selectedPower = 6
[2026-09-12T23:08:38.633] Cog0  * EXIT 2 CFG eUserSelectedVolts = 6 maxFwdIncreAtPwr = 147_000_000 minFwdIncreAtPwr = 544_628
[2026-09-12T23:08:38.633] Cog0  -MOT- inincr = 0 nTgtIncr = $0000_0000 0 sync = 0
[2026-09-12T23:08:38.640] Cog0  * Motor COG #1
[2026-09-12T23:08:38.640] Cog1  INIT $0000_5CDE $0000_875F load
[2026-09-12T23:08:38.641] Cog0  BLDC: getBoardType() driver running, not measured; returning revision recorded at start 22
[2026-09-12T23:08:38.641] Cog0  BLDC: getBoardType() pinbase: ** NOT SET **
[2026-09-12T23:08:38.641] Cog0  MOT:  offset_fwd_degrees = 43, offset_fwd = $1E93_E93E
[2026-09-12T23:08:38.641] Cog0   (ind)offset_rev_degrees = 317, offset_rev = $E16C_16C1
[2026-09-12T23:08:38.642] Cog0  BS-START,motor,RIGHT,base,16,cog,1,cog_ok,TRUE,board_rev,22,rev_b,TRUE,board_id,REV_B,init_neg_deg,43,init_pos_deg,317,neg_deg,43,pos_deg,317,offsets_ok,TRUE,missed,0,illegal,0,integ_ok,TRUE,result,OK
[2026-09-12T23:08:38.658] Cog0  -MOT- inincr = 18_375_000 nTgtIncr = $0118_6158 0 sync = 0
[2026-09-12T23:08:39.347] Cog0  -MOT- inincr = 0 nTgtIncr = $0000_0000 0 sync = 0
[2026-09-12T23:08:39.546] Cog0  BS-PREFLIGHT,motor,RIGHT,base,16,ticks,13,moved,TRUE
[2026-09-12T23:08:39.546] Cog0  --- pinSum = 94, 64010 Rev B, highTimeUs = 72
[2026-09-12T23:08:39.546] Cog0  MOT: fwdDegrees = 43, offset_fwd = $1E93_E93E
[2026-09-12T23:08:39.546] Cog0       revDegrees = 317, offset_rev = $E16C_16C1
[2026-09-12T23:08:39.547] Cog0   - Calc FRAME: frame_cnt = 6_136
[2026-09-12T23:08:39.547] Cog0  * init values dead_gap = 70, pwm_limit = 3_033, adc_fram = 6_136, duty_min = 1_600, duty_max = 24_264
[2026-09-12T23:08:39.548] Cog0  *      values duty_up = 18, duty_dn = 4, cfg_ctcks = 135_000
[2026-09-12T23:08:39.548] Cog0  *VAL* legalVoltage = 6
[2026-09-12T23:08:39.548] Cog0  * ENTRY CFG selectedPower = 6
[2026-09-12T23:08:39.548] Cog0  * EXIT 2 CFG eUserSelectedVolts = 6 maxFwdIncreAtPwr = 147_000_000 minFwdIncreAtPwr = 544_628
[2026-09-12T23:08:39.549] Cog0  -MOT- inincr = 0 nTgtIncr = $0000_0000 0 sync = 0
[2026-09-12T23:08:39.554] Cog0  * Motor COG #1
[2026-09-12T23:08:39.554] Cog1  INIT $0000_5CDE $0000_842F load
[2026-09-12T23:08:39.554] Cog0  BLDC: getBoardType() pinbase: ** NOT SET **
[2026-09-12T23:08:39.555] Cog0  BLDC: getBoardType() driver running, not measured; returning revision recorded at start 22
[2026-09-12T23:08:39.555] Cog0  MOT:  offset_fwd_degrees = 43, offset_fwd = $1E93_E93E
[2026-09-12T23:08:39.557] Cog0   (ind)offset_rev_degrees = 317, offset_rev = $E16C_16C1
[2026-09-12T23:08:39.573] Cog0  BS-START,motor,LEFT,base,32,cog,1,cog_ok,TRUE,board_rev,22,rev_b,TRUE,board_id,REV_B,init_neg_deg,43,init_pos_deg,317,neg_deg,43,pos_deg,317,offsets_ok,TRUE,missed,0,illegal,0,integ_ok,TRUE,result,OK
[2026-09-12T23:08:40.564] Cog0  BS-ZERO,motor,LEFT,samples,200,i_mean_mV_x10,70,i_min_mV,4,i_max_mV,12,frozen,FALSE,in_band,TRUE
[2026-09-12T23:08:40.565] Cog0  MOT:  offset_fwd_degrees = 43, offset_fwd = $1E93_E93E
[2026-09-12T23:08:40.565] Cog0   (ind)offset_rev_degrees = 317, offset_rev = $E16C_16C1
[2026-09-12T23:08:40.581] Cog0  -MOT- inincr = 36_750_000 nTgtIncr = $0230_C2B0 0 sync = 0
[2026-09-12T23:08:47.082] Cog0  -MOT- inincr = 0 nTgtIncr = $0000_0000 0 sync = 0
[2026-09-12T23:08:47.467] Cog0  BS-POINT,seq,1,motor,LEFT,speed,QTR,incre,36_750_000,phase,SELF,neg_deg,43,pos_deg,317,swept_deg,-43,result,OK,steady_ms,926,ticks,450,win_ms,4_582,rate_x10,982,rate_ok,TRUE,samples,909,i_mean_mV_x10,885,i_se_mV_x10,10
[2026-09-12T23:08:47.483] Cog0  BS-POINT2,seq,1,motor,LEFT,incre,36_750_000,i_halfA_mV_x10,881,i_halfB_mV_x10,889,unsettled,FALSE,i_min_mV,69,i_max_mV,106,duty_mean,7_147,err_mean,48,missed_d,0,illegal_d,0,fault,FALSE,abort_i,FALSE,charge_mVs,533,drv_state,1
[2026-09-12T23:08:47.970] Cog0  BS-CHECK,motor,LEFT,incre,36_750_000,lo_mV,68,hi_mV,114,i_ok,TRUE,rate_ok,TRUE,integ_ok,TRUE,fault_ok,TRUE
[2026-09-12T23:08:47.970] Cog0  MOT:  offset_fwd_degrees = 43, offset_fwd = $1E93_E93E
[2026-09-12T23:08:47.970] Cog0   (ind)offset_rev_degrees = 317, offset_rev = $E16C_16C1
[2026-09-12T23:08:47.986] Cog0  -MOT- inincr = -36_750_000 nTgtIncr = $7DCF_3D50 0 sync = 0
[2026-09-12T23:08:54.486] Cog0  -MOT- inincr = 0 nTgtIncr = $0000_0000 0 sync = 0
[2026-09-12T23:08:54.871] Cog0  BS-POINT,seq,2,motor,LEFT,speed,QTR,incre,-36_750_000,phase,SELF,neg_deg,43,pos_deg,317,swept_deg,43,result,OK,steady_ms,925,ticks,450,win_ms,4_582,rate_x10,982,rate_ok,TRUE,samples,909,i_mean_mV_x10,1_713,i_se_mV_x10,17
[2026-09-12T23:08:54.888] Cog0  BS-POINT2,seq,2,motor,LEFT,incre,-36_750_000,i_halfA_mV_x10,1_704,i_halfB_mV_x10,1_723,unsettled,FALSE,i_min_mV,145,i_max_mV,200,duty_mean,8_116,err_mean,-48,missed_d,0,illegal_d,0,fault,FALSE,abort_i,FALSE,charge_mVs,1_026,drv_state,1
[2026-09-12T23:08:55.375] Cog0  BS-CHECK,motor,LEFT,incre,-36_750_000,lo_mV,127,hi_mV,212,i_ok,TRUE,rate_ok,TRUE,integ_ok,TRUE,fault_ok,TRUE
[2026-09-12T23:08:55.376] Cog0  BS-CHECKSUM,motor,LEFT,start_ok,TRUE,zero_ok,TRUE,pos_i_ok,TRUE,neg_i_ok,TRUE,ratio_x1000,1_935,ratio_ok,TRUE,rate_ok,TRUE,integ_ok,TRUE,fault_ok,TRUE,verdict,PASS,first_miss,NONE
[2026-09-12T23:08:55.376] Cog0  MOT:  offset_fwd_degrees = 43, offset_fwd = $1E93_E93E
[2026-09-12T23:08:55.376] Cog0   (ind)offset_rev_degrees = 317, offset_rev = $E16C_16C1
[2026-09-12T23:08:55.392] Cog0  -MOT- inincr = -36_750_000 nTgtIncr = $7DCF_3D50 0 sync = 0
[2026-09-12T23:09:00.051] Cog0  -MOT- inincr = 0 nTgtIncr = $0000_0000 0 sync = 0
[2026-09-12T23:09:00.443] Cog0  BS-POINT,seq,3,motor,LEFT,speed,QTR,incre,-36_750_000,phase,REF_START,neg_deg,43,pos_deg,317,swept_deg,43,result,OK,steady_ms,925,ticks,270,win_ms,2_748,rate_x10,982,rate_ok,TRUE,samples,545,i_mean_mV_x10,1_711,i_se_mV_x10,22
[2026-09-12T23:09:00.459] Cog0  BS-POINT2,seq,3,motor,LEFT,incre,-36_750_000,i_halfA_mV_x10,1_734,i_halfB_mV_x10,1_688,unsettled,FALSE,i_min_mV,145,i_max_mV,196,duty_mean,8_118,err_mean,-48,missed_d,0,illegal_d,0,fault,FALSE,abort_i,FALSE,charge_mVs,710,drv_state,1
[2026-09-12T23:09:00.944] Cog0  MOT:  offset_fwd_degrees = 53, offset_fwd = $25B0_5B05
[2026-09-12T23:09:00.944] Cog0   (ind)offset_rev_degrees = 317, offset_rev = $E16C_16C1
[2026-09-12T23:09:00.960] Cog0  -MOT- inincr = -36_750_000 nTgtIncr = $7DCF_3D50 0 sync = 0
[2026-09-12T23:09:04.707] Cog0  -MOT- inincr = 0 nTgtIncr = $0000_0000 0 sync = 0
[2026-09-12T23:09:05.093] Cog0  BS-POINT,seq,4,motor,LEFT,speed,QTR,incre,-36_750_000,phase,COARSE,neg_deg,53,pos_deg,317,swept_deg,53,result,OK,steady_ms,925,ticks,180,win_ms,1_830,rate_x10,983,rate_ok,TRUE,samples,363,i_mean_mV_x10,3_919,i_se_mV_x10,57
[2026-09-12T23:09:05.109] Cog0  BS-POINT2,seq,4,motor,LEFT,incre,-36_750_000,i_halfA_mV_x10,3_922,i_halfB_mV_x10,3_915,unsettled,FALSE,i_min_mV,350,i_max_mV,428,duty_mean,10_076,err_mean,-48,missed_d,0,illegal_d,0,fault,FALSE,abort_i,FALSE,charge_mVs,1_237,drv_state,1
[2026-09-12T23:09:05.594] Cog0  MOT:  offset_fwd_degrees = 63, offset_fwd = $2CCC_CCCC
[2026-09-12T23:09:05.595] Cog0   (ind)offset_rev_degrees = 317, offset_rev = $E16C_16C1
[2026-09-12T23:09:05.610] Cog0  -MOT- inincr = -36_750_000 nTgtIncr = $7DCF_3D50 0 sync = 0
[2026-09-12T23:09:06.710] Cog0  BS-POINT,seq,5,motor,LEFT,speed,QTR,incre,-36_750_000,phase,COARSE,neg_deg,63,pos_deg,317,swept_deg,63,result,ABORT_I,steady_ms,925,ticks,NA,win_ms,NA,rate_x10,NA,rate_ok,FALSE,samples,NA,i_mean_mV_x10,NA,i_se_mV_x10,NA
[2026-09-12T23:09:06.711] Cog0  BS-POINT2,seq,5,motor,LEFT,incre,-36_750_000,i_halfA_mV_x10,NA,i_halfB_mV_x10,NA,unsettled,FALSE,i_min_mV,NA,i_max_mV,NA,duty_mean,NA,err_mean,NA,missed_d,NA,illegal_d,NA,fault,FALSE,abort_i,TRUE,charge_mVs,208,drv_state,3
[2026-09-12T23:09:06.712] Cog0  BS-ABORT,scope,POINT,reason,ABORT_I,motor,LEFT,incre,-36_750_000,seq,5,value,750,elapsed_s,29
[2026-09-12T23:09:06.714] Cog0  --- pinSum = 95, 64010 Rev B, highTimeUs = 73
[2026-09-12T23:09:06.714] Cog0  MOT: fwdDegrees = 43, offset_fwd = $1E93_E93E
[2026-09-12T23:09:06.714] Cog0       revDegrees = 317, offset_rev = $E16C_16C1
[2026-09-12T23:09:06.714] Cog0   - Calc FRAME: frame_cnt = 6_136
[2026-09-12T23:09:06.715] Cog0  * init values dead_gap = 70, pwm_limit = 3_033, adc_fram = 6_136, duty_min = 1_600, duty_max = 24_264
[2026-09-12T23:09:06.715] Cog0  *      values duty_up = 18, duty_dn = 4, cfg_ctcks = 135_000
[2026-09-12T23:09:06.715] Cog0  *VAL* legalVoltage = 6
[2026-09-12T23:09:06.716] Cog0  * ENTRY CFG selectedPower = 6
[2026-09-12T23:09:06.716] Cog0  * EXIT 2 CFG eUserSelectedVolts = 6 maxFwdIncreAtPwr = 147_000_000 minFwdIncreAtPwr = 544_628
[2026-09-12T23:09:06.716] Cog0  -MOT- inincr = 0 nTgtIncr = $0000_0000 0 sync = 0
[2026-09-12T23:09:06.722] Cog0  * Motor COG #1
[2026-09-12T23:09:06.722] Cog1  INIT $0000_5CDE $0000_842F load
[2026-09-12T23:09:06.722] Cog0  BLDC: getBoardType() pinbase: ** NOT SET **
[2026-09-12T23:09:06.723] Cog0  BLDC: getBoardType() driver running, not measured; returning revision recorded at start 22
[2026-09-12T23:09:06.723] Cog0  MOT:  offset_fwd_degrees = 43, offset_fwd = $1E93_E93E
[2026-09-12T23:09:06.724] Cog0   (ind)offset_rev_degrees = 317, offset_rev = $E16C_16C1
[2026-09-12T23:09:06.741] Cog0  BS-START,motor,LEFT,base,32,cog,1,cog_ok,TRUE,board_rev,22,rev_b,TRUE,board_id,REV_B,init_neg_deg,43,init_pos_deg,317,neg_deg,43,pos_deg,317,offsets_ok,TRUE,missed,0,illegal,0,integ_ok,TRUE,result,OK
[2026-09-12T23:09:07.227] Cog0  BS-WALK,motor,LEFT,speed,QTR,sign,NEG,side,UP,pts,2,last_swept_deg,63,stop,RISE,low_swept_deg,43,low_mV_x10,1_711
[2026-09-12T23:09:07.227] Cog0  MOT:  offset_fwd_degrees = 33, offset_fwd = $1777_7777
[2026-09-12T23:09:07.227] Cog0   (ind)offset_rev_degrees = 317, offset_rev = $E16C_16C1
[2026-09-12T23:09:07.243] Cog0  -MOT- inincr = -36_750_000 nTgtIncr = $7DCF_3D50 0 sync = 0
[2026-09-12T23:09:10.989] Cog0  -MOT- inincr = 0 nTgtIncr = $0000_0000 0 sync = 0
[2026-09-12T23:09:11.376] Cog0  BS-POINT,seq,6,motor,LEFT,speed,QTR,incre,-36_750_000,phase,COARSE,neg_deg,33,pos_deg,317,swept_deg,33,result,OK,steady_ms,925,ticks,180,win_ms,1_830,rate_x10,983,rate_ok,TRUE,samples,363,i_mean_mV_x10,851,i_se_mV_x10,16
[2026-09-12T23:09:11.391] Cog0  BS-POINT2,seq,6,motor,LEFT,incre,-36_750_000,i_halfA_mV_x10,851,i_halfB_mV_x10,852,unsettled,FALSE,i_min_mV,69,i_max_mV,101,duty_mean,6_943,err_mean,-47,missed_d,0,illegal_d,0,fault,FALSE,abort_i,FALSE,charge_mVs,293,drv_state,1
[2026-09-12T23:09:11.877] Cog0  MOT:  offset_fwd_degrees = 23, offset_fwd = $105B_05B0
[2026-09-12T23:09:11.878] Cog0   (ind)offset_rev_degrees = 317, offset_rev = $E16C_16C1
[2026-09-12T23:09:11.893] Cog0  -MOT- inincr = -36_750_000 nTgtIncr = $7DCF_3D50 0 sync = 0
[2026-09-12T23:09:15.639] Cog0  -MOT- inincr = 0 nTgtIncr = $0000_0000 0 sync = 0
[2026-09-12T23:09:16.025] Cog0  BS-POINT,seq,7,motor,LEFT,speed,QTR,incre,-36_750_000,phase,COARSE,neg_deg,23,pos_deg,317,swept_deg,23,result,OK,steady_ms,925,ticks,180,win_ms,1_829,rate_x10,984,rate_ok,TRUE,samples,363,i_mean_mV_x10,432,i_se_mV_x10,7
[2026-09-12T23:09:16.042] Cog0  BS-POINT2,seq,7,motor,LEFT,incre,-36_750_000,i_halfA_mV_x10,433,i_halfB_mV_x10,431,unsettled,FALSE,i_min_mV,37,i_max_mV,53,duty_mean,6_230,err_mean,-48,missed_d,0,illegal_d,0,fault,FALSE,abort_i,FALSE,charge_mVs,164,drv_state,1
[2026-09-12T23:09:16.527] Cog0  MOT:  offset_fwd_degrees = 13, offset_fwd = $093E_93E9
[2026-09-12T23:09:16.527] Cog0   (ind)offset_rev_degrees = 317, offset_rev = $E16C_16C1
[2026-09-12T23:09:16.543] Cog0  -MOT- inincr = -36_750_000 nTgtIncr = $7DCF_3D50 0 sync = 0
[2026-09-12T23:09:20.290] Cog0  -MOT- inincr = 0 nTgtIncr = $0000_0000 0 sync = 0
[2026-09-12T23:09:20.675] Cog0  BS-POINT,seq,8,motor,LEFT,speed,QTR,incre,-36_750_000,phase,COARSE,neg_deg,13,pos_deg,317,swept_deg,13,result,OK,steady_ms,925,ticks,180,win_ms,1_830,rate_x10,983,rate_ok,TRUE,samples,363,i_mean_mV_x10,338,i_se_mV_x10,2
[2026-09-12T23:09:20.692] Cog0  BS-POINT2,seq,8,motor,LEFT,incre,-36_750_000,i_halfA_mV_x10,338,i_halfB_mV_x10,338,unsettled,FALSE,i_min_mV,25,i_max_mV,49,duty_mean,6_059,err_mean,-47,missed_d,0,illegal_d,0,fault,FALSE,abort_i,FALSE,charge_mVs,138,drv_state,1
[2026-09-12T23:09:21.177] Cog0  MOT:  offset_fwd_degrees = 3, offset_fwd = $0222_2222
[2026-09-12T23:09:21.177] Cog0   (ind)offset_rev_degrees = 317, offset_rev = $E16C_16C1
[2026-09-12T23:09:21.193] Cog0  -MOT- inincr = -36_750_000 nTgtIncr = $7DCF_3D50 0 sync = 0
[2026-09-12T23:09:21.913] Cog0  -MOT- inincr = 0 nTgtIncr = $0000_0000 0 sync = 0
[2026-09-12T23:09:21.915] Cog0  BS-POINT,seq,9,motor,LEFT,speed,QTR,incre,-36_750_000,phase,COARSE,neg_deg,3,pos_deg,317,swept_deg,3,result,FAULT,steady_ms,729,ticks,NA,win_ms,NA,rate_x10,NA,rate_ok,FALSE,samples,NA,i_mean_mV_x10,NA,i_se_mV_x10,NA
[2026-09-12T23:09:21.917] Cog0  BS-POINT2,seq,9,motor,LEFT,incre,-36_750_000,i_halfA_mV_x10,NA,i_halfB_mV_x10,NA,unsettled,FALSE,i_min_mV,NA,i_max_mV,NA,duty_mean,NA,err_mean,NA,missed_d,0,illegal_d,0,fault,TRUE,abort_i,FALSE,charge_mVs,23,drv_state,1
[2026-09-12T23:09:21.918] Cog0  -MOT- inincr = 0 nTgtIncr = $0000_0000 0 sync = 0
[2026-09-12T23:09:21.918] Cog0  BS-FAULT,seq,9,motor,LEFT,incre,-36_750_000,swept_deg,3,drv_state,1,step,ZERO_CMD,cleared,FALSE,consec,0,run_faults,1
[2026-09-12T23:09:21.918] Cog0  MOT: reset fault...
[2026-09-12T23:09:21.934] Cog0  MTR: did reset fault ind.
[2026-09-12T23:09:21.965] Cog0  BS-FAULT,seq,9,motor,LEFT,incre,-36_750_000,swept_deg,3,drv_state,1,step,RESET,cleared,TRUE,consec,0,run_faults,1
[2026-09-12T23:09:27.450] Cog0  MOT:  offset_fwd_degrees = 353, offset_fwd = $FB05_B05B
[2026-09-12T23:09:27.451] Cog0   (ind)offset_rev_degrees = 317, offset_rev = $E16C_16C1
[2026-09-12T23:09:27.466] Cog0  -MOT- inincr = -36_750_000 nTgtIncr = $7DCF_3D50 0 sync = 0
[2026-09-12T23:09:28.181] Cog0  -MOT- inincr = 0 nTgtIncr = $0000_0000 0 sync = 0
[2026-09-12T23:09:28.184] Cog0  BS-POINT,seq,10,motor,LEFT,speed,QTR,incre,-36_750_000,phase,COARSE,neg_deg,353,pos_deg,317,swept_deg,-7,result,FAULT,steady_ms,729,ticks,NA,win_ms,NA,rate_x10,NA,rate_ok,FALSE,samples,NA,i_mean_mV_x10,NA,i_se_mV_x10,NA
[2026-09-12T23:09:28.185] Cog0  BS-POINT2,seq,10,motor,LEFT,incre,-36_750_000,i_halfA_mV_x10,NA,i_halfB_mV_x10,NA,unsettled,FALSE,i_min_mV,NA,i_max_mV,NA,duty_mean,NA,err_mean,NA,missed_d,0,illegal_d,0,fault,TRUE,abort_i,FALSE,charge_mVs,21,drv_state,6
[2026-09-12T23:09:28.186] Cog0  -MOT- inincr = 0 nTgtIncr = $0000_0000 0 sync = 0
[2026-09-12T23:09:28.187] Cog0  BS-FAULT,seq,10,motor,LEFT,incre,-36_750_000,swept_deg,-7,drv_state,1,step,ZERO_CMD,cleared,FALSE,consec,1,run_faults,2
[2026-09-12T23:09:28.187] Cog0  MOT: reset fault...
[2026-09-12T23:09:28.202] Cog0  MTR: did reset fault ind.
[2026-09-12T23:09:28.233] Cog0  BS-FAULT,seq,10,motor,LEFT,incre,-36_750_000,swept_deg,-7,drv_state,1,step,RESET,cleared,TRUE,consec,1,run_faults,2
[2026-09-12T23:09:33.720] Cog0  BS-WALK,motor,LEFT,speed,QTR,sign,NEG,side,DOWN,pts,5,last_swept_deg,-7,stop,FAULTS,low_swept_deg,13,low_mV_x10,338
[2026-09-12T23:09:33.721] Cog0  BS-BRACKET,motor,LEFT,speed,QTR,sign,NEG,low_swept_deg,13,low_mV_x10,338,below_ok,FALSE,above_ok,TRUE,bracketed,FALSE,reason,EDGE_FAULT
[2026-09-12T23:09:33.721] Cog0  MOT:  offset_fwd_degrees = 43, offset_fwd = $1E93_E93E
[2026-09-12T23:09:33.722] Cog0   (ind)offset_rev_degrees = 317, offset_rev = $E16C_16C1
[2026-09-12T23:09:33.737] Cog0  -MOT- inincr = -36_750_000 nTgtIncr = $7DCF_3D50 0 sync = 0
[2026-09-12T23:09:38.396] Cog0  -MOT- inincr = 0 nTgtIncr = $0000_0000 0 sync = 0
[2026-09-12T23:09:38.787] Cog0  BS-POINT,seq,11,motor,LEFT,speed,QTR,incre,-36_750_000,phase,REF_END,neg_deg,43,pos_deg,317,swept_deg,43,result,OK,steady_ms,925,ticks,270,win_ms,2_748,rate_x10,982,rate_ok,TRUE,samples,545,i_mean_mV_x10,1_838,i_se_mV_x10,22
[2026-09-12T23:09:38.804] Cog0  BS-POINT2,seq,11,motor,LEFT,incre,-36_750_000,i_halfA_mV_x10,1_855,i_halfB_mV_x10,1_822,unsettled,FALSE,i_min_mV,162,i_max_mV,207,duty_mean,8_117,err_mean,-48,missed_d,0,illegal_d,0,fault,FALSE,abort_i,FALSE,charge_mVs,776,drv_state,1
[2026-09-12T23:09:39.291] Cog0  BS-FIT,motor,LEFT,speed,QTR,sign,NEG,status,NOT_BRACKETED,n,0,centre_deg,NA,span_lo_deg,NA,span_hi_deg,NA,extended,FALSE
[2026-09-12T23:09:39.292] Cog0  BS-FIT2,motor,LEFT,speed,QTR,sign,NEG,min_deg_x10,NA,min_se_deg_x10,NA,min_mV_x10,NA,rms_mV_x10,NA,med_se_mV_x10,NA,curv_x100,NA,curv_model_pct,NA,flat2_deg_x10,NA
[2026-09-12T23:09:39.293] Cog0  BS-LEG,motor,LEFT,speed,QTR,sign,NEG,served_by,OFFSET_FWD,pts,9,faults,2,aborts_i,1,ref_start_mV_x10,1_711,ref_end_mV_x10,1_838,drift_pct_x10,74,drift_flag,FALSE,exit,DONE
[2026-09-12T23:09:39.293] Cog0  MOT:  offset_fwd_degrees = 43, offset_fwd = $1E93_E93E
[2026-09-12T23:09:39.294] Cog0   (ind)offset_rev_degrees = 317, offset_rev = $E16C_16C1
[2026-09-12T23:09:39.310] Cog0  -MOT- inincr = 36_750_000 nTgtIncr = $0230_C2B0 0 sync = 0
[2026-09-12T23:09:43.969] Cog0  -MOT- inincr = 0 nTgtIncr = $0000_0000 0 sync = 0
[2026-09-12T23:09:44.359] Cog0  BS-POINT,seq,12,motor,LEFT,speed,QTR,incre,36_750_000,phase,REF_START,neg_deg,43,pos_deg,317,swept_deg,-43,result,OK,steady_ms,925,ticks,270,win_ms,2_747,rate_x10,982,rate_ok,TRUE,samples,545,i_mean_mV_x10,1_012,i_se_mV_x10,11
[2026-09-12T23:09:44.376] Cog0  BS-POINT2,seq,12,motor,LEFT,incre,36_750_000,i_halfA_mV_x10,1_026,i_halfB_mV_x10,998,unsettled,FALSE,i_min_mV,85,i_max_mV,120,duty_mean,7_150,err_mean,48,missed_d,0,illegal_d,0,fault,FALSE,abort_i,FALSE,charge_mVs,438,drv_state,1
[2026-09-12T23:09:44.861] Cog0  MOT:  offset_fwd_degrees = 43, offset_fwd = $1E93_E93E
[2026-09-12T23:09:44.861] Cog0   (ind)offset_rev_degrees = 327, offset_rev = $E888_8888
[2026-09-12T23:09:44.877] Cog0  -MOT- inincr = 36_750_000 nTgtIncr = $0230_C2B0 0 sync = 0
[2026-09-12T23:09:48.623] Cog0  -MOT- inincr = 0 nTgtIncr = $0000_0000 0 sync = 0
[2026-09-12T23:09:49.009] Cog0  BS-POINT,seq,13,motor,LEFT,speed,QTR,incre,36_750_000,phase,COARSE,neg_deg,43,pos_deg,327,swept_deg,-33,result,OK,steady_ms,925,ticks,180,win_ms,1_830,rate_x10,983,rate_ok,TRUE,samples,363,i_mean_mV_x10,500,i_se_mV_x10,7
[2026-09-12T23:09:49.025] Cog0  BS-POINT2,seq,13,motor,LEFT,incre,36_750_000,i_halfA_mV_x10,501,i_halfB_mV_x10,499,unsettled,FALSE,i_min_mV,41,i_max_mV,59,duty_mean,6_349,err_mean,48,missed_d,0,illegal_d,0,fault,FALSE,abort_i,FALSE,charge_mVs,186,drv_state,1
[2026-09-12T23:09:49.511] Cog0  MOT:  offset_fwd_degrees = 43, offset_fwd = $1E93_E93E
[2026-09-12T23:09:49.511] Cog0   (ind)offset_rev_degrees = 337, offset_rev = $EFA4_FA4F
[2026-09-12T23:09:49.527] Cog0  -MOT- inincr = 36_750_000 nTgtIncr = $0230_C2B0 0 sync = 0
[2026-09-12T23:09:53.273] Cog0  -MOT- inincr = 0 nTgtIncr = $0000_0000 0 sync = 0
[2026-09-12T23:09:53.659] Cog0  BS-POINT,seq,14,motor,LEFT,speed,QTR,incre,36_750_000,phase,COARSE,neg_deg,43,pos_deg,337,swept_deg,-23,result,OK,steady_ms,925,ticks,180,win_ms,1_830,rate_x10,983,rate_ok,TRUE,samples,363,i_mean_mV_x10,325,i_se_mV_x10,3
[2026-09-12T23:09:53.675] Cog0  BS-POINT2,seq,14,motor,LEFT,incre,36_750_000,i_halfA_mV_x10,321,i_halfB_mV_x10,329,unsettled,FALSE,i_min_mV,27,i_max_mV,41,duty_mean,5_967,err_mean,48,missed_d,0,illegal_d,0,fault,FALSE,abort_i,FALSE,charge_mVs,137,drv_state,1
[2026-09-12T23:09:54.160] Cog0  MOT:  offset_fwd_degrees = 43, offset_fwd = $1E93_E93E
[2026-09-12T23:09:54.161] Cog0   (ind)offset_rev_degrees = 347, offset_rev = $F6C1_6C16
[2026-09-12T23:09:54.176] Cog0  -MOT- inincr = 36_750_000 nTgtIncr = $0230_C2B0 0 sync = 0
[2026-09-12T23:09:57.922] Cog0  -MOT- inincr = 0 nTgtIncr = $0000_0000 0 sync = 0
[2026-09-12T23:09:58.309] Cog0  BS-POINT,seq,15,motor,LEFT,speed,QTR,incre,36_750_000,phase,COARSE,neg_deg,43,pos_deg,347,swept_deg,-13,result,OK,steady_ms,925,ticks,180,win_ms,1_830,rate_x10,983,rate_ok,TRUE,samples,363,i_mean_mV_x10,392,i_se_mV_x10,4
[2026-09-12T23:09:58.325] Cog0  BS-POINT2,seq,15,motor,LEFT,incre,36_750_000,i_halfA_mV_x10,391,i_halfB_mV_x10,393,unsettled,FALSE,i_min_mV,24,i_max_mV,68,duty_mean,5_980,err_mean,47,missed_d,0,illegal_d,0,fault,FALSE,abort_i,FALSE,charge_mVs,224,drv_state,1
[2026-09-12T23:09:58.810] Cog0  MOT:  offset_fwd_degrees = 43, offset_fwd = $1E93_E93E
[2026-09-12T23:09:58.811] Cog0   (ind)offset_rev_degrees = 357, offset_rev = $FDDD_DDDD
[2026-09-12T23:09:58.826] Cog0  -MOT- inincr = 36_750_000 nTgtIncr = $0230_C2B0 0 sync = 0
[2026-09-12T23:09:59.541] Cog0  -MOT- inincr = 0 nTgtIncr = $0000_0000 0 sync = 0
[2026-09-12T23:09:59.544] Cog0  BS-POINT,seq,16,motor,LEFT,speed,QTR,incre,36_750_000,phase,COARSE,neg_deg,43,pos_deg,357,swept_deg,-3,result,FAULT,steady_ms,729,ticks,NA,win_ms,NA,rate_x10,NA,rate_ok,FALSE,samples,NA,i_mean_mV_x10,NA,i_se_mV_x10,NA
[2026-09-12T23:09:59.545] Cog0  BS-POINT2,seq,16,motor,LEFT,incre,36_750_000,i_halfA_mV_x10,NA,i_halfB_mV_x10,NA,unsettled,FALSE,i_min_mV,NA,i_max_mV,NA,duty_mean,NA,err_mean,NA,missed_d,0,illegal_d,0,fault,TRUE,abort_i,FALSE,charge_mVs,23,drv_state,6
[2026-09-12T23:09:59.546] Cog0  -MOT- inincr = 0 nTgtIncr = $0000_0000 0 sync = 0
[2026-09-12T23:09:59.547] Cog0  BS-FAULT,seq,16,motor,LEFT,incre,36_750_000,swept_deg,-3,drv_state,1,step,ZERO_CMD,cleared,FALSE,consec,0,run_faults,3
[2026-09-12T23:09:59.547] Cog0  MOT: reset fault...
[2026-09-12T23:09:59.562] Cog0  MTR: did reset fault ind.
[2026-09-12T23:09:59.593] Cog0  BS-FAULT,seq,16,motor,LEFT,incre,36_750_000,swept_deg,-3,drv_state,1,step,RESET,cleared,TRUE,consec,0,run_faults,3
[2026-09-12T23:10:05.078] Cog0  MOT:  offset_fwd_degrees = 43, offset_fwd = $1E93_E93E
[2026-09-12T23:10:05.079] Cog0   (ind)offset_rev_degrees = 7, offset_rev = $04FA_4FA4
[2026-09-12T23:10:05.094] Cog0  -MOT- inincr = 36_750_000 nTgtIncr = $0230_C2B0 0 sync = 0
[2026-09-12T23:10:05.846] Cog0  -MOT- inincr = 0 nTgtIncr = $0000_0000 0 sync = 0
[2026-09-12T23:10:05.852] Cog0  BS-POINT,seq,17,motor,LEFT,speed,QTR,incre,36_750_000,phase,COARSE,neg_deg,43,pos_deg,7,swept_deg,7,result,FAULT,steady_ms,764,ticks,NA,win_ms,NA,rate_x10,NA,rate_ok,FALSE,samples,NA,i_mean_mV_x10,NA,i_se_mV_x10,NA
[2026-09-12T23:10:05.853] Cog0  BS-POINT2,seq,17,motor,LEFT,incre,36_750_000,i_halfA_mV_x10,NA,i_halfB_mV_x10,NA,unsettled,FALSE,i_min_mV,NA,i_max_mV,NA,duty_mean,NA,err_mean,NA,missed_d,0,illegal_d,0,fault,TRUE,abort_i,FALSE,charge_mVs,26,drv_state,1
[2026-09-12T23:10:05.854] Cog0  -MOT- inincr = 0 nTgtIncr = $0000_0000 0 sync = 0
[2026-09-12T23:10:05.855] Cog0  BS-FAULT,seq,17,motor,LEFT,incre,36_750_000,swept_deg,7,drv_state,1,step,ZERO_CMD,cleared,FALSE,consec,1,run_faults,4
[2026-09-12T23:10:05.855] Cog0  MOT: reset fault...
[2026-09-12T23:10:05.870] Cog0  MTR: did reset fault ind.
[2026-09-12T23:10:05.901] Cog0  BS-FAULT,seq,17,motor,LEFT,incre,36_750_000,swept_deg,7,drv_state,1,step,RESET,cleared,TRUE,consec,1,run_faults,4
[2026-09-12T23:10:11.388] Cog0  BS-WALK,motor,LEFT,speed,QTR,sign,POS,side,UP,pts,5,last_swept_deg,7,stop,FAULTS,low_swept_deg,-23,low_mV_x10,325
[2026-09-12T23:10:11.388] Cog0  MOT:  offset_fwd_degrees = 43, offset_fwd = $1E93_E93E
[2026-09-12T23:10:11.388] Cog0   (ind)offset_rev_degrees = 307, offset_rev = $DA4F_A4FA
[2026-09-12T23:10:11.404] Cog0  -MOT- inincr = 36_750_000 nTgtIncr = $0230_C2B0 0 sync = 0
[2026-09-12T23:10:15.151] Cog0  -MOT- inincr = 0 nTgtIncr = $0000_0000 0 sync = 0
[2026-09-12T23:10:15.541] Cog0  BS-POINT,seq,18,motor,LEFT,speed,QTR,incre,36_750_000,phase,COARSE,neg_deg,43,pos_deg,307,swept_deg,-53,result,OK,steady_ms,925,ticks,180,win_ms,1_835,rate_x10,980,rate_ok,TRUE,samples,364,i_mean_mV_x10,2_190,i_se_mV_x10,30
[2026-09-12T23:10:15.558] Cog0  BS-POINT2,seq,18,motor,LEFT,incre,36_750_000,i_halfA_mV_x10,2_190,i_halfB_mV_x10,2_190,unsettled,FALSE,i_min_mV,193,i_max_mV,248,duty_mean,8_478,err_mean,48,missed_d,0,illegal_d,0,fault,FALSE,abort_i,FALSE,charge_mVs,713,drv_state,1
[2026-09-12T23:10:16.043] Cog0  MOT:  offset_fwd_degrees = 43, offset_fwd = $1E93_E93E
[2026-09-12T23:10:16.043] Cog0   (ind)offset_rev_degrees = 297, offset_rev = $D333_3333
[2026-09-12T23:10:16.059] Cog0  -MOT- inincr = 36_750_000 nTgtIncr = $0230_C2B0 0 sync = 0
[2026-09-12T23:10:17.158] Cog0  BS-POINT,seq,19,motor,LEFT,speed,QTR,incre,36_750_000,phase,COARSE,neg_deg,43,pos_deg,297,swept_deg,-63,result,ABORT_I,steady_ms,925,ticks,NA,win_ms,NA,rate_x10,NA,rate_ok,FALSE,samples,NA,i_mean_mV_x10,NA,i_se_mV_x10,NA
[2026-09-12T23:10:17.160] Cog0  BS-POINT2,seq,19,motor,LEFT,incre,36_750_000,i_halfA_mV_x10,NA,i_halfB_mV_x10,NA,unsettled,FALSE,i_min_mV,NA,i_max_mV,NA,duty_mean,NA,err_mean,NA,missed_d,NA,illegal_d,NA,fault,FALSE,abort_i,TRUE,charge_mVs,139,drv_state,3
[2026-09-12T23:10:17.162] Cog0  BS-ABORT,scope,POINT,reason,ABORT_I,motor,LEFT,incre,36_750_000,seq,19,value,428,elapsed_s,99
[2026-09-12T23:10:17.162] Cog0  --- pinSum = 95, 64010 Rev B, highTimeUs = 73
[2026-09-12T23:10:17.162] Cog0  MOT: fwdDegrees = 43, offset_fwd = $1E93_E93E
[2026-09-12T23:10:17.163] Cog0       revDegrees = 317, offset_rev = $E16C_16C1
[2026-09-12T23:10:17.163] Cog0   - Calc FRAME: frame_cnt = 6_136
[2026-09-12T23:10:17.163] Cog0  * init values dead_gap = 70, pwm_limit = 3_033, adc_fram = 6_136, duty_min = 1_600, duty_max = 24_264
[2026-09-12T23:10:17.164] Cog0  *      values duty_up = 18, duty_dn = 4, cfg_ctcks = 135_000
[2026-09-12T23:10:17.164] Cog0  *VAL* legalVoltage = 6
[2026-09-12T23:10:17.164] Cog0  * ENTRY CFG selectedPower = 6
[2026-09-12T23:10:17.165] Cog0  * EXIT 2 CFG eUserSelectedVolts = 6 maxFwdIncreAtPwr = 147_000_000 minFwdIncreAtPwr = 544_628
[2026-09-12T23:10:17.165] Cog0  -MOT- inincr = 0 nTgtIncr = $0000_0000 0 sync = 0
[2026-09-12T23:10:17.170] Cog0  * Motor COG #1
[2026-09-12T23:10:17.170] Cog1  INIT $0000_5CDE $0000_842F load
[2026-09-12T23:10:17.170] Cog0  BLDC: getBoardType() pinbase: ** NOT SET **
[2026-09-12T23:10:17.171] Cog0  BLDC: getBoardType() driver running, not measured; returning revision recorded at start 22
[2026-09-12T23:10:17.171] Cog0  MOT:  offset_fwd_degrees = 43, offset_fwd = $1E93_E93E
[2026-09-12T23:10:17.173] Cog0   (ind)offset_rev_degrees = 317, offset_rev = $E16C_16C1
[2026-09-12T23:10:17.189] Cog0  BS-START,motor,LEFT,base,32,cog,1,cog_ok,TRUE,board_rev,22,rev_b,TRUE,board_id,REV_B,init_neg_deg,43,init_pos_deg,317,neg_deg,43,pos_deg,317,offsets_ok,TRUE,missed,0,illegal,0,integ_ok,TRUE,result,OK
[2026-09-12T23:10:17.676] Cog0  BS-WALK,motor,LEFT,speed,QTR,sign,POS,side,DOWN,pts,2,last_swept_deg,-63,stop,RISE,low_swept_deg,-23,low_mV_x10,325
[2026-09-12T23:10:17.677] Cog0  BS-BRACKET,motor,LEFT,speed,QTR,sign,POS,low_swept_deg,-23,low_mV_x10,325,below_ok,TRUE,above_ok,TRUE,bracketed,TRUE,reason,OK
[2026-09-12T23:10:17.677] Cog0  MOT:  offset_fwd_degrees = 43, offset_fwd = $1E93_E93E
[2026-09-12T23:10:17.677] Cog0   (ind)offset_rev_degrees = 337, offset_rev = $EFA4_FA4F
[2026-09-12T23:10:17.693] Cog0  -MOT- inincr = 36_750_000 nTgtIncr = $0230_C2B0 0 sync = 0
[2026-09-12T23:10:22.352] Cog0  -MOT- inincr = 0 nTgtIncr = $0000_0000 0 sync = 0
[2026-09-12T23:10:22.743] Cog0  BS-POINT,seq,20,motor,LEFT,speed,QTR,incre,36_750_000,phase,FINE,neg_deg,43,pos_deg,337,swept_deg,-23,result,OK,steady_ms,925,ticks,270,win_ms,2_747,rate_x10,982,rate_ok,TRUE,samples,545,i_mean_mV_x10,174,i_se_mV_x10,2
[2026-09-12T23:10:22.760] Cog0  BS-POINT2,seq,20,motor,LEFT,incre,36_750_000,i_halfA_mV_x10,172,i_halfB_mV_x10,177,unsettled,FALSE,i_min_mV,12,i_max_mV,28,duty_mean,5_978,err_mean,48,missed_d,0,illegal_d,0,fault,FALSE,abort_i,FALSE,charge_mVs,87,drv_state,1
[2026-09-12T23:10:23.244] Cog0  MOT:  offset_fwd_degrees = 43, offset_fwd = $1E93_E93E
[2026-09-12T23:10:23.245] Cog0   (ind)offset_rev_degrees = 347, offset_rev = $F6C1_6C16
[2026-09-12T23:10:23.260] Cog0  -MOT- inincr = 36_750_000 nTgtIncr = $0230_C2B0 0 sync = 0
[2026-09-12T23:10:27.935] Cog0  -MOT- inincr = 0 nTgtIncr = $0000_0000 0 sync = 0
[2026-09-12T23:10:28.315] Cog0  BS-POINT,seq,21,motor,LEFT,speed,QTR,incre,36_750_000,phase,FINE,neg_deg,43,pos_deg,347,swept_deg,-13,result,OK,steady_ms,925,ticks,270,win_ms,2_753,rate_x10,980,rate_ok,TRUE,samples,546,i_mean_mV_x10,236,i_se_mV_x10,5
[2026-09-12T23:10:28.332] Cog0  BS-POINT2,seq,21,motor,LEFT,incre,36_750_000,i_halfA_mV_x10,236,i_halfB_mV_x10,235,unsettled,FALSE,i_min_mV,9,i_max_mV,55,duty_mean,6_005,err_mean,47,missed_d,0,illegal_d,0,fault,FALSE,abort_i,FALSE,charge_mVs,150,drv_state,1
[2026-09-12T23:10:28.817] Cog0  MOT:  offset_fwd_degrees = 43, offset_fwd = $1E93_E93E
[2026-09-12T23:10:28.817] Cog0   (ind)offset_rev_degrees = 327, offset_rev = $E888_8888
[2026-09-12T23:10:28.833] Cog0  -MOT- inincr = 36_750_000 nTgtIncr = $0230_C2B0 0 sync = 0
[2026-09-12T23:10:33.492] Cog0  -MOT- inincr = 0 nTgtIncr = $0000_0000 0 sync = 0
[2026-09-12T23:10:33.882] Cog0  BS-POINT,seq,22,motor,LEFT,speed,QTR,incre,36_750_000,phase,FINE,neg_deg,43,pos_deg,327,swept_deg,-33,result,OK,steady_ms,925,ticks,270,win_ms,2_747,rate_x10,982,rate_ok,TRUE,samples,545,i_mean_mV_x10,369,i_se_mV_x10,6
[2026-09-12T23:10:33.899] Cog0  BS-POINT2,seq,22,motor,LEFT,incre,36_750_000,i_halfA_mV_x10,360,i_halfB_mV_x10,378,unsettled,TRUE,i_min_mV,28,i_max_mV,47,duty_mean,6_384,err_mean,48,missed_d,0,illegal_d,0,fault,FALSE,abort_i,FALSE,charge_mVs,163,drv_state,1
[2026-09-12T23:10:34.384] Cog0  MOT:  offset_fwd_degrees = 43, offset_fwd = $1E93_E93E
[2026-09-12T23:10:34.384] Cog0   (ind)offset_rev_degrees = 357, offset_rev = $FDDD_DDDD
[2026-09-12T23:10:34.400] Cog0  -MOT- inincr = 36_750_000 nTgtIncr = $0230_C2B0 0 sync = 0
[2026-09-12T23:10:35.115] Cog0  -MOT- inincr = 0 nTgtIncr = $0000_0000 0 sync = 0
[2026-09-12T23:10:35.117] Cog0  BS-POINT,seq,23,motor,LEFT,speed,QTR,incre,36_750_000,phase,FINE,neg_deg,43,pos_deg,357,swept_deg,-3,result,FAULT,steady_ms,729,ticks,NA,win_ms,NA,rate_x10,NA,rate_ok,FALSE,samples,NA,i_mean_mV_x10,NA,i_se_mV_x10,NA
[2026-09-12T23:10:35.118] Cog0  BS-POINT2,seq,23,motor,LEFT,incre,36_750_000,i_halfA_mV_x10,NA,i_halfB_mV_x10,NA,unsettled,FALSE,i_min_mV,NA,i_max_mV,NA,duty_mean,NA,err_mean,NA,missed_d,0,illegal_d,0,fault,TRUE,abort_i,FALSE,charge_mVs,13,drv_state,6
[2026-09-12T23:10:35.119] Cog0  -MOT- inincr = 0 nTgtIncr = $0000_0000 0 sync = 0
[2026-09-12T23:10:35.120] Cog0  BS-FAULT,seq,23,motor,LEFT,incre,36_750_000,swept_deg,-3,drv_state,1,step,ZERO_CMD,cleared,FALSE,consec,0,run_faults,5
[2026-09-12T23:10:35.120] Cog0  MOT: reset fault...
[2026-09-12T23:10:35.135] Cog0  MTR: did reset fault ind.
[2026-09-12T23:10:35.166] Cog0  BS-FAULT,seq,23,motor,LEFT,incre,36_750_000,swept_deg,-3,drv_state,1,step,RESET,cleared,TRUE,consec,0,run_faults,5
[2026-09-12T23:10:40.652] Cog0  MOT:  offset_fwd_degrees = 43, offset_fwd = $1E93_E93E
[2026-09-12T23:10:40.652] Cog0   (ind)offset_rev_degrees = 317, offset_rev = $E16C_16C1
[2026-09-12T23:10:40.667] Cog0  -MOT- inincr = 36_750_000 nTgtIncr = $0230_C2B0 0 sync = 0
[2026-09-12T23:10:45.326] Cog0  -MOT- inincr = 0 nTgtIncr = $0000_0000 0 sync = 0
[2026-09-12T23:10:45.717] Cog0  BS-POINT,seq,24,motor,LEFT,speed,QTR,incre,36_750_000,phase,FINE,neg_deg,43,pos_deg,317,swept_deg,-43,result,OK,steady_ms,925,ticks,270,win_ms,2_747,rate_x10,982,rate_ok,TRUE,samples,545,i_mean_mV_x10,884,i_se_mV_x10,12
[2026-09-12T23:10:45.734] Cog0  BS-POINT2,seq,24,motor,LEFT,incre,36_750_000,i_halfA_mV_x10,888,i_halfB_mV_x10,879,unsettled,FALSE,i_min_mV,72,i_max_mV,105,duty_mean,7_181,err_mean,48,missed_d,0,illegal_d,0,fault,FALSE,abort_i,FALSE,charge_mVs,372,drv_state,1
[2026-09-12T23:10:46.219] Cog0  MOT:  offset_fwd_degrees = 43, offset_fwd = $1E93_E93E
[2026-09-12T23:10:46.219] Cog0   (ind)offset_rev_degrees = 342, offset_rev = $F333_3333
[2026-09-12T23:10:46.235] Cog0  -MOT- inincr = 36_750_000 nTgtIncr = $0230_C2B0 0 sync = 0
[2026-09-12T23:10:50.894] Cog0  -MOT- inincr = 0 nTgtIncr = $0000_0000 0 sync = 0
[2026-09-12T23:10:51.285] Cog0  BS-POINT,seq,25,motor,LEFT,speed,QTR,incre,36_750_000,phase,FINE,neg_deg,43,pos_deg,342,swept_deg,-18,result,OK,steady_ms,926,ticks,270,win_ms,2_747,rate_x10,982,rate_ok,TRUE,samples,545,i_mean_mV_x10,213,i_se_mV_x10,1
[2026-09-12T23:10:51.301] Cog0  BS-POINT2,seq,25,motor,LEFT,incre,36_750_000,i_halfA_mV_x10,215,i_halfB_mV_x10,211,unsettled,FALSE,i_min_mV,9,i_max_mV,38,duty_mean,6_091,err_mean,47,missed_d,0,illegal_d,0,fault,FALSE,abort_i,FALSE,charge_mVs,109,drv_state,1
[2026-09-12T23:10:51.786] Cog0  MOT:  offset_fwd_degrees = 43, offset_fwd = $1E93_E93E
[2026-09-12T23:10:51.787] Cog0   (ind)offset_rev_degrees = 332, offset_rev = $EC16_C16C
[2026-09-12T23:10:51.803] Cog0  -MOT- inincr = 36_750_000 nTgtIncr = $0230_C2B0 0 sync = 0
[2026-09-12T23:10:56.461] Cog0  -MOT- inincr = 0 nTgtIncr = $0000_0000 0 sync = 0
[2026-09-12T23:10:56.852] Cog0  BS-POINT,seq,26,motor,LEFT,speed,QTR,incre,36_750_000,phase,FINE,neg_deg,43,pos_deg,332,swept_deg,-28,result,OK,steady_ms,925,ticks,270,win_ms,2_748,rate_x10,982,rate_ok,TRUE,samples,545,i_mean_mV_x10,223,i_se_mV_x10,3
[2026-09-12T23:10:56.868] Cog0  BS-POINT2,seq,26,motor,LEFT,incre,36_750_000,i_halfA_mV_x10,223,i_halfB_mV_x10,223,unsettled,FALSE,i_min_mV,17,i_max_mV,30,duty_mean,6_090,err_mean,48,missed_d,0,illegal_d,0,fault,FALSE,abort_i,FALSE,charge_mVs,106,drv_state,1
[2026-09-12T23:10:57.353] Cog0  MOT:  offset_fwd_degrees = 43, offset_fwd = $1E93_E93E
[2026-09-12T23:10:57.354] Cog0   (ind)offset_rev_degrees = 352, offset_rev = $FA4F_A4FA
[2026-09-12T23:10:57.369] Cog0  -MOT- inincr = 36_750_000 nTgtIncr = $0230_C2B0 0 sync = 0
[2026-09-12T23:10:58.090] Cog0  -MOT- inincr = 0 nTgtIncr = $0000_0000 0 sync = 0
[2026-09-12T23:10:58.092] Cog0  BS-POINT,seq,27,motor,LEFT,speed,QTR,incre,36_750_000,phase,FINE,neg_deg,43,pos_deg,352,swept_deg,-8,result,FAULT,steady_ms,729,ticks,NA,win_ms,NA,rate_x10,NA,rate_ok,FALSE,samples,NA,i_mean_mV_x10,NA,i_se_mV_x10,NA
[2026-09-12T23:10:58.093] Cog0  BS-POINT2,seq,27,motor,LEFT,incre,36_750_000,i_halfA_mV_x10,NA,i_halfB_mV_x10,NA,unsettled,FALSE,i_min_mV,NA,i_max_mV,NA,duty_mean,NA,err_mean,NA,missed_d,0,illegal_d,0,fault,TRUE,abort_i,FALSE,charge_mVs,12,drv_state,1
[2026-09-12T23:10:58.094] Cog0  -MOT- inincr = 0 nTgtIncr = $0000_0000 0 sync = 0
[2026-09-12T23:10:58.095] Cog0  BS-FAULT,seq,27,motor,LEFT,incre,36_750_000,swept_deg,-8,drv_state,1,step,ZERO_CMD,cleared,FALSE,consec,0,run_faults,6
[2026-09-12T23:10:58.095] Cog0  MOT: reset fault...
[2026-09-12T23:10:58.110] Cog0  MTR: did reset fault ind.
[2026-09-12T23:10:58.141] Cog0  BS-FAULT,seq,27,motor,LEFT,incre,36_750_000,swept_deg,-8,drv_state,1,step,RESET,cleared,TRUE,consec,0,run_faults,6
[2026-09-12T23:11:03.626] Cog0  MOT:  offset_fwd_degrees = 43, offset_fwd = $1E93_E93E
[2026-09-12T23:11:03.627] Cog0   (ind)offset_rev_degrees = 322, offset_rev = $E4FA_4FA4
[2026-09-12T23:11:03.643] Cog0  -MOT- inincr = 36_750_000 nTgtIncr = $0230_C2B0 0 sync = 0
[2026-09-12T23:11:08.301] Cog0  -MOT- inincr = 0 nTgtIncr = $0000_0000 0 sync = 0
[2026-09-12T23:11:08.692] Cog0  BS-POINT,seq,28,motor,LEFT,speed,QTR,incre,36_750_000,phase,FINE,neg_deg,43,pos_deg,322,swept_deg,-38,result,OK,steady_ms,925,ticks,270,win_ms,2_748,rate_x10,982,rate_ok,TRUE,samples,545,i_mean_mV_x10,552,i_se_mV_x10,8
[2026-09-12T23:11:08.709] Cog0  BS-POINT2,seq,28,motor,LEFT,incre,36_750_000,i_halfA_mV_x10,555,i_halfB_mV_x10,550,unsettled,FALSE,i_min_mV,42,i_max_mV,69,duty_mean,6_696,err_mean,48,missed_d,0,illegal_d,0,fault,FALSE,abort_i,FALSE,charge_mVs,238,drv_state,1
[2026-09-12T23:11:09.194] Cog0  MOT:  offset_fwd_degrees = 43, offset_fwd = $1E93_E93E
[2026-09-12T23:11:09.195] Cog0   (ind)offset_rev_degrees = 317, offset_rev = $E16C_16C1
[2026-09-12T23:11:09.210] Cog0  -MOT- inincr = 36_750_000 nTgtIncr = $0230_C2B0 0 sync = 0
[2026-09-12T23:11:13.869] Cog0  -MOT- inincr = 0 nTgtIncr = $0000_0000 0 sync = 0
[2026-09-12T23:11:14.260] Cog0  BS-POINT,seq,29,motor,LEFT,speed,QTR,incre,36_750_000,phase,REF_END,neg_deg,43,pos_deg,317,swept_deg,-43,result,OK,steady_ms,925,ticks,270,win_ms,2_748,rate_x10,982,rate_ok,TRUE,samples,545,i_mean_mV_x10,876,i_se_mV_x10,13
[2026-09-12T23:11:14.277] Cog0  BS-POINT2,seq,29,motor,LEFT,incre,36_750_000,i_halfA_mV_x10,890,i_halfB_mV_x10,862,unsettled,TRUE,i_min_mV,69,i_max_mV,107,duty_mean,7_162,err_mean,48,missed_d,0,illegal_d,0,fault,FALSE,abort_i,FALSE,charge_mVs,371,drv_state,1
[2026-09-12T23:11:14.763] Cog0  BS-FIT,motor,LEFT,speed,QTR,sign,POS,status,OK,n,7,centre_deg,-23,span_lo_deg,-43,span_hi_deg,-13,extended,FALSE
[2026-09-12T23:11:14.765] Cog0  BS-FIT2,motor,LEFT,speed,QTR,sign,POS,min_deg_x10,-211,min_se_deg_x10,7,min_mV_x10,163,rms_mV_x10,28,med_se_mV_x10,5,curv_x100,1_466,curv_model_pct,5_904,flat2_deg_x10,15
[2026-09-12T23:11:14.766] Cog0  BS-LEG,motor,LEFT,speed,QTR,sign,POS,served_by,OFFSET_REV,pts,18,faults,4,aborts_i,1,ref_start_mV_x10,1_012,ref_end_mV_x10,876,drift_pct_x10,-134,drift_flag,TRUE,exit,DONE
[2026-09-12T23:11:14.768] Cog0  BS-FIT,motor,LEFT,speed,HALF,sign,NEG,status,SKIPPED,n,0,centre_deg,NA,span_lo_deg,NA,span_hi_deg,NA,extended,FALSE
[2026-09-12T23:11:14.770] Cog0  BS-FIT2,motor,LEFT,speed,HALF,sign,NEG,min_deg_x10,NA,min_se_deg_x10,NA,min_mV_x10,NA,rms_mV_x10,NA,med_se_mV_x10,NA,curv_x100,NA,curv_model_pct,NA,flat2_deg_x10,NA
[2026-09-12T23:11:14.771] Cog0  BS-LEG,motor,LEFT,speed,HALF,sign,NEG,served_by,OFFSET_FWD,pts,0,faults,0,aborts_i,0,ref_start_mV_x10,NA,ref_end_mV_x10,NA,drift_pct_x10,NA,drift_flag,FALSE,exit,SKIPPED
[2026-09-12T23:11:14.771] Cog0  MOT:  offset_fwd_degrees = 43, offset_fwd = $1E93_E93E
[2026-09-12T23:11:14.771] Cog0   (ind)offset_rev_degrees = 317, offset_rev = $E16C_16C1
[2026-09-12T23:11:14.787] Cog0  -MOT- inincr = 73_500_000 nTgtIncr = $0461_8560 0 sync = 0
[2026-09-12T23:11:19.846] Cog0  -MOT- inincr = 0 nTgtIncr = $0000_0000 0 sync = 0
[2026-09-12T23:11:20.612] Cog0  BS-POINT,seq,30,motor,LEFT,speed,HALF,incre,73_500_000,phase,REF_START,neg_deg,43,pos_deg,317,swept_deg,-43,result,OK,steady_ms,1_317,ticks,540,win_ms,2_747,rate_x10,1_965,rate_ok,TRUE,samples,545,i_mean_mV_x10,4_736,i_se_mV_x10,28
[2026-09-12T23:11:20.629] Cog0  BS-POINT2,seq,30,motor,LEFT,incre,73_500_000,i_halfA_mV_x10,4_750,i_halfB_mV_x10,4_721,unsettled,FALSE,i_min_mV,428,i_max_mV,532,duty_mean,15_721,err_mean,48,missed_d,0,illegal_d,0,fault,FALSE,abort_i,FALSE,charge_mVs,2_042,drv_state,1
[2026-09-12T23:11:21.114] Cog0  MOT:  offset_fwd_degrees = 43, offset_fwd = $1E93_E93E
[2026-09-12T23:11:21.114] Cog0   (ind)offset_rev_degrees = 339, offset_rev = $F111_1111
[2026-09-12T23:11:21.130] Cog0  -MOT- inincr = 73_500_000 nTgtIncr = $0461_8560 0 sync = 0
[2026-09-12T23:11:26.189] Cog0  -MOT- inincr = 0 nTgtIncr = $0000_0000 0 sync = 0
[2026-09-12T23:11:26.955] Cog0  BS-POINT,seq,31,motor,LEFT,speed,HALF,incre,73_500_000,phase,FINE,neg_deg,43,pos_deg,339,swept_deg,-21,result,OK,steady_ms,1_317,ticks,540,win_ms,2_747,rate_x10,1_965,rate_ok,TRUE,samples,545,i_mean_mV_x10,352,i_se_mV_x10,6
[2026-09-12T23:11:26.971] Cog0  BS-POINT2,seq,31,motor,LEFT,incre,73_500_000,i_halfA_mV_x10,354,i_halfB_mV_x10,350,unsettled,FALSE,i_min_mV,22,i_max_mV,49,duty_mean,11_707,err_mean,48,missed_d,0,illegal_d,0,fault,FALSE,abort_i,FALSE,charge_mVs,187,drv_state,1
[2026-09-12T23:11:27.456] Cog0  MOT:  offset_fwd_degrees = 43, offset_fwd = $1E93_E93E
[2026-09-12T23:11:27.457] Cog0   (ind)offset_rev_degrees = 349, offset_rev = $F82D_82D8
[2026-09-12T23:11:27.473] Cog0  -MOT- inincr = 73_500_000 nTgtIncr = $0461_8560 0 sync = 0
[2026-09-12T23:11:32.532] Cog0  -MOT- inincr = 0 nTgtIncr = $0000_0000 0 sync = 0
[2026-09-12T23:11:33.297] Cog0  BS-POINT,seq,32,motor,LEFT,speed,HALF,incre,73_500_000,phase,FINE,neg_deg,43,pos_deg,349,swept_deg,-11,result,OK,steady_ms,1_317,ticks,540,win_ms,2_748,rate_x10,1_965,rate_ok,TRUE,samples,545,i_mean_mV_x10,222,i_se_mV_x10,5
[2026-09-12T23:11:33.314] Cog0  BS-POINT2,seq,32,motor,LEFT,incre,73_500_000,i_halfA_mV_x10,223,i_halfB_mV_x10,222,unsettled,FALSE,i_min_mV,15,i_max_mV,35,duty_mean,11_333,err_mean,48,missed_d,0,illegal_d,0,fault,FALSE,abort_i,FALSE,charge_mVs,189,drv_state,1
[2026-09-12T23:11:33.799] Cog0  MOT:  offset_fwd_degrees = 43, offset_fwd = $1E93_E93E
[2026-09-12T23:11:33.799] Cog0   (ind)offset_rev_degrees = 329, offset_rev = $E9F4_9F49
[2026-09-12T23:11:33.815] Cog0  -MOT- inincr = 73_500_000 nTgtIncr = $0461_8560 0 sync = 0
[2026-09-12T23:11:38.874] Cog0  -MOT- inincr = 0 nTgtIncr = $0000_0000 0 sync = 0
[2026-09-12T23:11:39.640] Cog0  BS-POINT,seq,33,motor,LEFT,speed,HALF,incre,73_500_000,phase,FINE,neg_deg,43,pos_deg,329,swept_deg,-31,result,OK,steady_ms,1_318,ticks,540,win_ms,2_748,rate_x10,1_965,rate_ok,TRUE,samples,545,i_mean_mV_x10,1_326,i_se_mV_x10,17
[2026-09-12T23:11:39.656] Cog0  BS-POINT2,seq,33,motor,LEFT,incre,73_500_000,i_halfA_mV_x10,1_333,i_halfB_mV_x10,1_320,unsettled,FALSE,i_min_mV,103,i_max_mV,163,duty_mean,13_068,err_mean,48,missed_d,0,illegal_d,0,fault,FALSE,abort_i,FALSE,charge_mVs,597,drv_state,1
[2026-09-12T23:11:40.141] Cog0  MOT:  offset_fwd_degrees = 43, offset_fwd = $1E93_E93E
[2026-09-12T23:11:40.142] Cog0   (ind)offset_rev_degrees = 344, offset_rev = $F49F_49F4
[2026-09-12T23:11:40.158] Cog0  -MOT- inincr = 73_500_000 nTgtIncr = $0461_8560 0 sync = 0
[2026-09-12T23:11:45.217] Cog0  -MOT- inincr = 0 nTgtIncr = $0000_0000 0 sync = 0
[2026-09-12T23:11:45.982] Cog0  BS-POINT,seq,34,motor,LEFT,speed,HALF,incre,73_500_000,phase,FINE,neg_deg,43,pos_deg,344,swept_deg,-16,result,OK,steady_ms,1_317,ticks,540,win_ms,2_747,rate_x10,1_965,rate_ok,TRUE,samples,545,i_mean_mV_x10,250,i_se_mV_x10,4
[2026-09-12T23:11:45.999] Cog0  BS-POINT2,seq,34,motor,LEFT,incre,73_500_000,i_halfA_mV_x10,254,i_halfB_mV_x10,247,unsettled,FALSE,i_min_mV,15,i_max_mV,33,duty_mean,11_421,err_mean,48,missed_d,0,illegal_d,0,fault,FALSE,abort_i,FALSE,charge_mVs,145,drv_state,1
[2026-09-12T23:11:46.484] Cog0  MOT:  offset_fwd_degrees = 43, offset_fwd = $1E93_E93E
[2026-09-12T23:11:46.484] Cog0   (ind)offset_rev_degrees = 334, offset_rev = $ED82_D82D
[2026-09-12T23:11:46.500] Cog0  -MOT- inincr = 73_500_000 nTgtIncr = $0461_8560 0 sync = 0
[2026-09-12T23:11:51.559] Cog0  -MOT- inincr = 0 nTgtIncr = $0000_0000 0 sync = 0
[2026-09-12T23:11:52.325] Cog0  BS-POINT,seq,35,motor,LEFT,speed,HALF,incre,73_500_000,phase,FINE,neg_deg,43,pos_deg,334,swept_deg,-26,result,OK,steady_ms,1_317,ticks,540,win_ms,2_747,rate_x10,1_965,rate_ok,TRUE,samples,545,i_mean_mV_x10,688,i_se_mV_x10,10
[2026-09-12T23:11:52.341] Cog0  BS-POINT2,seq,35,motor,LEFT,incre,73_500_000,i_halfA_mV_x10,690,i_halfB_mV_x10,686,unsettled,FALSE,i_min_mV,51,i_max_mV,87,duty_mean,12_291,err_mean,48,missed_d,0,illegal_d,0,fault,FALSE,abort_i,FALSE,charge_mVs,329,drv_state,1
[2026-09-12T23:11:52.826] Cog0  MOT:  offset_fwd_degrees = 43, offset_fwd = $1E93_E93E
[2026-09-12T23:11:52.827] Cog0   (ind)offset_rev_degrees = 354, offset_rev = $FBBB_BBBB
[2026-09-12T23:11:52.842] Cog0  -MOT- inincr = 73_500_000 nTgtIncr = $0461_8560 0 sync = 0
[2026-09-12T23:11:53.562] Cog0  -MOT- inincr = 0 nTgtIncr = $0000_0000 0 sync = 0
[2026-09-12T23:11:53.565] Cog0  BS-POINT,seq,36,motor,LEFT,speed,HALF,incre,73_500_000,phase,FINE,neg_deg,43,pos_deg,354,swept_deg,-6,result,FAULT,steady_ms,729,ticks,NA,win_ms,NA,rate_x10,NA,rate_ok,FALSE,samples,NA,i_mean_mV_x10,NA,i_se_mV_x10,NA
[2026-09-12T23:11:53.566] Cog0  BS-POINT2,seq,36,motor,LEFT,incre,73_500_000,i_halfA_mV_x10,NA,i_halfB_mV_x10,NA,unsettled,FALSE,i_min_mV,NA,i_max_mV,NA,duty_mean,NA,err_mean,NA,missed_d,0,illegal_d,0,fault,TRUE,abort_i,FALSE,charge_mVs,12,drv_state,1
[2026-09-12T23:11:53.567] Cog0  -MOT- inincr = 0 nTgtIncr = $0000_0000 0 sync = 0
[2026-09-12T23:11:53.567] Cog0  BS-FAULT,seq,36,motor,LEFT,incre,73_500_000,swept_deg,-6,drv_state,1,step,ZERO_CMD,cleared,FALSE,consec,0,run_faults,7
[2026-09-12T23:11:53.568] Cog0  MOT: reset fault...
[2026-09-12T23:11:53.583] Cog0  MTR: did reset fault ind.
[2026-09-12T23:11:53.614] Cog0  BS-FAULT,seq,36,motor,LEFT,incre,73_500_000,swept_deg,-6,drv_state,1,step,RESET,cleared,TRUE,consec,0,run_faults,7
[2026-09-12T23:11:59.099] Cog0  MOT:  offset_fwd_degrees = 43, offset_fwd = $1E93_E93E
[2026-09-12T23:11:59.100] Cog0   (ind)offset_rev_degrees = 324, offset_rev = $E666_6666
[2026-09-12T23:11:59.115] Cog0  -MOT- inincr = 73_500_000 nTgtIncr = $0461_8560 0 sync = 0
[2026-09-12T23:12:04.174] Cog0  -MOT- inincr = 0 nTgtIncr = $0000_0000 0 sync = 0
[2026-09-12T23:12:04.940] Cog0  BS-POINT,seq,37,motor,LEFT,speed,HALF,incre,73_500_000,phase,FINE,neg_deg,43,pos_deg,324,swept_deg,-36,result,OK,steady_ms,1_317,ticks,540,win_ms,2_747,rate_x10,1_965,rate_ok,TRUE,samples,545,i_mean_mV_x10,2_318,i_se_mV_x10,23
[2026-09-12T23:12:04.957] Cog0  BS-POINT2,seq,37,motor,LEFT,incre,73_500_000,i_halfA_mV_x10,2_328,i_halfB_mV_x10,2_308,unsettled,FALSE,i_min_mV,196,i_max_mV,275,duty_mean,13_989,err_mean,48,missed_d,0,illegal_d,0,fault,FALSE,abort_i,FALSE,charge_mVs,1_019,drv_state,1
[2026-09-12T23:12:05.442] Cog0  MOT:  offset_fwd_degrees = 43, offset_fwd = $1E93_E93E
[2026-09-12T23:12:05.443] Cog0   (ind)offset_rev_degrees = 317, offset_rev = $E16C_16C1
[2026-09-12T23:12:05.458] Cog0  -MOT- inincr = 73_500_000 nTgtIncr = $0461_8560 0 sync = 0
[2026-09-12T23:12:10.517] Cog0  -MOT- inincr = 0 nTgtIncr = $0000_0000 0 sync = 0
[2026-09-12T23:12:11.283] Cog0  BS-POINT,seq,38,motor,LEFT,speed,HALF,incre,73_500_000,phase,REF_END,neg_deg,43,pos_deg,317,swept_deg,-43,result,OK,steady_ms,1_318,ticks,540,win_ms,2_748,rate_x10,1_965,rate_ok,TRUE,samples,545,i_mean_mV_x10,4_705,i_se_mV_x10,30
[2026-09-12T23:12:11.299] Cog0  BS-POINT2,seq,38,motor,LEFT,incre,73_500_000,i_halfA_mV_x10,4_726,i_halfB_mV_x10,4_684,unsettled,FALSE,i_min_mV,421,i_max_mV,538,duty_mean,15_713,err_mean,48,missed_d,0,illegal_d,0,fault,FALSE,abort_i,FALSE,charge_mVs,2_031,drv_state,1
[2026-09-12T23:12:11.787] Cog0  BS-FIT,motor,LEFT,speed,HALF,sign,POS,status,POOR,n,6,centre_deg,-21,span_lo_deg,-36,span_hi_deg,-11,extended,FALSE
[2026-09-12T23:12:11.789] Cog0  BS-FIT2,motor,LEFT,speed,HALF,sign,POS,min_deg_x10,-154,min_se_deg_x10,8,min_mV_x10,173,rms_mV_x10,70,med_se_mV_x10,8,curv_x100,4_974,curv_model_pct,18_884,flat2_deg_x10,8
[2026-09-12T23:12:11.791] Cog0  BS-LEG,motor,LEFT,speed,HALF,sign,POS,served_by,OFFSET_REV,pts,9,faults,1,aborts_i,0,ref_start_mV_x10,4_736,ref_end_mV_x10,4_705,drift_pct_x10,-6,drift_flag,FALSE,exit,DONE
[2026-09-12T23:12:11.793] Cog0  BS-RESULT,motor,LEFT,sign,NEG,served_by,OFFSET_FWD,def_deg,43,status,NOT_BRACKETED,min_deg_x10,NA,applied_deg,NA,min_se_deg_x10,NA,i_min_mV_x10,NA,i_def_mV_x10,1_774,saving_pct_x10,NA,fit_rms_mV_x10,NA,drift_flag,FALSE
[2026-09-12T23:12:11.795] Cog0  BS-RESULT-HALF,motor,LEFT,sign,NEG,status,SKIPPED,min_deg_x10,NA,min_se_deg_x10,NA,i_min_mV_x10,NA,i_def_mV_x10,NA,shift_deg_x10,NA,shift_se_deg_x10,NA,shift_sig,FALSE
[2026-09-12T23:12:11.797] Cog0  BS-RESULT,motor,LEFT,sign,POS,served_by,OFFSET_REV,def_deg,-43,status,OK,min_deg_x10,-211,applied_deg,339,min_se_deg_x10,7,i_min_mV_x10,163,i_def_mV_x10,944,saving_pct_x10,827,fit_rms_mV_x10,28,drift_flag,TRUE
[2026-09-12T23:12:11.799] Cog0  BS-RESULT-HALF,motor,LEFT,sign,POS,status,POOR,min_deg_x10,-154,min_se_deg_x10,8,i_min_mV_x10,173,i_def_mV_x10,4_720,shift_deg_x10,57,shift_se_deg_x10,11,shift_sig,TRUE
[2026-09-12T23:12:11.800] Cog0  BS-PAIR,motor,LEFT,complete,FALSE,neg_min_deg_x10,NA,pos_min_deg_x10,-211,mid_deg_x10,NA,mid_se_deg_x10,NA,lead_deg_x10,NA,sign_order,NEG_FIRST
[2026-09-12T23:12:11.802] Cog0  BS-PAIR2,motor,LEFT,i_neg_min_mV_x10,NA,i_pos_min_mV_x10,163,zero_mV_x10,70,ratio_raw_x1000,NA,ratio_net_x1000,NA,imbalance,FALSE
[2026-09-12T23:12:11.803] Cog0  --- pinSum = 94, 64010 Rev B, highTimeUs = 72
[2026-09-12T23:12:11.803] Cog0  MOT: fwdDegrees = 43, offset_fwd = $1E93_E93E
[2026-09-12T23:12:11.803] Cog0       revDegrees = 317, offset_rev = $E16C_16C1
[2026-09-12T23:12:11.803] Cog0   - Calc FRAME: frame_cnt = 6_136
[2026-09-12T23:12:11.804] Cog0  * init values dead_gap = 70, pwm_limit = 3_033, adc_fram = 6_136, duty_min = 1_600, duty_max = 24_264
[2026-09-12T23:12:11.804] Cog0  *      values duty_up = 18, duty_dn = 4, cfg_ctcks = 135_000
[2026-09-12T23:12:11.804] Cog0  *VAL* legalVoltage = 6
[2026-09-12T23:12:11.805] Cog0  * ENTRY CFG selectedPower = 6
[2026-09-12T23:12:11.805] Cog0  * EXIT 2 CFG eUserSelectedVolts = 6 maxFwdIncreAtPwr = 147_000_000 minFwdIncreAtPwr = 544_628
[2026-09-12T23:12:11.805] Cog0  -MOT- inincr = 0 nTgtIncr = $0000_0000 0 sync = 0
[2026-09-12T23:12:11.811] Cog0  * Motor COG #1
[2026-09-12T23:12:11.811] Cog1  INIT $0000_5CDE $0000_875F load
[2026-09-12T23:12:11.811] Cog0  BLDC: getBoardType() driver running, not measured; returning revision recorded at start 22
[2026-09-12T23:12:11.811] Cog0  BLDC: getBoardType() pinbase: ** NOT SET **
[2026-09-12T23:12:11.812] Cog0  MOT:  offset_fwd_degrees = 43, offset_fwd = $1E93_E93E
[2026-09-12T23:12:11.813] Cog0   (ind)offset_rev_degrees = 317, offset_rev = $E16C_16C1
[2026-09-12T23:12:11.830] Cog0  BS-START,motor,RIGHT,base,16,cog,1,cog_ok,TRUE,board_rev,22,rev_b,TRUE,board_id,REV_B,init_neg_deg,43,init_pos_deg,317,neg_deg,43,pos_deg,317,offsets_ok,TRUE,missed,0,illegal,0,integ_ok,TRUE,result,OK
[2026-09-12T23:12:12.821] Cog0  BS-ZERO,motor,RIGHT,samples,200,i_mean_mV_x10,734,i_min_mV,71,i_max_mV,76,frozen,FALSE,in_band,FALSE
[2026-09-12T23:12:12.821] Cog0  MOT:  offset_fwd_degrees = 43, offset_fwd = $1E93_E93E
[2026-09-12T23:12:12.821] Cog0   (ind)offset_rev_degrees = 317, offset_rev = $E16C_16C1
[2026-09-12T23:12:12.837] Cog0  -MOT- inincr = 36_750_000 nTgtIncr = $0230_C2B0 0 sync = 0
[2026-09-12T23:12:19.337] Cog0  -MOT- inincr = 0 nTgtIncr = $0000_0000 0 sync = 0
[2026-09-12T23:12:19.721] Cog0  BS-POINT,seq,39,motor,RIGHT,speed,QTR,incre,36_750_000,phase,SELF,neg_deg,43,pos_deg,317,swept_deg,-43,result,OK,steady_ms,926,ticks,450,win_ms,4_582,rate_x10,982,rate_ok,TRUE,samples,909,i_mean_mV_x10,1_612,i_se_mV_x10,9
[2026-09-12T23:12:19.738] Cog0  BS-POINT2,seq,39,motor,RIGHT,incre,36_750_000,i_halfA_mV_x10,1_611,i_halfB_mV_x10,1_613,unsettled,FALSE,i_min_mV,145,i_max_mV,178,duty_mean,7_249,err_mean,48,missed_d,0,illegal_d,0,fault,FALSE,abort_i,FALSE,charge_mVs,1_032,drv_state,1
[2026-09-12T23:12:20.224] Cog0  BS-CHECK,motor,RIGHT,incre,36_750_000,lo_mV,68,hi_mV,114,i_ok,FALSE,rate_ok,TRUE,integ_ok,TRUE,fault_ok,TRUE
[2026-09-12T23:12:20.224] Cog0  MOT:  offset_fwd_degrees = 43, offset_fwd = $1E93_E93E
[2026-09-12T23:12:20.224] Cog0   (ind)offset_rev_degrees = 317, offset_rev = $E16C_16C1
[2026-09-12T23:12:20.240] Cog0  -MOT- inincr = -36_750_000 nTgtIncr = $7DCF_3D50 0 sync = 0
[2026-09-12T23:12:26.740] Cog0  -MOT- inincr = 0 nTgtIncr = $0000_0000 0 sync = 0
[2026-09-12T23:12:27.124] Cog0  BS-POINT,seq,40,motor,RIGHT,speed,QTR,incre,-36_750_000,phase,SELF,neg_deg,43,pos_deg,317,swept_deg,43,result,OK,steady_ms,925,ticks,450,win_ms,4_582,rate_x10,982,rate_ok,TRUE,samples,909,i_mean_mV_x10,2_373,i_se_mV_x10,16
[2026-09-12T23:12:27.141] Cog0  BS-POINT2,seq,40,motor,RIGHT,incre,-36_750_000,i_halfA_mV_x10,2_374,i_halfB_mV_x10,2_371,unsettled,FALSE,i_min_mV,214,i_max_mV,261,duty_mean,8_133,err_mean,-48,missed_d,0,illegal_d,0,fault,FALSE,abort_i,FALSE,charge_mVs,1_477,drv_state,1
[2026-09-12T23:12:27.628] Cog0  BS-CHECK,motor,RIGHT,incre,-36_750_000,lo_mV,127,hi_mV,212,i_ok,FALSE,rate_ok,TRUE,integ_ok,TRUE,fault_ok,TRUE
[2026-09-12T23:12:27.629] Cog0  BS-CHECKSUM,motor,RIGHT,start_ok,TRUE,zero_ok,FALSE,pos_i_ok,FALSE,neg_i_ok,FALSE,ratio_x1000,0,ratio_ok,FALSE,rate_ok,TRUE,integ_ok,TRUE,fault_ok,TRUE,verdict,FAIL,first_miss,ZERO
[2026-09-12T23:12:27.630] Cog0  BS-ABORT,scope,RUN,reason,SELF_CHECK_MISS,motor,RIGHT,incre,0,seq,40,value,2,elapsed_s,229
[2026-09-12T23:12:27.647] Cog0  BS-END,exit,ABORTED,reason,SELF_CHECK_MISS,elapsed_s,229,points,40,faults,7,aborts_i,2,charge_mVs,17_936,left_done,TRUE,right_done,FALSE,lib_abort,FALSE
[2026-09-12T23:12:27.647] Cog0  DEBUG_END_SESSION

=== Debug Logger Session Ended at 2026-09-12T23:12:27.649 ===
