=== Debug Logger Session Started at 2026-09-22T21:59:19.001 ===
PNut-Term-TS: v1.0.8
Program: debug
=====================================

[2026-09-22T21:59:18.896] [SYSTEM] BAUD_RATE_SET 2000000 baud (preferences/default)

=== Session ended - Download Started at 2026-09-22T21:59:19.124 ===
=== Debug Logger Session Started at 2026-09-22T21:59:19.127 ===
PNut-Term-TS: v1.0.8
Program: debug
=====================================

[2026-09-22T21:59:19.124] [SYSTEM] [DOWNLOAD TO RAM] File: test_bench_t0.bin | Size: 45654 bytes | Modified: 2026-09-23T03:59:18.090Z
[2026-09-22T21:59:19.127] [SYSTEM] Download Session Started
[2026-09-22T21:59:20.523] [SYSTEM] [DOWNLOAD SUCCESS] test_bench_t0.bin successfully downloaded to RAM
[2026-09-22T21:59:20.541] Cog0  INIT $0000_0000 $0000_0000 load
[2026-09-22T21:59:20.542] Cog0  INIT $0000_0FA8 $0000_BE98 jump
[2026-09-22T21:59:20.542] Cog0  * test_bench_t0 -- Tier 0: no motion -- src_rev 10
[2026-09-22T21:59:20.542] Cog0  * active config: motor_type_enum=0 base=16 voltage_enum=6 wheel_dia_x10=65
[2026-09-22T21:59:20.543] Cog0  * bench expects MOTOR_TYPE=MOTR_6_5_INCH (0) and wheel_dia_x10=65; with wheel_dia_x10=0 the T0-3/T0-6 distance conversions report unavailable rather than a tick count
[2026-09-22T21:59:20.543] Cog0  T0-12,begin,told_direction,CW_FROM_HUB,revolutions,3,wheel,RIGHT_P16,prompt,press_S_then_turn_the_wheel_by_hand_then_press_SPACE
[2026-09-22T21:59:20.613] `bench PC_KEY<CR><LF>

=== Debug Logger Session Ended at 2026-09-22T21:59:41.326 ===
