=== Debug Logger Session Started at 2026-09-22T21:58:26.515 ===
PNut-Term-TS: v1.0.8
Program: debug
=====================================

[2026-09-22T21:58:26.410] [SYSTEM] BAUD_RATE_SET 2000000 baud (preferences/default)

=== Session ended - Download Started at 2026-09-22T21:58:26.651 ===
=== Debug Logger Session Started at 2026-09-22T21:58:26.653 ===
PNut-Term-TS: v1.0.8
Program: debug
=====================================

[2026-09-22T21:58:26.651] [SYSTEM] [DOWNLOAD TO RAM] File: test_bench_panel.bin | Size: 10761 bytes | Modified: 2026-09-23T03:58:25.084Z
[2026-09-22T21:58:26.653] [SYSTEM] Download Session Started
[2026-09-22T21:58:27.823] [SYSTEM] [DOWNLOAD SUCCESS] test_bench_panel.bin successfully downloaded to RAM
[2026-09-22T21:58:27.824] Cog0  INIT $0000_0000 $0000_0000 load
[2026-09-22T21:58:27.838] Cog0  INIT $0000_0FA8 $0000_1A24 jump
[2026-09-22T21:58:27.931] Cog0  PP-BANNER src_rev 1 -- PLOT pipeline probe, no motor started
[2026-09-22T21:58:27.967] `PLOT bench TITLE 'probe CONTROL - name bench' SIZE 480 306 POS 60 80 HIDEXY UPDATE<CR><LF>`bench LAYER 1 'bm_bg.bmp'<CR><LF>`bench crop 1<CR><LF>`bench update<CR><LF>`PLOT t0stop TITLE 'probe SUSPECT - name t0stop' SIZE 480 306 POS 560 80 HIDEXY UPDATE<CR><LF>`t0stop LAYER 1 'bm_bg.bmp'<CR><LF>`t0stop crop 1<CR><LF>`t0stop update<CR><LF>Cog0  PP-READY two windows created, identical but for their name
[2026-09-22T21:58:27.967] Cog0  PP-READY  LEFT  at x=60  is the CONTROL, named bench
[2026-09-22T21:58:27.967] Cog0  PP-READY  RIGHT at x=560 is the SUSPECT, named t0stop
[2026-09-22T21:58:27.967] Cog0  PP-READY MOVE THE MOUSE OVER EACH IN TURN, then leave it; the log decides the rest
[2026-09-22T21:58:28.018] `bench PC_KEY<CR><LF>
[2026-09-22T21:58:28.206] `bench PC_MOUSE<CR><LF>`t0stop PC_MOUSE<CR><LF>Cog0  PP-POLL,seq,1,key,0,ctl_x,-1,ctl_y,-1,ctl_lbtn,0,ctl_pixel,-$1,sus_x,-1,sus_y,-1,sus_lbtn,0,sus_pixel,-$1
[2026-09-22T21:58:28.336] `bench PC_KEY<CR><LF>`bench PC_MOUSE<CR><LF>`t0stop PC_MOUSE<CR><LF>
[2026-09-22T21:58:28.433] `bench PC_KEY<CR><LF>`bench PC_MOUSE<CR><LF>`t0stop PC_MOUSE<CR><LF>
[2026-09-22T21:58:28.533] `bench PC_KEY<CR><LF>`bench PC_MOUSE<CR><LF>`t0stop PC_MOUSE<CR><LF>
[2026-09-22T21:58:28.626] `bench PC_KEY<CR><LF>`bench PC_MOUSE<CR><LF>`t0stop PC_MOUSE<CR><LF>
[2026-09-22T21:58:28.722] `bench PC_KEY<CR><LF>`bench PC_MOUSE<CR><LF>`t0stop PC_MOUSE<CR><LF>
[2026-09-22T21:58:28.817] `bench PC_KEY<CR><LF>`bench PC_MOUSE<CR><LF>`t0stop PC_MOUSE<CR><LF>
[2026-09-22T21:58:28.913] `bench PC_KEY<CR><LF>`bench PC_MOUSE<CR><LF>`t0stop PC_MOUSE<CR><LF>
[2026-09-22T21:58:29.008] `bench PC_KEY<CR><LF>`bench PC_MOUSE<CR><LF>`t0stop PC_MOUSE<CR><LF>
[2026-09-22T21:58:29.105] `bench PC_KEY<CR><LF>`bench PC_MOUSE<CR><LF>`t0stop PC_MOUSE<CR><LF>
[2026-09-22T21:58:29.200] `bench PC_KEY<CR><LF>`bench PC_MOUSE<CR><LF>`t0stop PC_MOUSE<CR><LF>
[2026-09-22T21:58:29.263] `bench PC_KEY<CR><LF>`bench PC_MOUSE<CR><LF>`t0stop PC_MOUSE<CR><LF>Cog0  PP-POLL,seq,2,key,0,ctl_x,-1,ctl_y,-1,ctl_lbtn,0,ctl_pixel,-$1,sus_x,-1,sus_y,-1,sus_lbtn,0,sus_pixel,-$1
[2026-09-22T21:58:29.394] `bench PC_KEY<CR><LF>`bench PC_MOUSE<CR><LF>`t0stop PC_MOUSE<CR><LF>
[2026-09-22T21:58:29.490] `bench PC_KEY<CR><LF>`bench PC_MOUSE<CR><LF>`t0stop PC_MOUSE<CR><LF>
[2026-09-22T21:58:29.585] `bench PC_KEY<CR><LF>`bench PC_MOUSE<CR><LF>`t0stop PC_MOUSE<CR><LF>
[2026-09-22T21:58:29.683] `bench PC_KEY<CR><LF>`bench PC_MOUSE<CR><LF>`t0stop PC_MOUSE<CR><LF>
[2026-09-22T21:58:29.778] `bench PC_KEY<CR><LF>`bench PC_MOUSE<CR><LF>`t0stop PC_MOUSE<CR><LF>
[2026-09-22T21:58:29.875] `bench PC_KEY<CR><LF>`bench PC_MOUSE<CR><LF>`t0stop PC_MOUSE<CR><LF>
[2026-09-22T21:58:29.971] `bench PC_KEY<CR><LF>`bench PC_MOUSE<CR><LF>`t0stop PC_MOUSE<CR><LF>
[2026-09-22T21:58:30.066] `bench PC_KEY<CR><LF>`bench PC_MOUSE<CR><LF>`t0stop PC_MOUSE<CR><LF>
[2026-09-22T21:58:30.162] `bench PC_KEY<CR><LF>`bench PC_MOUSE<CR><LF>`t0stop PC_MOUSE<CR><LF>
[2026-09-22T21:58:30.259] `bench PC_KEY<CR><LF>`bench PC_MOUSE<CR><LF>`t0stop PC_MOUSE<CR><LF>
[2026-09-22T21:58:30.321] `bench PC_KEY<CR><LF>`bench PC_MOUSE<CR><LF>`t0stop PC_MOUSE<CR><LF>Cog0  PP-POLL,seq,3,key,0,ctl_x,-1,ctl_y,-1,ctl_lbtn,0,ctl_pixel,-$1,sus_x,-1,sus_y,-1,sus_lbtn,0,sus_pixel,-$1
[2026-09-22T21:58:30.451] `bench PC_KEY<CR><LF>`bench PC_MOUSE<CR><LF>`t0stop PC_MOUSE<CR><LF>
[2026-09-22T21:58:30.549] `bench PC_KEY<CR><LF>`bench PC_MOUSE<CR><LF>`t0stop PC_MOUSE<CR><LF>
[2026-09-22T21:58:30.645] `bench PC_KEY<CR><LF>`bench PC_MOUSE<CR><LF>`t0stop PC_MOUSE<CR><LF>
[2026-09-22T21:58:30.741] `bench PC_KEY<CR><LF>`bench PC_MOUSE<CR><LF>`t0stop PC_MOUSE<CR><LF>
[2026-09-22T21:58:30.836] `bench PC_KEY<CR><LF>`bench PC_MOUSE<CR><LF>`t0stop PC_MOUSE<CR><LF>
[2026-09-22T21:58:30.934] `bench PC_KEY<CR><LF>`bench PC_MOUSE<CR><LF>`t0stop PC_MOUSE<CR><LF>
[2026-09-22T21:58:31.029] `bench PC_KEY<CR><LF>`bench PC_MOUSE<CR><LF>`t0stop PC_MOUSE<CR><LF>
[2026-09-22T21:58:31.124] `bench PC_KEY<CR><LF>`bench PC_MOUSE<CR><LF>`t0stop PC_MOUSE<CR><LF>
[2026-09-22T21:58:31.219] `bench PC_KEY<CR><LF>`bench PC_MOUSE<CR><LF>`t0stop PC_MOUSE<CR><LF>
[2026-09-22T21:58:31.315] `bench PC_KEY<CR><LF>`bench PC_MOUSE<CR><LF>`t0stop PC_MOUSE<CR><LF>
[2026-09-22T21:58:31.378] `bench PC_KEY<CR><LF>`bench PC_MOUSE<CR><LF>`t0stop PC_MOUSE<CR><LF>Cog0  PP-POLL,seq,4,key,0,ctl_x,-1,ctl_y,-1,ctl_lbtn,0,ctl_pixel,-$1,sus_x,-1,sus_y,-1,sus_lbtn,0,sus_pixel,-$1
[2026-09-22T21:58:31.509] `bench PC_KEY<CR><LF>`bench PC_MOUSE<CR><LF>`t0stop PC_MOUSE<CR><LF>
[2026-09-22T21:58:31.608] `bench PC_KEY<CR><LF>`bench PC_MOUSE<CR><LF>`t0stop PC_MOUSE<CR><LF>
[2026-09-22T21:58:31.701] `bench PC_KEY<CR><LF>`bench PC_MOUSE<CR><LF>`t0stop PC_MOUSE<CR><LF>
[2026-09-22T21:58:31.799] `bench PC_KEY<CR><LF>`bench PC_MOUSE<CR><LF>`t0stop PC_MOUSE<CR><LF>
[2026-09-22T21:58:31.892] `bench PC_KEY<CR><LF>`bench PC_MOUSE<CR><LF>`t0stop PC_MOUSE<CR><LF>
[2026-09-22T21:58:31.990] `bench PC_KEY<CR><LF>`bench PC_MOUSE<CR><LF>`t0stop PC_MOUSE<CR><LF>
[2026-09-22T21:58:32.088] `bench PC_KEY<CR><LF>`bench PC_MOUSE<CR><LF>`t0stop PC_MOUSE<CR><LF>
[2026-09-22T21:58:32.181] `bench PC_KEY<CR><LF>`bench PC_MOUSE<CR><LF>`t0stop PC_MOUSE<CR><LF>
[2026-09-22T21:58:32.277] `bench PC_KEY<CR><LF>`bench PC_MOUSE<CR><LF>`t0stop PC_MOUSE<CR><LF>
[2026-09-22T21:58:32.372] `bench PC_KEY<CR><LF>`bench PC_MOUSE<CR><LF>`t0stop PC_MOUSE<CR><LF>
[2026-09-22T21:58:32.436] `bench PC_KEY<CR><LF>`bench PC_MOUSE<CR><LF>`t0stop PC_MOUSE<CR><LF>Cog0  PP-POLL,seq,5,key,0,ctl_x,-1,ctl_y,-1,ctl_lbtn,0,ctl_pixel,-$1,sus_x,-1,sus_y,-1,sus_lbtn,0,sus_pixel,-$1
[2026-09-22T21:58:32.567] `bench PC_KEY<CR><LF>`bench PC_MOUSE<CR><LF>`t0stop PC_MOUSE<CR><LF>
[2026-09-22T21:58:32.663] `bench PC_KEY<CR><LF>`bench PC_MOUSE<CR><LF>`t0stop PC_MOUSE<CR><LF>
[2026-09-22T21:58:32.759] `bench PC_KEY<CR><LF>`bench PC_MOUSE<CR><LF>`t0stop PC_MOUSE<CR><LF>
[2026-09-22T21:58:32.854] `bench PC_KEY<CR><LF>`bench PC_MOUSE<CR><LF>`t0stop PC_MOUSE<CR><LF>
[2026-09-22T21:58:32.951] `bench PC_KEY<CR><LF>`bench PC_MOUSE<CR><LF>`t0stop PC_MOUSE<CR><LF>
[2026-09-22T21:58:33.047] `bench PC_KEY<CR><LF>`bench PC_MOUSE<CR><LF>`t0stop PC_MOUSE<CR><LF>
[2026-09-22T21:58:33.143] `bench PC_KEY<CR><LF>`bench PC_MOUSE<CR><LF>`t0stop PC_MOUSE<CR><LF>
[2026-09-22T21:58:33.238] `bench PC_KEY<CR><LF>`bench PC_MOUSE<CR><LF>`t0stop PC_MOUSE<CR><LF>
[2026-09-22T21:58:33.335] `bench PC_KEY<CR><LF>`bench PC_MOUSE<CR><LF>`t0stop PC_MOUSE<CR><LF>
[2026-09-22T21:58:33.431] `bench PC_KEY<CR><LF>`bench PC_MOUSE<CR><LF>`t0stop PC_MOUSE<CR><LF>
[2026-09-22T21:58:33.493] `bench PC_KEY<CR><LF>`bench PC_MOUSE<CR><LF>`t0stop PC_MOUSE<CR><LF>Cog0  PP-POLL,seq,6,key,0,ctl_x,-1,ctl_y,-1,ctl_lbtn,0,ctl_pixel,-$1,sus_x,-1,sus_y,-1,sus_lbtn,0,sus_pixel,-$1
[2026-09-22T21:58:33.625] `bench PC_KEY<CR><LF>`bench PC_MOUSE<CR><LF>`t0stop PC_MOUSE<CR><LF>
[2026-09-22T21:58:33.720] `bench PC_KEY<CR><LF>`bench PC_MOUSE<CR><LF>`t0stop PC_MOUSE<CR><LF>
[2026-09-22T21:58:33.815] `bench PC_KEY<CR><LF>`bench PC_MOUSE<CR><LF>`t0stop PC_MOUSE<CR><LF>
[2026-09-22T21:58:33.913] `bench PC_KEY<CR><LF>`bench PC_MOUSE<CR><LF>`t0stop PC_MOUSE<CR><LF>
[2026-09-22T21:58:34.008] `bench PC_KEY<CR><LF>`bench PC_MOUSE<CR><LF>`t0stop PC_MOUSE<CR><LF>
[2026-09-22T21:58:34.105] `bench PC_KEY<CR><LF>`bench PC_MOUSE<CR><LF>`t0stop PC_MOUSE<CR><LF>
[2026-09-22T21:58:34.202] `bench PC_KEY<CR><LF>`bench PC_MOUSE<CR><LF>`t0stop PC_MOUSE<CR><LF>
[2026-09-22T21:58:34.299] `bench PC_KEY<CR><LF>`bench PC_MOUSE<CR><LF>`t0stop PC_MOUSE<CR><LF>
[2026-09-22T21:58:34.393] `bench PC_KEY<CR><LF>`bench PC_MOUSE<CR><LF>`t0stop PC_MOUSE<CR><LF>
[2026-09-22T21:58:34.488] `bench PC_KEY<CR><LF>`bench PC_MOUSE<CR><LF>`t0stop PC_MOUSE<CR><LF>
[2026-09-22T21:58:34.551] `bench PC_KEY<CR><LF>`bench PC_MOUSE<CR><LF>`t0stop PC_MOUSE<CR><LF>Cog0  PP-POLL,seq,7,key,0,ctl_x,-1,ctl_y,-1,ctl_lbtn,0,ctl_pixel,-$1,sus_x,-1,sus_y,-1,sus_lbtn,0,sus_pixel,-$1
[2026-09-22T21:58:34.681] `bench PC_KEY<CR><LF>`bench PC_MOUSE<CR><LF>`t0stop PC_MOUSE<CR><LF>
[2026-09-22T21:58:34.777] `bench PC_KEY<CR><LF>`bench PC_MOUSE<CR><LF>`t0stop PC_MOUSE<CR><LF>
[2026-09-22T21:58:34.873] `bench PC_KEY<CR><LF>`bench PC_MOUSE<CR><LF>`t0stop PC_MOUSE<CR><LF>
[2026-09-22T21:58:34.973] `bench PC_KEY<CR><LF>`bench PC_MOUSE<CR><LF>`t0stop PC_MOUSE<CR><LF>
[2026-09-22T21:58:35.066] `bench PC_KEY<CR><LF>`bench PC_MOUSE<CR><LF>`t0stop PC_MOUSE<CR><LF>
[2026-09-22T21:58:35.162] `bench PC_KEY<CR><LF>`bench PC_MOUSE<CR><LF>`t0stop PC_MOUSE<CR><LF>
[2026-09-22T21:58:35.225] `bench PC_KEY<CR><LF>`bench PC_MOUSE<CR><LF>`t0stop PC_MOUSE<CR><LF>Cog0  PP-POLL,seq,8,key,0,ctl_x,-1,ctl_y,-1,ctl_lbtn,0,ctl_pixel,-$1,sus_x,468,sus_y,58,sus_lbtn,0,sus_pixel,$1C_2026
[2026-09-22T21:58:35.357] `bench PC_KEY<CR><LF>`bench PC_MOUSE<CR><LF>`t0stop PC_MOUSE<CR><LF>
[2026-09-22T21:58:35.452] `bench PC_KEY<CR><LF>`bench PC_MOUSE<CR><LF>`t0stop PC_MOUSE<CR><LF>
[2026-09-22T21:58:35.549] `bench PC_KEY<CR><LF>`bench PC_MOUSE<CR><LF>`t0stop PC_MOUSE<CR><LF>
[2026-09-22T21:58:35.647] `bench PC_KEY<CR><LF>`bench PC_MOUSE<CR><LF>`t0stop PC_MOUSE<CR><LF>
[2026-09-22T21:58:35.740] `bench PC_KEY<CR><LF>`bench PC_MOUSE<CR><LF>`t0stop PC_MOUSE<CR><LF>
[2026-09-22T21:58:35.837] `bench PC_KEY<CR><LF>`bench PC_MOUSE<CR><LF>`t0stop PC_MOUSE<CR><LF>
[2026-09-22T21:58:35.935] `bench PC_KEY<CR><LF>`bench PC_MOUSE<CR><LF>`t0stop PC_MOUSE<CR><LF>
[2026-09-22T21:58:36.029] `bench PC_KEY<CR><LF>`bench PC_MOUSE<CR><LF>`t0stop PC_MOUSE<CR><LF>
[2026-09-22T21:58:36.124] `bench PC_KEY<CR><LF>`bench PC_MOUSE<CR><LF>`t0stop PC_MOUSE<CR><LF>
[2026-09-22T21:58:36.220] `bench PC_KEY<CR><LF>`bench PC_MOUSE<CR><LF>`t0stop PC_MOUSE<CR><LF>
[2026-09-22T21:58:36.283] `bench PC_KEY<CR><LF>`bench PC_MOUSE<CR><LF>`t0stop PC_MOUSE<CR><LF>Cog0  PP-POLL,seq,9,key,0,ctl_x,-1,ctl_y,-1,ctl_lbtn,0,ctl_pixel,-$1,sus_x,75,sus_y,137,sus_lbtn,0,sus_pixel,$1C_2026
[2026-09-22T21:58:36.414] `bench PC_KEY<CR><LF>`bench PC_MOUSE<CR><LF>`t0stop PC_MOUSE<CR><LF>
[2026-09-22T21:58:36.510] `bench PC_KEY<CR><LF>`bench PC_MOUSE<CR><LF>`t0stop PC_MOUSE<CR><LF>
[2026-09-22T21:58:36.605] `bench PC_KEY<CR><LF>`bench PC_MOUSE<CR><LF>`t0stop PC_MOUSE<CR><LF>
[2026-09-22T21:58:36.702] `bench PC_KEY<CR><LF>`bench PC_MOUSE<CR><LF>`t0stop PC_MOUSE<CR><LF>
[2026-09-22T21:58:36.800] `bench PC_KEY<CR><LF>`bench PC_MOUSE<CR><LF>`t0stop PC_MOUSE<CR><LF>
[2026-09-22T21:58:36.896] `bench PC_KEY<CR><LF>`bench PC_MOUSE<CR><LF>`t0stop PC_MOUSE<CR><LF>
[2026-09-22T21:58:36.990] `bench PC_KEY<CR><LF>`bench PC_MOUSE<CR><LF>`t0stop PC_MOUSE<CR><LF>
[2026-09-22T21:58:37.086] `bench PC_KEY<CR><LF>`bench PC_MOUSE<CR><LF>`t0stop PC_MOUSE<CR><LF>
[2026-09-22T21:58:37.181] `bench PC_KEY<CR><LF>`bench PC_MOUSE<CR><LF>`t0stop PC_MOUSE<CR><LF>
[2026-09-22T21:58:37.279] `bench PC_KEY<CR><LF>`bench PC_MOUSE<CR><LF>`t0stop PC_MOUSE<CR><LF>
[2026-09-22T21:58:37.341] `bench PC_KEY<CR><LF>`bench PC_MOUSE<CR><LF>`t0stop PC_MOUSE<CR><LF>Cog0  PP-POLL,seq,10,key,0,ctl_x,-1,ctl_y,-1,ctl_lbtn,0,ctl_pixel,-$1,sus_x,296,sus_y,120,sus_lbtn,-1,sus_pixel,$1C_2026
[2026-09-22T21:58:37.471] `bench PC_KEY<CR><LF>`bench PC_MOUSE<CR><LF>`t0stop PC_MOUSE<CR><LF>
[2026-09-22T21:58:37.566] `bench PC_KEY<CR><LF>`bench PC_MOUSE<CR><LF>`t0stop PC_MOUSE<CR><LF>
[2026-09-22T21:58:37.662] `bench PC_KEY<CR><LF>`bench PC_MOUSE<CR><LF>`t0stop PC_MOUSE<CR><LF>
[2026-09-22T21:58:37.761] `bench PC_KEY<CR><LF>`bench PC_MOUSE<CR><LF>`t0stop PC_MOUSE<CR><LF>
[2026-09-22T21:58:37.858] `bench PC_KEY<CR><LF>`bench PC_MOUSE<CR><LF>`t0stop PC_MOUSE<CR><LF>
[2026-09-22T21:58:37.952] `bench PC_KEY<CR><LF>`bench PC_MOUSE<CR><LF>`t0stop PC_MOUSE<CR><LF>
[2026-09-22T21:58:38.051] `bench PC_KEY<CR><LF>`bench PC_MOUSE<CR><LF>`t0stop PC_MOUSE<CR><LF>
[2026-09-22T21:58:38.144] `bench PC_KEY<CR><LF>`bench PC_MOUSE<CR><LF>`t0stop PC_MOUSE<CR><LF>
[2026-09-22T21:58:38.239] `bench PC_KEY<CR><LF>`bench PC_MOUSE<CR><LF>`t0stop PC_MOUSE<CR><LF>
[2026-09-22T21:58:38.335] `bench PC_KEY<CR><LF>`bench PC_MOUSE<CR><LF>`t0stop PC_MOUSE<CR><LF>
[2026-09-22T21:58:38.398] `bench PC_KEY<CR><LF>`bench PC_MOUSE<CR><LF>`t0stop PC_MOUSE<CR><LF>Cog0  PP-POLL,seq,11,key,0,ctl_x,-1,ctl_y,-1,ctl_lbtn,0,ctl_pixel,-$1,sus_x,295,sus_y,101,sus_lbtn,0,sus_pixel,$1C_2026
[2026-09-22T21:58:38.528] `bench PC_KEY<CR><LF>`bench PC_MOUSE<CR><LF>`t0stop PC_MOUSE<CR><LF>
[2026-09-22T21:58:38.627] `bench PC_KEY<CR><LF>`bench PC_MOUSE<CR><LF>`t0stop PC_MOUSE<CR><LF>
[2026-09-22T21:58:38.720] `bench PC_KEY<CR><LF>`bench PC_MOUSE<CR><LF>`t0stop PC_MOUSE<CR><LF>
[2026-09-22T21:58:38.783] `bench PC_KEY<CR><LF>`bench PC_MOUSE<CR><LF>`t0stop PC_MOUSE<CR><LF>Cog0  PP-POLL,seq,12,key,0,ctl_x,-1,ctl_y,-1,ctl_lbtn,0,ctl_pixel,-$1,sus_x,449,sus_y,160,sus_lbtn,0,sus_pixel,$C_0D10
[2026-09-22T21:58:38.913] `bench PC_KEY<CR><LF>`bench PC_MOUSE<CR><LF>`t0stop PC_MOUSE<CR><LF>
[2026-09-22T21:58:39.011] `bench PC_KEY<CR><LF>`bench PC_MOUSE<CR><LF>`t0stop PC_MOUSE<CR><LF>
[2026-09-22T21:58:39.106] `bench PC_KEY<CR><LF>`bench PC_MOUSE<CR><LF>`t0stop PC_MOUSE<CR><LF>
[2026-09-22T21:58:39.202] `bench PC_KEY<CR><LF>`bench PC_MOUSE<CR><LF>`t0stop PC_MOUSE<CR><LF>
[2026-09-22T21:58:39.265] `bench PC_KEY<CR><LF>`bench PC_MOUSE<CR><LF>`t0stop PC_MOUSE<CR><LF>Cog0  PP-POLL,seq,13,key,0,ctl_x,-1,ctl_y,-1,ctl_lbtn,0,ctl_pixel,-$1,sus_x,384,sus_y,189,sus_lbtn,0,sus_pixel,$1C_2026
[2026-09-22T21:58:39.362] `bench PC_KEY<CR><LF>`bench PC_MOUSE<CR><LF>`t0stop PC_MOUSE<CR><LF>Cog0  PP-POLL,seq,14,key,0,ctl_x,-1,ctl_y,-1,ctl_lbtn,0,ctl_pixel,-$1,sus_x,284,sus_y,218,sus_lbtn,0,sus_pixel,$C_0D10
[2026-09-22T21:58:39.496] `bench PC_KEY<CR><LF>`bench PC_MOUSE<CR><LF>`t0stop PC_MOUSE<CR><LF>
[2026-09-22T21:58:39.588] `bench PC_KEY<CR><LF>`bench PC_MOUSE<CR><LF>`t0stop PC_MOUSE<CR><LF>
[2026-09-22T21:58:39.687] `bench PC_KEY<CR><LF>`bench PC_MOUSE<CR><LF>`t0stop PC_MOUSE<CR><LF>
[2026-09-22T21:58:39.780] `bench PC_KEY<CR><LF>`bench PC_MOUSE<CR><LF>`t0stop PC_MOUSE<CR><LF>
[2026-09-22T21:58:39.843] `bench PC_KEY<CR><LF>`bench PC_MOUSE<CR><LF>`t0stop PC_MOUSE<CR><LF>Cog0  PP-POLL,seq,15,key,0,ctl_x,-1,ctl_y,-1,ctl_lbtn,0,ctl_pixel,-$1,sus_x,-1,sus_y,-1,sus_lbtn,0,sus_pixel,-$1
[2026-09-22T21:58:39.974] `bench PC_KEY<CR><LF>`bench PC_MOUSE<CR><LF>`t0stop PC_MOUSE<CR><LF>
[2026-09-22T21:58:40.070] `bench PC_KEY<CR><LF>`bench PC_MOUSE<CR><LF>`t0stop PC_MOUSE<CR><LF>
[2026-09-22T21:58:40.167] `bench PC_KEY<CR><LF>`bench PC_MOUSE<CR><LF>`t0stop PC_MOUSE<CR><LF>
[2026-09-22T21:58:40.261] `bench PC_KEY<CR><LF>`bench PC_MOUSE<CR><LF>`t0stop PC_MOUSE<CR><LF>
[2026-09-22T21:58:40.358] `bench PC_KEY<CR><LF>`bench PC_MOUSE<CR><LF>`t0stop PC_MOUSE<CR><LF>
[2026-09-22T21:58:40.453] `bench PC_KEY<CR><LF>`bench PC_MOUSE<CR><LF>`t0stop PC_MOUSE<CR><LF>
[2026-09-22T21:58:40.550] `bench PC_KEY<CR><LF>`bench PC_MOUSE<CR><LF>`t0stop PC_MOUSE<CR><LF>
[2026-09-22T21:58:40.648] `bench PC_KEY<CR><LF>`bench PC_MOUSE<CR><LF>`t0stop PC_MOUSE<CR><LF>
[2026-09-22T21:58:40.741] `bench PC_KEY<CR><LF>`bench PC_MOUSE<CR><LF>`t0stop PC_MOUSE<CR><LF>
[2026-09-22T21:58:40.837] `bench PC_KEY<CR><LF>`bench PC_MOUSE<CR><LF>`t0stop PC_MOUSE<CR><LF>
[2026-09-22T21:58:40.900] `bench PC_KEY<CR><LF>`bench PC_MOUSE<CR><LF>`t0stop PC_MOUSE<CR><LF>Cog0  PP-POLL,seq,16,key,0,ctl_x,-1,ctl_y,-1,ctl_lbtn,0,ctl_pixel,-$1,sus_x,-1,sus_y,-1,sus_lbtn,0,sus_pixel,-$1
[2026-09-22T21:58:41.030] `bench PC_KEY<CR><LF>`bench PC_MOUSE<CR><LF>`t0stop PC_MOUSE<CR><LF>
[2026-09-22T21:58:41.129] `bench PC_KEY<CR><LF>`bench PC_MOUSE<CR><LF>`t0stop PC_MOUSE<CR><LF>
[2026-09-22T21:58:41.226] `bench PC_KEY<CR><LF>`bench PC_MOUSE<CR><LF>`t0stop PC_MOUSE<CR><LF>
[2026-09-22T21:58:41.319] `bench PC_KEY<CR><LF>`bench PC_MOUSE<CR><LF>`t0stop PC_MOUSE<CR><LF>
[2026-09-22T21:58:41.416] `bench PC_KEY<CR><LF>`bench PC_MOUSE<CR><LF>`t0stop PC_MOUSE<CR><LF>
[2026-09-22T21:58:41.512] `bench PC_KEY<CR><LF>`bench PC_MOUSE<CR><LF>`t0stop PC_MOUSE<CR><LF>
[2026-09-22T21:58:41.608] `bench PC_KEY<CR><LF>`bench PC_MOUSE<CR><LF>`t0stop PC_MOUSE<CR><LF>
[2026-09-22T21:58:41.703] `bench PC_KEY<CR><LF>`bench PC_MOUSE<CR><LF>`t0stop PC_MOUSE<CR><LF>
[2026-09-22T21:58:41.803] `bench PC_KEY<CR><LF>`bench PC_MOUSE<CR><LF>`t0stop PC_MOUSE<CR><LF>
[2026-09-22T21:58:41.895] `bench PC_KEY<CR><LF>`bench PC_MOUSE<CR><LF>`t0stop PC_MOUSE<CR><LF>
[2026-09-22T21:58:41.958] `bench PC_KEY<CR><LF>`bench PC_MOUSE<CR><LF>`t0stop PC_MOUSE<CR><LF>Cog0  PP-POLL,seq,17,key,0,ctl_x,-1,ctl_y,-1,ctl_lbtn,0,ctl_pixel,-$1,sus_x,-1,sus_y,-1,sus_lbtn,0,sus_pixel,-$1
[2026-09-22T21:58:42.088] `bench PC_KEY<CR><LF>`bench PC_MOUSE<CR><LF>`t0stop PC_MOUSE<CR><LF>
[2026-09-22T21:58:42.151] `bench PC_KEY<CR><LF>`bench PC_MOUSE<CR><LF>`t0stop PC_MOUSE<CR><LF>Cog0  PP-POLL,seq,18,key,0,ctl_x,211,ctl_y,273,ctl_lbtn,0,ctl_pixel,$1C_2026,sus_x,-1,sus_y,-1,sus_lbtn,0,sus_pixel,-$1
[2026-09-22T21:58:42.248] `bench PC_KEY<CR><LF>`bench PC_MOUSE<CR><LF>`t0stop PC_MOUSE<CR><LF>Cog0  PP-POLL,seq,19,key,0,ctl_x,181,ctl_y,223,ctl_lbtn,0,ctl_pixel,$C_0D10,sus_x,-1,sus_y,-1,sus_lbtn,0,sus_pixel,-$1
[2026-09-22T21:58:42.380] `bench PC_KEY<CR><LF>`bench PC_MOUSE<CR><LF>`t0stop PC_MOUSE<CR><LF>
[2026-09-22T21:58:42.474] `bench PC_KEY<CR><LF>`bench PC_MOUSE<CR><LF>`t0stop PC_MOUSE<CR><LF>
[2026-09-22T21:58:42.570] `bench PC_KEY<CR><LF>`bench PC_MOUSE<CR><LF>`t0stop PC_MOUSE<CR><LF>
[2026-09-22T21:58:42.666] `bench PC_KEY<CR><LF>`bench PC_MOUSE<CR><LF>`t0stop PC_MOUSE<CR><LF>
[2026-09-22T21:58:42.766] `bench PC_KEY<CR><LF>`bench PC_MOUSE<CR><LF>`t0stop PC_MOUSE<CR><LF>
[2026-09-22T21:58:42.826] `bench PC_KEY<CR><LF>`bench PC_MOUSE<CR><LF>`t0stop PC_MOUSE<CR><LF>Cog0  PP-POLL,seq,20,key,0,ctl_x,123,ctl_y,190,ctl_lbtn,0,ctl_pixel,$1C_2026,sus_x,-1,sus_y,-1,sus_lbtn,0,sus_pixel,-$1
[2026-09-22T21:58:42.956] `bench PC_KEY<CR><LF>`bench PC_MOUSE<CR><LF>`t0stop PC_MOUSE<CR><LF>
[2026-09-22T21:58:43.053] `bench PC_KEY<CR><LF>`bench PC_MOUSE<CR><LF>`t0stop PC_MOUSE<CR><LF>
[2026-09-22T21:58:43.149] `bench PC_KEY<CR><LF>`bench PC_MOUSE<CR><LF>`t0stop PC_MOUSE<CR><LF>
[2026-09-22T21:58:43.244] `bench PC_KEY<CR><LF>`bench PC_MOUSE<CR><LF>`t0stop PC_MOUSE<CR><LF>
[2026-09-22T21:58:43.340] `bench PC_KEY<CR><LF>`bench PC_MOUSE<CR><LF>`t0stop PC_MOUSE<CR><LF>
[2026-09-22T21:58:43.436] `bench PC_KEY<CR><LF>`bench PC_MOUSE<CR><LF>`t0stop PC_MOUSE<CR><LF>
[2026-09-22T21:58:43.535] `bench PC_KEY<CR><LF>`bench PC_MOUSE<CR><LF>`t0stop PC_MOUSE<CR><LF>
[2026-09-22T21:58:43.628] `bench PC_KEY<CR><LF>`bench PC_MOUSE<CR><LF>`t0stop PC_MOUSE<CR><LF>
[2026-09-22T21:58:43.725] `bench PC_KEY<CR><LF>`bench PC_MOUSE<CR><LF>`t0stop PC_MOUSE<CR><LF>
[2026-09-22T21:58:43.821] `bench PC_KEY<CR><LF>`bench PC_MOUSE<CR><LF>`t0stop PC_MOUSE<CR><LF>
[2026-09-22T21:58:43.883] `bench PC_KEY<CR><LF>`bench PC_MOUSE<CR><LF>`t0stop PC_MOUSE<CR><LF>Cog0  PP-POLL,seq,21,key,0,ctl_x,193,ctl_y,130,ctl_lbtn,0,ctl_pixel,$1C_2026,sus_x,-1,sus_y,-1,sus_lbtn,0,sus_pixel,-$1
[2026-09-22T21:58:44.014] `bench PC_KEY<CR><LF>`bench PC_MOUSE<CR><LF>`t0stop PC_MOUSE<CR><LF>
[2026-09-22T21:58:44.109] `bench PC_KEY<CR><LF>`bench PC_MOUSE<CR><LF>`t0stop PC_MOUSE<CR><LF>
[2026-09-22T21:58:44.206] `bench PC_KEY<CR><LF>`bench PC_MOUSE<CR><LF>`t0stop PC_MOUSE<CR><LF>
[2026-09-22T21:58:44.301] `bench PC_KEY<CR><LF>`bench PC_MOUSE<CR><LF>`t0stop PC_MOUSE<CR><LF>
[2026-09-22T21:58:44.399] `bench PC_KEY<CR><LF>`bench PC_MOUSE<CR><LF>`t0stop PC_MOUSE<CR><LF>
[2026-09-22T21:58:44.493] `bench PC_KEY<CR><LF>`bench PC_MOUSE<CR><LF>`t0stop PC_MOUSE<CR><LF>
[2026-09-22T21:58:44.589] `bench PC_KEY<CR><LF>`bench PC_MOUSE<CR><LF>`t0stop PC_MOUSE<CR><LF>
[2026-09-22T21:58:44.685] `bench PC_KEY<CR><LF>`bench PC_MOUSE<CR><LF>`t0stop PC_MOUSE<CR><LF>
[2026-09-22T21:58:44.784] `bench PC_KEY<CR><LF>`bench PC_MOUSE<CR><LF>`t0stop PC_MOUSE<CR><LF>
[2026-09-22T21:58:44.880] `bench PC_KEY<CR><LF>`bench PC_MOUSE<CR><LF>`t0stop PC_MOUSE<CR><LF>
[2026-09-22T21:58:44.940] `bench PC_KEY<CR><LF>`bench PC_MOUSE<CR><LF>`t0stop PC_MOUSE<CR><LF>Cog0  PP-POLL,seq,22,key,0,ctl_x,430,ctl_y,86,ctl_lbtn,-1,ctl_pixel,$1C_2026,sus_x,-1,sus_y,-1,sus_lbtn,0,sus_pixel,-$1
[2026-09-22T21:58:45.070] `bench PC_KEY<CR><LF>`bench PC_MOUSE<CR><LF>`t0stop PC_MOUSE<CR><LF>
[2026-09-22T21:58:45.167] `bench PC_KEY<CR><LF>`bench PC_MOUSE<CR><LF>`t0stop PC_MOUSE<CR><LF>
[2026-09-22T21:58:45.264] `bench PC_KEY<CR><LF>`bench PC_MOUSE<CR><LF>`t0stop PC_MOUSE<CR><LF>
[2026-09-22T21:58:45.359] `bench PC_KEY<CR><LF>`bench PC_MOUSE<CR><LF>`t0stop PC_MOUSE<CR><LF>
[2026-09-22T21:58:45.455] `bench PC_KEY<CR><LF>`bench PC_MOUSE<CR><LF>`t0stop PC_MOUSE<CR><LF>
[2026-09-22T21:58:45.552] `bench PC_KEY<CR><LF>`bench PC_MOUSE<CR><LF>`t0stop PC_MOUSE<CR><LF>
[2026-09-22T21:58:45.647] `bench PC_KEY<CR><LF>`bench PC_MOUSE<CR><LF>`t0stop PC_MOUSE<CR><LF>
[2026-09-22T21:58:45.742] `bench PC_KEY<CR><LF>`bench PC_MOUSE<CR><LF>`t0stop PC_MOUSE<CR><LF>
[2026-09-22T21:58:45.838] `bench PC_KEY<CR><LF>`bench PC_MOUSE<CR><LF>`t0stop PC_MOUSE<CR><LF>
[2026-09-22T21:58:45.934] `bench PC_KEY<CR><LF>`bench PC_MOUSE<CR><LF>`t0stop PC_MOUSE<CR><LF>
[2026-09-22T21:58:45.998] `bench PC_KEY<CR><LF>`bench PC_MOUSE<CR><LF>`t0stop PC_MOUSE<CR><LF>Cog0  PP-POLL,seq,23,key,0,ctl_x,141,ctl_y,93,ctl_lbtn,0,ctl_pixel,$1C_2026,sus_x,-1,sus_y,-1,sus_lbtn,0,sus_pixel,-$1
[2026-09-22T21:58:46.127] `bench PC_KEY<CR><LF>`bench PC_MOUSE<CR><LF>`t0stop PC_MOUSE<CR><LF>
[2026-09-22T21:58:46.224] `bench PC_KEY<CR><LF>`bench PC_MOUSE<CR><LF>`t0stop PC_MOUSE<CR><LF>
[2026-09-22T21:58:46.320] `bench PC_KEY<CR><LF>`bench PC_MOUSE<CR><LF>`t0stop PC_MOUSE<CR><LF>
[2026-09-22T21:58:46.419] `bench PC_KEY<CR><LF>`bench PC_MOUSE<CR><LF>`t0stop PC_MOUSE<CR><LF>
[2026-09-22T21:58:46.513] `bench PC_KEY<CR><LF>`bench PC_MOUSE<CR><LF>`t0stop PC_MOUSE<CR><LF>
[2026-09-22T21:58:46.610] `bench PC_KEY<CR><LF>`bench PC_MOUSE<CR><LF>`t0stop PC_MOUSE<CR><LF>
[2026-09-22T21:58:46.705] `bench PC_KEY<CR><LF>`bench PC_MOUSE<CR><LF>`t0stop PC_MOUSE<CR><LF>
[2026-09-22T21:58:46.802] `bench PC_KEY<CR><LF>`bench PC_MOUSE<CR><LF>`t0stop PC_MOUSE<CR><LF>
[2026-09-22T21:58:46.897] `bench PC_KEY<CR><LF>`bench PC_MOUSE<CR><LF>`t0stop PC_MOUSE<CR><LF>
[2026-09-22T21:58:46.993] `bench PC_KEY<CR><LF>`bench PC_MOUSE<CR><LF>`t0stop PC_MOUSE<CR><LF>
[2026-09-22T21:58:47.055] `bench PC_KEY<CR><LF>`bench PC_MOUSE<CR><LF>`t0stop PC_MOUSE<CR><LF>Cog0  PP-POLL,seq,24,key,0,ctl_x,171,ctl_y,53,ctl_lbtn,0,ctl_pixel,$1C_2026,sus_x,-1,sus_y,-1,sus_lbtn,0,sus_pixel,-$1
[2026-09-22T21:58:47.186] `bench PC_KEY<CR><LF>`bench PC_MOUSE<CR><LF>`t0stop PC_MOUSE<CR><LF>
[2026-09-22T21:58:47.283] `bench PC_KEY<CR><LF>`bench PC_MOUSE<CR><LF>`t0stop PC_MOUSE<CR><LF>
[2026-09-22T21:58:47.379] `bench PC_KEY<CR><LF>`bench PC_MOUSE<CR><LF>`t0stop PC_MOUSE<CR><LF>
[2026-09-22T21:58:47.475] `bench PC_KEY<CR><LF>`bench PC_MOUSE<CR><LF>`t0stop PC_MOUSE<CR><LF>
[2026-09-22T21:58:47.571] `bench PC_KEY<CR><LF>`bench PC_MOUSE<CR><LF>`t0stop PC_MOUSE<CR><LF>
[2026-09-22T21:58:47.666] `bench PC_KEY<CR><LF>`bench PC_MOUSE<CR><LF>`t0stop PC_MOUSE<CR><LF>
[2026-09-22T21:58:47.762] `bench PC_KEY<CR><LF>`bench PC_MOUSE<CR><LF>`t0stop PC_MOUSE<CR><LF>
[2026-09-22T21:58:47.860] `bench PC_KEY<CR><LF>`bench PC_MOUSE<CR><LF>`t0stop PC_MOUSE<CR><LF>
[2026-09-22T21:58:47.921] `bench PC_KEY<CR><LF>`bench PC_MOUSE<CR><LF>`t0stop PC_MOUSE<CR><LF>Cog0  PP-POLL,seq,25,key,0,ctl_x,312,ctl_y,108,ctl_lbtn,0,ctl_pixel,$48_505C,sus_x,-1,sus_y,-1,sus_lbtn,0,sus_pixel,-$1
[2026-09-22T21:58:48.018] `bench PC_KEY<CR><LF>`bench PC_MOUSE<CR><LF>`t0stop PC_MOUSE<CR><LF>Cog0  PP-POLL,seq,26,key,0,ctl_x,293,ctl_y,127,ctl_lbtn,0,ctl_pixel,$1C_2026,sus_x,-1,sus_y,-1,sus_lbtn,0,sus_pixel,-$1
[2026-09-22T21:58:48.148] `bench PC_KEY<CR><LF>`bench PC_MOUSE<CR><LF>`t0stop PC_MOUSE<CR><LF>
[2026-09-22T21:58:48.246] `bench PC_KEY<CR><LF>`bench PC_MOUSE<CR><LF>`t0stop PC_MOUSE<CR><LF>
[2026-09-22T21:58:48.341] `bench PC_KEY<CR><LF>`bench PC_MOUSE<CR><LF>`t0stop PC_MOUSE<CR><LF>
[2026-09-22T21:58:48.436] `bench PC_KEY<CR><LF>`bench PC_MOUSE<CR><LF>`t0stop PC_MOUSE<CR><LF>
[2026-09-22T21:58:48.531] `bench PC_KEY<CR><LF>`bench PC_MOUSE<CR><LF>`t0stop PC_MOUSE<CR><LF>
[2026-09-22T21:58:48.631] `bench PC_KEY<CR><LF>`bench PC_MOUSE<CR><LF>`t0stop PC_MOUSE<CR><LF>
[2026-09-22T21:58:48.725] `bench PC_KEY<CR><LF>`bench PC_MOUSE<CR><LF>`t0stop PC_MOUSE<CR><LF>
[2026-09-22T21:58:48.787] `bench PC_KEY<CR><LF>`bench PC_MOUSE<CR><LF>`t0stop PC_MOUSE<CR><LF>Cog0  PP-POLL,seq,27,key,0,ctl_x,-1,ctl_y,-1,ctl_lbtn,0,ctl_pixel,-$1,sus_x,-1,sus_y,-1,sus_lbtn,0,sus_pixel,-$1
[2026-09-22T21:58:48.921] `bench PC_KEY<CR><LF>`bench PC_MOUSE<CR><LF>`t0stop PC_MOUSE<CR><LF>
[2026-09-22T21:58:49.014] `bench PC_KEY<CR><LF>`bench PC_MOUSE<CR><LF>`t0stop PC_MOUSE<CR><LF>
[2026-09-22T21:58:49.112] `bench PC_KEY<CR><LF>`bench PC_MOUSE<CR><LF>`t0stop PC_MOUSE<CR><LF>
[2026-09-22T21:58:49.206] `bench PC_KEY<CR><LF>`bench PC_MOUSE<CR><LF>`t0stop PC_MOUSE<CR><LF>
[2026-09-22T21:58:49.303] `bench PC_KEY<CR><LF>`bench PC_MOUSE<CR><LF>`t0stop PC_MOUSE<CR><LF>
[2026-09-22T21:58:49.398] `bench PC_KEY<CR><LF>`bench PC_MOUSE<CR><LF>`t0stop PC_MOUSE<CR><LF>
[2026-09-22T21:58:49.494] `bench PC_KEY<CR><LF>`bench PC_MOUSE<CR><LF>`t0stop PC_MOUSE<CR><LF>
[2026-09-22T21:58:49.592] `bench PC_KEY<CR><LF>`bench PC_MOUSE<CR><LF>`t0stop PC_MOUSE<CR><LF>
[2026-09-22T21:58:49.685] `bench PC_KEY<CR><LF>`bench PC_MOUSE<CR><LF>`t0stop PC_MOUSE<CR><LF>
[2026-09-22T21:58:49.782] `bench PC_KEY<CR><LF>`bench PC_MOUSE<CR><LF>`t0stop PC_MOUSE<CR><LF>
[2026-09-22T21:58:49.845] `bench PC_KEY<CR><LF>`bench PC_MOUSE<CR><LF>`t0stop PC_MOUSE<CR><LF>Cog0  PP-POLL,seq,28,key,0,ctl_x,-1,ctl_y,-1,ctl_lbtn,0,ctl_pixel,-$1,sus_x,-1,sus_y,-1,sus_lbtn,0,sus_pixel,-$1
[2026-09-22T21:58:49.978] `bench PC_KEY<CR><LF>`bench PC_MOUSE<CR><LF>`t0stop PC_MOUSE<CR><LF>
[2026-09-22T21:58:50.071] `bench PC_KEY<CR><LF>`bench PC_MOUSE<CR><LF>`t0stop PC_MOUSE<CR><LF>
[2026-09-22T21:58:50.169] `bench PC_KEY<CR><LF>`bench PC_MOUSE<CR><LF>`t0stop PC_MOUSE<CR><LF>
[2026-09-22T21:58:50.265] `bench PC_KEY<CR><LF>`bench PC_MOUSE<CR><LF>`t0stop PC_MOUSE<CR><LF>
[2026-09-22T21:58:50.359] `bench PC_KEY<CR><LF>`bench PC_MOUSE<CR><LF>`t0stop PC_MOUSE<CR><LF>
[2026-09-22T21:58:50.456] `bench PC_KEY<CR><LF>`bench PC_MOUSE<CR><LF>`t0stop PC_MOUSE<CR><LF>
[2026-09-22T21:58:50.555] `bench PC_KEY<CR><LF>`bench PC_MOUSE<CR><LF>`t0stop PC_MOUSE<CR><LF>
[2026-09-22T21:58:50.648] `bench PC_KEY<CR><LF>`bench PC_MOUSE<CR><LF>`t0stop PC_MOUSE<CR><LF>
[2026-09-22T21:58:50.746] `bench PC_KEY<CR><LF>`bench PC_MOUSE<CR><LF>`t0stop PC_MOUSE<CR><LF>
[2026-09-22T21:58:50.840] `bench PC_KEY<CR><LF>`bench PC_MOUSE<CR><LF>`t0stop PC_MOUSE<CR><LF>
[2026-09-22T21:58:50.902] `bench PC_KEY<CR><LF>`bench PC_MOUSE<CR><LF>`t0stop PC_MOUSE<CR><LF>Cog0  PP-POLL,seq,29,key,0,ctl_x,-1,ctl_y,-1,ctl_lbtn,0,ctl_pixel,-$1,sus_x,-1,sus_y,-1,sus_lbtn,0,sus_pixel,-$1
[2026-09-22T21:58:51.036] `bench PC_KEY<CR><LF>`bench PC_MOUSE<CR><LF>`t0stop PC_MOUSE<CR><LF>
[2026-09-22T21:58:51.130] `bench PC_KEY<CR><LF>`bench PC_MOUSE<CR><LF>`t0stop PC_MOUSE<CR><LF>
[2026-09-22T21:58:51.224] `bench PC_KEY<CR><LF>`bench PC_MOUSE<CR><LF>`t0stop PC_MOUSE<CR><LF>
[2026-09-22T21:58:51.320] `bench PC_KEY<CR><LF>`bench PC_MOUSE<CR><LF>`t0stop PC_MOUSE<CR><LF>
[2026-09-22T21:58:51.419] `bench PC_KEY<CR><LF>`bench PC_MOUSE<CR><LF>`t0stop PC_MOUSE<CR><LF>
[2026-09-22T21:58:51.514] `bench PC_KEY<CR><LF>`bench PC_MOUSE<CR><LF>`t0stop PC_MOUSE<CR><LF>
[2026-09-22T21:58:51.609] `bench PC_KEY<CR><LF>`bench PC_MOUSE<CR><LF>`t0stop PC_MOUSE<CR><LF>
[2026-09-22T21:58:51.706] `bench PC_KEY<CR><LF>`bench PC_MOUSE<CR><LF>`t0stop PC_MOUSE<CR><LF>
[2026-09-22T21:58:51.800] `bench PC_KEY<CR><LF>`bench PC_MOUSE<CR><LF>`t0stop PC_MOUSE<CR><LF>
[2026-09-22T21:58:51.897] `bench PC_KEY<CR><LF>`bench PC_MOUSE<CR><LF>`t0stop PC_MOUSE<CR><LF>
[2026-09-22T21:58:51.960] `bench PC_KEY<CR><LF>`bench PC_MOUSE<CR><LF>`t0stop PC_MOUSE<CR><LF>Cog0  PP-POLL,seq,30,key,0,ctl_x,-1,ctl_y,-1,ctl_lbtn,0,ctl_pixel,-$1,sus_x,-1,sus_y,-1,sus_lbtn,0,sus_pixel,-$1
[2026-09-22T21:58:52.091] `bench PC_KEY<CR><LF>`bench PC_MOUSE<CR><LF>`t0stop PC_MOUSE<CR><LF>
[2026-09-22T21:58:52.186] `bench PC_KEY<CR><LF>`bench PC_MOUSE<CR><LF>`t0stop PC_MOUSE<CR><LF>
[2026-09-22T21:58:52.286] `bench PC_KEY<CR><LF>`bench PC_MOUSE<CR><LF>`t0stop PC_MOUSE<CR><LF>
[2026-09-22T21:58:52.380] `bench PC_KEY<CR><LF>`bench PC_MOUSE<CR><LF>`t0stop PC_MOUSE<CR><LF>
[2026-09-22T21:58:52.475] `bench PC_KEY<CR><LF>`bench PC_MOUSE<CR><LF>`t0stop PC_MOUSE<CR><LF>
[2026-09-22T21:58:52.572] `bench PC_KEY<CR><LF>`bench PC_MOUSE<CR><LF>`t0stop PC_MOUSE<CR><LF>
[2026-09-22T21:58:52.666] `bench PC_KEY<CR><LF>`bench PC_MOUSE<CR><LF>`t0stop PC_MOUSE<CR><LF>
[2026-09-22T21:58:52.764] `bench PC_KEY<CR><LF>`bench PC_MOUSE<CR><LF>`t0stop PC_MOUSE<CR><LF>
[2026-09-22T21:58:52.859] `bench PC_KEY<CR><LF>`bench PC_MOUSE<CR><LF>`t0stop PC_MOUSE<CR><LF>
[2026-09-22T21:58:52.954] `bench PC_KEY<CR><LF>`bench PC_MOUSE<CR><LF>`t0stop PC_MOUSE<CR><LF>
[2026-09-22T21:58:53.017] `bench PC_KEY<CR><LF>`bench PC_MOUSE<CR><LF>`t0stop PC_MOUSE<CR><LF>Cog0  PP-POLL,seq,31,key,0,ctl_x,-1,ctl_y,-1,ctl_lbtn,0,ctl_pixel,-$1,sus_x,-1,sus_y,-1,sus_lbtn,0,sus_pixel,-$1
[2026-09-22T21:58:53.149] `bench PC_KEY<CR><LF>`bench PC_MOUSE<CR><LF>`t0stop PC_MOUSE<CR><LF>
[2026-09-22T21:58:53.163] `bench PC_KEY<CR><LF>

=== Debug Logger Session Ended at 2026-09-22T21:58:53.163 ===
