=== Debug Logger Session Started at 2026-09-22T23:37:36.162 ===
PNut-Term-TS: v1.0.8
Program: debug
=====================================

[2026-09-22T23:37:36.061] [SYSTEM] BAUD_RATE_SET 2000000 baud (preferences/default)

=== Session ended - Download Started at 2026-09-22T23:37:36.293 ===
=== Debug Logger Session Started at 2026-09-22T23:37:36.296 ===
PNut-Term-TS: v1.0.8
Program: debug
=====================================

[2026-09-22T23:37:36.293] [SYSTEM] [DOWNLOAD TO RAM] File: test_bench_t0.bin | Size: 34276 bytes | Modified: 2026-09-23T05:37:35.248Z
[2026-09-22T23:37:36.295] [SYSTEM] Download Session Started
[2026-09-22T23:37:37.617] [SYSTEM] [DOWNLOAD SUCCESS] test_bench_t0.bin successfully downloaded to RAM
[2026-09-22T23:37:37.618] Cog0  INIT $0000_0000 $0000_0000 load
[2026-09-22T23:37:37.622] Cog0  INIT $0000_0FA8 $0000_AD20 jump
[2026-09-22T23:37:37.622] Cog0  * test_bench_t0 -- Tier 0: no motion -- src_rev 11
[2026-09-22T23:37:37.623] Cog0  * active config: motor_type_enum=0 base=16 voltage_enum=6 wheel_dia_x10=65
[2026-09-22T23:37:37.623] Cog0  * bench expects MOTOR_TYPE=MOTR_6_5_INCH (0) and wheel_dia_x10=65; with wheel_dia_x10=0 the T0-3/T0-6 distance conversions report unavailable rather than a tick count
[2026-09-22T23:37:37.645] `PLOT bench TITLE 'T0-12 hand-rotation anchor' SIZE 420 240 POS 60 80 HIDEXY UPDATE<CR><LF>`bench LAYER 1 't0h_bg.bmp'<CR><LF>`bench LAYER 2 't0h_state.bmp'<CR><LF>`bench LAYER 3 't0h_digits.bmp'<CR><LF>`bench crop 1<CR><LF>`bench update<CR><LF>`bench crop 2 0, 0, 200, 32, 12, 104<CR><LF>`bench crop 3 320, 0, 32, 40, 140, 140<CR><LF>`bench crop 3 320, 0, 32, 40, 174, 140<CR><LF>`bench crop 3 320, 0, 32, 40, 208, 140<CR><LF>`bench crop 3 0, 0, 32, 40, 242, 140<CR><LF>`bench crop 3 320, 0, 32, 40, 140, 184<CR><LF>`bench crop 3 320, 0, 32, 40, 174, 184<CR><LF>`bench crop 3 0, 0, 32, 40, 208, 184<CR><LF>`bench update<CR><LF>Cog0  T0-12,begin,told_direction,CW_FROM_HUB,revolutions,3,wheel,RIGHT_P16,prompt,press_S_then_turn_the_wheel_by_hand_then_press_SPACE
[2026-09-22T23:37:37.698] `bench PC_KEY<CR><LF>
[2026-09-22T23:37:37.948] `bench PC_KEY<CR><LF>
[2026-09-22T23:37:38.013] `bench PC_KEY<CR><LF>
[2026-09-22T23:37:38.077] `bench PC_KEY<CR><LF>
[2026-09-22T23:37:38.141] `bench PC_KEY<CR><LF>
[2026-09-22T23:37:38.206] `bench PC_KEY<CR><LF>
[2026-09-22T23:37:38.272] `bench PC_KEY<CR><LF>
[2026-09-22T23:37:38.335] `bench PC_KEY<CR><LF>
[2026-09-22T23:37:38.396] `bench PC_KEY<CR><LF>
[2026-09-22T23:37:38.461] `bench PC_KEY<CR><LF>
[2026-09-22T23:37:38.525] `bench PC_KEY<CR><LF>
[2026-09-22T23:37:38.589] `bench PC_KEY<CR><LF>
[2026-09-22T23:37:38.656] `bench PC_KEY<CR><LF>
[2026-09-22T23:37:38.720] `bench PC_KEY<CR><LF>
[2026-09-22T23:37:38.781] `bench PC_KEY<CR><LF>
[2026-09-22T23:37:38.847] `bench PC_KEY<CR><LF>
[2026-09-22T23:37:38.910] `bench PC_KEY<CR><LF>
[2026-09-22T23:37:38.973] `bench PC_KEY<CR><LF>
[2026-09-22T23:37:39.037] `bench PC_KEY<CR><LF>
[2026-09-22T23:37:39.103] `bench PC_KEY<CR><LF>
[2026-09-22T23:37:39.167] `bench PC_KEY<CR><LF>
[2026-09-22T23:37:39.230] `bench PC_KEY<CR><LF>
[2026-09-22T23:37:39.293] `bench PC_KEY<CR><LF>
[2026-09-22T23:37:39.358] `bench PC_KEY<CR><LF>
[2026-09-22T23:37:39.421] `bench PC_KEY<CR><LF>
[2026-09-22T23:37:39.488] `bench PC_KEY<CR><LF>
[2026-09-22T23:37:39.551] `bench PC_KEY<CR><LF>
[2026-09-22T23:37:39.613] `bench PC_KEY<CR><LF>
[2026-09-22T23:37:39.678] `bench PC_KEY<CR><LF>
[2026-09-22T23:37:39.741] `bench PC_KEY<CR><LF>
[2026-09-22T23:37:39.807] `bench PC_KEY<CR><LF>
[2026-09-22T23:37:39.870] `bench PC_KEY<CR><LF>
[2026-09-22T23:37:39.933] `bench PC_KEY<CR><LF>
[2026-09-22T23:37:39.998] `bench PC_KEY<CR><LF>
[2026-09-22T23:37:40.064] `bench PC_KEY<CR><LF>
[2026-09-22T23:37:40.125] `bench PC_KEY<CR><LF>
[2026-09-22T23:37:40.190] `bench PC_KEY<CR><LF>
[2026-09-22T23:37:40.254] `bench PC_KEY<CR><LF>
[2026-09-22T23:37:40.317] `bench PC_KEY<CR><LF>
[2026-09-22T23:37:40.381] `bench PC_KEY<CR><LF>
[2026-09-22T23:37:40.448] `bench PC_KEY<CR><LF>
[2026-09-22T23:37:40.513] `bench PC_KEY<CR><LF>
[2026-09-22T23:37:40.576] `bench PC_KEY<CR><LF>
[2026-09-22T23:37:40.638] `bench PC_KEY<CR><LF>
[2026-09-22T23:37:40.704] `bench PC_KEY<CR><LF>
[2026-09-22T23:37:40.766] `bench PC_KEY<CR><LF>
[2026-09-22T23:37:40.830] `bench PC_KEY<CR><LF>
[2026-09-22T23:37:40.894] `bench PC_KEY<CR><LF>
[2026-09-22T23:37:40.958] `bench PC_KEY<CR><LF>
[2026-09-22T23:37:41.023] `bench PC_KEY<CR><LF>
[2026-09-22T23:37:41.086] `bench PC_KEY<CR><LF>
[2026-09-22T23:37:41.150] `bench PC_KEY<CR><LF>
[2026-09-22T23:37:41.217] `bench PC_KEY<CR><LF>
[2026-09-22T23:37:41.280] `bench PC_KEY<CR><LF>
[2026-09-22T23:37:41.342] `bench PC_KEY<CR><LF>
[2026-09-22T23:37:41.406] `bench PC_KEY<CR><LF>
[2026-09-22T23:37:41.470] `bench PC_KEY<CR><LF>
[2026-09-22T23:37:41.536] `bench PC_KEY<CR><LF>
[2026-09-22T23:37:41.600] `bench PC_KEY<CR><LF>
[2026-09-22T23:37:41.662] `bench PC_KEY<CR><LF>
[2026-09-22T23:37:41.726] `bench PC_KEY<CR><LF>
[2026-09-22T23:37:41.790] `bench PC_KEY<CR><LF>
[2026-09-22T23:37:41.854] `bench PC_KEY<CR><LF>
[2026-09-22T23:37:41.918] `bench PC_KEY<CR><LF>
[2026-09-22T23:37:41.982] `bench PC_KEY<CR><LF>
[2026-09-22T23:37:42.048] `bench PC_KEY<CR><LF>
[2026-09-22T23:37:42.113] `bench PC_KEY<CR><LF>
[2026-09-22T23:37:42.175] `bench PC_KEY<CR><LF>
[2026-09-22T23:37:42.239] `bench PC_KEY<CR><LF>
[2026-09-22T23:37:42.307] `bench PC_KEY<CR><LF>
[2026-09-22T23:37:42.368] `bench PC_KEY<CR><LF>
[2026-09-22T23:37:42.431] `bench PC_KEY<CR><LF>
[2026-09-22T23:37:42.495] `bench PC_KEY<CR><LF>
[2026-09-22T23:37:42.559] `bench PC_KEY<CR><LF>
[2026-09-22T23:37:42.623] `bench PC_KEY<CR><LF>
[2026-09-22T23:37:42.690] `bench PC_KEY<CR><LF>
[2026-09-22T23:37:42.750] `bench PC_KEY<CR><LF>
[2026-09-22T23:37:42.815] `bench PC_KEY<CR><LF>
[2026-09-22T23:37:42.879] `bench PC_KEY<CR><LF>
[2026-09-22T23:37:42.945] `bench PC_KEY<CR><LF>
[2026-09-22T23:37:43.008] `bench PC_KEY<CR><LF>
[2026-09-22T23:37:43.072] `bench PC_KEY<CR><LF>
[2026-09-22T23:37:43.137] `bench PC_KEY<CR><LF>
[2026-09-22T23:37:43.199] `bench PC_KEY<CR><LF>
[2026-09-22T23:37:43.264] `bench PC_KEY<CR><LF>
[2026-09-22T23:37:43.329] `bench PC_KEY<CR><LF>
[2026-09-22T23:37:43.391] `bench PC_KEY<CR><LF>
[2026-09-22T23:37:43.457] `bench PC_KEY<CR><LF>
[2026-09-22T23:37:43.521] `bench PC_KEY<CR><LF>
[2026-09-22T23:37:43.586] `bench PC_KEY<CR><LF>
[2026-09-22T23:37:43.648] `bench PC_KEY<CR><LF>
[2026-09-22T23:37:43.711] `bench PC_KEY<CR><LF>
[2026-09-22T23:37:43.774] `bench PC_KEY<CR><LF>
[2026-09-22T23:37:43.840] `bench PC_KEY<CR><LF>
[2026-09-22T23:37:43.907] `bench PC_KEY<CR><LF>
[2026-09-22T23:37:43.969] `bench PC_KEY<CR><LF>
[2026-09-22T23:37:44.032] `bench PC_KEY<CR><LF>
[2026-09-22T23:37:44.097] `bench PC_KEY<CR><LF>
[2026-09-22T23:37:44.160] `bench PC_KEY<CR><LF>
[2026-09-22T23:37:44.224] `bench PC_KEY<CR><LF>
[2026-09-22T23:37:44.288] `bench PC_KEY<CR><LF>
[2026-09-22T23:37:44.353] `bench PC_KEY<CR><LF>
[2026-09-22T23:37:44.418] `bench PC_KEY<CR><LF>
[2026-09-22T23:37:44.479] `bench PC_KEY<CR><LF>
[2026-09-22T23:37:44.544] `bench PC_KEY<CR><LF>
[2026-09-22T23:37:44.608] `bench PC_KEY<CR><LF>
[2026-09-22T23:37:44.674] `bench PC_KEY<CR><LF>
[2026-09-22T23:37:44.737] `bench PC_KEY<CR><LF>
[2026-09-22T23:37:44.799] `bench PC_KEY<CR><LF>
[2026-09-22T23:37:44.866] `bench PC_KEY<CR><LF>
[2026-09-22T23:37:44.928] `bench PC_KEY<CR><LF>
[2026-09-22T23:37:44.992] `bench PC_KEY<CR><LF>
[2026-09-22T23:37:45.056] `bench PC_KEY<CR><LF>
[2026-09-22T23:37:45.123] `bench PC_KEY<CR><LF>
[2026-09-22T23:37:45.187] `bench PC_KEY<CR><LF>
[2026-09-22T23:37:45.248] `bench PC_KEY<CR><LF>
[2026-09-22T23:37:45.311] `bench PC_KEY<CR><LF>
[2026-09-22T23:37:45.376] `bench PC_KEY<CR><LF>
[2026-09-22T23:37:45.440] `bench PC_KEY<CR><LF>
[2026-09-22T23:37:45.506] `bench PC_KEY<CR><LF>
[2026-09-22T23:37:45.570] `bench PC_KEY<CR><LF>
[2026-09-22T23:37:45.632] `bench PC_KEY<CR><LF>
[2026-09-22T23:37:45.695] `bench PC_KEY<CR><LF>
[2026-09-22T23:37:45.760] `bench PC_KEY<CR><LF>
[2026-09-22T23:37:45.825] `bench PC_KEY<CR><LF>
[2026-09-22T23:37:45.889] `bench PC_KEY<CR><LF>
[2026-09-22T23:37:45.955] `bench PC_KEY<CR><LF>
[2026-09-22T23:37:46.018] `bench PC_KEY<CR><LF>
[2026-09-22T23:37:46.082] `bench PC_KEY<CR><LF>
[2026-09-22T23:37:46.145] `bench PC_KEY<CR><LF>
[2026-09-22T23:37:46.211] `bench PC_KEY<CR><LF>
[2026-09-22T23:37:46.274] `bench PC_KEY<CR><LF>
[2026-09-22T23:37:46.339] `bench PC_KEY<CR><LF>
[2026-09-22T23:37:46.401] `bench PC_KEY<CR><LF>
[2026-09-22T23:37:46.465] `bench PC_KEY<CR><LF>
[2026-09-22T23:37:46.530] `bench PC_KEY<CR><LF>
[2026-09-22T23:37:46.597] `bench PC_KEY<CR><LF>
[2026-09-22T23:37:46.657] `bench PC_KEY<CR><LF>
[2026-09-22T23:37:46.721] `bench PC_KEY<CR><LF>
[2026-09-22T23:37:46.785] `bench PC_KEY<CR><LF>
[2026-09-22T23:37:46.849] `bench PC_KEY<CR><LF>
[2026-09-22T23:37:46.916] `bench PC_KEY<CR><LF>
[2026-09-22T23:37:46.979] `bench PC_KEY<CR><LF>
[2026-09-22T23:37:47.042] `bench PC_KEY<CR><LF>
[2026-09-22T23:37:47.106] `bench PC_KEY<CR><LF>
[2026-09-22T23:37:47.172] `bench PC_KEY<CR><LF>
[2026-09-22T23:37:47.235] `bench PC_KEY<CR><LF>
[2026-09-22T23:37:47.298] `bench PC_KEY<CR><LF>
[2026-09-22T23:37:47.362] `bench PC_KEY<CR><LF>
[2026-09-22T23:37:47.425] `bench PC_KEY<CR><LF>
[2026-09-22T23:37:47.490] `bench PC_KEY<CR><LF>
[2026-09-22T23:37:47.553] `bench PC_KEY<CR><LF>
[2026-09-22T23:37:47.616] `bench PC_KEY<CR><LF>
[2026-09-22T23:37:47.683] `bench PC_KEY<CR><LF>
[2026-09-22T23:37:47.747] `bench PC_KEY<CR><LF>
[2026-09-22T23:37:47.810] `bench PC_KEY<CR><LF>
[2026-09-22T23:37:47.874] `bench PC_KEY<CR><LF>
[2026-09-22T23:37:47.938] `bench PC_KEY<CR><LF>
[2026-09-22T23:37:48.005] `bench PC_KEY<CR><LF>
[2026-09-22T23:37:48.067] `bench PC_KEY<CR><LF>
[2026-09-22T23:37:48.129] `bench PC_KEY<CR><LF>
[2026-09-22T23:37:48.194] `bench PC_KEY<CR><LF>
[2026-09-22T23:37:48.258] `bench PC_KEY<CR><LF>
[2026-09-22T23:37:48.324] `bench PC_KEY<CR><LF>
[2026-09-22T23:37:48.386] `bench PC_KEY<CR><LF>
[2026-09-22T23:37:48.453] `bench PC_KEY<CR><LF>
[2026-09-22T23:37:48.516] `bench PC_KEY<CR><LF>
[2026-09-22T23:37:48.580] `bench PC_KEY<CR><LF>
[2026-09-22T23:37:48.642] `bench PC_KEY<CR><LF>
[2026-09-22T23:37:48.706] `bench PC_KEY<CR><LF>
[2026-09-22T23:37:48.770] `bench PC_KEY<CR><LF>
[2026-09-22T23:37:48.835] `bench PC_KEY<CR><LF>
[2026-09-22T23:37:48.897] `bench PC_KEY<CR><LF>
[2026-09-22T23:37:48.963] `bench PC_KEY<CR><LF>
[2026-09-22T23:37:49.026] `bench PC_KEY<CR><LF>
[2026-09-22T23:37:49.091] `bench PC_KEY<CR><LF>
[2026-09-22T23:37:49.157] `bench PC_KEY<CR><LF>
[2026-09-22T23:37:49.218] `bench PC_KEY<CR><LF>
[2026-09-22T23:37:49.283] `bench PC_KEY<CR><LF>
[2026-09-22T23:37:49.347] `bench PC_KEY<CR><LF>
[2026-09-22T23:37:49.410] `bench PC_KEY<CR><LF>
[2026-09-22T23:37:49.475] `bench PC_KEY<CR><LF>
[2026-09-22T23:37:49.541] `bench PC_KEY<CR><LF>
[2026-09-22T23:37:49.603] `bench PC_KEY<CR><LF>
[2026-09-22T23:37:49.669] `bench PC_KEY<CR><LF>
[2026-09-22T23:37:49.731] `bench PC_KEY<CR><LF>
[2026-09-22T23:37:49.795] `bench PC_KEY<CR><LF>
[2026-09-22T23:37:49.859] `bench PC_KEY<CR><LF>
[2026-09-22T23:37:49.925] `bench PC_KEY<CR><LF>
[2026-09-22T23:37:49.988] `bench PC_KEY<CR><LF>
[2026-09-22T23:37:50.051] `bench PC_KEY<CR><LF>
[2026-09-22T23:37:50.118] `bench PC_KEY<CR><LF>
[2026-09-22T23:37:50.181] `bench PC_KEY<CR><LF>
[2026-09-22T23:37:50.242] `bench PC_KEY<CR><LF>
[2026-09-22T23:37:50.307] `bench PC_KEY<CR><LF>
[2026-09-22T23:37:50.373] `bench PC_KEY<CR><LF>
[2026-09-22T23:37:50.436] `bench PC_KEY<CR><LF>
[2026-09-22T23:37:50.500] `bench PC_KEY<CR><LF>
[2026-09-22T23:37:50.563] `bench PC_KEY<CR><LF>
[2026-09-22T23:37:50.627] `bench PC_KEY<CR><LF>
[2026-09-22T23:37:50.691] `bench PC_KEY<CR><LF>
[2026-09-22T23:37:50.756] `bench PC_KEY<CR><LF>
[2026-09-22T23:37:50.819] `bench PC_KEY<CR><LF>
[2026-09-22T23:37:50.883] `bench PC_KEY<CR><LF>
[2026-09-22T23:37:50.946] `bench PC_KEY<CR><LF>
[2026-09-22T23:37:51.010] `bench PC_KEY<CR><LF>
[2026-09-22T23:37:51.076] `bench PC_KEY<CR><LF>
[2026-09-22T23:37:51.139] `bench PC_KEY<CR><LF>
[2026-09-22T23:37:51.204] `bench PC_KEY<CR><LF>
[2026-09-22T23:37:51.268] `bench PC_KEY<CR><LF>
[2026-09-22T23:37:51.331] `bench PC_KEY<CR><LF>
[2026-09-22T23:37:51.396] `bench PC_KEY<CR><LF>
[2026-09-22T23:37:51.460] `bench PC_KEY<CR><LF>
[2026-09-22T23:37:51.525] `bench PC_KEY<CR><LF>
[2026-09-22T23:37:51.588] `bench PC_KEY<CR><LF>
[2026-09-22T23:37:51.651] `bench PC_KEY<CR><LF>
[2026-09-22T23:37:51.717] `bench PC_KEY<CR><LF>
[2026-09-22T23:37:51.781] `bench PC_KEY<CR><LF>
[2026-09-22T23:37:51.843] `bench PC_KEY<CR><LF>
[2026-09-22T23:37:51.908] `bench PC_KEY<CR><LF>
[2026-09-22T23:37:51.972] `bench PC_KEY<CR><LF>
[2026-09-22T23:37:52.037] `bench PC_KEY<CR><LF>
[2026-09-22T23:37:52.100] `bench PC_KEY<CR><LF>
[2026-09-22T23:37:52.165] `bench PC_KEY<CR><LF>
[2026-09-22T23:37:52.227] `bench PC_KEY<CR><LF>
[2026-09-22T23:37:52.292] `bench PC_KEY<CR><LF>
[2026-09-22T23:37:52.356] `bench PC_KEY<CR><LF>
[2026-09-22T23:37:52.420] `bench PC_KEY<CR><LF>
[2026-09-22T23:37:52.485] `bench PC_KEY<CR><LF>
[2026-09-22T23:37:52.550] `bench PC_KEY<CR><LF>
[2026-09-22T23:37:52.612] `bench PC_KEY<CR><LF>
[2026-09-22T23:37:52.676] `bench PC_KEY<CR><LF>
[2026-09-22T23:37:52.739] `bench PC_KEY<CR><LF>
[2026-09-22T23:37:52.805] `bench PC_KEY<CR><LF>
[2026-09-22T23:37:52.868] `bench PC_KEY<CR><LF>
[2026-09-22T23:37:52.932] `bench PC_KEY<CR><LF>
[2026-09-22T23:37:52.996] `bench PC_KEY<CR><LF>
[2026-09-22T23:37:53.060] `bench PC_KEY<CR><LF>
[2026-09-22T23:37:53.129] `bench PC_KEY<CR><LF>
[2026-09-22T23:37:53.189] `bench PC_KEY<CR><LF>
[2026-09-22T23:37:53.254] `bench PC_KEY<CR><LF>
[2026-09-22T23:37:53.317] `bench PC_KEY<CR><LF>
[2026-09-22T23:37:53.384] `bench PC_KEY<CR><LF>
[2026-09-22T23:37:53.444] `bench PC_KEY<CR><LF>
[2026-09-22T23:37:53.508] `bench PC_KEY<CR><LF>
[2026-09-22T23:37:53.573] `bench PC_KEY<CR><LF>
[2026-09-22T23:37:53.636] `bench PC_KEY<CR><LF>
[2026-09-22T23:37:53.701] `bench PC_KEY<CR><LF>
[2026-09-22T23:37:53.768] `bench PC_KEY<CR><LF>
[2026-09-22T23:37:53.829] `bench PC_KEY<CR><LF>
[2026-09-22T23:37:53.892] `bench PC_KEY<CR><LF>
[2026-09-22T23:37:53.956] `bench PC_KEY<CR><LF>
[2026-09-22T23:37:54.021] `bench PC_KEY<CR><LF>
[2026-09-22T23:37:54.085] `bench PC_KEY<CR><LF>
[2026-09-22T23:37:54.148] `bench PC_KEY<CR><LF>
[2026-09-22T23:37:54.213] `bench PC_KEY<CR><LF>
[2026-09-22T23:37:54.277] `bench PC_KEY<CR><LF>
[2026-09-22T23:37:54.343] `bench PC_KEY<CR><LF>
[2026-09-22T23:37:54.408] `bench PC_KEY<CR><LF>
[2026-09-22T23:37:54.469] `bench PC_KEY<CR><LF>
[2026-09-22T23:37:54.533] `bench PC_KEY<CR><LF>
[2026-09-22T23:37:54.600] `bench PC_KEY<CR><LF>
[2026-09-22T23:37:54.661] `bench PC_KEY<CR><LF>
[2026-09-22T23:37:54.726] `bench PC_KEY<CR><LF>
[2026-09-22T23:37:54.790] `bench PC_KEY<CR><LF>
[2026-09-22T23:37:54.854] `bench PC_KEY<CR><LF>
[2026-09-22T23:37:54.917] `bench PC_KEY<CR><LF>
[2026-09-22T23:37:54.982] `bench PC_KEY<CR><LF>
[2026-09-22T23:37:55.047] `bench PC_KEY<CR><LF>
[2026-09-22T23:37:55.110] `bench PC_KEY<CR><LF>
[2026-09-22T23:37:55.175] `bench PC_KEY<CR><LF>
[2026-09-22T23:37:55.238] `bench PC_KEY<CR><LF>
[2026-09-22T23:37:55.303] `bench PC_KEY<CR><LF>
[2026-09-22T23:37:55.366] `bench PC_KEY<CR><LF>
[2026-09-22T23:37:55.430] `bench PC_KEY<CR><LF>
[2026-09-22T23:37:55.493] `bench PC_KEY<CR><LF>
[2026-09-22T23:37:55.558] `bench PC_KEY<CR><LF>
[2026-09-22T23:37:55.621] `bench PC_KEY<CR><LF>
[2026-09-22T23:37:55.685] `bench PC_KEY<CR><LF>
[2026-09-22T23:37:55.750] `bench PC_KEY<CR><LF>
[2026-09-22T23:37:55.813] `bench PC_KEY<CR><LF>
[2026-09-22T23:37:55.878] `bench PC_KEY<CR><LF>
[2026-09-22T23:37:55.943] `bench PC_KEY<CR><LF>
[2026-09-22T23:37:56.006] `bench PC_KEY<CR><LF>
[2026-09-22T23:37:56.071] `bench PC_KEY<CR><LF>
[2026-09-22T23:37:56.136] `bench PC_KEY<CR><LF>
[2026-09-22T23:37:56.200] `bench PC_KEY<CR><LF>
[2026-09-22T23:37:56.263] `bench PC_KEY<CR><LF>
[2026-09-22T23:37:56.325] `bench PC_KEY<CR><LF>
[2026-09-22T23:37:56.389] `bench PC_KEY<CR><LF>
[2026-09-22T23:37:56.457] `bench PC_KEY<CR><LF>
[2026-09-22T23:37:56.520] `bench PC_KEY<CR><LF>
[2026-09-22T23:37:56.583] `bench PC_KEY<CR><LF>
[2026-09-22T23:37:56.647] `bench PC_KEY<CR><LF>
[2026-09-22T23:37:56.711] `bench PC_KEY<CR><LF>
[2026-09-22T23:37:56.777] `bench PC_KEY<CR><LF>
[2026-09-22T23:37:56.840] `bench PC_KEY<CR><LF>
[2026-09-22T23:37:56.903] `bench PC_KEY<CR><LF>
[2026-09-22T23:37:56.966] `bench PC_KEY<CR><LF>
[2026-09-22T23:37:57.031] `bench PC_KEY<CR><LF>
[2026-09-22T23:37:57.095] `bench PC_KEY<CR><LF>
[2026-09-22T23:37:57.159] `bench PC_KEY<CR><LF>
[2026-09-22T23:37:57.222] `bench PC_KEY<CR><LF>
[2026-09-22T23:37:57.290] `bench PC_KEY<CR><LF>
[2026-09-22T23:37:57.351] `bench PC_KEY<CR><LF>
[2026-09-22T23:37:57.414] `bench PC_KEY<CR><LF>
[2026-09-22T23:37:57.478] `bench PC_KEY<CR><LF>
[2026-09-22T23:37:57.542] `bench PC_KEY<CR><LF>
[2026-09-22T23:37:57.606] `bench PC_KEY<CR><LF>
[2026-09-22T23:37:57.670] `bench PC_KEY<CR><LF>
[2026-09-22T23:37:57.734] `bench PC_KEY<CR><LF>
[2026-09-22T23:37:57.800] `bench PC_KEY<CR><LF>
[2026-09-22T23:37:57.862] `bench PC_KEY<CR><LF>
[2026-09-22T23:37:57.926] `bench PC_KEY<CR><LF>
[2026-09-22T23:37:57.991] `bench PC_KEY<CR><LF>
[2026-09-22T23:37:58.054] `bench PC_KEY<CR><LF>
[2026-09-22T23:37:58.118] `bench PC_KEY<CR><LF>
[2026-09-22T23:37:58.183] `bench PC_KEY<CR><LF>
[2026-09-22T23:37:58.246] `bench PC_KEY<CR><LF>
[2026-09-22T23:37:58.310] `bench PC_KEY<CR><LF>
[2026-09-22T23:37:58.374] `bench PC_KEY<CR><LF>
[2026-09-22T23:37:58.439] `bench PC_KEY<CR><LF>
[2026-09-22T23:37:58.512] `bench PC_KEY<CR><LF>
[2026-09-22T23:37:58.536] `bench PC_KEY<CR><LF>`bench crop 2 0, 32, 200, 32, 12, 104<CR><LF>`bench crop 3 320, 0, 32, 40, 140, 140<CR><LF>`bench crop 3 320, 0, 32, 40, 174, 140<CR><LF>`bench crop 3 320, 0, 32, 40, 208, 140<CR><LF>`bench crop 3 0, 0, 32, 40, 242, 140<CR><LF>`bench crop 3 320, 0, 32, 40, 140, 184<CR><LF>`bench crop 3 320, 0, 32, 40, 174, 184<CR><LF>`bench crop 3 0, 0, 32, 40, 208, 184<CR><LF>`bench update<CR><LF>Cog0  T0-12,started,hall_pin,21,hall_code,3,told_direction,CW_FROM_HUB,prompt,press_SPACE_to_stop_count
[2026-09-22T23:37:58.682] `bench PC_KEY<CR><LF>
[2026-09-22T23:37:58.795] `bench PC_KEY<CR><LF>
[2026-09-22T23:37:58.906] `bench PC_KEY<CR><LF>
[2026-09-22T23:37:59.019] `bench PC_KEY<CR><LF>
[2026-09-22T23:37:59.081] `bench PC_KEY<CR><LF>Cog0  T0-12,running,transitions,0,illegal,0,pos,0
[2026-09-22T23:37:59.149] `bench crop 2 0, 32, 200, 32, 12, 104<CR><LF>`bench crop 3 320, 0, 32, 40, 140, 140<CR><LF>`bench crop 3 320, 0, 32, 40, 174, 140<CR><LF>`bench crop 3 320, 0, 32, 40, 208, 140<CR><LF>`bench crop 3 0, 0, 32, 40, 242, 140<CR><LF>`bench crop 3 320, 0, 32, 40, 140, 184<CR><LF>`bench crop 3 320, 0, 32, 40, 174, 184<CR><LF>`bench crop 3 0, 0, 32, 40, 208, 184<CR><LF>`bench update<CR><LF>
[2026-09-22T23:37:59.245] `bench PC_KEY<CR><LF>
[2026-09-22T23:37:59.359] `bench PC_KEY<CR><LF>
[2026-09-22T23:37:59.469] `bench PC_KEY<CR><LF>
[2026-09-22T23:37:59.583] `bench PC_KEY<CR><LF>
[2026-09-22T23:37:59.644] `bench PC_KEY<CR><LF>Cog0  T0-12,running,transitions,0,illegal,0,pos,0
[2026-09-22T23:37:59.713] `bench crop 2 0, 32, 200, 32, 12, 104<CR><LF>`bench crop 3 320, 0, 32, 40, 140, 140<CR><LF>`bench crop 3 320, 0, 32, 40, 174, 140<CR><LF>`bench crop 3 320, 0, 32, 40, 208, 140<CR><LF>`bench crop 3 0, 0, 32, 40, 242, 140<CR><LF>`bench crop 3 320, 0, 32, 40, 140, 184<CR><LF>`bench crop 3 320, 0, 32, 40, 174, 184<CR><LF>`bench crop 3 0, 0, 32, 40, 208, 184<CR><LF>`bench update<CR><LF>
[2026-09-22T23:37:59.808] `bench PC_KEY<CR><LF>
[2026-09-22T23:37:59.921] `bench PC_KEY<CR><LF>
[2026-09-22T23:38:00.034] `bench PC_KEY<CR><LF>
[2026-09-22T23:38:00.144] `bench PC_KEY<CR><LF>
[2026-09-22T23:38:00.207] `bench PC_KEY<CR><LF>Cog0  T0-12,running,transitions,0,illegal,0,pos,0
[2026-09-22T23:38:00.275] `bench crop 2 0, 32, 200, 32, 12, 104<CR><LF>`bench crop 3 320, 0, 32, 40, 140, 140<CR><LF>`bench crop 3 320, 0, 32, 40, 174, 140<CR><LF>`bench crop 3 320, 0, 32, 40, 208, 140<CR><LF>`bench crop 3 0, 0, 32, 40, 242, 140<CR><LF>`bench crop 3 320, 0, 32, 40, 140, 184<CR><LF>`bench crop 3 320, 0, 32, 40, 174, 184<CR><LF>`bench crop 3 0, 0, 32, 40, 208, 184<CR><LF>`bench update<CR><LF>
[2026-09-22T23:38:00.371] `bench PC_KEY<CR><LF>
[2026-09-22T23:38:00.485] `bench PC_KEY<CR><LF>
[2026-09-22T23:38:00.595] `bench PC_KEY<CR><LF>
[2026-09-22T23:38:00.708] `bench PC_KEY<CR><LF>
[2026-09-22T23:38:00.770] `bench PC_KEY<CR><LF>Cog0  T0-12,running,transitions,4,illegal,0,pos,-4
[2026-09-22T23:38:00.842] `bench crop 2 0, 32, 200, 32, 12, 104<CR><LF>`bench crop 3 320, 0, 32, 40, 140, 140<CR><LF>`bench crop 3 320, 0, 32, 40, 174, 140<CR><LF>`bench crop 3 320, 0, 32, 40, 208, 140<CR><LF>`bench crop 3 128, 0, 32, 40, 242, 140<CR><LF>`bench crop 3 320, 0, 32, 40, 140, 184<CR><LF>`bench crop 3 320, 0, 32, 40, 174, 184<CR><LF>`bench crop 3 0, 0, 32, 40, 208, 184<CR><LF>`bench update<CR><LF>
[2026-09-22T23:38:00.934] `bench PC_KEY<CR><LF>
[2026-09-22T23:38:01.049] `bench PC_KEY<CR><LF>
[2026-09-22T23:38:01.159] `bench PC_KEY<CR><LF>
[2026-09-22T23:38:01.271] `bench PC_KEY<CR><LF>
[2026-09-22T23:38:01.333] `bench PC_KEY<CR><LF>Cog0  T0-12,running,transitions,33,illegal,0,pos,-33
[2026-09-22T23:38:01.402] `bench crop 2 0, 32, 200, 32, 12, 104<CR><LF>`bench crop 3 320, 0, 32, 40, 140, 140<CR><LF>`bench crop 3 320, 0, 32, 40, 174, 140<CR><LF>`bench crop 3 96, 0, 32, 40, 208, 140<CR><LF>`bench crop 3 96, 0, 32, 40, 242, 140<CR><LF>`bench crop 3 320, 0, 32, 40, 140, 184<CR><LF>`bench crop 3 320, 0, 32, 40, 174, 184<CR><LF>`bench crop 3 0, 0, 32, 40, 208, 184<CR><LF>`bench update<CR><LF>
[2026-09-22T23:38:01.497] `bench PC_KEY<CR><LF>
[2026-09-22T23:38:01.609] `bench PC_KEY<CR><LF>
[2026-09-22T23:38:01.722] `bench PC_KEY<CR><LF>
[2026-09-22T23:38:01.837] `bench PC_KEY<CR><LF>
[2026-09-22T23:38:01.897] `bench PC_KEY<CR><LF>Cog0  T0-12,running,transitions,71,illegal,0,pos,-71
[2026-09-22T23:38:01.966] `bench crop 2 0, 32, 200, 32, 12, 104<CR><LF>`bench crop 3 320, 0, 32, 40, 140, 140<CR><LF>`bench crop 3 320, 0, 32, 40, 174, 140<CR><LF>`bench crop 3 224, 0, 32, 40, 208, 140<CR><LF>`bench crop 3 32, 0, 32, 40, 242, 140<CR><LF>`bench crop 3 320, 0, 32, 40, 140, 184<CR><LF>`bench crop 3 320, 0, 32, 40, 174, 184<CR><LF>`bench crop 3 0, 0, 32, 40, 208, 184<CR><LF>`bench update<CR><LF>
[2026-09-22T23:38:02.061] `bench PC_KEY<CR><LF>
[2026-09-22T23:38:02.173] `bench PC_KEY<CR><LF>
[2026-09-22T23:38:02.285] `bench PC_KEY<CR><LF>
[2026-09-22T23:38:02.397] `bench PC_KEY<CR><LF>
[2026-09-22T23:38:02.460] `bench PC_KEY<CR><LF>Cog0  T0-12,running,transitions,117,illegal,0,pos,-115
[2026-09-22T23:38:02.527] `bench crop 2 0, 32, 200, 32, 12, 104<CR><LF>`bench crop 3 320, 0, 32, 40, 140, 140<CR><LF>`bench crop 3 32, 0, 32, 40, 174, 140<CR><LF>`bench crop 3 32, 0, 32, 40, 208, 140<CR><LF>`bench crop 3 224, 0, 32, 40, 242, 140<CR><LF>`bench crop 3 320, 0, 32, 40, 140, 184<CR><LF>`bench crop 3 320, 0, 32, 40, 174, 184<CR><LF>`bench crop 3 0, 0, 32, 40, 208, 184<CR><LF>`bench update<CR><LF>
[2026-09-22T23:38:02.623] `bench PC_KEY<CR><LF>
[2026-09-22T23:38:02.737] `bench PC_KEY<CR><LF>
[2026-09-22T23:38:02.847] `bench PC_KEY<CR><LF>
[2026-09-22T23:38:02.960] `bench PC_KEY<CR><LF>
[2026-09-22T23:38:03.022] `bench PC_KEY<CR><LF>Cog0  T0-12,running,transitions,165,illegal,0,pos,-163
[2026-09-22T23:38:03.089] `bench crop 2 0, 32, 200, 32, 12, 104<CR><LF>`bench crop 3 320, 0, 32, 40, 140, 140<CR><LF>`bench crop 3 32, 0, 32, 40, 174, 140<CR><LF>`bench crop 3 192, 0, 32, 40, 208, 140<CR><LF>`bench crop 3 160, 0, 32, 40, 242, 140<CR><LF>`bench crop 3 320, 0, 32, 40, 140, 184<CR><LF>`bench crop 3 320, 0, 32, 40, 174, 184<CR><LF>`bench crop 3 0, 0, 32, 40, 208, 184<CR><LF>`bench update<CR><LF>
[2026-09-22T23:38:03.184] `bench PC_KEY<CR><LF>
[2026-09-22T23:38:03.297] `bench PC_KEY<CR><LF>
[2026-09-22T23:38:03.410] `bench PC_KEY<CR><LF>
[2026-09-22T23:38:03.521] `bench PC_KEY<CR><LF>
[2026-09-22T23:38:03.585] `bench PC_KEY<CR><LF>Cog0  T0-12,running,transitions,212,illegal,0,pos,-209
[2026-09-22T23:38:03.652] `bench crop 2 0, 32, 200, 32, 12, 104<CR><LF>`bench crop 3 320, 0, 32, 40, 140, 140<CR><LF>`bench crop 3 64, 0, 32, 40, 174, 140<CR><LF>`bench crop 3 32, 0, 32, 40, 208, 140<CR><LF>`bench crop 3 64, 0, 32, 40, 242, 140<CR><LF>`bench crop 3 320, 0, 32, 40, 140, 184<CR><LF>`bench crop 3 320, 0, 32, 40, 174, 184<CR><LF>`bench crop 3 0, 0, 32, 40, 208, 184<CR><LF>`bench update<CR><LF>
[2026-09-22T23:38:03.752] `bench PC_KEY<CR><LF>
[2026-09-22T23:38:03.862] `bench PC_KEY<CR><LF>
[2026-09-22T23:38:03.974] `bench PC_KEY<CR><LF>
[2026-09-22T23:38:04.086] `bench PC_KEY<CR><LF>
[2026-09-22T23:38:04.148] `bench PC_KEY<CR><LF>Cog0  T0-12,running,transitions,256,illegal,0,pos,-253
[2026-09-22T23:38:04.218] `bench crop 2 0, 32, 200, 32, 12, 104<CR><LF>`bench crop 3 320, 0, 32, 40, 140, 140<CR><LF>`bench crop 3 64, 0, 32, 40, 174, 140<CR><LF>`bench crop 3 160, 0, 32, 40, 208, 140<CR><LF>`bench crop 3 192, 0, 32, 40, 242, 140<CR><LF>`bench crop 3 320, 0, 32, 40, 140, 184<CR><LF>`bench crop 3 320, 0, 32, 40, 174, 184<CR><LF>`bench crop 3 0, 0, 32, 40, 208, 184<CR><LF>`bench update<CR><LF>
[2026-09-22T23:38:04.312] `bench PC_KEY<CR><LF>
[2026-09-22T23:38:04.423] `bench PC_KEY<CR><LF>
[2026-09-22T23:38:04.535] `bench PC_KEY<CR><LF>
[2026-09-22T23:38:04.650] `bench PC_KEY<CR><LF>
[2026-09-22T23:38:04.710] `bench PC_KEY<CR><LF>Cog0  T0-12,running,transitions,296,illegal,0,pos,-293
[2026-09-22T23:38:04.779] `bench crop 2 0, 32, 200, 32, 12, 104<CR><LF>`bench crop 3 320, 0, 32, 40, 140, 140<CR><LF>`bench crop 3 64, 0, 32, 40, 174, 140<CR><LF>`bench crop 3 288, 0, 32, 40, 208, 140<CR><LF>`bench crop 3 192, 0, 32, 40, 242, 140<CR><LF>`bench crop 3 320, 0, 32, 40, 140, 184<CR><LF>`bench crop 3 320, 0, 32, 40, 174, 184<CR><LF>`bench crop 3 0, 0, 32, 40, 208, 184<CR><LF>`bench update<CR><LF>
[2026-09-22T23:38:04.873] `bench PC_KEY<CR><LF>
[2026-09-22T23:38:04.986] `bench PC_KEY<CR><LF>
[2026-09-22T23:38:05.097] `bench PC_KEY<CR><LF>
[2026-09-22T23:38:05.210] `bench PC_KEY<CR><LF>
[2026-09-22T23:38:05.272] `bench PC_KEY<CR><LF>Cog0  T0-12,running,transitions,339,illegal,0,pos,-336
[2026-09-22T23:38:05.339] `bench crop 2 0, 32, 200, 32, 12, 104<CR><LF>`bench crop 3 320, 0, 32, 40, 140, 140<CR><LF>`bench crop 3 96, 0, 32, 40, 174, 140<CR><LF>`bench crop 3 96, 0, 32, 40, 208, 140<CR><LF>`bench crop 3 288, 0, 32, 40, 242, 140<CR><LF>`bench crop 3 320, 0, 32, 40, 140, 184<CR><LF>`bench crop 3 320, 0, 32, 40, 174, 184<CR><LF>`bench crop 3 0, 0, 32, 40, 208, 184<CR><LF>`bench update<CR><LF>
[2026-09-22T23:38:05.436] `bench PC_KEY<CR><LF>
[2026-09-22T23:38:05.548] `bench PC_KEY<CR><LF>
[2026-09-22T23:38:05.662] `bench PC_KEY<CR><LF>
[2026-09-22T23:38:05.772] `bench PC_KEY<CR><LF>
[2026-09-22T23:38:05.835] `bench PC_KEY<CR><LF>Cog0  T0-12,running,transitions,359,illegal,0,pos,-356
[2026-09-22T23:38:05.902] `bench crop 2 0, 32, 200, 32, 12, 104<CR><LF>`bench crop 3 320, 0, 32, 40, 140, 140<CR><LF>`bench crop 3 96, 0, 32, 40, 174, 140<CR><LF>`bench crop 3 160, 0, 32, 40, 208, 140<CR><LF>`bench crop 3 288, 0, 32, 40, 242, 140<CR><LF>`bench crop 3 320, 0, 32, 40, 140, 184<CR><LF>`bench crop 3 320, 0, 32, 40, 174, 184<CR><LF>`bench crop 3 0, 0, 32, 40, 208, 184<CR><LF>`bench update<CR><LF>
[2026-09-22T23:38:05.998] `bench PC_KEY<CR><LF>
[2026-09-22T23:38:06.111] `bench PC_KEY<CR><LF>
[2026-09-22T23:38:06.222] `bench PC_KEY<CR><LF>
[2026-09-22T23:38:06.334] `bench PC_KEY<CR><LF>
[2026-09-22T23:38:06.397] `bench PC_KEY<CR><LF>Cog0  T0-12,running,transitions,363,illegal,0,pos,-360
[2026-09-22T23:38:06.469] `bench crop 2 0, 32, 200, 32, 12, 104<CR><LF>`bench crop 3 320, 0, 32, 40, 140, 140<CR><LF>`bench crop 3 96, 0, 32, 40, 174, 140<CR><LF>`bench crop 3 192, 0, 32, 40, 208, 140<CR><LF>`bench crop 3 96, 0, 32, 40, 242, 140<CR><LF>`bench crop 3 320, 0, 32, 40, 140, 184<CR><LF>`bench crop 3 320, 0, 32, 40, 174, 184<CR><LF>`bench crop 3 0, 0, 32, 40, 208, 184<CR><LF>`bench update<CR><LF>
[2026-09-22T23:38:06.561] `bench PC_KEY<CR><LF>
[2026-09-22T23:38:06.673] `bench PC_KEY<CR><LF>
[2026-09-22T23:38:06.788] `bench PC_KEY<CR><LF>
[2026-09-22T23:38:06.897] `bench PC_KEY<CR><LF>
[2026-09-22T23:38:06.960] `bench PC_KEY<CR><LF>Cog0  T0-12,running,transitions,405,illegal,0,pos,-402
[2026-09-22T23:38:07.030] `bench crop 2 0, 32, 200, 32, 12, 104<CR><LF>`bench crop 3 320, 0, 32, 40, 140, 140<CR><LF>`bench crop 3 128, 0, 32, 40, 174, 140<CR><LF>`bench crop 3 0, 0, 32, 40, 208, 140<CR><LF>`bench crop 3 160, 0, 32, 40, 242, 140<CR><LF>`bench crop 3 320, 0, 32, 40, 140, 184<CR><LF>`bench crop 3 320, 0, 32, 40, 174, 184<CR><LF>`bench crop 3 0, 0, 32, 40, 208, 184<CR><LF>`bench update<CR><LF>
[2026-09-22T23:38:07.125] `bench PC_KEY<CR><LF>
[2026-09-22T23:38:07.236] `bench PC_KEY<CR><LF>
[2026-09-22T23:38:07.351] `bench PC_KEY<CR><LF>
[2026-09-22T23:38:07.463] `bench PC_KEY<CR><LF>
[2026-09-22T23:38:07.523] `bench PC_KEY<CR><LF>Cog0  T0-12,running,transitions,462,illegal,0,pos,-458
[2026-09-22T23:38:07.591] `bench crop 2 0, 32, 200, 32, 12, 104<CR><LF>`bench crop 3 320, 0, 32, 40, 140, 140<CR><LF>`bench crop 3 128, 0, 32, 40, 174, 140<CR><LF>`bench crop 3 192, 0, 32, 40, 208, 140<CR><LF>`bench crop 3 64, 0, 32, 40, 242, 140<CR><LF>`bench crop 3 320, 0, 32, 40, 140, 184<CR><LF>`bench crop 3 320, 0, 32, 40, 174, 184<CR><LF>`bench crop 3 0, 0, 32, 40, 208, 184<CR><LF>`bench update<CR><LF>
[2026-09-22T23:38:07.687] `bench PC_KEY<CR><LF>
[2026-09-22T23:38:07.799] `bench PC_KEY<CR><LF>
[2026-09-22T23:38:07.911] `bench PC_KEY<CR><LF>
[2026-09-22T23:38:08.023] `bench PC_KEY<CR><LF>
[2026-09-22T23:38:08.086] `bench PC_KEY<CR><LF>Cog0  T0-12,running,transitions,521,illegal,0,pos,-514
[2026-09-22T23:38:08.155] `bench crop 2 0, 32, 200, 32, 12, 104<CR><LF>`bench crop 3 320, 0, 32, 40, 140, 140<CR><LF>`bench crop 3 160, 0, 32, 40, 174, 140<CR><LF>`bench crop 3 64, 0, 32, 40, 208, 140<CR><LF>`bench crop 3 32, 0, 32, 40, 242, 140<CR><LF>`bench crop 3 320, 0, 32, 40, 140, 184<CR><LF>`bench crop 3 320, 0, 32, 40, 174, 184<CR><LF>`bench crop 3 0, 0, 32, 40, 208, 184<CR><LF>`bench update<CR><LF>
[2026-09-22T23:38:08.250] `bench PC_KEY<CR><LF>
[2026-09-22T23:38:08.364] `bench PC_KEY<CR><LF>
[2026-09-22T23:38:08.474] `bench PC_KEY<CR><LF>
[2026-09-22T23:38:08.588] `bench PC_KEY<CR><LF>
[2026-09-22T23:38:08.649] `bench PC_KEY<CR><LF>Cog0  T0-12,running,transitions,575,illegal,0,pos,-567
[2026-09-22T23:38:08.716] `bench crop 2 0, 32, 200, 32, 12, 104<CR><LF>`bench crop 3 320, 0, 32, 40, 140, 140<CR><LF>`bench crop 3 160, 0, 32, 40, 174, 140<CR><LF>`bench crop 3 224, 0, 32, 40, 208, 140<CR><LF>`bench crop 3 160, 0, 32, 40, 242, 140<CR><LF>`bench crop 3 320, 0, 32, 40, 140, 184<CR><LF>`bench crop 3 320, 0, 32, 40, 174, 184<CR><LF>`bench crop 3 0, 0, 32, 40, 208, 184<CR><LF>`bench update<CR><LF>
[2026-09-22T23:38:08.812] `bench PC_KEY<CR><LF>
[2026-09-22T23:38:08.925] `bench PC_KEY<CR><LF>
[2026-09-22T23:38:09.037] `bench PC_KEY<CR><LF>
[2026-09-22T23:38:09.149] `bench PC_KEY<CR><LF>
[2026-09-22T23:38:09.211] `bench PC_KEY<CR><LF>Cog0  T0-12,running,transitions,629,illegal,0,pos,-620
[2026-09-22T23:38:09.280] `bench crop 2 0, 32, 200, 32, 12, 104<CR><LF>`bench crop 3 320, 0, 32, 40, 140, 140<CR><LF>`bench crop 3 192, 0, 32, 40, 174, 140<CR><LF>`bench crop 3 64, 0, 32, 40, 208, 140<CR><LF>`bench crop 3 288, 0, 32, 40, 242, 140<CR><LF>`bench crop 3 320, 0, 32, 40, 140, 184<CR><LF>`bench crop 3 320, 0, 32, 40, 174, 184<CR><LF>`bench crop 3 0, 0, 32, 40, 208, 184<CR><LF>`bench update<CR><LF>
[2026-09-22T23:38:09.376] `bench PC_KEY<CR><LF>
[2026-09-22T23:38:09.489] `bench PC_KEY<CR><LF>
[2026-09-22T23:38:09.599] `bench PC_KEY<CR><LF>
[2026-09-22T23:38:09.712] `bench PC_KEY<CR><LF>
[2026-09-22T23:38:09.775] `bench PC_KEY<CR><LF>Cog0  T0-12,running,transitions,682,illegal,0,pos,-673
[2026-09-22T23:38:09.845] `bench crop 2 0, 32, 200, 32, 12, 104<CR><LF>`bench crop 3 320, 0, 32, 40, 140, 140<CR><LF>`bench crop 3 192, 0, 32, 40, 174, 140<CR><LF>`bench crop 3 256, 0, 32, 40, 208, 140<CR><LF>`bench crop 3 64, 0, 32, 40, 242, 140<CR><LF>`bench crop 3 320, 0, 32, 40, 140, 184<CR><LF>`bench crop 3 320, 0, 32, 40, 174, 184<CR><LF>`bench crop 3 0, 0, 32, 40, 208, 184<CR><LF>`bench update<CR><LF>
[2026-09-22T23:38:09.938] `bench PC_KEY<CR><LF>
[2026-09-22T23:38:10.049] `bench PC_KEY<CR><LF>
[2026-09-22T23:38:10.161] `bench PC_KEY<CR><LF>
[2026-09-22T23:38:10.276] `bench PC_KEY<CR><LF>
[2026-09-22T23:38:10.337] `bench PC_KEY<CR><LF>Cog0  T0-12,running,transitions,726,illegal,0,pos,-717
[2026-09-22T23:38:10.407] `bench crop 2 0, 32, 200, 32, 12, 104<CR><LF>`bench crop 3 320, 0, 32, 40, 140, 140<CR><LF>`bench crop 3 224, 0, 32, 40, 174, 140<CR><LF>`bench crop 3 64, 0, 32, 40, 208, 140<CR><LF>`bench crop 3 192, 0, 32, 40, 242, 140<CR><LF>`bench crop 3 320, 0, 32, 40, 140, 184<CR><LF>`bench crop 3 320, 0, 32, 40, 174, 184<CR><LF>`bench crop 3 0, 0, 32, 40, 208, 184<CR><LF>`bench update<CR><LF>
[2026-09-22T23:38:10.500] `bench PC_KEY<CR><LF>
[2026-09-22T23:38:10.615] `bench PC_KEY<CR><LF>
[2026-09-22T23:38:10.725] `bench PC_KEY<CR><LF>
[2026-09-22T23:38:10.839] `bench PC_KEY<CR><LF>
[2026-09-22T23:38:10.900] `bench PC_KEY<CR><LF>Cog0  T0-12,running,transitions,768,illegal,0,pos,-759
[2026-09-22T23:38:10.967] `bench crop 2 0, 32, 200, 32, 12, 104<CR><LF>`bench crop 3 320, 0, 32, 40, 140, 140<CR><LF>`bench crop 3 224, 0, 32, 40, 174, 140<CR><LF>`bench crop 3 192, 0, 32, 40, 208, 140<CR><LF>`bench crop 3 256, 0, 32, 40, 242, 140<CR><LF>`bench crop 3 320, 0, 32, 40, 140, 184<CR><LF>`bench crop 3 320, 0, 32, 40, 174, 184<CR><LF>`bench crop 3 0, 0, 32, 40, 208, 184<CR><LF>`bench update<CR><LF>
[2026-09-22T23:38:11.064] `bench PC_KEY<CR><LF>
[2026-09-22T23:38:11.175] `bench PC_KEY<CR><LF>
[2026-09-22T23:38:11.291] `bench PC_KEY<CR><LF>
[2026-09-22T23:38:11.402] `bench PC_KEY<CR><LF>
[2026-09-22T23:38:11.463] `bench PC_KEY<CR><LF>Cog0  T0-12,running,transitions,811,illegal,0,pos,-801
[2026-09-22T23:38:11.531] `bench crop 2 0, 32, 200, 32, 12, 104<CR><LF>`bench crop 3 320, 0, 32, 40, 140, 140<CR><LF>`bench crop 3 256, 0, 32, 40, 174, 140<CR><LF>`bench crop 3 32, 0, 32, 40, 208, 140<CR><LF>`bench crop 3 32, 0, 32, 40, 242, 140<CR><LF>`bench crop 3 320, 0, 32, 40, 140, 184<CR><LF>`bench crop 3 320, 0, 32, 40, 174, 184<CR><LF>`bench crop 3 0, 0, 32, 40, 208, 184<CR><LF>`bench update<CR><LF>
[2026-09-22T23:38:11.627] `bench PC_KEY<CR><LF>
[2026-09-22T23:38:11.741] `bench PC_KEY<CR><LF>
[2026-09-22T23:38:11.852] `bench PC_KEY<CR><LF>
[2026-09-22T23:38:11.963] `bench PC_KEY<CR><LF>
[2026-09-22T23:38:12.026] `bench PC_KEY<CR><LF>Cog0  T0-12,running,transitions,850,illegal,0,pos,-840
[2026-09-22T23:38:12.092] `bench crop 2 0, 32, 200, 32, 12, 104<CR><LF>`bench crop 3 320, 0, 32, 40, 140, 140<CR><LF>`bench crop 3 256, 0, 32, 40, 174, 140<CR><LF>`bench crop 3 160, 0, 32, 40, 208, 140<CR><LF>`bench crop 3 0, 0, 32, 40, 242, 140<CR><LF>`bench crop 3 320, 0, 32, 40, 140, 184<CR><LF>`bench crop 3 320, 0, 32, 40, 174, 184<CR><LF>`bench crop 3 0, 0, 32, 40, 208, 184<CR><LF>`bench update<CR><LF>
[2026-09-22T23:38:12.188] `bench PC_KEY<CR><LF>
[2026-09-22T23:38:12.300] `bench PC_KEY<CR><LF>
[2026-09-22T23:38:12.414] `bench PC_KEY<CR><LF>
[2026-09-22T23:38:12.527] `bench PC_KEY<CR><LF>
[2026-09-22T23:38:12.588] `bench PC_KEY<CR><LF>Cog0  T0-12,running,transitions,886,illegal,0,pos,-876
[2026-09-22T23:38:12.656] `bench crop 2 0, 32, 200, 32, 12, 104<CR><LF>`bench crop 3 320, 0, 32, 40, 140, 140<CR><LF>`bench crop 3 256, 0, 32, 40, 174, 140<CR><LF>`bench crop 3 256, 0, 32, 40, 208, 140<CR><LF>`bench crop 3 192, 0, 32, 40, 242, 140<CR><LF>`bench crop 3 320, 0, 32, 40, 140, 184<CR><LF>`bench crop 3 320, 0, 32, 40, 174, 184<CR><LF>`bench crop 3 0, 0, 32, 40, 208, 184<CR><LF>`bench update<CR><LF>
[2026-09-22T23:38:12.752] `bench PC_KEY<CR><LF>
[2026-09-22T23:38:12.864] `bench PC_KEY<CR><LF>
[2026-09-22T23:38:12.976] `bench PC_KEY<CR><LF>
[2026-09-22T23:38:13.089] `bench PC_KEY<CR><LF>
[2026-09-22T23:38:13.150] `bench PC_KEY<CR><LF>Cog0  T0-12,running,transitions,923,illegal,0,pos,-913
[2026-09-22T23:38:13.221] `bench crop 2 0, 32, 200, 32, 12, 104<CR><LF>`bench crop 3 320, 0, 32, 40, 140, 140<CR><LF>`bench crop 3 288, 0, 32, 40, 174, 140<CR><LF>`bench crop 3 64, 0, 32, 40, 208, 140<CR><LF>`bench crop 3 96, 0, 32, 40, 242, 140<CR><LF>`bench crop 3 320, 0, 32, 40, 140, 184<CR><LF>`bench crop 3 320, 0, 32, 40, 174, 184<CR><LF>`bench crop 3 0, 0, 32, 40, 208, 184<CR><LF>`bench update<CR><LF>
[2026-09-22T23:38:13.315] `bench PC_KEY<CR><LF>
[2026-09-22T23:38:13.426] `bench PC_KEY<CR><LF>
[2026-09-22T23:38:13.540] `bench PC_KEY<CR><LF>
[2026-09-22T23:38:13.650] `bench PC_KEY<CR><LF>
[2026-09-22T23:38:13.713] `bench PC_KEY<CR><LF>Cog0  T0-12,running,transitions,956,illegal,0,pos,-946
[2026-09-22T23:38:13.781] `bench crop 2 0, 32, 200, 32, 12, 104<CR><LF>`bench crop 3 320, 0, 32, 40, 140, 140<CR><LF>`bench crop 3 288, 0, 32, 40, 174, 140<CR><LF>`bench crop 3 160, 0, 32, 40, 208, 140<CR><LF>`bench crop 3 192, 0, 32, 40, 242, 140<CR><LF>`bench crop 3 320, 0, 32, 40, 140, 184<CR><LF>`bench crop 3 320, 0, 32, 40, 174, 184<CR><LF>`bench crop 3 0, 0, 32, 40, 208, 184<CR><LF>`bench update<CR><LF>
[2026-09-22T23:38:13.876] `bench PC_KEY<CR><LF>
[2026-09-22T23:38:13.990] `bench PC_KEY<CR><LF>
[2026-09-22T23:38:14.101] `bench PC_KEY<CR><LF>
[2026-09-22T23:38:14.214] `bench PC_KEY<CR><LF>
[2026-09-22T23:38:14.276] `bench PC_KEY<CR><LF>Cog0  T0-12,running,transitions,956,illegal,0,pos,-946
[2026-09-22T23:38:14.345] `bench crop 2 0, 32, 200, 32, 12, 104<CR><LF>`bench crop 3 320, 0, 32, 40, 140, 140<CR><LF>`bench crop 3 288, 0, 32, 40, 174, 140<CR><LF>`bench crop 3 160, 0, 32, 40, 208, 140<CR><LF>`bench crop 3 192, 0, 32, 40, 242, 140<CR><LF>`bench crop 3 320, 0, 32, 40, 140, 184<CR><LF>`bench crop 3 320, 0, 32, 40, 174, 184<CR><LF>`bench crop 3 0, 0, 32, 40, 208, 184<CR><LF>`bench update<CR><LF>
[2026-09-22T23:38:14.441] `bench PC_KEY<CR><LF>
[2026-09-22T23:38:14.553] `bench PC_KEY<CR><LF>
[2026-09-22T23:38:14.616] `bench PC_KEY<CR><LF>`bench crop 2 0, 64, 200, 32, 12, 104<CR><LF>`bench crop 3 320, 0, 32, 40, 140, 140<CR><LF>`bench crop 3 288, 0, 32, 40, 174, 140<CR><LF>`bench crop 3 160, 0, 32, 40, 208, 140<CR><LF>`bench crop 3 192, 0, 32, 40, 242, 140<CR><LF>`bench crop 3 320, 0, 32, 40, 140, 184<CR><LF>`bench crop 3 320, 0, 32, 40, 174, 184<CR><LF>`bench crop 3 0, 0, 32, 40, 208, 184<CR><LF>`bench update<CR><LF>Cog0  T0-12,end,transitions,956,illegal,0,pos,-946,final_hall_code,3,told_direction,CW_FROM_HUB,note,expect_90_per_revolution_(5.763_mm_per_tick)
[2026-09-22T23:38:14.632] Cog0  T0-TRAP,code,0
[2026-09-22T23:38:14.632] Cog0  * test_bench_t0 -- DONE
[2026-09-22T23:38:14.632] Cog0  DEBUG_END_SESSION

=== Debug Logger Session Ended at 2026-09-22T23:38:14.635 ===
