
================================================================================
USB Traffic Log Session Started: 2026-09-22T21:59:18.597
PNut-Term-TS: v1.0.8
================================================================================
[USB RECV 2026-09-22T21:59:20.539] Received 39 bytes
[USB RECV HEX/ASCII]:
  0000: $43 $6F $67 $30 $20 $20 $49 $4E  $49 $54 $20 $24 $30 $30 $30 $30  Cog0  INIT $0000
  0010: $5F $30 $30 $30 $30 $20 $24 $30  $30 $30 $30 $5F $30 $30 $30 $30  _0000 $0000_0000
  0020: $20 $6C $6F $61 $64 $0D $0A                                        load..
[USB RECV 2026-09-22T21:59:20.540] Received 62 bytes
[USB RECV HEX/ASCII]:
  0000: $43 $6F $67 $30 $20 $20 $49 $4E  $49 $54 $20 $24 $30 $30 $30 $30  Cog0  INIT $0000
  0010: $5F $30 $46 $41 $38 $20 $24 $30  $30 $30 $30 $5F $42 $45 $39 $38  _0FA8 $0000_BE98
  0020: $20 $6A $75 $6D $70 $0D $0A $43  $6F $67 $30 $20 $20 $2A $20 $74   jump..Cog0  * t
  0030: $65 $73 $74 $5F $62 $65 $6E $63  $68 $5F $74 $30 $20 $2D          est_bench_t0 -
[USB RECV 2026-09-22T21:59:20.540] Received 62 bytes
[USB RECV HEX/ASCII]:
  0000: $2D $20 $54 $69 $65 $72 $20 $30  $3A $20 $6E $6F $20 $6D $6F $74  - Tier 0: no mot
  0010: $69 $6F $6E $20 $2D $2D $20 $73  $72 $63 $5F $72 $65 $76 $20 $31  ion -- src_rev 1
  0020: $30 $0D $0A $43 $6F $67 $30 $20  $20 $2A $20 $61 $63 $74 $69 $76  0..Cog0  * activ
  0030: $65 $20 $63 $6F $6E $66 $69 $67  $3A $20 $6D $6F $74 $6F          e config: moto
[USB RECV 2026-09-22T21:59:20.540] Received 62 bytes
[USB RECV HEX/ASCII]:
  0000: $72 $5F $74 $79 $70 $65 $5F $65  $6E $75 $6D $3D $30 $20 $62 $61  r_type_enum=0 ba
  0010: $73 $65 $3D $31 $36 $20 $76 $6F  $6C $74 $61 $67 $65 $5F $65 $6E  se=16 voltage_en
  0020: $75 $6D $3D $36 $20 $77 $68 $65  $65 $6C $5F $64 $69 $61 $5F $78  um=6 wheel_dia_x
  0030: $31 $30 $3D $36 $35 $0D $0A $43  $6F $67 $30 $20 $20 $2A          10=65..Cog0  *
[USB RECV 2026-09-22T21:59:20.542] Received 62 bytes
[USB RECV HEX/ASCII]:
  0000: $20 $62 $65 $6E $63 $68 $20 $65  $78 $70 $65 $63 $74 $73 $20 $4D   bench expects M
  0010: $4F $54 $4F $52 $5F $54 $59 $50  $45 $3D $4D $4F $54 $52 $5F $36  OTOR_TYPE=MOTR_6
  0020: $5F $35 $5F $49 $4E $43 $48 $20  $28 $30 $29 $20 $61 $6E $64 $20  _5_INCH (0) and 
  0030: $77 $68 $65 $65 $6C $5F $64 $69  $61 $5F $78 $31 $30 $3D          wheel_dia_x10=
[USB RECV 2026-09-22T21:59:20.542] Received 62 bytes
[USB RECV HEX/ASCII]:
  0000: $36 $35 $3B $20 $77 $69 $74 $68  $20 $77 $68 $65 $65 $6C $5F $64  65; with wheel_d
  0010: $69 $61 $5F $78 $31 $30 $3D $30  $20 $74 $68 $65 $20 $54 $30 $2D  ia_x10=0 the T0-
  0020: $33 $2F $54 $30 $2D $36 $20 $64  $69 $73 $74 $61 $6E $63 $65 $20  3/T0-6 distance 
  0030: $63 $6F $6E $76 $65 $72 $73 $69  $6F $6E $73 $20 $72 $65          conversions re
[USB RECV 2026-09-22T21:59:20.542] Received 62 bytes
[USB RECV HEX/ASCII]:
  0000: $70 $6F $72 $74 $20 $75 $6E $61  $76 $61 $69 $6C $61 $62 $6C $65  port unavailable
  0010: $20 $72 $61 $74 $68 $65 $72 $20  $74 $68 $61 $6E $20 $61 $20 $74   rather than a t
  0020: $69 $63 $6B $20 $63 $6F $75 $6E  $74 $0D $0A $43 $6F $67 $30 $20  ick count..Cog0 
  0030: $20 $54 $30 $2D $31 $32 $2C $62  $65 $67 $69 $6E $2C $74           T0-12,begin,t
[USB RECV 2026-09-22T21:59:20.542] Received 62 bytes
[USB RECV HEX/ASCII]:
  0000: $6F $6C $64 $5F $64 $69 $72 $65  $63 $74 $69 $6F $6E $2C $43 $57  old_direction,CW
  0010: $5F $46 $52 $4F $4D $5F $48 $55  $42 $2C $72 $65 $76 $6F $6C $75  _FROM_HUB,revolu
  0020: $74 $69 $6F $6E $73 $2C $33 $2C  $77 $68 $65 $65 $6C $2C $52 $49  tions,3,wheel,RI
  0030: $47 $48 $54 $5F $50 $31 $36 $2C  $70 $72 $6F $6D $70 $74          GHT_P16,prompt
[USB RECV 2026-09-22T21:59:20.543] Received 62 bytes
[USB RECV HEX/ASCII]:
  0000: $2C $70 $72 $65 $73 $73 $5F $53  $5F $74 $68 $65 $6E $5F $74 $75  ,press_S_then_tu
  0010: $72 $6E $5F $74 $68 $65 $5F $77  $68 $65 $65 $6C $5F $62 $79 $5F  rn_the_wheel_by_
  0020: $68 $61 $6E $64 $5F $74 $68 $65  $6E $5F $70 $72 $65 $73 $73 $5F  hand_then_press_
  0030: $53 $50 $41 $43 $45 $0D $0A $60  $62 $65 $6E $63 $68 $20          SPACE..`bench 
[USB RECV 2026-09-22T21:59:20.557] Received 8 bytes
[USB RECV HEX/ASCII]:
  0000: $50 $43 $5F $4B $45 $59 $0D $0A                                   PC_KEY..
