
================================================================================
USB Traffic Log Session Started: 2026-09-22T22:00:03.404
PNut-Term-TS: v1.0.8
================================================================================
[USB RECV 2026-09-22T22:00:05.347] Received 39 bytes
[USB RECV HEX/ASCII]:
  0000: $43 $6F $67 $30 $20 $20 $49 $4E  $49 $54 $20 $24 $30 $30 $30 $30  Cog0  INIT $0000
  0010: $5F $30 $30 $30 $30 $20 $24 $30  $30 $30 $30 $5F $30 $30 $30 $30  _0000 $0000_0000
  0020: $20 $6C $6F $61 $64 $0D $0A                                        load..
[USB RECV 2026-09-22T22:00:05.354] Received 62 bytes
[USB RECV HEX/ASCII]:
  0000: $43 $6F $67 $30 $20 $20 $49 $4E  $49 $54 $20 $24 $30 $30 $30 $30  Cog0  INIT $0000
  0010: $5F $30 $46 $41 $38 $20 $24 $30  $30 $30 $30 $5F $43 $36 $44 $34  _0FA8 $0000_C6D4
  0020: $20 $6A $75 $6D $70 $0D $0A $43  $6F $67 $30 $20 $20 $2A $20 $74   jump..Cog0  * t
  0030: $65 $73 $74 $5F $62 $65 $6E $63  $68 $5F $74 $30 $20 $2D          est_bench_t0 -
[USB RECV 2026-09-22T22:00:05.354] Received 62 bytes
[USB RECV HEX/ASCII]:
  0000: $2D $20 $54 $30 $2D $32 $34 $20  $73 $74 $6F $70 $2D $73 $74 $61  - T0-24 stop-sta
  0010: $74 $65 $20 $68 $61 $6E $64 $20  $74 $65 $73 $74 $3A $20 $41 $54  te hand test: AT
  0020: $54 $45 $4E $44 $45 $44 $2C $20  $54 $48 $45 $20 $57 $48 $45 $45  TENDED, THE WHEE
  0030: $4C $20 $53 $50 $49 $4E $53 $20  $4F $4E $20 $54 $57 $4F          L SPINS ON TWO
[USB RECV 2026-09-22T22:00:05.355] Received 62 bytes
[USB RECV HEX/ASCII]:
  0000: $20 $52 $4F $57 $53 $20 $2D $2D  $20 $73 $72 $63 $5F $72 $65 $76   ROWS -- src_rev
  0010: $20 $31 $30 $0D $0A $43 $6F $67  $30 $20 $20 $2A $20 $61 $63 $74   10..Cog0  * act
  0020: $69 $76 $65 $20 $63 $6F $6E $66  $69 $67 $3A $20 $6D $6F $74 $6F  ive config: moto
  0030: $72 $5F $74 $79 $70 $65 $5F $65  $6E $75 $6D $3D $30 $20          r_type_enum=0 
[USB RECV 2026-09-22T22:00:05.355] Received 62 bytes
[USB RECV HEX/ASCII]:
  0000: $62 $61 $73 $65 $3D $31 $36 $20  $76 $6F $6C $74 $61 $67 $65 $5F  base=16 voltage_
  0010: $65 $6E $75 $6D $3D $36 $20 $77  $68 $65 $65 $6C $5F $64 $69 $61  enum=6 wheel_dia
  0020: $5F $78 $31 $30 $3D $36 $35 $0D  $0A $43 $6F $67 $30 $20 $20 $2A  _x10=65..Cog0  *
  0030: $20 $62 $65 $6E $63 $68 $20 $65  $78 $70 $65 $63 $74 $73           bench expects
[USB RECV 2026-09-22T22:00:05.355] Received 62 bytes
[USB RECV HEX/ASCII]:
  0000: $20 $4D $4F $54 $4F $52 $5F $54  $59 $50 $45 $3D $4D $4F $54 $52   MOTOR_TYPE=MOTR
  0010: $5F $36 $5F $35 $5F $49 $4E $43  $48 $20 $28 $30 $29 $20 $61 $6E  _6_5_INCH (0) an
  0020: $64 $20 $77 $68 $65 $65 $6C $5F  $64 $69 $61 $5F $78 $31 $30 $3D  d wheel_dia_x10=
  0030: $36 $35 $3B $20 $77 $69 $74 $68  $20 $77 $68 $65 $65 $6C          65; with wheel
[USB RECV 2026-09-22T22:00:05.356] Received 62 bytes
[USB RECV HEX/ASCII]:
  0000: $5F $64 $69 $61 $5F $78 $31 $30  $3D $30 $20 $74 $68 $65 $20 $54  _dia_x10=0 the T
  0010: $30 $2D $33 $2F $54 $30 $2D $36  $20 $64 $69 $73 $74 $61 $6E $63  0-3/T0-6 distanc
  0020: $65 $20 $63 $6F $6E $76 $65 $72  $73 $69 $6F $6E $73 $20 $72 $65  e conversions re
  0030: $70 $6F $72 $74 $20 $75 $6E $61  $76 $61 $69 $6C $61 $62          port unavailab
[USB RECV 2026-09-22T22:00:05.356] Received 62 bytes
[USB RECV HEX/ASCII]:
  0000: $6C $65 $20 $72 $61 $74 $68 $65  $72 $20 $74 $68 $61 $6E $20 $61  le rather than a
  0010: $20 $74 $69 $63 $6B $20 $63 $6F  $75 $6E $74 $0D $0A $43 $6F $67   tick count..Cog
  0020: $30 $20 $20 $53 $49 $47 $4E $4F  $46 $46 $2D $44 $45 $43 $4C $2C  0  SIGNOFF-DECL,
  0030: $73 $66 $2C $31 $2C $62 $69 $6E  $2C $54 $30 $2C $63 $65          sf,1,bin,T0,ce
[USB RECV 2026-09-22T22:00:05.356] Received 62 bytes
[USB RECV HEX/ASCII]:
  0000: $6C $6C $2C $52 $31 $37 $2D $54  $30 $2D $48 $4F $4C $44 $50 $57  ll,R17-T0-HOLDPW
  0010: $52 $2C $74 $61 $73 $6B $2C $33  $35 $37 $38 $0D $0A $43 $6F $67  R,task,3578..Cog
  0020: $30 $20 $20 $53 $49 $47 $4E $4F  $46 $46 $2D $44 $45 $43 $4C $2C  0  SIGNOFF-DECL,
  0030: $73 $66 $2C $31 $2C $62 $69 $6E  $2C $54 $30 $2C $63 $65          sf,1,bin,T0,ce
[USB RECV 2026-09-22T22:00:05.357] Received 62 bytes
[USB RECV HEX/ASCII]:
  0000: $6C $6C $2C $52 $31 $37 $2D $54  $30 $2D $52 $45 $53 $54 $43 $4F  ll,R17-T0-RESTCO
  0010: $41 $53 $54 $2C $74 $61 $73 $6B  $2C $33 $35 $37 $38 $0D $0A $43  AST,task,3578..C
  0020: $6F $67 $30 $20 $20 $53 $49 $47  $4E $4F $46 $46 $2D $44 $45 $43  og0  SIGNOFF-DEC
  0030: $4C $2C $73 $66 $2C $31 $2C $62  $69 $6E $2C $54 $30 $2C          L,sf,1,bin,T0,
[USB RECV 2026-09-22T22:00:05.357] Received 62 bytes
[USB RECV HEX/ASCII]:
  0000: $63 $65 $6C $6C $2C $52 $31 $37  $2D $54 $30 $2D $52 $45 $53 $54  cell,R17-T0-REST
  0010: $53 $48 $4F $52 $54 $2C $74 $61  $73 $6B $2C $33 $35 $37 $38 $0D  SHORT,task,3578.
  0020: $0A $43 $6F $67 $30 $20 $20 $53  $49 $47 $4E $4F $46 $46 $2D $44  .Cog0  SIGNOFF-D
  0030: $45 $43 $4C $2C $73 $66 $2C $31  $2C $62 $69 $6E $2C $54          ECL,sf,1,bin,T
[USB RECV 2026-09-22T22:00:05.357] Received 62 bytes
[USB RECV HEX/ASCII]:
  0000: $30 $2C $63 $65 $6C $6C $2C $52  $31 $37 $2D $54 $30 $2D $53 $54  0,cell,R17-T0-ST
  0010: $4F $50 $47 $41 $50 $2C $74 $61  $73 $6B $2C $33 $35 $37 $38 $0D  OPGAP,task,3578.
  0020: $0A $43 $6F $67 $30 $20 $20 $53  $49 $47 $4E $4F $46 $46 $2D $44  .Cog0  SIGNOFF-D
  0030: $45 $43 $4C $2C $73 $66 $2C $31  $2C $62 $69 $6E $2C $54          ECL,sf,1,bin,T
[USB RECV 2026-09-22T22:00:05.358] Received 62 bytes
[USB RECV HEX/ASCII]:
  0000: $30 $2C $63 $65 $6C $6C $2C $52  $31 $37 $2D $54 $30 $2D $46 $4C  0,cell,R17-T0-FL
  0010: $54 $43 $4F $41 $53 $54 $2C $74  $61 $73 $6B $2C $33 $35 $37 $38  TCOAST,task,3578
  0020: $0D $0A $43 $6F $67 $30 $20 $20  $53 $49 $47 $4E $4F $46 $46 $2D  ..Cog0  SIGNOFF-
  0030: $44 $45 $43 $4C $2C $73 $66 $2C  $31 $2C $62 $69 $6E $2C          DECL,sf,1,bin,
[USB RECV 2026-09-22T22:00:05.358] Received 62 bytes
[USB RECV HEX/ASCII]:
  0000: $54 $30 $2C $63 $65 $6C $6C $2C  $52 $31 $37 $2D $54 $30 $2D $46  T0,cell,R17-T0-F
  0010: $4C $54 $53 $48 $4F $52 $54 $2C  $74 $61 $73 $6B $2C $33 $35 $37  LTSHORT,task,357
  0020: $38 $0D $0A $43 $6F $67 $30 $20  $20 $53 $49 $47 $4E $4F $46 $46  8..Cog0  SIGNOFF
  0030: $2D $44 $45 $43 $4C $2C $73 $66  $2C $31 $2C $62 $69 $6E          -DECL,sf,1,bin
[USB RECV 2026-09-22T22:00:05.358] Received 62 bytes
[USB RECV HEX/ASCII]:
  0000: $2C $54 $30 $2C $63 $65 $6C $6C  $2C $52 $31 $37 $2D $54 $30 $2D  ,T0,cell,R17-T0-
  0010: $46 $4C $54 $47 $41 $50 $2C $74  $61 $73 $6B $2C $33 $35 $37 $38  FLTGAP,task,3578
  0020: $0D $0A $43 $6F $67 $30 $20 $20  $53 $49 $47 $4E $4F $46 $46 $2D  ..Cog0  SIGNOFF-
  0030: $44 $45 $43 $4C $2C $73 $66 $2C  $31 $2C $62 $69 $6E $2C          DECL,sf,1,bin,
[USB RECV 2026-09-22T22:00:05.359] Received 62 bytes
[USB RECV HEX/ASCII]:
  0000: $54 $30 $2C $63 $65 $6C $6C $2C  $52 $31 $37 $2D $54 $30 $2D $46  T0,cell,R17-T0-F
  0010: $52 $45 $45 $52 $45 $46 $2C $74  $61 $73 $6B $2C $33 $35 $37 $38  REEREF,task,3578
  0020: $0D $0A $43 $6F $67 $30 $20 $20  $54 $30 $2D $32 $34 $2C $62 $65  ..Cog0  T0-24,be
  0030: $67 $69 $6E $2C $77 $68 $65 $65  $6C $2C $52 $49 $47 $48          gin,wheel,RIGH
[USB RECV 2026-09-22T22:00:05.359] Received 62 bytes
[USB RECV HEX/ASCII]:
  0000: $54 $5F $50 $31 $36 $2C $72 $6F  $77 $73 $2C $36 $2C $66 $61 $75  T_P16,rows,6,fau
  0010: $6C $74 $5F $70 $6F $77 $65 $72  $2C $35 $30 $2C $70 $72 $6F $6D  lt_power,50,prom
  0020: $70 $74 $2C $65 $61 $63 $68 $5F  $72 $6F $77 $5F $6E $61 $6D $65  pt,each_row_name
  0030: $73 $5F $77 $68 $61 $74 $5F $74  $6F $5F $64 $6F $5F $6F          s_what_to_do_o
[USB RECV 2026-09-22T22:00:05.363] Received 62 bytes
[USB RECV HEX/ASCII]:
  0000: $6E $5F $74 $68 $65 $5F $70 $61  $6E $65 $6C $5F $62 $65 $66 $6F  n_the_panel_befo
  0010: $72 $65 $5F $69 $74 $5F $72 $75  $6E $73 $0D $0A $43 $6F $67 $31  re_it_runs..Cog1
  0020: $20 $20 $49 $4E $49 $54 $20 $24  $30 $30 $30 $30 $5F $35 $33 $37    INIT $0000_537
  0030: $36 $20 $24 $30 $30 $30 $30 $5F  $38 $45 $31 $33 $20 $6C          6 $0000_8E13 l
[USB RECV 2026-09-22T22:00:05.379] Received 44 bytes
[USB RECV HEX/ASCII]:
  0000: $6F $61 $64 $0D $0A $43 $6F $67  $32 $20 $20 $49 $4E $49 $54 $20  oad..Cog2  INIT 
  0010: $24 $30 $30 $30 $30 $5F $30 $46  $41 $38 $20 $24 $30 $30 $30 $30  $0000_0FA8 $0000
  0020: $5F $38 $38 $45 $33 $20 $6A $75  $6D $70 $0D $0A                  _88E3 jump..
[USB RECV 2026-09-22T22:00:06.375] Received 62 bytes
[USB RECV HEX/ASCII]:
  0000: $43 $6F $67 $30 $20 $20 $54 $30  $2D $32 $34 $2C $72 $6F $77 $2C  Cog0  T0-24,row,
  0010: $30 $2C $61 $72 $6D $2C $70 $72  $65 $64 $69 $63 $74 $69 $6F $6E  0,arm,prediction
  0020: $2C $48 $45 $4C $44 $5F $41 $54  $5F $41 $5F $46 $49 $58 $45 $44  ,HELD_AT_A_FIXED
  0030: $5F $41 $4E $47 $4C $45 $5F $43  $4F $47 $47 $49 $4E $47          _ANGLE_COGGING
[USB RECV 2026-09-22T22:00:06.375] Received 62 bytes
[USB RECV HEX/ASCII]:
  0000: $5F $52 $45 $53 $49 $53 $54 $41  $4E $43 $45 $5F $41 $4E $44 $5F  _RESISTANCE_AND_
  0010: $41 $5F $52 $45 $43 $4F $52 $44  $45 $44 $5F $46 $41 $55 $4C $54  A_RECORDED_FAULT
  0020: $5F $57 $48 $45 $4E $5F $54 $55  $52 $4E $45 $44 $2C $61 $73 $6B  _WHEN_TURNED,ask
  0030: $69 $6E $67 $5F $66 $6F $72 $2C  $54 $55 $52 $4E $5F $49          ing_for,TURN_I
[USB RECV 2026-09-22T22:00:06.375] Received 62 bytes
[USB RECV HEX/ASCII]:
  0000: $54 $5F $53 $4C $4F $57 $4C $59  $5F $41 $42 $4F $55 $54 $5F $48  T_SLOWLY_ABOUT_H
  0010: $41 $4C $46 $5F $41 $5F $54 $55  $52 $4E $5F $54 $48 $45 $4E $5F  ALF_A_TURN_THEN_
  0020: $50 $52 $45 $53 $53 $5F $53 $50  $41 $43 $45 $2C $70 $72 $6F $6D  PRESS_SPACE,prom
  0030: $70 $74 $2C $70 $72 $65 $73 $73  $5F $53 $5F $77 $68 $65          pt,press_S_whe
[USB RECV 2026-09-22T22:00:06.391] Received 9 bytes
[USB RECV HEX/ASCII]:
  0000: $6E $5F $72 $65 $61 $64 $79 $0D  $0A                              n_ready..
