
================================================================================
USB Traffic Log Session Started: 2026-09-22T23:41:43.924
PNut-Term-TS: v1.0.8
================================================================================
[USB RECV 2026-09-22T23:41:45.841] Received 39 bytes
[USB RECV HEX/ASCII]:
  0000: $43 $6F $67 $30 $20 $20 $49 $4E  $49 $54 $20 $24 $30 $30 $30 $30  Cog0  INIT $0000
  0010: $5F $30 $30 $30 $30 $20 $24 $30  $30 $30 $30 $5F $30 $30 $30 $30  _0000 $0000_0000
  0020: $20 $6C $6F $61 $64 $0D $0A                                        load..
[USB RECV 2026-09-22T23:41:45.845] Received 62 bytes
[USB RECV HEX/ASCII]:
  0000: $43 $6F $67 $30 $20 $20 $49 $4E  $49 $54 $20 $24 $30 $30 $30 $30  Cog0  INIT $0000
  0010: $5F $30 $46 $41 $38 $20 $24 $30  $30 $30 $30 $5F $43 $32 $36 $43  _0FA8 $0000_C26C
  0020: $20 $6A $75 $6D $70 $0D $0A $43  $6F $67 $30 $20 $20 $2A $20 $74   jump..Cog0  * t
  0030: $65 $73 $74 $5F $62 $65 $6E $63  $68 $5F $74 $30 $20 $2D          est_bench_t0 -
[USB RECV 2026-09-22T23:41:45.845] Received 62 bytes
[USB RECV HEX/ASCII]:
  0000: $2D $20 $54 $69 $65 $72 $20 $30  $3A $20 $6E $6F $20 $6D $6F $74  - Tier 0: no mot
  0010: $69 $6F $6E $20 $2D $2D $20 $73  $72 $63 $5F $72 $65 $76 $20 $31  ion -- src_rev 1
  0020: $31 $0D $0A $43 $6F $67 $30 $20  $20 $2A $20 $61 $63 $74 $69 $76  1..Cog0  * activ
  0030: $65 $20 $63 $6F $6E $66 $69 $67  $3A $20 $6D $6F $74 $6F          e config: moto
[USB RECV 2026-09-22T23:41:45.846] Received 62 bytes
[USB RECV HEX/ASCII]:
  0000: $72 $5F $74 $79 $70 $65 $5F $65  $6E $75 $6D $3D $30 $20 $62 $61  r_type_enum=0 ba
  0010: $73 $65 $3D $31 $36 $20 $76 $6F  $6C $74 $61 $67 $65 $5F $65 $6E  se=16 voltage_en
  0020: $75 $6D $3D $36 $20 $77 $68 $65  $65 $6C $5F $64 $69 $61 $5F $78  um=6 wheel_dia_x
  0030: $31 $30 $3D $36 $35 $0D $0A $43  $6F $67 $30 $20 $20 $2A          10=65..Cog0  *
[USB RECV 2026-09-22T23:41:45.846] Received 62 bytes
[USB RECV HEX/ASCII]:
  0000: $20 $62 $65 $6E $63 $68 $20 $65  $78 $70 $65 $63 $74 $73 $20 $4D   bench expects M
  0010: $4F $54 $4F $52 $5F $54 $59 $50  $45 $3D $4D $4F $54 $52 $5F $36  OTOR_TYPE=MOTR_6
  0020: $5F $35 $5F $49 $4E $43 $48 $20  $28 $30 $29 $20 $61 $6E $64 $20  _5_INCH (0) and 
  0030: $77 $68 $65 $65 $6C $5F $64 $69  $61 $5F $78 $31 $30 $3D          wheel_dia_x10=
[USB RECV 2026-09-22T23:41:45.847] Received 62 bytes
[USB RECV HEX/ASCII]:
  0000: $36 $35 $3B $20 $77 $69 $74 $68  $20 $77 $68 $65 $65 $6C $5F $64  65; with wheel_d
  0010: $69 $61 $5F $78 $31 $30 $3D $30  $20 $74 $68 $65 $20 $54 $30 $2D  ia_x10=0 the T0-
  0020: $33 $2F $54 $30 $2D $36 $20 $64  $69 $73 $74 $61 $6E $63 $65 $20  3/T0-6 distance 
  0030: $63 $6F $6E $76 $65 $72 $73 $69  $6F $6E $73 $20 $72 $65          conversions re
[USB RECV 2026-09-22T23:41:45.847] Received 62 bytes
[USB RECV HEX/ASCII]:
  0000: $70 $6F $72 $74 $20 $75 $6E $61  $76 $61 $69 $6C $61 $62 $6C $65  port unavailable
  0010: $20 $72 $61 $74 $68 $65 $72 $20  $74 $68 $61 $6E $20 $61 $20 $74   rather than a t
  0020: $69 $63 $6B $20 $63 $6F $75 $6E  $74 $0D $0A $43 $6F $67 $30 $20  ick count..Cog0 
  0030: $20 $53 $49 $47 $4E $4F $46 $46  $2D $44 $45 $43 $4C $2C           SIGNOFF-DECL,
[USB RECV 2026-09-22T23:41:45.847] Received 62 bytes
[USB RECV HEX/ASCII]:
  0000: $73 $66 $2C $31 $2C $62 $69 $6E  $2C $54 $30 $2C $63 $65 $6C $6C  sf,1,bin,T0,cell
  0010: $2C $52 $38 $2D $54 $30 $2D $5A  $58 $53 $2C $74 $61 $73 $6B $2C  ,R8-T0-ZXS,task,
  0020: $33 $35 $32 $39 $0D $0A $43 $6F  $67 $30 $20 $20 $53 $49 $47 $4E  3529..Cog0  SIGN
  0030: $4F $46 $46 $2D $44 $45 $43 $4C  $2C $73 $66 $2C $31 $2C          OFF-DECL,sf,1,
[USB RECV 2026-09-22T23:41:45.848] Received 62 bytes
[USB RECV HEX/ASCII]:
  0000: $62 $69 $6E $2C $54 $30 $2C $63  $65 $6C $6C $2C $52 $33 $2D $54  bin,T0,cell,R3-T
  0010: $30 $2D $53 $54 $4F $50 $50 $45  $44 $2C $74 $61 $73 $6B $2C $33  0-STOPPED,task,3
  0020: $35 $30 $31 $0D $0A $43 $6F $67  $30 $20 $20 $53 $49 $47 $4E $4F  501..Cog0  SIGNO
  0030: $46 $46 $2D $44 $45 $43 $4C $2C  $73 $66 $2C $31 $2C $62          FF-DECL,sf,1,b
[USB RECV 2026-09-22T23:41:45.848] Received 62 bytes
[USB RECV HEX/ASCII]:
  0000: $69 $6E $2C $54 $30 $2C $63 $65  $6C $6C $2C $52 $32 $2D $54 $30  in,T0,cell,R2-T0
  0010: $2D $52 $45 $50 $45 $41 $54 $2C  $74 $61 $73 $6B $2C $33 $35 $30  -REPEAT,task,350
  0020: $30 $0D $0A $43 $6F $67 $30 $20  $20 $53 $49 $47 $4E $4F $46 $46  0..Cog0  SIGNOFF
  0030: $2D $44 $45 $43 $4C $2C $73 $66  $2C $31 $2C $62 $69 $6E          -DECL,sf,1,bin
[USB RECV 2026-09-22T23:41:45.848] Received 62 bytes
[USB RECV HEX/ASCII]:
  0000: $2C $54 $30 $2C $63 $65 $6C $6C  $2C $52 $32 $2D $54 $30 $2D $44  ,T0,cell,R2-T0-D
  0010: $49 $52 $54 $59 $2C $74 $61 $73  $6B $2C $33 $35 $30 $30 $0D $0A  IRTY,task,3500..
  0020: $43 $6F $67 $30 $20 $20 $53 $49  $47 $4E $4F $46 $46 $2D $44 $45  Cog0  SIGNOFF-DE
  0030: $43 $4C $2C $73 $66 $2C $31 $2C  $62 $69 $6E $2C $54 $30          CL,sf,1,bin,T0
[USB RECV 2026-09-22T23:41:45.849] Received 62 bytes
[USB RECV HEX/ASCII]:
  0000: $2C $63 $65 $6C $6C $2C $52 $32  $2D $54 $30 $2D $45 $4D $50 $54  ,cell,R2-T0-EMPT
  0010: $59 $2C $74 $61 $73 $6B $2C $33  $35 $30 $30 $0D $0A $43 $6F $67  Y,task,3500..Cog
  0020: $30 $20 $20 $53 $49 $47 $4E $4F  $46 $46 $2D $44 $45 $43 $4C $2C  0  SIGNOFF-DECL,
  0030: $73 $66 $2C $31 $2C $62 $69 $6E  $2C $54 $30 $2C $63 $65          sf,1,bin,T0,ce
[USB RECV 2026-09-22T23:41:45.849] Received 62 bytes
[USB RECV HEX/ASCII]:
  0000: $6C $6C $2C $52 $34 $2D $54 $30  $2D $31 $4D $2D $54 $49 $43 $4B  ll,R4-T0-1M-TICK
  0010: $53 $2C $74 $61 $73 $6B $2C $33  $35 $30 $32 $0D $0A $43 $6F $67  S,task,3502..Cog
  0020: $30 $20 $20 $53 $49 $47 $4E $4F  $46 $46 $2D $44 $45 $43 $4C $2C  0  SIGNOFF-DECL,
  0030: $73 $66 $2C $31 $2C $62 $69 $6E  $2C $54 $30 $2C $63 $65          sf,1,bin,T0,ce
[USB RECV 2026-09-22T23:41:45.849] Received 62 bytes
[USB RECV HEX/ASCII]:
  0000: $6C $6C $2C $52 $31 $2D $54 $30  $2D $53 $54 $41 $52 $54 $2C $74  ll,R1-T0-START,t
  0010: $61 $73 $6B $2C $33 $34 $39 $39  $0D $0A $43 $6F $67 $30 $20 $20  ask,3499..Cog0  
  0020: $53 $49 $47 $4E $4F $46 $46 $2D  $44 $45 $43 $4C $2C $73 $66 $2C  SIGNOFF-DECL,sf,
  0030: $31 $2C $62 $69 $6E $2C $54 $30  $2C $63 $65 $6C $6C $2C          1,bin,T0,cell,
[USB RECV 2026-09-22T23:41:45.849] Received 62 bytes
[USB RECV HEX/ASCII]:
  0000: $52 $31 $2D $54 $30 $2D $52 $45  $53 $54 $41 $52 $54 $2C $74 $61  R1-T0-RESTART,ta
  0010: $73 $6B $2C $33 $34 $39 $39 $0D  $0A $43 $6F $67 $30 $20 $20 $53  sk,3499..Cog0  S
  0020: $49 $47 $4E $4F $46 $46 $2D $44  $45 $43 $4C $2C $73 $66 $2C $31  IGNOFF-DECL,sf,1
  0030: $2C $62 $69 $6E $2C $54 $30 $2C  $63 $65 $6C $6C $2C $52          ,bin,T0,cell,R
[USB RECV 2026-09-22T23:41:45.850] Received 62 bytes
[USB RECV HEX/ASCII]:
  0000: $31 $30 $2D $54 $30 $2D $53 $54  $4F $50 $52 $45 $41 $44 $59 $2C  10-T0-STOPREADY,
  0010: $74 $61 $73 $6B $2C $33 $35 $33  $33 $0D $0A $43 $6F $67 $30 $20  task,3533..Cog0 
  0020: $20 $53 $49 $47 $4E $4F $46 $46  $2D $44 $45 $43 $4C $2C $73 $66   SIGNOFF-DECL,sf
  0030: $2C $31 $2C $62 $69 $6E $2C $54  $30 $2C $63 $65 $6C $6C          ,1,bin,T0,cell
[USB RECV 2026-09-22T23:41:45.850] Received 62 bytes
[USB RECV HEX/ASCII]:
  0000: $2C $52 $31 $2D $54 $30 $2D $45  $58 $48 $41 $55 $53 $54 $2C $74  ,R1-T0-EXHAUST,t
  0010: $61 $73 $6B $2C $33 $34 $39 $39  $0D $0A $43 $6F $67 $30 $20 $20  ask,3499..Cog0  
  0020: $53 $49 $47 $4E $4F $46 $46 $2D  $44 $45 $43 $4C $2C $73 $66 $2C  SIGNOFF-DECL,sf,
  0030: $31 $2C $62 $69 $6E $2C $54 $30  $2C $63 $65 $6C $6C $2C          1,bin,T0,cell,
[USB RECV 2026-09-22T23:41:45.850] Received 62 bytes
[USB RECV HEX/ASCII]:
  0000: $52 $31 $36 $2D $54 $30 $2D $4C  $49 $4D $4B $45 $45 $50 $2C $74  R16-T0-LIMKEEP,t
  0010: $61 $73 $6B $2C $33 $35 $35 $34  $0D $0A $43 $6F $67 $30 $20 $20  ask,3554..Cog0  
  0020: $53 $49 $47 $4E $4F $46 $46 $2D  $44 $45 $43 $4C $2C $73 $66 $2C  SIGNOFF-DECL,sf,
  0030: $31 $2C $62 $69 $6E $2C $54 $30  $2C $63 $65 $6C $6C $2C          1,bin,T0,cell,
[USB RECV 2026-09-22T23:41:45.851] Received 62 bytes
[USB RECV HEX/ASCII]:
  0000: $52 $31 $36 $2D $54 $30 $2D $4E  $4F $41 $42 $4F $52 $54 $2C $74  R16-T0-NOABORT,t
  0010: $61 $73 $6B $2C $33 $35 $35 $34  $0D $0A $43 $6F $67 $30 $20 $20  ask,3554..Cog0  
  0020: $53 $49 $47 $4E $4F $46 $46 $2D  $44 $45 $43 $4C $2C $73 $66 $2C  SIGNOFF-DECL,sf,
  0030: $31 $2C $62 $69 $6E $2C $54 $30  $2C $63 $65 $6C $6C $2C          1,bin,T0,cell,
[USB RECV 2026-09-22T23:41:45.851] Received 62 bytes
[USB RECV HEX/ASCII]:
  0000: $52 $31 $36 $2D $54 $30 $2D $42  $41 $44 $47 $52 $4F $55 $50 $2C  R16-T0-BADGROUP,
  0010: $74 $61 $73 $6B $2C $33 $35 $35  $34 $0D $0A $43 $6F $67 $30 $20  task,3554..Cog0 
  0020: $20 $53 $49 $47 $4E $4F $46 $46  $2D $44 $45 $43 $4C $2C $73 $66   SIGNOFF-DECL,sf
  0030: $2C $31 $2C $62 $69 $6E $2C $54  $30 $2C $63 $65 $6C $6C          ,1,bin,T0,cell
[USB RECV 2026-09-22T23:41:45.851] Received 62 bytes
[USB RECV HEX/ASCII]:
  0000: $2C $52 $31 $36 $2D $54 $30 $2D  $50 $49 $4E $53 $4B $45 $45 $50  ,R16-T0-PINSKEEP
  0010: $2C $74 $61 $73 $6B $2C $33 $35  $35 $34 $0D $0A $43 $6F $67 $30  ,task,3554..Cog0
  0020: $20 $20 $53 $49 $47 $4E $4F $46  $46 $2D $44 $45 $43 $4C $2C $73    SIGNOFF-DECL,s
  0030: $66 $2C $31 $2C $62 $69 $6E $2C  $54 $30 $2C $63 $65 $6C          f,1,bin,T0,cel
[USB RECV 2026-09-22T23:41:45.851] Received 62 bytes
[USB RECV HEX/ASCII]:
  0000: $6C $2C $52 $31 $36 $2D $54 $30  $2D $53 $54 $52 $4E $4F $54 $53  l,R16-T0-STRNOTS
  0010: $54 $41 $52 $54 $2C $74 $61 $73  $6B $2C $33 $35 $35 $35 $0D $0A  TART,task,3555..
  0020: $43 $6F $67 $30 $20 $20 $53 $49  $47 $4E $4F $46 $46 $2D $44 $45  Cog0  SIGNOFF-DE
  0030: $43 $4C $2C $73 $66 $2C $31 $2C  $62 $69 $6E $2C $54 $30          CL,sf,1,bin,T0
[USB RECV 2026-09-22T23:41:45.852] Received 62 bytes
[USB RECV HEX/ASCII]:
  0000: $2C $63 $65 $6C $6C $2C $52 $31  $36 $2D $54 $30 $2D $53 $54 $45  ,cell,R16-T0-STE
  0010: $45 $52 $43 $4F $47 $53 $2C $74  $61 $73 $6B $2C $33 $35 $31 $33  ERCOGS,task,3513
  0020: $0D $0A $43 $6F $67 $30 $20 $20  $53 $49 $47 $4E $4F $46 $46 $2D  ..Cog0  SIGNOFF-
  0030: $44 $45 $43 $4C $2C $73 $66 $2C  $31 $2C $62 $69 $6E $2C          DECL,sf,1,bin,
[USB RECV 2026-09-22T23:41:45.852] Received 62 bytes
[USB RECV HEX/ASCII]:
  0000: $54 $30 $2C $63 $65 $6C $6C $2C  $52 $31 $36 $2D $54 $30 $2D $52  T0,cell,R16-T0-R
  0010: $45 $53 $54 $5A $45 $52 $4F $2C  $74 $61 $73 $6B $2C $33 $35 $35  ESTZERO,task,355
  0020: $36 $0D $0A $43 $6F $67 $30 $20  $20 $53 $49 $47 $4E $4F $46 $46  6..Cog0  SIGNOFF
  0030: $2D $44 $45 $43 $4C $2C $73 $66  $2C $31 $2C $62 $69 $6E          -DECL,sf,1,bin
[USB RECV 2026-09-22T23:41:45.852] Received 62 bytes
[USB RECV HEX/ASCII]:
  0000: $2C $54 $30 $2C $63 $65 $6C $6C  $2C $52 $31 $36 $2D $54 $30 $2D  ,T0,cell,R16-T0-
  0010: $4E $4F $42 $4F $41 $52 $44 $2C  $74 $61 $73 $6B $2C $33 $35 $35  NOBOARD,task,355
  0020: $36 $0D $0A $43 $6F $67 $30 $20  $20 $53 $49 $47 $4E $4F $46 $46  6..Cog0  SIGNOFF
  0030: $2D $44 $45 $43 $4C $2C $73 $66  $2C $31 $2C $62 $69 $6E          -DECL,sf,1,bin
[USB RECV 2026-09-22T23:41:45.853] Received 62 bytes
[USB RECV HEX/ASCII]:
  0000: $2C $54 $30 $2C $63 $65 $6C $6C  $2C $52 $31 $36 $2D $54 $30 $2D  ,T0,cell,R16-T0-
  0010: $46 $52 $4F $4E $54 $46 $41 $49  $4C $2C $74 $61 $73 $6B $2C $33  FRONTFAIL,task,3
  0020: $35 $31 $33 $0D $0A $43 $6F $67  $30 $20 $20 $53 $49 $47 $4E $4F  513..Cog0  SIGNO
  0030: $46 $46 $2D $44 $45 $43 $4C $2C  $73 $66 $2C $31 $2C $62          FF-DECL,sf,1,b
[USB RECV 2026-09-22T23:41:45.853] Received 62 bytes
[USB RECV HEX/ASCII]:
  0000: $69 $6E $2C $54 $30 $2C $63 $65  $6C $6C $2C $52 $31 $37 $2D $54  in,T0,cell,R17-T
  0010: $30 $2D $4E $4F $42 $4F $41 $52  $44 $53 $54 $41 $52 $54 $2C $74  0-NOBOARDSTART,t
  0020: $61 $73 $6B $2C $33 $35 $37 $30  $0D $0A $43 $6F $67 $30 $20 $20  ask,3570..Cog0  
  0030: $53 $49 $47 $4E $4F $46 $46 $2D  $44 $45 $43 $4C $2C $73          SIGNOFF-DECL,s
[USB RECV 2026-09-22T23:41:45.853] Received 62 bytes
[USB RECV HEX/ASCII]:
  0000: $66 $2C $31 $2C $62 $69 $6E $2C  $54 $30 $2C $63 $65 $6C $6C $2C  f,1,bin,T0,cell,
  0010: $52 $31 $37 $2D $54 $30 $2D $44  $45 $41 $44 $47 $41 $50 $2C $74  R17-T0-DEADGAP,t
  0020: $61 $73 $6B $2C $33 $35 $37 $34  $0D $0A $43 $6F $67 $30 $20 $20  ask,3574..Cog0  
  0030: $53 $49 $47 $4E $4F $46 $46 $2D  $44 $45 $43 $4C $2C $73          SIGNOFF-DECL,s
[USB RECV 2026-09-22T23:41:45.854] Received 62 bytes
[USB RECV HEX/ASCII]:
  0000: $66 $2C $31 $2C $62 $69 $6E $2C  $54 $30 $2C $63 $65 $6C $6C $2C  f,1,bin,T0,cell,
  0010: $52 $31 $37 $2D $54 $30 $2D $41  $43 $43 $45 $4C $2C $74 $61 $73  R17-T0-ACCEL,tas
  0020: $6B $2C $33 $35 $37 $37 $0D $0A  $43 $6F $67 $30 $20 $20 $53 $49  k,3577..Cog0  SI
  0030: $47 $4E $4F $46 $46 $2D $44 $45  $43 $4C $2C $73 $66 $2C          GNOFF-DECL,sf,
[USB RECV 2026-09-22T23:41:45.855] Received 62 bytes
[USB RECV HEX/ASCII]:
  0000: $31 $2C $62 $69 $6E $2C $54 $30  $2C $63 $65 $6C $6C $2C $52 $31  1,bin,T0,cell,R1
  0010: $37 $2D $54 $30 $2D $4B $4D $4D  $49 $2C $74 $61 $73 $6B $2C $33  7-T0-KMMI,task,3
  0020: $35 $37 $37 $0D $0A $43 $6F $67  $30 $20 $20 $53 $49 $47 $4E $4F  577..Cog0  SIGNO
  0030: $46 $46 $2D $44 $45 $43 $4C $2C  $73 $66 $2C $31 $2C $62          FF-DECL,sf,1,b
[USB RECV 2026-09-22T23:41:45.856] Received 62 bytes
[USB RECV HEX/ASCII]:
  0000: $69 $6E $2C $54 $30 $2C $63 $65  $6C $6C $2C $52 $31 $37 $2D $54  in,T0,cell,R17-T
  0010: $30 $2D $56 $4F $4C $54 $47 $45  $54 $2C $74 $61 $73 $6B $2C $33  0-VOLTGET,task,3
  0020: $35 $37 $37 $0D $0A $43 $6F $67  $30 $20 $20 $54 $30 $2D $31 $2C  577..Cog0  T0-1,
  0030: $64 $65 $61 $64 $5F $67 $61 $70  $2C $37 $30 $2C $6D $69          dead_gap,70,mi
[USB RECV 2026-09-22T23:41:45.856] Received 62 bytes
[USB RECV HEX/ASCII]:
  0000: $6E $5F $74 $69 $63 $6B $73 $2C  $36 $38 $2C $63 $6C $6B $66 $72  n_ticks,68,clkfr
  0010: $65 $71 $2C $32 $37 $30 $5F $30  $30 $30 $5F $30 $30 $30 $0D $0A  eq,270_000_000..
  0020: $43 $6F $67 $30 $20 $20 $53 $49  $47 $4E $4F $46 $46 $2C $73 $66  Cog0  SIGNOFF,sf
  0030: $2C $31 $2C $62 $69 $6E $2C $54  $30 $2C $63 $65 $6C $6C          ,1,bin,T0,cell
[USB RECV 2026-09-22T23:41:45.856] Received 62 bytes
[USB RECV HEX/ASCII]:
  0000: $2C $52 $31 $37 $2D $54 $30 $2D  $44 $45 $41 $44 $47 $41 $50 $2C  ,R17-T0-DEADGAP,
  0010: $74 $61 $73 $6B $2C $33 $35 $37  $34 $2C $6D $6F $74 $6F $72 $2C  task,3574,motor,
  0020: $52 $49 $47 $48 $54 $2C $63 $72  $69 $74 $2C $44 $45 $41 $44 $54  RIGHT,crit,DEADT
  0030: $49 $4D $45 $5F $32 $35 $30 $4E  $53 $5F $4D $49 $4E $2C          IME_250NS_MIN,
[USB RECV 2026-09-22T23:41:45.857] Received 62 bytes
[USB RECV HEX/ASCII]:
  0000: $6D $65 $61 $73 $75 $72 $65 $64  $2C $54 $52 $55 $45 $2C $6C $6F  measured,TRUE,lo
  0010: $2C $54 $52 $55 $45 $2C $68 $69  $2C $54 $52 $55 $45 $2C $75 $6E  ,TRUE,hi,TRUE,un
  0020: $69 $74 $73 $2C $42 $4F $4F $4C  $2C $6E $2C $31 $2C $76 $65 $72  its,BOOL,n,1,ver
  0030: $64 $69 $63 $74 $2C $50 $41 $53  $53 $0D $0A $43 $6F $67          dict,PASS..Cog
[USB RECV 2026-09-22T23:41:45.861] Received 62 bytes
[USB RECV HEX/ASCII]:
  0000: $30 $20 $20 $54 $30 $2D $33 $2C  $62 $65 $67 $69 $6E $0D $0A $43  0  T0-3,begin..C
  0010: $6F $67 $31 $20 $20 $49 $4E $49  $54 $20 $24 $30 $30 $30 $30 $5F  og1  INIT $0000_
  0020: $34 $46 $41 $32 $20 $24 $30 $30  $30 $30 $5F $38 $39 $41 $42 $20  4FA2 $0000_89AB 
  0030: $6C $6F $61 $64 $0D $0A $43 $6F  $67 $32 $20 $20 $49 $4E          load..Cog2  IN
[USB RECV 2026-09-22T23:41:45.876] Received 31 bytes
[USB RECV HEX/ASCII]:
  0000: $49 $54 $20 $24 $30 $30 $30 $30  $5F $30 $46 $41 $38 $20 $24 $30  IT $0000_0FA8 $0
  0010: $30 $30 $30 $5F $38 $34 $37 $42  $20 $6A $75 $6D $70 $0D $0A      000_847B jump..
[USB RECV 2026-09-22T23:41:46.873] Received 62 bytes
[USB RECV HEX/ASCII]:
  0000: $43 $6F $67 $30 $20 $20 $54 $30  $2D $33 $2C $73 $74 $61 $72 $74  Cog0  T0-3,start
  0010: $5F $72 $65 $74 $75 $72 $6E $2C  $31 $2C $72 $65 $61 $64 $79 $2C  _return,1,ready,
  0020: $54 $52 $55 $45 $0D $0A $43 $6F  $67 $30 $20 $20 $54 $30 $2D $33  TRUE..Cog0  T0-3
  0030: $2C $64 $64 $75 $5F $6D $2C $31  $2C $73 $74 $61 $74 $75          ,ddu_m,1,statu
[USB RECV 2026-09-22T23:41:46.876] Received 62 bytes
[USB RECV HEX/ASCII]:
  0000: $73 $2C $30 $2C $74 $69 $63 $6B  $73 $2C $31 $37 $33 $0D $0A $43  s,0,ticks,173..C
  0010: $6F $67 $30 $20 $20 $54 $30 $2D  $33 $2C $64 $64 $75 $5F $63 $6D  og0  T0-3,ddu_cm
  0020: $2C $31 $30 $30 $2C $73 $74 $61  $74 $75 $73 $2C $30 $2C $74 $69  ,100,status,0,ti
  0030: $63 $6B $73 $2C $31 $37 $33 $0D  $0A $43 $6F $67 $30 $20          cks,173..Cog0 
[USB RECV 2026-09-22T23:41:46.876] Received 62 bytes
[USB RECV HEX/ASCII]:
  0000: $20 $54 $30 $2D $33 $2C $64 $64  $75 $5F $6D $6D $2C $31 $30 $30   T0-3,ddu_mm,100
  0010: $30 $2C $73 $74 $61 $74 $75 $73  $2C $30 $2C $74 $69 $63 $6B $73  0,status,0,ticks
  0020: $2C $31 $37 $33 $0D $0A $43 $6F  $67 $30 $20 $20 $54 $30 $2D $33  ,173..Cog0  T0-3
  0030: $2C $65 $6E $64 $2C $61 $67 $72  $65 $65 $2C $54 $52 $55          ,end,agree,TRU
[USB RECV 2026-09-22T23:41:46.876] Received 62 bytes
[USB RECV HEX/ASCII]:
  0000: $45 $0D $0A $43 $6F $67 $30 $20  $20 $53 $49 $47 $4E $4F $46 $46  E..Cog0  SIGNOFF
  0010: $2C $73 $66 $2C $31 $2C $62 $69  $6E $2C $54 $30 $2C $63 $65 $6C  ,sf,1,bin,T0,cel
  0020: $6C $2C $52 $34 $2D $54 $30 $2D  $31 $4D $2D $54 $49 $43 $4B $53  l,R4-T0-1M-TICKS
  0030: $2C $74 $61 $73 $6B $2C $33 $35  $30 $32 $2C $6D $6F $74          ,task,3502,mot
[USB RECV 2026-09-22T23:41:46.877] Received 62 bytes
[USB RECV HEX/ASCII]:
  0000: $6F $72 $2C $4E $4F $4E $45 $2C  $63 $72 $69 $74 $2C $44 $44 $55  or,NONE,crit,DDU
  0010: $5F $4D $5F $54 $49 $43 $4B $53  $2C $6D $65 $61 $73 $75 $72 $65  _M_TICKS,measure
  0020: $64 $2C $54 $52 $55 $45 $2C $6C  $6F $2C $54 $52 $55 $45 $2C $68  d,TRUE,lo,TRUE,h
  0030: $69 $2C $54 $52 $55 $45 $2C $75  $6E $69 $74 $73 $2C $42          i,TRUE,units,B
[USB RECV 2026-09-22T23:41:46.877] Received 62 bytes
[USB RECV HEX/ASCII]:
  0000: $4F $4F $4C $2C $6E $2C $31 $2C  $76 $65 $72 $64 $69 $63 $74 $2C  OOL,n,1,verdict,
  0010: $50 $41 $53 $53 $0D $0A $43 $6F  $67 $30 $20 $20 $21 $20 $45 $52  PASS..Cog0  ! ER
  0020: $52 $4F $52 $3A $20 $73 $74 $6F  $70 $41 $66 $74 $65 $72 $52 $6F  ROR: stopAfterRo
  0030: $74 $61 $74 $69 $6F $6E $28 $29  $20 $72 $65 $6A $65 $63          tation() rejec
[USB RECV 2026-09-22T23:41:46.877] Received 62 bytes
[USB RECV HEX/ASCII]:
  0000: $74 $65 $64 $20 $65 $45 $72 $72  $6F $72 $20 $3D $20 $2D $31 $5F  ted eError = -1_
  0010: $30 $30 $39 $2C $20 $6E $52 $6F  $74 $61 $74 $69 $6F $6E $43 $6F  009, nRotationCo
  0020: $75 $6E $74 $20 $3D $20 $31 $2C  $20 $65 $52 $6F $74 $61 $74 $69  unt = 1, eRotati
  0030: $6F $6E $55 $6E $69 $74 $73 $20  $3D $20 $39 $39 $0D $0A          onUnits = 99..
[USB RECV 2026-09-22T23:41:46.878] Received 62 bytes
[USB RECV HEX/ASCII]:
  0000: $43 $6F $67 $30 $20 $20 $21 $20  $45 $52 $52 $4F $52 $3A $20 $73  Cog0  ! ERROR: s
  0010: $74 $6F $70 $41 $66 $74 $65 $72  $44 $69 $73 $74 $61 $6E $63 $65  topAfterDistance
  0020: $28 $29 $20 $72 $65 $6A $65 $63  $74 $65 $64 $20 $65 $45 $72 $72  () rejected eErr
  0030: $6F $72 $20 $3D $20 $2D $31 $5F  $30 $30 $39 $2C $20 $6E          or = -1_009, n
[USB RECV 2026-09-22T23:41:46.878] Received 62 bytes
[USB RECV HEX/ASCII]:
  0000: $44 $69 $73 $74 $61 $6E $63 $65  $20 $3D $20 $31 $2C $20 $65 $44  Distance = 1, eD
  0010: $69 $73 $74 $61 $6E $63 $65 $55  $6E $69 $74 $73 $20 $3D $20 $39  istanceUnits = 9
  0020: $39 $0D $0A $43 $6F $67 $30 $20  $20 $21 $20 $45 $52 $52 $4F $52  9..Cog0  ! ERROR
  0030: $3A $20 $73 $74 $6F $70 $41 $66  $74 $65 $72 $54 $69 $6D          : stopAfterTim
[USB RECV 2026-09-22T23:41:46.878] Received 62 bytes
[USB RECV HEX/ASCII]:
  0000: $65 $28 $29 $20 $72 $65 $6A $65  $63 $74 $65 $64 $20 $65 $45 $72  e() rejected eEr
  0010: $72 $6F $72 $20 $3D $20 $2D $31  $5F $30 $31 $30 $2C $20 $6E $54  ror = -1_010, nT
  0020: $69 $6D $65 $20 $3D $20 $30 $2C  $20 $65 $54 $69 $6D $65 $55 $6E  ime = 0, eTimeUn
  0030: $69 $74 $73 $20 $3D $20 $32 $0D  $0A $43 $6F $67 $30 $20          its = 2..Cog0 
[USB RECV 2026-09-22T23:41:46.879] Received 62 bytes
[USB RECV HEX/ASCII]:
  0000: $20 $54 $30 $2D $33 $2C $6C $69  $6D $6B $65 $65 $70 $2C $61 $72   T0-3,limkeep,ar
  0010: $6D $65 $64 $2C $31 $37 $33 $2C  $72 $6F $74 $5F $73 $74 $61 $74  med,173,rot_stat
  0020: $75 $73 $2C $2D $31 $5F $30 $30  $39 $2C $6B $65 $70 $74 $2C $31  us,-1_009,kept,1
  0030: $37 $33 $2C $64 $69 $73 $74 $5F  $73 $74 $61 $74 $75 $73          73,dist_status
[USB RECV 2026-09-22T23:41:46.879] Received 62 bytes
[USB RECV HEX/ASCII]:
  0000: $2C $2D $31 $5F $30 $30 $39 $2C  $6B $65 $70 $74 $2C $31 $37 $33  ,-1_009,kept,173
  0010: $2C $74 $69 $6D $65 $5F $73 $74  $61 $74 $75 $73 $2C $2D $31 $5F  ,time_status,-1_
  0020: $30 $31 $30 $2C $6B $65 $70 $74  $2C $31 $37 $33 $0D $0A $43 $6F  010,kept,173..Co
  0030: $67 $30 $20 $20 $53 $49 $47 $4E  $4F $46 $46 $2C $73 $66          g0  SIGNOFF,sf
[USB RECV 2026-09-22T23:41:46.879] Received 62 bytes
[USB RECV HEX/ASCII]:
  0000: $2C $31 $2C $62 $69 $6E $2C $54  $30 $2C $63 $65 $6C $6C $2C $52  ,1,bin,T0,cell,R
  0010: $31 $36 $2D $54 $30 $2D $4C $49  $4D $4B $45 $45 $50 $2C $74 $61  16-T0-LIMKEEP,ta
  0020: $73 $6B $2C $33 $35 $35 $34 $2C  $6D $6F $74 $6F $72 $2C $52 $49  sk,3554,motor,RI
  0030: $47 $48 $54 $2C $63 $72 $69 $74  $2C $52 $45 $4A $45 $43          GHT,crit,REJEC
[USB RECV 2026-09-22T23:41:46.879] Received 62 bytes
[USB RECV HEX/ASCII]:
  0000: $54 $5F $4B $45 $45 $50 $53 $5F  $4C $49 $4D $49 $54 $2C $6D $65  T_KEEPS_LIMIT,me
  0010: $61 $73 $75 $72 $65 $64 $2C $54  $52 $55 $45 $2C $6C $6F $2C $54  asured,TRUE,lo,T
  0020: $52 $55 $45 $2C $68 $69 $2C $54  $52 $55 $45 $2C $75 $6E $69 $74  RUE,hi,TRUE,unit
  0030: $73 $2C $42 $4F $4F $4C $2C $6E  $2C $33 $2C $76 $65 $72          s,BOOL,n,3,ver
[USB RECV 2026-09-22T23:41:46.882] Received 62 bytes
[USB RECV HEX/ASCII]:
  0000: $64 $69 $63 $74 $2C $50 $41 $53  $53 $0D $0A $43 $6F $67 $30 $20  dict,PASS..Cog0 
  0010: $20 $21 $20 $45 $52 $52 $4F $52  $3A $20 $73 $74 $6F $70 $41 $66   ! ERROR: stopAf
  0020: $74 $65 $72 $44 $69 $73 $74 $61  $6E $63 $65 $28 $29 $20 $72 $65  terDistance() re
  0030: $6A $65 $63 $74 $65 $64 $20 $65  $45 $72 $72 $6F $72 $20          jected eError 
[USB RECV 2026-09-22T23:41:46.882] Received 62 bytes
[USB RECV HEX/ASCII]:
  0000: $3D $20 $2D $31 $5F $30 $31 $30  $2C $20 $6E $44 $69 $73 $74 $61  = -1_010, nDista
  0010: $6E $63 $65 $20 $3D $20 $32 $5F  $31 $34 $37 $5F $34 $38 $33 $5F  nce = 2_147_483_
  0020: $36 $34 $37 $2C $20 $65 $44 $69  $73 $74 $61 $6E $63 $65 $55 $6E  647, eDistanceUn
  0030: $69 $74 $73 $20 $3D $20 $37 $0D  $0A $43 $6F $67 $30 $20          its = 7..Cog0 
[USB RECV 2026-09-22T23:41:46.883] Received 62 bytes
[USB RECV HEX/ASCII]:
  0000: $20 $54 $30 $2D $33 $2C $6B $6D  $2C $73 $74 $61 $74 $75 $73 $2C   T0-3,km,status,
  0010: $30 $2C $74 $69 $63 $6B $73 $2C  $31 $37 $33 $5F $36 $31 $31 $2C  0,ticks,173_611,
  0020: $72 $65 $66 $5F $73 $74 $61 $74  $75 $73 $2C $30 $2C $72 $65 $66  ref_status,0,ref
  0030: $5F $74 $69 $63 $6B $73 $2C $31  $37 $33 $5F $36 $31 $31          _ticks,173_611
[USB RECV 2026-09-22T23:41:46.883] Received 62 bytes
[USB RECV HEX/ASCII]:
  0000: $2C $63 $6D $64 $5F $73 $74 $61  $74 $75 $73 $2C $30 $2C $61 $72  ,cmd_status,0,ar
  0010: $6D $65 $64 $2C $31 $37 $33 $5F  $36 $31 $31 $0D $0A $43 $6F $67  med,173_611..Cog
  0020: $30 $20 $20 $54 $30 $2D $33 $2C  $6D $69 $2C $73 $74 $61 $74 $75  0  T0-3,mi,statu
  0030: $73 $2C $30 $2C $74 $69 $63 $6B  $73 $2C $32 $37 $39 $5F          s,0,ticks,279_
[USB RECV 2026-09-22T23:41:46.883] Received 62 bytes
[USB RECV HEX/ASCII]:
  0000: $34 $30 $30 $2C $72 $65 $66 $5F  $73 $74 $61 $74 $75 $73 $2C $30  400,ref_status,0
  0010: $2C $72 $65 $66 $5F $74 $69 $63  $6B $73 $2C $32 $37 $39 $5F $34  ,ref_ticks,279_4
  0020: $30 $30 $2C $63 $6D $64 $5F $73  $74 $61 $74 $75 $73 $2C $30 $2C  00,cmd_status,0,
  0030: $61 $72 $6D $65 $64 $2C $32 $37  $39 $5F $34 $30 $30 $0D          armed,279_400.
[USB RECV 2026-09-22T23:41:46.884] Received 62 bytes
[USB RECV HEX/ASCII]:
  0000: $0A $43 $6F $67 $30 $20 $20 $54  $30 $2D $33 $2C $68 $75 $67 $65  .Cog0  T0-3,huge
  0010: $2C $73 $74 $61 $74 $75 $73 $2C  $2D $31 $5F $30 $31 $30 $2C $63  ,status,-1_010,c
  0020: $6D $64 $5F $73 $74 $61 $74 $75  $73 $2C $2D $31 $5F $30 $31 $30  md_status,-1_010
  0030: $2C $6B $65 $70 $74 $2C $32 $37  $39 $5F $34 $30 $30 $0D          ,kept,279_400.
[USB RECV 2026-09-22T23:41:46.884] Received 62 bytes
[USB RECV HEX/ASCII]:
  0000: $0A $43 $6F $67 $30 $20 $20 $53  $49 $47 $4E $4F $46 $46 $2C $73  .Cog0  SIGNOFF,s
  0010: $66 $2C $31 $2C $62 $69 $6E $2C  $54 $30 $2C $63 $65 $6C $6C $2C  f,1,bin,T0,cell,
  0020: $52 $31 $37 $2D $54 $30 $2D $4B  $4D $4D $49 $2C $74 $61 $73 $6B  R17-T0-KMMI,task
  0030: $2C $33 $35 $37 $37 $2C $6D $6F  $74 $6F $72 $2C $52 $49          ,3577,motor,RI
[USB RECV 2026-09-22T23:41:46.884] Received 62 bytes
[USB RECV HEX/ASCII]:
  0000: $47 $48 $54 $2C $63 $72 $69 $74  $2C $4B $4D $5F $4D $49 $5F $45  GHT,crit,KM_MI_E
  0010: $58 $41 $43 $54 $5F $43 $4D $44  $2C $6D $65 $61 $73 $75 $72 $65  XACT_CMD,measure
  0020: $64 $2C $54 $52 $55 $45 $2C $6C  $6F $2C $54 $52 $55 $45 $2C $68  d,TRUE,lo,TRUE,h
  0030: $69 $2C $54 $52 $55 $45 $2C $75  $6E $69 $74 $73 $2C $42          i,TRUE,units,B
[USB RECV 2026-09-22T23:41:46.889] Received 62 bytes
[USB RECV HEX/ASCII]:
  0000: $4F $4F $4C $2C $6E $2C $33 $2C  $76 $65 $72 $64 $69 $63 $74 $2C  OOL,n,3,verdict,
  0010: $50 $41 $53 $53 $0D $0A $43 $6F  $67 $30 $20 $20 $54 $30 $2D $35  PASS..Cog0  T0-5
  0020: $2C $62 $65 $67 $69 $6E $0D $0A  $43 $6F $67 $30 $20 $20 $21 $20  ,begin..Cog0  ! 
  0030: $45 $52 $52 $4F $52 $3A $20 $73  $65 $74 $41 $63 $63 $65          ERROR: setAcce
[USB RECV 2026-09-22T23:41:46.890] Received 62 bytes
[USB RECV HEX/ASCII]:
  0000: $6C $65 $72 $61 $74 $69 $6F $6E  $28 $29 $20 $72 $65 $6A $65 $63  leration() rejec
  0010: $74 $65 $64 $20 $65 $45 $72 $72  $6F $72 $20 $3D $20 $2D $31 $5F  ted eError = -1_
  0020: $30 $31 $30 $2C $20 $72 $61 $74  $65 $20 $3D $20 $30 $0D $0A $43  010, rate = 0..C
  0030: $6F $67 $30 $20 $20 $21 $20 $45  $52 $52 $4F $52 $3A $20          og0  ! ERROR: 
[USB RECV 2026-09-22T23:41:46.890] Received 62 bytes
[USB RECV HEX/ASCII]:
  0000: $73 $65 $74 $41 $63 $63 $65 $6C  $65 $72 $61 $74 $69 $6F $6E $28  setAcceleration(
  0010: $29 $20 $72 $65 $6A $65 $63 $74  $65 $64 $20 $65 $45 $72 $72 $6F  ) rejected eErro
  0020: $72 $20 $3D $20 $2D $31 $5F $30  $31 $30 $2C $20 $72 $61 $74 $65  r = -1_010, rate
  0030: $20 $3D $20 $2D $31 $0D $0A $43  $6F $67 $30 $20 $20 $21           = -1..Cog0  !
[USB RECV 2026-09-22T23:41:46.890] Received 62 bytes
[USB RECV HEX/ASCII]:
  0000: $20 $45 $52 $52 $4F $52 $3A $20  $73 $65 $74 $41 $63 $63 $65 $6C   ERROR: setAccel
  0010: $65 $72 $61 $74 $69 $6F $6E $28  $29 $20 $72 $65 $6A $65 $63 $74  eration() reject
  0020: $65 $64 $20 $65 $45 $72 $72 $6F  $72 $20 $3D $20 $2D $31 $5F $30  ed eError = -1_0
  0030: $31 $30 $2C $20 $72 $61 $74 $65  $20 $3D $20 $31 $30 $5F          10, rate = 10_
[USB RECV 2026-09-22T23:41:46.891] Received 62 bytes
[USB RECV HEX/ASCII]:
  0000: $30 $30 $31 $0D $0A $43 $6F $67  $30 $20 $20 $54 $30 $2D $35 $2C  001..Cog0  T0-5,
  0010: $72 $65 $66 $75 $73 $65 $2C $62  $65 $6C $6F $77 $2C $2D $31 $5F  refuse,below,-1_
  0020: $30 $31 $30 $2C $6E $65 $67 $61  $74 $69 $76 $65 $2C $2D $31 $5F  010,negative,-1_
  0030: $30 $31 $30 $2C $61 $62 $6F $76  $65 $2C $2D $31 $5F $30          010,above,-1_0
[USB RECV 2026-09-22T23:41:46.891] Received 62 bytes
[USB RECV HEX/ASCII]:
  0000: $31 $30 $2C $75 $6E $63 $68 $61  $6E $67 $65 $64 $2C $54 $52 $55  10,unchanged,TRU
  0010: $45 $0D $0A $43 $6F $67 $30 $20  $20 $54 $30 $2D $35 $2C $61 $6E  E..Cog0  T0-5,an
  0020: $63 $68 $6F $72 $2C $6D $6D $5F  $73 $32 $2C $34 $34 $2C $73 $74  chor,mm_s2,44,st
  0030: $61 $74 $75 $73 $2C $30 $2C $73  $74 $65 $70 $2C $31 $5F          atus,0,step,1_
[USB RECV 2026-09-22T23:41:46.891] Received 62 bytes
[USB RECV HEX/ASCII]:
  0000: $34 $39 $34 $2C $63 $6F $6E $73  $74 $61 $6E $74 $2C $54 $52 $55  494,constant,TRU
  0010: $45 $0D $0A $43 $6F $67 $30 $20  $20 $54 $30 $2D $35 $2C $74 $6F  E..Cog0  T0-5,to
  0020: $70 $2C $6D $6D $5F $73 $32 $2C  $31 $30 $5F $30 $30 $30 $2C $73  p,mm_s2,10_000,s
  0030: $74 $61 $74 $75 $73 $2C $30 $2C  $73 $74 $65 $70 $2C $33          tatus,0,step,3
[USB RECV 2026-09-22T23:41:46.892] Received 62 bytes
[USB RECV HEX/ASCII]:
  0000: $33 $39 $5F $35 $37 $36 $2C $63  $6F $6E $73 $74 $61 $6E $74 $2C  39_576,constant,
  0010: $54 $52 $55 $45 $0D $0A $43 $6F  $67 $30 $20 $20 $53 $49 $47 $4E  TRUE..Cog0  SIGN
  0020: $4F $46 $46 $2C $73 $66 $2C $31  $2C $62 $69 $6E $2C $54 $30 $2C  OFF,sf,1,bin,T0,
  0030: $63 $65 $6C $6C $2C $52 $31 $37  $2D $54 $30 $2D $41 $43          cell,R17-T0-AC
[USB RECV 2026-09-22T23:41:46.892] Received 62 bytes
[USB RECV HEX/ASCII]:
  0000: $43 $45 $4C $2C $74 $61 $73 $6B  $2C $33 $35 $37 $37 $2C $6D $6F  CEL,task,3577,mo
  0010: $74 $6F $72 $2C $4E $4F $4E $45  $2C $63 $72 $69 $74 $2C $4D $4D  tor,NONE,crit,MM
  0020: $5F $53 $32 $5F $43 $4F $4E $53  $54 $5F $52 $41 $4D $50 $2C $6D  _S2_CONST_RAMP,m
  0030: $65 $61 $73 $75 $72 $65 $64 $2C  $54 $52 $55 $45 $2C $6C          easured,TRUE,l
[USB RECV 2026-09-22T23:41:46.892] Received 62 bytes
[USB RECV HEX/ASCII]:
  0000: $6F $2C $54 $52 $55 $45 $2C $68  $69 $2C $54 $52 $55 $45 $2C $75  o,TRUE,hi,TRUE,u
  0010: $6E $69 $74 $73 $2C $42 $4F $4F  $4C $2C $6E $2C $35 $2C $76 $65  nits,BOOL,n,5,ve
  0020: $72 $64 $69 $63 $74 $2C $50 $41  $53 $53 $0D $0A $43 $6F $67 $30  rdict,PASS..Cog0
  0030: $20 $20 $54 $30 $2D $36 $2C $63  $61 $6C $6C $2C $67 $65            T0-6,call,ge
[USB RECV 2026-09-22T23:41:46.893] Received 62 bytes
[USB RECV HEX/ASCII]:
  0000: $74 $44 $69 $73 $74 $61 $6E $63  $65 $5F $4B $4D $2C $72 $65 $73  tDistance_KM,res
  0010: $75 $6C $74 $2C $30 $0D $0A $43  $6F $67 $30 $20 $20 $54 $30 $2D  ult,0..Cog0  T0-
  0020: $36 $2C $63 $61 $6C $6C $2C $67  $65 $74 $44 $69 $73 $74 $61 $6E  6,call,getDistan
  0030: $63 $65 $5F $4D $49 $2C $72 $65  $73 $75 $6C $74 $2C $30          ce_MI,result,0
[USB RECV 2026-09-22T23:41:46.893] Received 62 bytes
[USB RECV HEX/ASCII]:
  0000: $0D $0A $43 $6F $67 $30 $20 $20  $21 $20 $45 $52 $52 $4F $52 $3A  ..Cog0  ! ERROR:
  0010: $20 $69 $6E $76 $61 $6C $69 $64  $20 $72 $6F $74 $61 $74 $69 $6F   invalid rotatio
  0020: $6E $55 $6E $69 $74 $73 $20 $56  $61 $6C $75 $65 $3A $65 $52 $6F  nUnits Value:eRo
  0030: $74 $61 $74 $69 $6F $6E $55 $6E  $69 $74 $73 $20 $3D $20          tationUnits = 
[USB RECV 2026-09-22T23:41:46.893] Received 62 bytes
[USB RECV HEX/ASCII]:
  0000: $39 $39 $0D $0A $43 $6F $67 $30  $20 $20 $54 $30 $2D $36 $2C $63  99..Cog0  T0-6,c
  0010: $61 $6C $6C $2C $67 $65 $74 $52  $6F $74 $61 $74 $69 $6F $6E $43  all,getRotationC
  0020: $6F $75 $6E $74 $5F $39 $39 $2C  $72 $65 $73 $75 $6C $74 $2C $30  ount_99,result,0
  0030: $2C $65 $72 $72 $6F $72 $2C $2D  $31 $5F $30 $30 $39 $0D          ,error,-1_009.
[USB RECV 2026-09-22T23:41:46.894] Received 62 bytes
[USB RECV HEX/ASCII]:
  0000: $0A $43 $6F $67 $30 $20 $20 $21  $20 $45 $52 $52 $4F $52 $3A $20  .Cog0  ! ERROR: 
  0010: $73 $74 $6F $70 $41 $66 $74 $65  $72 $44 $69 $73 $74 $61 $6E $63  stopAfterDistanc
  0020: $65 $28 $29 $20 $72 $65 $6A $65  $63 $74 $65 $64 $20 $65 $45 $72  e() rejected eEr
  0030: $72 $6F $72 $20 $3D $20 $2D $31  $5F $30 $31 $30 $2C $20          ror = -1_010, 
[USB RECV 2026-09-22T23:41:46.894] Received 62 bytes
[USB RECV HEX/ASCII]:
  0000: $6E $44 $69 $73 $74 $61 $6E $63  $65 $20 $3D $20 $30 $2C $20 $65  nDistance = 0, e
  0010: $44 $69 $73 $74 $61 $6E $63 $65  $55 $6E $69 $74 $73 $20 $3D $20  DistanceUnits = 
  0020: $33 $0D $0A $43 $6F $67 $30 $20  $20 $54 $30 $2D $36 $2C $63 $61  3..Cog0  T0-6,ca
  0030: $6C $6C $2C $73 $74 $6F $70 $41  $66 $74 $65 $72 $44 $69          ll,stopAfterDi
[USB RECV 2026-09-22T23:41:46.894] Received 62 bytes
[USB RECV HEX/ASCII]:
  0000: $73 $74 $61 $6E $63 $65 $5F $30  $69 $6E $2C $73 $74 $61 $74 $75  stance_0in,statu
  0010: $73 $2C $2D $31 $5F $30 $31 $30  $2C $65 $72 $72 $6F $72 $2C $2D  s,-1_010,error,-
  0020: $31 $5F $30 $31 $30 $0D $0A $43  $6F $67 $30 $20 $20 $54 $30 $2D  1_010..Cog0  T0-
  0030: $37 $2C $62 $65 $67 $69 $6E $2C  $6C $65 $66 $74 $5F $62          7,begin,left_b
[USB RECV 2026-09-22T23:41:46.896] Received 62 bytes
[USB RECV HEX/ASCII]:
  0000: $61 $73 $65 $2C $50 $30 $5F $50  $31 $35 $2C $72 $69 $67 $68 $74  ase,P0_P15,right
  0010: $5F $62 $61 $73 $65 $2C $50 $38  $5F $50 $32 $33 $0D $0A $43 $6F  _base,P8_P23..Co
  0020: $67 $30 $20 $20 $21 $20 $45 $52  $52 $4F $52 $3A $20 $70 $69 $6E  g0  ! ERROR: pin
  0030: $20 $62 $61 $73 $65 $20 $65 $4D  $6F $74 $6F $72 $42 $61           base eMotorBa
[USB RECV 2026-09-22T23:41:46.897] Received 62 bytes
[USB RECV HEX/ASCII]:
  0000: $73 $65 $50 $69 $6E $20 $3D $20  $38 $20 $6F $76 $65 $72 $6C $61  sePin = 8 overla
  0010: $70 $73 $20 $61 $20 $70 $69 $6E  $20 $72 $61 $6E $67 $65 $20 $61  ps a pin range a
  0020: $6C $72 $65 $61 $64 $79 $20 $69  $6E $20 $75 $73 $65 $20 $62 $79  lready in use by
  0030: $20 $61 $6E $6F $74 $68 $65 $72  $20 $6D $6F $74 $6F $72           another motor
[USB RECV 2026-09-22T23:41:46.897] Received 62 bytes
[USB RECV HEX/ASCII]:
  0000: $20 $69 $6E $73 $74 $61 $6E $63  $65 $0D $0A $43 $6F $67 $30 $20   instance..Cog0 
  0010: $20 $54 $30 $2D $37 $2C $65 $6E  $64 $2C $63 $6C $61 $69 $6D $5F   T0-7,end,claim_
  0020: $73 $74 $61 $74 $75 $73 $2C $30  $2C $6F $76 $65 $72 $6C $61 $70  status,0,overlap
  0030: $5F $73 $74 $61 $74 $75 $73 $2C  $2D $31 $5F $30 $30 $32          _status,-1_002
[USB RECV 2026-09-22T23:41:46.897] Received 62 bytes
[USB RECV HEX/ASCII]:
  0000: $2C $6F $76 $65 $72 $6C $61 $70  $5F $65 $72 $72 $6F $72 $2C $2D  ,overlap_error,-
  0010: $31 $5F $30 $30 $32 $0D $0A $43  $6F $67 $30 $20 $20 $54 $30 $2D  1_002..Cog0  T0-
  0020: $37 $2C $6E $6F $6E $6F $76 $65  $72 $6C $61 $70 $2C $62 $65 $67  7,nonoverlap,beg
  0030: $69 $6E $2C $68 $65 $6C $64 $5F  $62 $61 $73 $65 $2C $50          in,held_base,P
[USB RECV 2026-09-22T23:41:46.899] Received 62 bytes
[USB RECV HEX/ASCII]:
  0000: $30 $5F $50 $31 $35 $2C $6E $65  $77 $5F $62 $61 $73 $65 $2C $50  0_P15,new_base,P
  0010: $33 $32 $5F $50 $34 $37 $0D $0A  $43 $6F $67 $30 $20 $20 $54 $30  32_P47..Cog0  T0
  0020: $2D $37 $2C $6E $6F $6E $6F $76  $65 $72 $6C $61 $70 $2C $65 $6E  -7,nonoverlap,en
  0030: $64 $2C $73 $74 $61 $74 $75 $73  $2C $30 $0D $0A $43 $6F          d,status,0..Co
[USB RECV 2026-09-22T23:41:46.899] Received 62 bytes
[USB RECV HEX/ASCII]:
  0000: $67 $30 $20 $20 $53 $49 $47 $4E  $4F $46 $46 $2C $73 $66 $2C $31  g0  SIGNOFF,sf,1
  0010: $2C $62 $69 $6E $2C $54 $30 $2C  $63 $65 $6C $6C $2C $52 $31 $36  ,bin,T0,cell,R16
  0020: $2D $54 $30 $2D $4E $4F $41 $42  $4F $52 $54 $2C $74 $61 $73 $6B  -T0-NOABORT,task
  0030: $2C $33 $35 $35 $34 $2C $6D $6F  $74 $6F $72 $2C $4E $4F          ,3554,motor,NO
[USB RECV 2026-09-22T23:41:46.900] Received 62 bytes
[USB RECV HEX/ASCII]:
  0000: $4E $45 $2C $63 $72 $69 $74 $2C  $43 $4F $44 $45 $5F $4E $4F $54  NE,crit,CODE_NOT
  0010: $5F $41 $42 $4F $52 $54 $2C $6D  $65 $61 $73 $75 $72 $65 $64 $2C  _ABORT,measured,
  0020: $54 $52 $55 $45 $2C $6C $6F $2C  $54 $52 $55 $45 $2C $68 $69 $2C  TRUE,lo,TRUE,hi,
  0030: $54 $52 $55 $45 $2C $75 $6E $69  $74 $73 $2C $42 $4F $4F          TRUE,units,BOO
[USB RECV 2026-09-22T23:41:46.900] Received 62 bytes
[USB RECV HEX/ASCII]:
  0000: $4C $2C $6E $2C $34 $2C $76 $65  $72 $64 $69 $63 $74 $2C $50 $41  L,n,4,verdict,PA
  0010: $53 $53 $0D $0A $43 $6F $67 $30  $20 $20 $54 $30 $2D $31 $38 $2C  SS..Cog0  T0-18,
  0020: $62 $65 $67 $69 $6E $2C $73 $74  $65 $65 $72 $5F $6E $6F $74 $5F  begin,steer_not_
  0030: $73 $74 $61 $72 $74 $65 $64 $0D  $0A $43 $6F $67 $30 $20          started..Cog0 
[USB RECV 2026-09-22T23:41:46.901] Received 62 bytes
[USB RECV HEX/ASCII]:
  0000: $20 $21 $20 $45 $52 $52 $4F $52  $3A $20 $73 $74 $6F $70 $41 $66   ! ERROR: stopAf
  0010: $74 $65 $72 $44 $69 $73 $74 $61  $6E $63 $65 $28 $29 $20 $72 $65  terDistance() re
  0020: $6A $65 $63 $74 $65 $64 $20 $65  $45 $72 $72 $6F $72 $20 $3D $20  jected eError = 
  0030: $2D $31 $5F $30 $30 $37 $2C $20  $6E $44 $69 $73 $74 $61          -1_007, nDista
[USB RECV 2026-09-22T23:41:46.901] Received 62 bytes
[USB RECV HEX/ASCII]:
  0000: $6E $63 $65 $20 $3D $20 $31 $2C  $20 $65 $44 $69 $73 $74 $61 $6E  nce = 1, eDistan
  0010: $63 $65 $55 $6E $69 $74 $73 $20  $3D $20 $35 $0D $0A $43 $6F $67  ceUnits = 5..Cog
  0020: $30 $20 $20 $21 $20 $45 $52 $52  $4F $52 $3A $20 $73 $74 $6F $70  0  ! ERROR: stop
  0030: $41 $66 $74 $65 $72 $54 $69 $6D  $65 $28 $29 $20 $72 $65          AfterTime() re
[USB RECV 2026-09-22T23:41:46.901] Received 62 bytes
[USB RECV HEX/ASCII]:
  0000: $6A $65 $63 $74 $65 $64 $20 $65  $45 $72 $72 $6F $72 $20 $3D $20  jected eError = 
  0010: $2D $31 $5F $30 $30 $37 $2C $20  $6E $54 $69 $6D $65 $20 $3D $20  -1_007, nTime = 
  0020: $31 $2C $20 $65 $54 $69 $6D $65  $55 $6E $69 $74 $73 $20 $3D $20  1, eTimeUnits = 
  0030: $32 $0D $0A $43 $6F $67 $30 $20  $20 $54 $30 $2D $31 $38          2..Cog0  T0-18
[USB RECV 2026-09-22T23:41:46.902] Received 62 bytes
[USB RECV HEX/ASCII]:
  0000: $2C $65 $6E $64 $2C $64 $69 $73  $74 $5F $73 $74 $61 $74 $75 $73  ,end,dist_status
  0010: $2C $2D $31 $5F $30 $30 $37 $2C  $74 $69 $6D $65 $5F $73 $74 $61  ,-1_007,time_sta
  0020: $74 $75 $73 $2C $2D $31 $5F $30  $30 $37 $2C $65 $72 $72 $6F $72  tus,-1_007,error
  0030: $2C $2D $31 $5F $30 $30 $37 $2C  $6C $65 $66 $74 $5F $65          ,-1_007,left_e
[USB RECV 2026-09-22T23:41:46.902] Received 62 bytes
[USB RECV HEX/ASCII]:
  0000: $72 $72 $6F $72 $2C $30 $2C $72  $69 $67 $68 $74 $5F $65 $72 $72  rror,0,right_err
  0010: $6F $72 $2C $30 $0D $0A $43 $6F  $67 $30 $20 $20 $53 $49 $47 $4E  or,0..Cog0  SIGN
  0020: $4F $46 $46 $2C $73 $66 $2C $31  $2C $62 $69 $6E $2C $54 $30 $2C  OFF,sf,1,bin,T0,
  0030: $63 $65 $6C $6C $2C $52 $31 $36  $2D $54 $30 $2D $53 $54          cell,R16-T0-ST
[USB RECV 2026-09-22T23:41:46.902] Received 62 bytes
[USB RECV HEX/ASCII]:
  0000: $52 $4E $4F $54 $53 $54 $41 $52  $54 $2C $74 $61 $73 $6B $2C $33  RNOTSTART,task,3
  0010: $35 $35 $35 $2C $6D $6F $74 $6F  $72 $2C $42 $4F $54 $48 $2C $63  555,motor,BOTH,c
  0020: $72 $69 $74 $2C $4C $49 $4D $49  $54 $5F $52 $45 $46 $55 $53 $45  rit,LIMIT_REFUSE
  0030: $44 $2C $6D $65 $61 $73 $75 $72  $65 $64 $2C $54 $52 $55          D,measured,TRU
[USB RECV 2026-09-22T23:41:46.902] Received 62 bytes
[USB RECV HEX/ASCII]:
  0000: $45 $2C $6C $6F $2C $54 $52 $55  $45 $2C $68 $69 $2C $54 $52 $55  E,lo,TRUE,hi,TRU
  0010: $45 $2C $75 $6E $69 $74 $73 $2C  $42 $4F $4F $4C $2C $6E $2C $32  E,units,BOOL,n,2
  0020: $2C $76 $65 $72 $64 $69 $63 $74  $2C $50 $41 $53 $53 $0D $0A $43  ,verdict,PASS..C
  0030: $6F $67 $30 $20 $20 $54 $30 $2D  $31 $31 $2C $62 $65 $67          og0  T0-11,beg
[USB RECV 2026-09-22T23:41:46.906] Received 62 bytes
[USB RECV HEX/ASCII]:
  0000: $69 $6E $0D $0A $43 $6F $67 $31  $20 $20 $49 $4E $49 $54 $20 $24  in..Cog1  INIT $
  0010: $30 $30 $30 $30 $5F $34 $46 $41  $32 $20 $24 $30 $30 $30 $30 $5F  0000_4FA2 $0000_
  0020: $38 $39 $41 $42 $20 $6C $6F $61  $64 $0D $0A $43 $6F $67 $32 $20  89AB load..Cog2 
  0030: $20 $49 $4E $49 $54 $20 $24 $30  $30 $30 $30 $5F $30 $46           INIT $0000_0F
[USB RECV 2026-09-22T23:41:46.921] Received 20 bytes
[USB RECV HEX/ASCII]:
  0000: $41 $38 $20 $24 $30 $30 $30 $30  $5F $38 $34 $37 $42 $20 $6A $75  A8 $0000_847B ju
  0010: $6D $70 $0D $0A                                                   mp..
[USB RECV 2026-09-22T23:41:48.920] Received 62 bytes
[USB RECV HEX/ASCII]:
  0000: $43 $6F $67 $30 $20 $20 $54 $30  $2D $31 $31 $2C $6C $69 $66 $65  Cog0  T0-11,life
  0010: $74 $69 $6D $65 $2C $30 $2C $6D  $65 $61 $6E $5F $69 $5F $78 $31  time,0,mean_i_x1
  0020: $30 $2C $36 $2C $6D $65 $61 $6E  $5F $75 $5F $78 $31 $30 $2C $35  0,6,mean_u_x10,5
  0030: $36 $33 $2C $6D $65 $61 $6E $5F  $76 $5F $78 $31 $30 $2C          63,mean_v_x10,
[USB RECV 2026-09-22T23:41:48.935] Received 20 bytes
[USB RECV HEX/ASCII]:
  0000: $35 $32 $31 $2C $6D $65 $61 $6E  $5F $77 $5F $78 $31 $30 $2C $35  521,mean_w_x10,5
  0010: $34 $37 $0D $0A                                                   47..
[USB RECV 2026-09-22T23:41:49.428] Received 62 bytes
[USB RECV HEX/ASCII]:
  0000: $43 $6F $67 $31 $20 $20 $49 $4E  $49 $54 $20 $24 $30 $30 $30 $30  Cog1  INIT $0000
  0010: $5F $34 $46 $41 $32 $20 $24 $30  $30 $30 $30 $5F $38 $39 $41 $42  _4FA2 $0000_89AB
  0020: $20 $6C $6F $61 $64 $0D $0A $43  $6F $67 $32 $20 $20 $49 $4E $49   load..Cog2  INI
  0030: $54 $20 $24 $30 $30 $30 $30 $5F  $30 $46 $41 $38 $20 $24          T $0000_0FA8 $
[USB RECV 2026-09-22T23:41:49.443] Received 16 bytes
[USB RECV HEX/ASCII]:
  0000: $30 $30 $30 $30 $5F $38 $34 $37  $42 $20 $6A $75 $6D $70 $0D $0A  0000_847B jump..
[USB RECV 2026-09-22T23:41:51.440] Received 62 bytes
[USB RECV HEX/ASCII]:
  0000: $43 $6F $67 $30 $20 $20 $54 $30  $2D $31 $31 $2C $6C $69 $66 $65  Cog0  T0-11,life
  0010: $74 $69 $6D $65 $2C $31 $2C $6D  $65 $61 $6E $5F $69 $5F $78 $31  time,1,mean_i_x1
  0020: $30 $2C $37 $2C $6D $65 $61 $6E  $5F $75 $5F $78 $31 $30 $2C $35  0,7,mean_u_x10,5
  0030: $35 $34 $2C $6D $65 $61 $6E $5F  $76 $5F $78 $31 $30 $2C          54,mean_v_x10,
[USB RECV 2026-09-22T23:41:51.456] Received 20 bytes
[USB RECV HEX/ASCII]:
  0000: $35 $33 $35 $2C $6D $65 $61 $6E  $5F $77 $5F $78 $31 $30 $2C $35  535,mean_w_x10,5
  0010: $33 $35 $0D $0A                                                   35..
[USB RECV 2026-09-22T23:41:51.948] Received 62 bytes
[USB RECV HEX/ASCII]:
  0000: $43 $6F $67 $31 $20 $20 $49 $4E  $49 $54 $20 $24 $30 $30 $30 $30  Cog1  INIT $0000
  0010: $5F $34 $46 $41 $32 $20 $24 $30  $30 $30 $30 $5F $38 $39 $41 $42  _4FA2 $0000_89AB
  0020: $20 $6C $6F $61 $64 $0D $0A $43  $6F $67 $32 $20 $20 $49 $4E $49   load..Cog2  INI
  0030: $54 $20 $24 $30 $30 $30 $30 $5F  $30 $46 $41 $38 $20 $24          T $0000_0FA8 $
[USB RECV 2026-09-22T23:41:51.964] Received 16 bytes
[USB RECV HEX/ASCII]:
  0000: $30 $30 $30 $30 $5F $38 $34 $37  $42 $20 $6A $75 $6D $70 $0D $0A  0000_847B jump..
[USB RECV 2026-09-22T23:41:53.962] Received 62 bytes
[USB RECV HEX/ASCII]:
  0000: $43 $6F $67 $30 $20 $20 $54 $30  $2D $31 $31 $2C $6C $69 $66 $65  Cog0  T0-11,life
  0010: $74 $69 $6D $65 $2C $32 $2C $6D  $65 $61 $6E $5F $69 $5F $78 $31  time,2,mean_i_x1
  0020: $30 $2C $35 $2C $6D $65 $61 $6E  $5F $75 $5F $78 $31 $30 $2C $35  0,5,mean_u_x10,5
  0030: $35 $39 $2C $6D $65 $61 $6E $5F  $76 $5F $78 $31 $30 $2C          59,mean_v_x10,
[USB RECV 2026-09-22T23:41:53.977] Received 20 bytes
[USB RECV HEX/ASCII]:
  0000: $35 $32 $35 $2C $6D $65 $61 $6E  $5F $77 $5F $78 $31 $30 $2C $35  525,mean_w_x10,5
  0010: $34 $31 $0D $0A                                                   41..
[USB RECV 2026-09-22T23:41:54.469] Received 62 bytes
[USB RECV HEX/ASCII]:
  0000: $43 $6F $67 $31 $20 $20 $49 $4E  $49 $54 $20 $24 $30 $30 $30 $30  Cog1  INIT $0000
  0010: $5F $34 $46 $41 $32 $20 $24 $30  $30 $30 $30 $5F $38 $39 $41 $42  _4FA2 $0000_89AB
  0020: $20 $6C $6F $61 $64 $0D $0A $43  $6F $67 $32 $20 $20 $49 $4E $49   load..Cog2  INI
  0030: $54 $20 $24 $30 $30 $30 $30 $5F  $30 $46 $41 $38 $20 $24          T $0000_0FA8 $
[USB RECV 2026-09-22T23:41:54.485] Received 16 bytes
[USB RECV HEX/ASCII]:
  0000: $30 $30 $30 $30 $5F $38 $34 $37  $42 $20 $6A $75 $6D $70 $0D $0A  0000_847B jump..
[USB RECV 2026-09-22T23:41:56.483] Received 62 bytes
[USB RECV HEX/ASCII]:
  0000: $43 $6F $67 $30 $20 $20 $54 $30  $2D $31 $31 $2C $6C $69 $66 $65  Cog0  T0-11,life
  0010: $74 $69 $6D $65 $2C $33 $2C $6D  $65 $61 $6E $5F $69 $5F $78 $31  time,3,mean_i_x1
  0020: $30 $2C $33 $2C $6D $65 $61 $6E  $5F $75 $5F $78 $31 $30 $2C $35  0,3,mean_u_x10,5
  0030: $34 $37 $2C $6D $65 $61 $6E $5F  $76 $5F $78 $31 $30 $2C          47,mean_v_x10,
[USB RECV 2026-09-22T23:41:56.497] Received 20 bytes
[USB RECV HEX/ASCII]:
  0000: $35 $31 $35 $2C $6D $65 $61 $6E  $5F $77 $5F $78 $31 $30 $2C $35  515,mean_w_x10,5
  0010: $34 $35 $0D $0A                                                   45..
[USB RECV 2026-09-22T23:41:56.990] Received 62 bytes
[USB RECV HEX/ASCII]:
  0000: $43 $6F $67 $31 $20 $20 $49 $4E  $49 $54 $20 $24 $30 $30 $30 $30  Cog1  INIT $0000
  0010: $5F $34 $46 $41 $32 $20 $24 $30  $30 $30 $30 $5F $38 $39 $41 $42  _4FA2 $0000_89AB
  0020: $20 $6C $6F $61 $64 $0D $0A $43  $6F $67 $32 $20 $20 $49 $4E $49   load..Cog2  INI
  0030: $54 $20 $24 $30 $30 $30 $30 $5F  $30 $46 $41 $38 $20 $24          T $0000_0FA8 $
[USB RECV 2026-09-22T23:41:57.006] Received 16 bytes
[USB RECV HEX/ASCII]:
  0000: $30 $30 $30 $30 $5F $38 $34 $37  $42 $20 $6A $75 $6D $70 $0D $0A  0000_847B jump..
[USB RECV 2026-09-22T23:41:59.003] Received 62 bytes
[USB RECV HEX/ASCII]:
  0000: $43 $6F $67 $30 $20 $20 $54 $30  $2D $31 $31 $2C $6C $69 $66 $65  Cog0  T0-11,life
  0010: $74 $69 $6D $65 $2C $34 $2C $6D  $65 $61 $6E $5F $69 $5F $78 $31  time,4,mean_i_x1
  0020: $30 $2C $30 $2C $6D $65 $61 $6E  $5F $75 $5F $78 $31 $30 $2C $35  0,0,mean_u_x10,5
  0030: $34 $38 $2C $6D $65 $61 $6E $5F  $76 $5F $78 $31 $30 $2C          48,mean_v_x10,
[USB RECV 2026-09-22T23:41:59.019] Received 20 bytes
[USB RECV HEX/ASCII]:
  0000: $35 $32 $37 $2C $6D $65 $61 $6E  $5F $77 $5F $78 $31 $30 $2C $35  527,mean_w_x10,5
  0010: $33 $35 $0D $0A                                                   35..
[USB RECV 2026-09-22T23:41:59.508] Received 62 bytes
[USB RECV HEX/ASCII]:
  0000: $43 $6F $67 $30 $20 $20 $54 $30  $2D $31 $31 $2C $65 $6E $64 $2C  Cog0  T0-11,end,
  0010: $76 $61 $6C $69 $64 $5F $6C $69  $66 $65 $74 $69 $6D $65 $73 $2C  valid_lifetimes,
  0020: $35 $0D $0A $43 $6F $67 $30 $20  $20 $53 $49 $47 $4E $4F $46 $46  5..Cog0  SIGNOFF
  0030: $2C $73 $66 $2C $31 $2C $62 $69  $6E $2C $54 $30 $2C $63          ,sf,1,bin,T0,c
[USB RECV 2026-09-22T23:41:59.508] Received 62 bytes
[USB RECV HEX/ASCII]:
  0000: $65 $6C $6C $2C $52 $38 $2D $54  $30 $2D $5A $58 $53 $2C $74 $61  ell,R8-T0-ZXS,ta
  0010: $73 $6B $2C $33 $35 $32 $39 $2C  $6D $6F $74 $6F $72 $2C $52 $49  sk,3529,motor,RI
  0020: $47 $48 $54 $2C $63 $72 $69 $74  $2C $5A $58 $53 $5F $49 $2C $6D  GHT,crit,ZXS_I,m
  0030: $65 $61 $73 $75 $72 $65 $64 $2C  $37 $2C $6C $6F $2C $30          easured,7,lo,0
[USB RECV 2026-09-22T23:41:59.508] Received 62 bytes
[USB RECV HEX/ASCII]:
  0000: $2C $68 $69 $2C $35 $30 $2C $75  $6E $69 $74 $73 $2C $4D $56 $5F  ,hi,50,units,MV_
  0010: $58 $31 $30 $2C $6E $2C $35 $2C  $76 $65 $72 $64 $69 $63 $74 $2C  X10,n,5,verdict,
  0020: $50 $41 $53 $53 $0D $0A $43 $6F  $67 $30 $20 $20 $53 $49 $47 $4E  PASS..Cog0  SIGN
  0030: $4F $46 $46 $2C $73 $66 $2C $31  $2C $62 $69 $6E $2C $54          OFF,sf,1,bin,T
[USB RECV 2026-09-22T23:41:59.509] Received 62 bytes
[USB RECV HEX/ASCII]:
  0000: $30 $2C $63 $65 $6C $6C $2C $52  $38 $2D $54 $30 $2D $5A $58 $53  0,cell,R8-T0-ZXS
  0010: $2C $74 $61 $73 $6B $2C $33 $35  $32 $39 $2C $6D $6F $74 $6F $72  ,task,3529,motor
  0020: $2C $52 $49 $47 $48 $54 $2C $63  $72 $69 $74 $2C $5A $58 $53 $5F  ,RIGHT,crit,ZXS_
  0030: $55 $2C $6D $65 $61 $73 $75 $72  $65 $64 $2C $31 $36 $2C          U,measured,16,
[USB RECV 2026-09-22T23:41:59.509] Received 62 bytes
[USB RECV HEX/ASCII]:
  0000: $6C $6F $2C $30 $2C $68 $69 $2C  $35 $30 $2C $75 $6E $69 $74 $73  lo,0,hi,50,units
  0010: $2C $4D $56 $5F $58 $31 $30 $2C  $6E $2C $35 $2C $76 $65 $72 $64  ,MV_X10,n,5,verd
  0020: $69 $63 $74 $2C $50 $41 $53 $53  $0D $0A $43 $6F $67 $30 $20 $20  ict,PASS..Cog0  
  0030: $53 $49 $47 $4E $4F $46 $46 $2C  $73 $66 $2C $31 $2C $62          SIGNOFF,sf,1,b
[USB RECV 2026-09-22T23:41:59.509] Received 62 bytes
[USB RECV HEX/ASCII]:
  0000: $69 $6E $2C $54 $30 $2C $63 $65  $6C $6C $2C $52 $38 $2D $54 $30  in,T0,cell,R8-T0
  0010: $2D $5A $58 $53 $2C $74 $61 $73  $6B $2C $33 $35 $32 $39 $2C $6D  -ZXS,task,3529,m
  0020: $6F $74 $6F $72 $2C $52 $49 $47  $48 $54 $2C $63 $72 $69 $74 $2C  otor,RIGHT,crit,
  0030: $5A $58 $53 $5F $56 $2C $6D $65  $61 $73 $75 $72 $65 $64          ZXS_V,measured
[USB RECV 2026-09-22T23:41:59.510] Received 62 bytes
[USB RECV HEX/ASCII]:
  0000: $2C $32 $30 $2C $6C $6F $2C $30  $2C $68 $69 $2C $35 $30 $2C $75  ,20,lo,0,hi,50,u
  0010: $6E $69 $74 $73 $2C $4D $56 $5F  $58 $31 $30 $2C $6E $2C $35 $2C  nits,MV_X10,n,5,
  0020: $76 $65 $72 $64 $69 $63 $74 $2C  $50 $41 $53 $53 $0D $0A $43 $6F  verdict,PASS..Co
  0030: $67 $30 $20 $20 $53 $49 $47 $4E  $4F $46 $46 $2C $73 $66          g0  SIGNOFF,sf
[USB RECV 2026-09-22T23:41:59.510] Received 62 bytes
[USB RECV HEX/ASCII]:
  0000: $2C $31 $2C $62 $69 $6E $2C $54  $30 $2C $63 $65 $6C $6C $2C $52  ,1,bin,T0,cell,R
  0010: $38 $2D $54 $30 $2D $5A $58 $53  $2C $74 $61 $73 $6B $2C $33 $35  8-T0-ZXS,task,35
  0020: $32 $39 $2C $6D $6F $74 $6F $72  $2C $52 $49 $47 $48 $54 $2C $63  29,motor,RIGHT,c
  0030: $72 $69 $74 $2C $5A $58 $53 $5F  $57 $2C $6D $65 $61 $73          rit,ZXS_W,meas
[USB RECV 2026-09-22T23:41:59.510] Received 62 bytes
[USB RECV HEX/ASCII]:
  0000: $75 $72 $65 $64 $2C $31 $32 $2C  $6C $6F $2C $30 $2C $68 $69 $2C  ured,12,lo,0,hi,
  0010: $35 $30 $2C $75 $6E $69 $74 $73  $2C $4D $56 $5F $58 $31 $30 $2C  50,units,MV_X10,
  0020: $6E $2C $35 $2C $76 $65 $72 $64  $69 $63 $74 $2C $50 $41 $53 $53  n,5,verdict,PASS
  0030: $0D $0A $43 $6F $67 $30 $20 $20  $54 $30 $2D $31 $33 $2C          ..Cog0  T0-13,
[USB RECV 2026-09-22T23:41:59.514] Received 62 bytes
[USB RECV HEX/ASCII]:
  0000: $62 $65 $67 $69 $6E $0D $0A $43  $6F $67 $31 $20 $20 $49 $4E $49  begin..Cog1  INI
  0010: $54 $20 $24 $30 $30 $30 $30 $5F  $34 $46 $41 $32 $20 $24 $30 $30  T $0000_4FA2 $00
  0020: $30 $30 $5F $38 $39 $41 $42 $20  $6C $6F $61 $64 $0D $0A $43 $6F  00_89AB load..Co
  0030: $67 $32 $20 $20 $49 $4E $49 $54  $20 $24 $30 $30 $30 $30          g2  INIT $0000
[USB RECV 2026-09-22T23:41:59.530] Received 23 bytes
[USB RECV HEX/ASCII]:
  0000: $5F $30 $46 $41 $38 $20 $24 $30  $30 $30 $30 $5F $38 $34 $37 $42  _0FA8 $0000_847B
  0010: $20 $6A $75 $6D $70 $0D $0A                                        jump..
[USB RECV 2026-09-22T23:42:01.526] Received 62 bytes
[USB RECV HEX/ASCII]:
  0000: $43 $6F $67 $30 $20 $20 $54 $30  $2D $31 $33 $2C $65 $6E $64 $2C  Cog0  T0-13,end,
  0010: $6D $69 $73 $73 $65 $64 $2C $30  $2C $69 $6C $6C $65 $67 $61 $6C  missed,0,illegal
  0020: $2C $30 $0D $0A $43 $6F $67 $30  $20 $20 $53 $49 $47 $4E $4F $46  ,0..Cog0  SIGNOF
  0030: $46 $2C $73 $66 $2C $31 $2C $62  $69 $6E $2C $54 $30 $2C          F,sf,1,bin,T0,
[USB RECV 2026-09-22T23:42:01.526] Received 62 bytes
[USB RECV HEX/ASCII]:
  0000: $63 $65 $6C $6C $2C $52 $33 $2D  $54 $30 $2D $53 $54 $4F $50 $50  cell,R3-T0-STOPP
  0010: $45 $44 $2C $74 $61 $73 $6B $2C  $33 $35 $30 $31 $2C $6D $6F $74  ED,task,3501,mot
  0020: $6F $72 $2C $4E $4F $4E $45 $2C  $63 $72 $69 $74 $2C $53 $54 $4F  or,NONE,crit,STO
  0030: $50 $50 $45 $44 $5F $43 $4F $55  $4E $54 $53 $2C $6D $65          PPED_COUNTS,me
[USB RECV 2026-09-22T23:42:01.529] Received 62 bytes
[USB RECV HEX/ASCII]:
  0000: $61 $73 $75 $72 $65 $64 $2C $30  $2C $6C $6F $2C $30 $2C $68 $69  asured,0,lo,0,hi
  0010: $2C $30 $2C $75 $6E $69 $74 $73  $2C $43 $4F $55 $4E $54 $2C $6E  ,0,units,COUNT,n
  0020: $2C $31 $2C $76 $65 $72 $64 $69  $63 $74 $2C $50 $41 $53 $53 $0D  ,1,verdict,PASS.
  0030: $0A $43 $6F $67 $30 $20 $20 $54  $30 $2D $31 $34 $2C $62          .Cog0  T0-14,b
[USB RECV 2026-09-22T23:42:01.545] Received 13 bytes
[USB RECV HEX/ASCII]:
  0000: $65 $67 $69 $6E $2C $72 $65 $70  $65 $61 $74 $0D $0A              egin,repeat..
[USB RECV 2026-09-22T23:42:01.627] Received 62 bytes
[USB RECV HEX/ASCII]:
  0000: $43 $6F $67 $30 $20 $20 $54 $30  $2D $31 $34 $61 $2C $62 $61 $73  Cog0  T0-14a,bas
  0010: $65 $2C $31 $36 $2C $6E $6F $74  $5F $72 $65 $76 $62 $5F $63 $6F  e,16,not_revb_co
  0020: $75 $6E $74 $2C $30 $0D $0A $43  $6F $67 $30 $20 $20 $53 $49 $47  unt,0..Cog0  SIG
  0030: $4E $4F $46 $46 $2C $73 $66 $2C  $31 $2C $62 $69 $6E $2C          NOFF,sf,1,bin,
[USB RECV 2026-09-22T23:42:01.627] Received 62 bytes
[USB RECV HEX/ASCII]:
  0000: $54 $30 $2C $63 $65 $6C $6C $2C  $52 $32 $2D $54 $30 $2D $52 $45  T0,cell,R2-T0-RE
  0010: $50 $45 $41 $54 $2C $74 $61 $73  $6B $2C $33 $35 $30 $30 $2C $6D  PEAT,task,3500,m
  0020: $6F $74 $6F $72 $2C $52 $49 $47  $48 $54 $2C $63 $72 $69 $74 $2C  otor,RIGHT,crit,
  0030: $52 $45 $41 $44 $53 $5F $4E $4F  $54 $5F $52 $45 $56 $42          READS_NOT_REVB
[USB RECV 2026-09-22T23:42:01.642] Received 53 bytes
[USB RECV HEX/ASCII]:
  0000: $2C $6D $65 $61 $73 $75 $72 $65  $64 $2C $30 $2C $6C $6F $2C $30  ,measured,0,lo,0
  0010: $2C $68 $69 $2C $30 $2C $75 $6E  $69 $74 $73 $2C $43 $4F $55 $4E  ,hi,0,units,COUN
  0020: $54 $2C $6E $2C $33 $32 $2C $76  $65 $72 $64 $69 $63 $74 $2C $50  T,n,32,verdict,P
  0030: $41 $53 $53 $0D $0A                                               ASS..
[USB RECV 2026-09-22T23:42:01.722] Received 9 bytes
[USB RECV HEX/ASCII]:
  0000: $43 $6F $67 $30 $20 $20 $54 $30  $2D                              Cog0  T0-
[USB RECV 2026-09-22T23:42:01.722] Received 62 bytes
[USB RECV HEX/ASCII]:
  0000: $31 $34 $61 $2C $62 $61 $73 $65  $2C $33 $32 $2C $6E $6F $74 $5F  14a,base,32,not_
  0010: $72 $65 $76 $62 $5F $63 $6F $75  $6E $74 $2C $30 $0D $0A $43 $6F  revb_count,0..Co
  0020: $67 $30 $20 $20 $53 $49 $47 $4E  $4F $46 $46 $2C $73 $66 $2C $31  g0  SIGNOFF,sf,1
  0030: $2C $62 $69 $6E $2C $54 $30 $2C  $63 $65 $6C $6C $2C $52          ,bin,T0,cell,R
[USB RECV 2026-09-22T23:42:01.723] Received 62 bytes
[USB RECV HEX/ASCII]:
  0000: $32 $2D $54 $30 $2D $52 $45 $50  $45 $41 $54 $2C $74 $61 $73 $6B  2-T0-REPEAT,task
  0010: $2C $33 $35 $30 $30 $2C $6D $6F  $74 $6F $72 $2C $4C $45 $46 $54  ,3500,motor,LEFT
  0020: $2C $63 $72 $69 $74 $2C $52 $45  $41 $44 $53 $5F $4E $4F $54 $5F  ,crit,READS_NOT_
  0030: $52 $45 $56 $42 $2C $6D $65 $61  $73 $75 $72 $65 $64 $2C          REVB,measured,
[USB RECV 2026-09-22T23:42:01.725] Received 62 bytes
[USB RECV HEX/ASCII]:
  0000: $30 $2C $6C $6F $2C $30 $2C $68  $69 $2C $30 $2C $75 $6E $69 $74  0,lo,0,hi,0,unit
  0010: $73 $2C $43 $4F $55 $4E $54 $2C  $6E $2C $33 $32 $2C $76 $65 $72  s,COUNT,n,32,ver
  0020: $64 $69 $63 $74 $2C $50 $41 $53  $53 $0D $0A $43 $6F $67 $30 $20  dict,PASS..Cog0 
  0030: $20 $54 $30 $2D $31 $34 $2C $62  $65 $67 $69 $6E $2C $64           T0-14,begin,d
[USB RECV 2026-09-22T23:42:01.734] Received 62 bytes
[USB RECV HEX/ASCII]:
  0000: $69 $72 $74 $79 $0D $0A $43 $6F  $67 $30 $20 $20 $54 $30 $2D $31  irty..Cog0  T0-1
  0010: $34 $62 $2C $62 $61 $73 $65 $2C  $31 $36 $2C $64 $69 $72 $74 $79  4b,base,16,dirty
  0020: $5F $72 $65 $61 $64 $2C $32 $32  $0D $0A $43 $6F $67 $31 $20 $20  _read,22..Cog1  
  0030: $49 $4E $49 $54 $20 $24 $30 $30  $30 $30 $5F $34 $46 $41          INIT $0000_4FA
[USB RECV 2026-09-22T23:42:01.749] Received 58 bytes
[USB RECV HEX/ASCII]:
  0000: $32 $20 $24 $30 $30 $30 $30 $5F  $38 $39 $41 $42 $20 $6C $6F $61  2 $0000_89AB loa
  0010: $64 $0D $0A $43 $6F $67 $32 $20  $20 $49 $4E $49 $54 $20 $24 $30  d..Cog2  INIT $0
  0020: $30 $30 $30 $5F $30 $46 $41 $38  $20 $24 $30 $30 $30 $30 $5F $38  000_0FA8 $0000_8
  0030: $34 $37 $42 $20 $6A $75 $6D $70  $0D $0A                          47B jump..
[USB RECV 2026-09-22T23:42:02.753] Received 62 bytes
[USB RECV HEX/ASCII]:
  0000: $43 $6F $67 $31 $20 $20 $49 $4E  $49 $54 $20 $24 $30 $30 $30 $30  Cog1  INIT $0000
  0010: $5F $34 $46 $41 $32 $20 $24 $30  $30 $30 $30 $5F $39 $32 $42 $33  _4FA2 $0000_92B3
  0020: $20 $6C $6F $61 $64 $0D $0A $43  $6F $67 $32 $20 $20 $49 $4E $49   load..Cog2  INI
  0030: $54 $20 $24 $30 $30 $30 $30 $5F  $30 $46 $41 $38 $20 $24          T $0000_0FA8 $
[USB RECV 2026-09-22T23:42:02.768] Received 16 bytes
[USB RECV HEX/ASCII]:
  0000: $30 $30 $30 $30 $5F $38 $44 $38  $33 $20 $6A $75 $6D $70 $0D $0A  0000_8D83 jump..
[USB RECV 2026-09-22T23:42:03.772] Received 124 bytes
[USB RECV HEX/ASCII]:
  0000: $43 $6F $67 $30 $20 $20 $54 $30  $2D $31 $34 $62 $2C $62 $61 $73  Cog0  T0-14b,bas
  0010: $65 $2C $31 $36 $2C $70 $6F $73  $74 $73 $74 $61 $72 $74 $5F $72  e,16,poststart_r
  0020: $65 $61 $64 $2C $32 $32 $0D $0A  $43 $6F $67 $30 $20 $20 $53 $49  ead,22..Cog0  SI
  0030: $47 $4E $4F $46 $46 $2C $73 $66  $2C $31 $2C $62 $69 $6E $2C $54  GNOFF,sf,1,bin,T
  0040: $30 $2C $63 $65 $6C $6C $2C $52  $32 $2D $54 $30 $2D $44 $49 $52  0,cell,R2-T0-DIR
  0050: $54 $59 $2C $74 $61 $73 $6B $2C  $33 $35 $30 $30 $2C $6D $6F $74  TY,task,3500,mot
  0060: $6F $72 $2C $52 $49 $47 $48 $54  $2C $63 $72 $69 $74 $2C $50 $4F  or,RIGHT,crit,PO
  0070: $53 $54 $53 $54 $4F $50 $5F $52  $45 $56 $42 $2C                  STSTOP_REVB,
[USB RECV 2026-09-22T23:42:03.775] Received 62 bytes
[USB RECV HEX/ASCII]:
  0000: $6D $65 $61 $73 $75 $72 $65 $64  $2C $54 $52 $55 $45 $2C $6C $6F  measured,TRUE,lo
  0010: $2C $54 $52 $55 $45 $2C $68 $69  $2C $54 $52 $55 $45 $2C $75 $6E  ,TRUE,hi,TRUE,un
  0020: $69 $74 $73 $2C $42 $4F $4F $4C  $2C $6E $2C $31 $2C $76 $65 $72  its,BOOL,n,1,ver
  0030: $64 $69 $63 $74 $2C $50 $41 $53  $53 $0D $0A $43 $6F $67          dict,PASS..Cog
[USB RECV 2026-09-22T23:42:03.779] Received 62 bytes
[USB RECV HEX/ASCII]:
  0000: $30 $20 $20 $54 $30 $2D $31 $34  $62 $2C $62 $61 $73 $65 $2C $33  0  T0-14b,base,3
  0010: $32 $2C $64 $69 $72 $74 $79 $5F  $72 $65 $61 $64 $2C $32 $32 $0D  2,dirty_read,22.
  0020: $0A $43 $6F $67 $31 $20 $20 $49  $4E $49 $54 $20 $24 $30 $30 $30  .Cog1  INIT $000
  0030: $30 $5F $34 $46 $41 $32 $20 $24  $30 $30 $30 $30 $5F $38          0_4FA2 $0000_8
[USB RECV 2026-09-22T23:42:03.795] Received 49 bytes
[USB RECV HEX/ASCII]:
  0000: $39 $41 $42 $20 $6C $6F $61 $64  $0D $0A $43 $6F $67 $32 $20 $20  9AB load..Cog2  
  0010: $49 $4E $49 $54 $20 $24 $30 $30  $30 $30 $5F $30 $46 $41 $38 $20  INIT $0000_0FA8 
  0020: $24 $30 $30 $30 $30 $5F $38 $34  $37 $42 $20 $6A $75 $6D $70 $0D  $0000_847B jump.
  0030: $0A                                                               .
[USB RECV 2026-09-22T23:42:04.798] Received 62 bytes
[USB RECV HEX/ASCII]:
  0000: $43 $6F $67 $31 $20 $20 $49 $4E  $49 $54 $20 $24 $30 $30 $30 $30  Cog1  INIT $0000
  0010: $5F $34 $46 $41 $32 $20 $24 $30  $30 $30 $30 $5F $39 $32 $42 $33  _4FA2 $0000_92B3
  0020: $20 $6C $6F $61 $64 $0D $0A $43  $6F $67 $32 $20 $20 $49 $4E $49   load..Cog2  INI
  0030: $54 $20 $24 $30 $30 $30 $30 $5F  $30 $46 $41 $38 $20 $24          T $0000_0FA8 $
[USB RECV 2026-09-22T23:42:04.814] Received 16 bytes
[USB RECV HEX/ASCII]:
  0000: $30 $30 $30 $30 $5F $38 $44 $38  $33 $20 $6A $75 $6D $70 $0D $0A  0000_8D83 jump..
[USB RECV 2026-09-22T23:42:05.817] Received 62 bytes
[USB RECV HEX/ASCII]:
  0000: $43 $6F $67 $30 $20 $20 $54 $30  $2D $31 $34 $62 $2C $62 $61 $73  Cog0  T0-14b,bas
  0010: $65 $2C $33 $32 $2C $70 $6F $73  $74 $73 $74 $61 $72 $74 $5F $72  e,32,poststart_r
  0020: $65 $61 $64 $2C $32 $32 $0D $0A  $43 $6F $67 $30 $20 $20 $53 $49  ead,22..Cog0  SI
  0030: $47 $4E $4F $46 $46 $2C $73 $66  $2C $31 $2C $62 $69 $6E          GNOFF,sf,1,bin
[USB RECV 2026-09-22T23:42:05.817] Received 62 bytes
[USB RECV HEX/ASCII]:
  0000: $2C $54 $30 $2C $63 $65 $6C $6C  $2C $52 $32 $2D $54 $30 $2D $44  ,T0,cell,R2-T0-D
  0010: $49 $52 $54 $59 $2C $74 $61 $73  $6B $2C $33 $35 $30 $30 $2C $6D  IRTY,task,3500,m
  0020: $6F $74 $6F $72 $2C $4C $45 $46  $54 $2C $63 $72 $69 $74 $2C $50  otor,LEFT,crit,P
  0030: $4F $53 $54 $53 $54 $4F $50 $5F  $52 $45 $56 $42 $2C $6D          OSTSTOP_REVB,m
[USB RECV 2026-09-22T23:42:05.819] Received 62 bytes
[USB RECV HEX/ASCII]:
  0000: $65 $61 $73 $75 $72 $65 $64 $2C  $54 $52 $55 $45 $2C $6C $6F $2C  easured,TRUE,lo,
  0010: $54 $52 $55 $45 $2C $68 $69 $2C  $54 $52 $55 $45 $2C $75 $6E $69  TRUE,hi,TRUE,uni
  0020: $74 $73 $2C $42 $4F $4F $4C $2C  $6E $2C $31 $2C $76 $65 $72 $64  ts,BOOL,n,1,verd
  0030: $69 $63 $74 $2C $50 $41 $53 $53  $0D $0A $43 $6F $67 $30          ict,PASS..Cog0
[USB RECV 2026-09-22T23:42:05.823] Received 62 bytes
[USB RECV HEX/ASCII]:
  0000: $20 $20 $54 $30 $2D $31 $34 $2C  $62 $65 $67 $69 $6E $2C $65 $6D    T0-14,begin,em
  0010: $70 $74 $79 $0D $0A $43 $6F $67  $30 $20 $20 $54 $30 $2D $31 $34  pty..Cog0  T0-14
  0020: $63 $2C $62 $61 $73 $65 $2C $50  $30 $5F $50 $31 $35 $2C $72 $65  c,base,P0_P15,re
  0030: $61 $64 $2C $32 $30 $0D $0A $43  $6F $67 $30 $20 $20 $53          ad,20..Cog0  S
[USB RECV 2026-09-22T23:42:05.823] Received 62 bytes
[USB RECV HEX/ASCII]:
  0000: $49 $47 $4E $4F $46 $46 $2C $73  $66 $2C $31 $2C $62 $69 $6E $2C  IGNOFF,sf,1,bin,
  0010: $54 $30 $2C $63 $65 $6C $6C $2C  $52 $32 $2D $54 $30 $2D $45 $4D  T0,cell,R2-T0-EM
  0020: $50 $54 $59 $2C $74 $61 $73 $6B  $2C $33 $35 $30 $30 $2C $6D $6F  PTY,task,3500,mo
  0030: $74 $6F $72 $2C $4E $4F $4E $45  $2C $63 $72 $69 $74 $2C          tor,NONE,crit,
[USB RECV 2026-09-22T23:42:05.823] Received 62 bytes
[USB RECV HEX/ASCII]:
  0000: $45 $4D $50 $54 $59 $5F $4E $4F  $44 $45 $54 $2C $6D $65 $61 $73  EMPTY_NODET,meas
  0010: $75 $72 $65 $64 $2C $54 $52 $55  $45 $2C $6C $6F $2C $54 $52 $55  ured,TRUE,lo,TRU
  0020: $45 $2C $68 $69 $2C $54 $52 $55  $45 $2C $75 $6E $69 $74 $73 $2C  E,hi,TRUE,units,
  0030: $42 $4F $4F $4C $2C $6E $2C $31  $2C $76 $65 $72 $64 $69          BOOL,n,1,verdi
[USB RECV 2026-09-22T23:42:05.829] Received 62 bytes
[USB RECV HEX/ASCII]:
  0000: $63 $74 $2C $50 $41 $53 $53 $0D  $0A $43 $6F $67 $30 $20 $20 $54  ct,PASS..Cog0  T
  0010: $30 $2D $31 $35 $2C $62 $65 $67  $69 $6E $2C $73 $74 $61 $72 $74  0-15,begin,start
  0020: $0D $0A $43 $6F $67 $31 $20 $20  $49 $4E $49 $54 $20 $24 $30 $30  ..Cog1  INIT $00
  0030: $30 $30 $5F $34 $46 $41 $32 $20  $24 $30 $30 $30 $30 $5F          00_4FA2 $0000_
[USB RECV 2026-09-22T23:42:05.845] Received 50 bytes
[USB RECV HEX/ASCII]:
  0000: $38 $39 $41 $42 $20 $6C $6F $61  $64 $0D $0A $43 $6F $67 $32 $20  89AB load..Cog2 
  0010: $20 $49 $4E $49 $54 $20 $24 $30  $30 $30 $30 $5F $30 $46 $41 $38   INIT $0000_0FA8
  0020: $20 $24 $30 $30 $30 $30 $5F $38  $34 $37 $42 $20 $6A $75 $6D $70   $0000_847B jump
  0030: $0D $0A                                                           ..
[USB RECV 2026-09-22T23:42:06.841] Received 62 bytes
[USB RECV HEX/ASCII]:
  0000: $43 $6F $67 $30 $20 $20 $54 $30  $2D $31 $35 $61 $2C $73 $74 $61  Cog0  T0-15a,sta
  0010: $72 $74 $5F $72 $65 $74 $75 $72  $6E $2C $31 $2C $72 $61 $77 $5F  rt_return,1,raw_
  0020: $6D $6F $74 $6F $72 $5F $63 $6F  $67 $2C $32 $0D $0A $43 $6F $67  motor_cog,2..Cog
  0030: $30 $20 $20 $53 $49 $47 $4E $4F  $46 $46 $2C $73 $66 $2C          0  SIGNOFF,sf,
[USB RECV 2026-09-22T23:42:06.841] Received 62 bytes
[USB RECV HEX/ASCII]:
  0000: $31 $2C $62 $69 $6E $2C $54 $30  $2C $63 $65 $6C $6C $2C $52 $31  1,bin,T0,cell,R1
  0010: $2D $54 $30 $2D $53 $54 $41 $52  $54 $2C $74 $61 $73 $6B $2C $33  -T0-START,task,3
  0020: $34 $39 $39 $2C $6D $6F $74 $6F  $72 $2C $4E $4F $4E $45 $2C $63  499,motor,NONE,c
  0030: $72 $69 $74 $2C $52 $45 $54 $5F  $45 $51 $5F $43 $4F $47          rit,RET_EQ_COG
[USB RECV 2026-09-22T23:42:06.841] Received 62 bytes
[USB RECV HEX/ASCII]:
  0000: $5F $4D $31 $2C $6D $65 $61 $73  $75 $72 $65 $64 $2C $54 $52 $55  _M1,measured,TRU
  0010: $45 $2C $6C $6F $2C $54 $52 $55  $45 $2C $68 $69 $2C $54 $52 $55  E,lo,TRUE,hi,TRU
  0020: $45 $2C $75 $6E $69 $74 $73 $2C  $42 $4F $4F $4C $2C $6E $2C $31  E,units,BOOL,n,1
  0030: $2C $76 $65 $72 $64 $69 $63 $74  $2C $50 $41 $53 $53 $0D          ,verdict,PASS.
[USB RECV 2026-09-22T23:42:06.849] Received 62 bytes
[USB RECV HEX/ASCII]:
  0000: $0A $43 $6F $67 $30 $20 $20 $54  $30 $2D $31 $35 $2C $62 $65 $67  .Cog0  T0-15,beg
  0010: $69 $6E $2C $72 $65 $73 $74 $61  $72 $74 $0D $0A $43 $6F $67 $31  in,restart..Cog1
  0020: $20 $20 $49 $4E $49 $54 $20 $24  $30 $30 $30 $30 $5F $34 $46 $41    INIT $0000_4FA
  0030: $32 $20 $24 $30 $30 $30 $30 $5F  $38 $39 $41 $42 $20 $6C          2 $0000_89AB l
[USB RECV 2026-09-22T23:42:06.865] Received 44 bytes
[USB RECV HEX/ASCII]:
  0000: $6F $61 $64 $0D $0A $43 $6F $67  $32 $20 $20 $49 $4E $49 $54 $20  oad..Cog2  INIT 
  0010: $24 $30 $30 $30 $30 $5F $30 $46  $41 $38 $20 $24 $30 $30 $30 $30  $0000_0FA8 $0000
  0020: $5F $38 $34 $37 $42 $20 $6A $75  $6D $70 $0D $0A                  _847B jump..
[USB RECV 2026-09-22T23:42:07.867] Received 62 bytes
[USB RECV HEX/ASCII]:
  0000: $43 $6F $67 $31 $20 $20 $49 $4E  $49 $54 $20 $24 $30 $30 $30 $30  Cog1  INIT $0000
  0010: $5F $34 $46 $41 $32 $20 $24 $30  $30 $30 $30 $5F $38 $39 $41 $42  _4FA2 $0000_89AB
  0020: $20 $6C $6F $61 $64 $0D $0A $43  $6F $67 $32 $20 $20 $49 $4E $49   load..Cog2  INI
  0030: $54 $20 $24 $30 $30 $30 $30 $5F  $30 $46 $41 $38 $20 $24          T $0000_0FA8 $
[USB RECV 2026-09-22T23:42:07.882] Received 16 bytes
[USB RECV HEX/ASCII]:
  0000: $30 $30 $30 $30 $5F $38 $34 $37  $42 $20 $6A $75 $6D $70 $0D $0A  0000_847B jump..
[USB RECV 2026-09-22T23:42:08.882] Received 62 bytes
[USB RECV HEX/ASCII]:
  0000: $43 $6F $67 $30 $20 $20 $54 $30  $2D $31 $35 $63 $2C $62 $61 $73  Cog0  T0-15c,bas
  0010: $65 $6C $69 $6E $65 $2C $37 $2C  $66 $72 $65 $65 $31 $2C $35 $2C  eline,7,free1,5,
  0020: $73 $74 $61 $72 $74 $31 $2C $31  $2C $66 $72 $65 $65 $32 $2C $35  start1,1,free2,5
  0030: $2C $73 $74 $61 $72 $74 $32 $2C  $31 $2C $72 $61 $77 $5F          ,start2,1,raw_
[USB RECV 2026-09-22T23:42:08.882] Received 62 bytes
[USB RECV HEX/ASCII]:
  0000: $6D $6F $74 $6F $72 $5F $63 $6F  $67 $32 $2C $32 $2C $66 $72 $65  motor_cog2,2,fre
  0010: $65 $33 $2C $37 $0D $0A $43 $6F  $67 $30 $20 $20 $53 $49 $47 $4E  e3,7..Cog0  SIGN
  0020: $4F $46 $46 $2C $73 $66 $2C $31  $2C $62 $69 $6E $2C $54 $30 $2C  OFF,sf,1,bin,T0,
  0030: $63 $65 $6C $6C $2C $52 $31 $2D  $54 $30 $2D $52 $45 $53          cell,R1-T0-RES
[USB RECV 2026-09-22T23:42:08.883] Received 62 bytes
[USB RECV HEX/ASCII]:
  0000: $54 $41 $52 $54 $2C $74 $61 $73  $6B $2C $33 $34 $39 $39 $2C $6D  TART,task,3499,m
  0010: $6F $74 $6F $72 $2C $4E $4F $4E  $45 $2C $63 $72 $69 $74 $2C $4E  otor,NONE,crit,N
  0020: $4F $5F $4F $52 $50 $48 $41 $4E  $2C $6D $65 $61 $73 $75 $72 $65  O_ORPHAN,measure
  0030: $64 $2C $54 $52 $55 $45 $2C $6C  $6F $2C $54 $52 $55 $45          d,TRUE,lo,TRUE
[USB RECV 2026-09-22T23:42:08.883] Received 62 bytes
[USB RECV HEX/ASCII]:
  0000: $2C $68 $69 $2C $54 $52 $55 $45  $2C $75 $6E $69 $74 $73 $2C $42  ,hi,TRUE,units,B
  0010: $4F $4F $4C $2C $6E $2C $31 $2C  $76 $65 $72 $64 $69 $63 $74 $2C  OOL,n,1,verdict,
  0020: $50 $41 $53 $53 $0D $0A $43 $6F  $67 $30 $20 $20 $54 $30 $2D $31  PASS..Cog0  T0-1
  0030: $35 $64 $2C $64 $72 $69 $76 $65  $72 $5F $73 $74 $61 $74          5d,driver_stat
[USB RECV 2026-09-22T23:42:08.883] Received 62 bytes
[USB RECV HEX/ASCII]:
  0000: $65 $2C $30 $2C $72 $65 $61 $64  $79 $2C $46 $41 $4C $53 $45 $2C  e,0,ready,FALSE,
  0010: $73 $74 $6F $70 $70 $65 $64 $2C  $46 $41 $4C $53 $45 $2C $74 $30  stopped,FALSE,t0
  0020: $5F $31 $35 $63 $5F $76 $61 $6C  $69 $64 $2C $54 $52 $55 $45 $0D  _15c_valid,TRUE.
  0030: $0A $43 $6F $67 $30 $20 $20 $53  $49 $47 $4E $4F $46 $46          .Cog0  SIGNOFF
[USB RECV 2026-09-22T23:42:08.883] Received 62 bytes
[USB RECV HEX/ASCII]:
  0000: $2C $73 $66 $2C $31 $2C $62 $69  $6E $2C $54 $30 $2C $63 $65 $6C  ,sf,1,bin,T0,cel
  0010: $6C $2C $52 $31 $30 $2D $54 $30  $2D $53 $54 $4F $50 $52 $45 $41  l,R10-T0-STOPREA
  0020: $44 $59 $2C $74 $61 $73 $6B $2C  $33 $35 $33 $33 $2C $6D $6F $74  DY,task,3533,mot
  0030: $6F $72 $2C $4E $4F $4E $45 $2C  $63 $72 $69 $74 $2C $53          or,NONE,crit,S
[USB RECV 2026-09-22T23:42:08.884] Received 62 bytes
[USB RECV HEX/ASCII]:
  0000: $54 $4F $50 $5F $4E $4F $54 $5F  $52 $45 $41 $44 $59 $2C $6D $65  TOP_NOT_READY,me
  0010: $61 $73 $75 $72 $65 $64 $2C $54  $52 $55 $45 $2C $6C $6F $2C $54  asured,TRUE,lo,T
  0020: $52 $55 $45 $2C $68 $69 $2C $54  $52 $55 $45 $2C $75 $6E $69 $74  RUE,hi,TRUE,unit
  0030: $73 $2C $42 $4F $4F $4C $2C $6E  $2C $31 $2C $76 $65 $72          s,BOOL,n,1,ver
[USB RECV 2026-09-22T23:42:08.888] Received 62 bytes
[USB RECV HEX/ASCII]:
  0000: $64 $69 $63 $74 $2C $50 $41 $53  $53 $0D $0A $43 $6F $67 $30 $20  dict,PASS..Cog0 
  0010: $20 $54 $30 $2D $31 $36 $2C $62  $65 $67 $69 $6E $2C $62 $61 $64   T0-16,begin,bad
  0020: $5F $67 $72 $6F $75 $70 $0D $0A  $43 $6F $67 $30 $20 $20 $21 $20  _group..Cog0  ! 
  0030: $45 $52 $52 $4F $52 $3A $20 $73  $74 $61 $72 $74 $20 $72          ERROR: start r
[USB RECV 2026-09-22T23:42:08.889] Received 62 bytes
[USB RECV HEX/ASCII]:
  0000: $65 $6A $65 $63 $74 $65 $64 $20  $65 $45 $72 $72 $6F $72 $20 $3D  ejected eError =
  0010: $20 $2D $31 $5F $30 $30 $31 $2C  $20 $65 $4D $6F $74 $6F $72 $42   -1_001, eMotorB
  0020: $61 $73 $65 $50 $69 $6E $20 $3D  $20 $39 $39 $2C $20 $65 $4D $6F  asePin = 99, eMo
  0030: $74 $6F $72 $56 $6F $6C $74 $61  $67 $65 $20 $3D $20 $36          torVoltage = 6
[USB RECV 2026-09-22T23:42:08.899] Received 62 bytes
[USB RECV HEX/ASCII]:
  0000: $2C $20 $65 $44 $65 $74 $65 $63  $74 $69 $6F $6E $4D $6F $64 $65  , eDetectionMode
  0010: $20 $3D $20 $33 $30 $0D $0A $43  $6F $67 $30 $20 $20 $54 $30 $2D   = 30..Cog0  T0-
  0020: $31 $36 $2C $65 $6E $64 $2C $73  $74 $61 $72 $74 $5F $72 $65 $74  16,end,start_ret
  0030: $75 $72 $6E $2C $2D $31 $2C $65  $72 $72 $6F $72 $2C $2D          urn,-1,error,-
[USB RECV 2026-09-22T23:42:08.899] Received 62 bytes
[USB RECV HEX/ASCII]:
  0000: $31 $5F $30 $30 $31 $2C $72 $61  $77 $5F $6D $6F $74 $6F $72 $5F  1_001,raw_motor_
  0010: $63 $6F $67 $2C $30 $2C $62 $61  $73 $65 $6C $69 $6E $65 $2C $37  cog,0,baseline,7
  0020: $2C $66 $72 $65 $65 $5F $61 $66  $74 $65 $72 $2C $37 $0D $0A $43  ,free_after,7..C
  0030: $6F $67 $30 $20 $20 $53 $49 $47  $4E $4F $46 $46 $2C $73          og0  SIGNOFF,s
[USB RECV 2026-09-22T23:42:08.900] Received 62 bytes
[USB RECV HEX/ASCII]:
  0000: $66 $2C $31 $2C $62 $69 $6E $2C  $54 $30 $2C $63 $65 $6C $6C $2C  f,1,bin,T0,cell,
  0010: $52 $31 $36 $2D $54 $30 $2D $42  $41 $44 $47 $52 $4F $55 $50 $2C  R16-T0-BADGROUP,
  0020: $74 $61 $73 $6B $2C $33 $35 $35  $34 $2C $6D $6F $74 $6F $72 $2C  task,3554,motor,
  0030: $4E $4F $4E $45 $2C $63 $72 $69  $74 $2C $52 $45 $4A $45          NONE,crit,REJE
[USB RECV 2026-09-22T23:42:08.900] Received 62 bytes
[USB RECV HEX/ASCII]:
  0000: $43 $54 $5F $4E $4F $5F $43 $4F  $47 $2C $6D $65 $61 $73 $75 $72  CT_NO_COG,measur
  0010: $65 $64 $2C $54 $52 $55 $45 $2C  $6C $6F $2C $54 $52 $55 $45 $2C  ed,TRUE,lo,TRUE,
  0020: $68 $69 $2C $54 $52 $55 $45 $2C  $75 $6E $69 $74 $73 $2C $42 $4F  hi,TRUE,units,BO
  0030: $4F $4C $2C $6E $2C $31 $2C $76  $65 $72 $64 $69 $63 $74          OL,n,1,verdict
[USB RECV 2026-09-22T23:42:08.906] Received 62 bytes
[USB RECV HEX/ASCII]:
  0000: $2C $50 $41 $53 $53 $0D $0A $43  $6F $67 $30 $20 $20 $54 $30 $2D  ,PASS..Cog0  T0-
  0010: $31 $37 $2C $62 $65 $67 $69 $6E  $2C $70 $69 $6E $73 $5F $6B $65  17,begin,pins_ke
  0020: $65 $70 $0D $0A $43 $6F $67 $31  $20 $20 $49 $4E $49 $54 $20 $24  ep..Cog1  INIT $
  0030: $30 $30 $30 $30 $5F $34 $46 $41  $32 $20 $24 $30 $30 $30          0000_4FA2 $000
[USB RECV 2026-09-22T23:42:08.922] Received 52 bytes
[USB RECV HEX/ASCII]:
  0000: $30 $5F $41 $34 $43 $33 $20 $6C  $6F $61 $64 $0D $0A $43 $6F $67  0_A4C3 load..Cog
  0010: $32 $20 $20 $49 $4E $49 $54 $20  $24 $30 $30 $30 $30 $5F $30 $46  2  INIT $0000_0F
  0020: $41 $38 $20 $24 $30 $30 $30 $30  $5F $39 $46 $39 $33 $20 $6A $75  A8 $0000_9F93 ju
  0030: $6D $70 $0D $0A                                                   mp..
[USB RECV 2026-09-22T23:42:09.920] Received 62 bytes
[USB RECV HEX/ASCII]:
  0000: $43 $6F $67 $30 $20 $20 $54 $30  $2D $31 $37 $2C $65 $6E $64 $2C  Cog0  T0-17,end,
  0010: $6C $65 $67 $61 $6C $5F $62 $61  $73 $65 $2C $31 $36 $2C $73 $74  legal_base,16,st
  0020: $61 $72 $74 $5F $72 $65 $74 $75  $72 $6E $2C $31 $2C $64 $69 $72  art_return,1,dir
  0030: $5F $62 $65 $66 $6F $72 $65 $2C  $24 $46 $46 $2C $64 $69          _before,$FF,di
[USB RECV 2026-09-22T23:42:09.920] Received 62 bytes
[USB RECV HEX/ASCII]:
  0000: $72 $5F $61 $66 $74 $65 $72 $2C  $24 $46 $46 $0D $0A $43 $6F $67  r_after,$FF..Cog
  0010: $30 $20 $20 $53 $49 $47 $4E $4F  $46 $46 $2C $73 $66 $2C $31 $2C  0  SIGNOFF,sf,1,
  0020: $62 $69 $6E $2C $54 $30 $2C $63  $65 $6C $6C $2C $52 $31 $36 $2D  bin,T0,cell,R16-
  0030: $54 $30 $2D $50 $49 $4E $53 $4B  $45 $45 $50 $2C $74 $61          T0-PINSKEEP,ta
[USB RECV 2026-09-22T23:42:09.920] Received 62 bytes
[USB RECV HEX/ASCII]:
  0000: $73 $6B $2C $33 $35 $35 $34 $2C  $6D $6F $74 $6F $72 $2C $52 $49  sk,3554,motor,RI
  0010: $47 $48 $54 $2C $63 $72 $69 $74  $2C $50 $38 $5F $50 $31 $35 $5F  GHT,crit,P8_P15_
  0020: $55 $4E $54 $4F $55 $43 $48 $45  $44 $2C $6D $65 $61 $73 $75 $72  UNTOUCHED,measur
  0030: $65 $64 $2C $54 $52 $55 $45 $2C  $6C $6F $2C $54 $52 $55          ed,TRUE,lo,TRU
[USB RECV 2026-09-22T23:42:09.920] Received 62 bytes
[USB RECV HEX/ASCII]:
  0000: $45 $2C $68 $69 $2C $54 $52 $55  $45 $2C $75 $6E $69 $74 $73 $2C  E,hi,TRUE,units,
  0010: $42 $4F $4F $4C $2C $6E $2C $31  $2C $76 $65 $72 $64 $69 $63 $74  BOOL,n,1,verdict
  0020: $2C $50 $41 $53 $53 $0D $0A $43  $6F $67 $30 $20 $20 $54 $30 $2D  ,PASS..Cog0  T0-
  0030: $31 $39 $2C $62 $65 $67 $69 $6E  $2C $73 $74 $65 $65 $72          19,begin,steer
[USB RECV 2026-09-22T23:42:09.928] Received 62 bytes
[USB RECV HEX/ASCII]:
  0000: $5F $63 $6F $67 $73 $0D $0A $43  $6F $67 $31 $20 $20 $49 $4E $49  _cogs..Cog1  INI
  0010: $54 $20 $24 $30 $30 $30 $30 $5F  $34 $46 $41 $32 $20 $24 $30 $30  T $0000_4FA2 $00
  0020: $30 $30 $5F $42 $34 $31 $37 $20  $6C $6F $61 $64 $0D $0A $43 $6F  00_B417 load..Co
  0030: $67 $32 $20 $20 $49 $4E $49 $54  $20 $24 $30 $30 $30 $30          g2  INIT $0000
[USB RECV 2026-09-22T23:42:09.943] Received 23 bytes
[USB RECV HEX/ASCII]:
  0000: $5F $34 $46 $41 $32 $20 $24 $30  $30 $30 $30 $5F $42 $44 $31 $46  _4FA2 $0000_BD1F
  0010: $20 $6C $6F $61 $64 $0D $0A                                        load..
[USB RECV 2026-09-22T23:42:11.032] Received 39 bytes
[USB RECV HEX/ASCII]:
  0000: $43 $6F $67 $33 $20 $20 $49 $4E  $49 $54 $20 $24 $30 $30 $30 $30  Cog3  INIT $0000
  0010: $5F $30 $46 $41 $38 $20 $24 $30  $30 $30 $30 $5F $41 $39 $34 $43  _0FA8 $0000_A94C
  0020: $20 $6A $75 $6D $70 $0D $0A                                        jump..
[USB RECV 2026-09-22T23:42:11.044] Received 62 bytes
[USB RECV HEX/ASCII]:
  0000: $43 $6F $67 $30 $20 $20 $54 $30  $2D $31 $39 $2C $65 $6E $64 $2C  Cog0  T0-19,end,
  0010: $73 $74 $61 $72 $74 $5F $72 $65  $74 $75 $72 $6E $2C $33 $2C $62  start_return,3,b
  0020: $61 $73 $65 $6C $69 $6E $65 $2C  $37 $2C $66 $72 $65 $65 $5F $72  aseline,7,free_r
  0030: $75 $6E $6E $69 $6E $67 $2C $34  $2C $66 $72 $65 $65 $5F          unning,4,free_
[USB RECV 2026-09-22T23:42:11.044] Received 62 bytes
[USB RECV HEX/ASCII]:
  0000: $73 $74 $6F $70 $70 $65 $64 $2C  $37 $0D $0A $43 $6F $67 $30 $20  stopped,7..Cog0 
  0010: $20 $53 $49 $47 $4E $4F $46 $46  $2C $73 $66 $2C $31 $2C $62 $69   SIGNOFF,sf,1,bi
  0020: $6E $2C $54 $30 $2C $63 $65 $6C  $6C $2C $52 $31 $36 $2D $54 $30  n,T0,cell,R16-T0
  0030: $2D $53 $54 $45 $45 $52 $43 $4F  $47 $53 $2C $74 $61 $73          -STEERCOGS,tas
[USB RECV 2026-09-22T23:42:11.045] Received 62 bytes
[USB RECV HEX/ASCII]:
  0000: $6B $2C $33 $35 $31 $33 $2C $6D  $6F $74 $6F $72 $2C $42 $4F $54  k,3513,motor,BOT
  0010: $48 $2C $63 $72 $69 $74 $2C $54  $48 $52 $45 $45 $5F $43 $4F $47  H,crit,THREE_COG
  0020: $53 $5F $52 $45 $54 $55 $52 $4E  $45 $44 $2C $6D $65 $61 $73 $75  S_RETURNED,measu
  0030: $72 $65 $64 $2C $54 $52 $55 $45  $2C $6C $6F $2C $54 $52          red,TRUE,lo,TR
[USB RECV 2026-09-22T23:42:11.045] Received 62 bytes
[USB RECV HEX/ASCII]:
  0000: $55 $45 $2C $68 $69 $2C $54 $52  $55 $45 $2C $75 $6E $69 $74 $73  UE,hi,TRUE,units
  0010: $2C $42 $4F $4F $4C $2C $6E $2C  $31 $2C $76 $65 $72 $64 $69 $63  ,BOOL,n,1,verdic
  0020: $74 $2C $50 $41 $53 $53 $0D $0A  $43 $6F $67 $30 $20 $20 $54 $30  t,PASS..Cog0  T0
  0030: $2D $31 $39 $2C $76 $6F $6C $74  $2C $6D $6F $74 $6F $72          -19,volt,motor
[USB RECV 2026-09-22T23:42:11.045] Received 62 bytes
[USB RECV HEX/ASCII]:
  0000: $2C $36 $2C $6D $76 $2C $31 $38  $5F $35 $30 $30 $2C $73 $74 $65  ,6,mv,18_500,ste
  0010: $65 $72 $5F $62 $65 $66 $6F $72  $65 $2C $30 $2C $6D $76 $2C $30  er_before,0,mv,0
  0020: $2C $73 $74 $65 $65 $72 $5F $72  $75 $6E $6E $69 $6E $67 $2C $36  ,steer_running,6
  0030: $2C $6D $76 $2C $31 $38 $5F $35  $30 $30 $0D $0A $43 $6F          ,mv,18_500..Co
[USB RECV 2026-09-22T23:42:11.046] Received 62 bytes
[USB RECV HEX/ASCII]:
  0000: $67 $30 $20 $20 $53 $49 $47 $4E  $4F $46 $46 $2C $73 $66 $2C $31  g0  SIGNOFF,sf,1
  0010: $2C $62 $69 $6E $2C $54 $30 $2C  $63 $65 $6C $6C $2C $52 $31 $37  ,bin,T0,cell,R17
  0020: $2D $54 $30 $2D $56 $4F $4C $54  $47 $45 $54 $2C $74 $61 $73 $6B  -T0-VOLTGET,task
  0030: $2C $33 $35 $37 $37 $2C $6D $6F  $74 $6F $72 $2C $42 $4F          ,3577,motor,BO
[USB RECV 2026-09-22T23:42:11.046] Received 62 bytes
[USB RECV HEX/ASCII]:
  0000: $54 $48 $2C $63 $72 $69 $74 $2C  $43 $4F $4E $46 $49 $47 $55 $52  TH,crit,CONFIGUR
  0010: $45 $44 $5F $56 $4F $4C $54 $41  $47 $45 $2C $6D $65 $61 $73 $75  ED_VOLTAGE,measu
  0020: $72 $65 $64 $2C $54 $52 $55 $45  $2C $6C $6F $2C $54 $52 $55 $45  red,TRUE,lo,TRUE
  0030: $2C $68 $69 $2C $54 $52 $55 $45  $2C $75 $6E $69 $74 $73          ,hi,TRUE,units
[USB RECV 2026-09-22T23:42:11.050] Received 62 bytes
[USB RECV HEX/ASCII]:
  0000: $2C $42 $4F $4F $4C $2C $6E $2C  $33 $2C $76 $65 $72 $64 $69 $63  ,BOOL,n,3,verdic
  0010: $74 $2C $50 $41 $53 $53 $0D $0A  $43 $6F $67 $31 $20 $20 $49 $4E  t,PASS..Cog1  IN
  0020: $49 $54 $20 $24 $30 $30 $30 $30  $5F $34 $46 $41 $32 $20 $24 $30  IT $0000_4FA2 $0
  0030: $30 $30 $30 $5F $38 $39 $41 $42  $20 $6C $6F $61 $64 $0D          000_89AB load.
[USB RECV 2026-09-22T23:42:11.066] Received 40 bytes
[USB RECV HEX/ASCII]:
  0000: $0A $43 $6F $67 $32 $20 $20 $49  $4E $49 $54 $20 $24 $30 $30 $30  .Cog2  INIT $000
  0010: $30 $5F $30 $46 $41 $38 $20 $24  $30 $30 $30 $30 $5F $38 $34 $37  0_0FA8 $0000_847
  0020: $42 $20 $6A $75 $6D $70 $0D $0A                                   B jump..
[USB RECV 2026-09-22T23:42:13.062] Received 62 bytes
[USB RECV HEX/ASCII]:
  0000: $43 $6F $67 $30 $20 $20 $54 $30  $2D $32 $30 $2C $62 $61 $73 $65  Cog0  T0-20,base
  0010: $2C $31 $36 $2C $6D $65 $61 $6E  $5F $61 $6D $70 $73 $5F $78 $31  ,16,mean_amps_x1
  0020: $30 $6B $2C $2D $31 $0D $0A $43  $6F $67 $30 $20 $20 $53 $49 $47  0k,-1..Cog0  SIG
  0030: $4E $4F $46 $46 $2C $73 $66 $2C  $31 $2C $62 $69 $6E $2C          NOFF,sf,1,bin,
[USB RECV 2026-09-22T23:42:13.062] Received 62 bytes
[USB RECV HEX/ASCII]:
  0000: $54 $30 $2C $63 $65 $6C $6C $2C  $52 $31 $36 $2D $54 $30 $2D $52  T0,cell,R16-T0-R
  0010: $45 $53 $54 $5A $45 $52 $4F $2C  $74 $61 $73 $6B $2C $33 $35 $35  ESTZERO,task,355
  0020: $36 $2C $6D $6F $74 $6F $72 $2C  $52 $49 $47 $48 $54 $2C $63 $72  6,motor,RIGHT,cr
  0030: $69 $74 $2C $52 $45 $53 $54 $5F  $41 $4D $50 $53 $5F $58          it,REST_AMPS_X
[USB RECV 2026-09-22T23:42:13.063] Received 62 bytes
[USB RECV HEX/ASCII]:
  0000: $31 $30 $4B $2C $6D $65 $61 $73  $75 $72 $65 $64 $2C $2D $31 $2C  10K,measured,-1,
  0010: $6C $6F $2C $2D $31 $30 $30 $2C  $68 $69 $2C $31 $30 $30 $2C $75  lo,-100,hi,100,u
  0020: $6E $69 $74 $73 $2C $41 $4D $50  $53 $5F $58 $31 $30 $4B $2C $6E  nits,AMPS_X10K,n
  0030: $2C $35 $30 $2C $76 $65 $72 $64  $69 $63 $74 $2C $50 $41          ,50,verdict,PA
[USB RECV 2026-09-22T23:42:13.070] Received 62 bytes
[USB RECV HEX/ASCII]:
  0000: $53 $53 $0D $0A $43 $6F $67 $31  $20 $20 $49 $4E $49 $54 $20 $24  SS..Cog1  INIT $
  0010: $30 $30 $30 $30 $5F $34 $46 $41  $32 $20 $24 $30 $30 $30 $30 $5F  0000_4FA2 $0000_
  0020: $38 $39 $41 $42 $20 $6C $6F $61  $64 $0D $0A $43 $6F $67 $32 $20  89AB load..Cog2 
  0030: $20 $49 $4E $49 $54 $20 $24 $30  $30 $30 $30 $5F $30 $46           INIT $0000_0F
[USB RECV 2026-09-22T23:42:13.085] Received 20 bytes
[USB RECV HEX/ASCII]:
  0000: $41 $38 $20 $24 $30 $30 $30 $30  $5F $38 $34 $37 $42 $20 $6A $75  A8 $0000_847B ju
  0010: $6D $70 $0D $0A                                                   mp..
[USB RECV 2026-09-22T23:42:15.082] Received 62 bytes
[USB RECV HEX/ASCII]:
  0000: $43 $6F $67 $30 $20 $20 $54 $30  $2D $32 $30 $2C $62 $61 $73 $65  Cog0  T0-20,base
  0010: $2C $33 $32 $2C $6D $65 $61 $6E  $5F $61 $6D $70 $73 $5F $78 $31  ,32,mean_amps_x1
  0020: $30 $6B $2C $35 $38 $0D $0A $43  $6F $67 $30 $20 $20 $53 $49 $47  0k,58..Cog0  SIG
  0030: $4E $4F $46 $46 $2C $73 $66 $2C  $31 $2C $62 $69 $6E $2C          NOFF,sf,1,bin,
[USB RECV 2026-09-22T23:42:15.082] Received 62 bytes
[USB RECV HEX/ASCII]:
  0000: $54 $30 $2C $63 $65 $6C $6C $2C  $52 $31 $36 $2D $54 $30 $2D $52  T0,cell,R16-T0-R
  0010: $45 $53 $54 $5A $45 $52 $4F $2C  $74 $61 $73 $6B $2C $33 $35 $35  ESTZERO,task,355
  0020: $36 $2C $6D $6F $74 $6F $72 $2C  $4C $45 $46 $54 $2C $63 $72 $69  6,motor,LEFT,cri
  0030: $74 $2C $52 $45 $53 $54 $5F $41  $4D $50 $53 $5F $58 $31          t,REST_AMPS_X1
[USB RECV 2026-09-22T23:42:15.082] Received 62 bytes
[USB RECV HEX/ASCII]:
  0000: $30 $4B $2C $6D $65 $61 $73 $75  $72 $65 $64 $2C $35 $38 $2C $6C  0K,measured,58,l
  0010: $6F $2C $2D $31 $30 $30 $2C $68  $69 $2C $31 $30 $30 $2C $75 $6E  o,-100,hi,100,un
  0020: $69 $74 $73 $2C $41 $4D $50 $53  $5F $58 $31 $30 $4B $2C $6E $2C  its,AMPS_X10K,n,
  0030: $35 $30 $2C $76 $65 $72 $64 $69  $63 $74 $2C $50 $41 $53          50,verdict,PAS
[USB RECV 2026-09-22T23:42:15.091] Received 62 bytes
[USB RECV HEX/ASCII]:
  0000: $53 $0D $0A $43 $6F $67 $30 $20  $20 $54 $30 $2D $32 $31 $2C $62  S..Cog0  T0-21,b
  0010: $65 $67 $69 $6E $2C $6E $6F $5F  $62 $6F $61 $72 $64 $0D $0A $43  egin,no_board..C
  0020: $6F $67 $30 $20 $20 $54 $30 $2D  $32 $31 $2C $65 $6E $64 $2C $73  og0  T0-21,end,s
  0030: $65 $74 $75 $70 $5F $73 $74 $61  $74 $75 $73 $2C $30 $2C          etup_status,0,
[USB RECV 2026-09-22T23:42:15.091] Received 62 bytes
[USB RECV HEX/ASCII]:
  0000: $61 $6D $70 $73 $2C $30 $2C $77  $61 $74 $74 $73 $2C $30 $2C $65  amps,0,watts,0,e
  0010: $72 $72 $6F $72 $2C $2D $31 $5F  $30 $31 $38 $0D $0A $43 $6F $67  rror,-1_018..Cog
  0020: $30 $20 $20 $53 $49 $47 $4E $4F  $46 $46 $2C $73 $66 $2C $31 $2C  0  SIGNOFF,sf,1,
  0030: $62 $69 $6E $2C $54 $30 $2C $63  $65 $6C $6C $2C $52 $31          bin,T0,cell,R1
[USB RECV 2026-09-22T23:42:15.091] Received 62 bytes
[USB RECV HEX/ASCII]:
  0000: $36 $2D $54 $30 $2D $4E $4F $42  $4F $41 $52 $44 $2C $74 $61 $73  6-T0-NOBOARD,tas
  0010: $6B $2C $33 $35 $35 $36 $2C $6D  $6F $74 $6F $72 $2C $4E $4F $4E  k,3556,motor,NON
  0020: $45 $2C $63 $72 $69 $74 $2C $5A  $45 $52 $4F $5F $41 $4E $44 $5F  E,crit,ZERO_AND_
  0030: $43 $4F $44 $45 $2C $6D $65 $61  $73 $75 $72 $65 $64 $2C          CODE,measured,
[USB RECV 2026-09-22T23:42:15.092] Received 62 bytes
[USB RECV HEX/ASCII]:
  0000: $54 $52 $55 $45 $2C $6C $6F $2C  $54 $52 $55 $45 $2C $68 $69 $2C  TRUE,lo,TRUE,hi,
  0010: $54 $52 $55 $45 $2C $75 $6E $69  $74 $73 $2C $42 $4F $4F $4C $2C  TRUE,units,BOOL,
  0020: $6E $2C $31 $2C $76 $65 $72 $64  $69 $63 $74 $2C $50 $41 $53 $53  n,1,verdict,PASS
  0030: $0D $0A $43 $6F $67 $30 $20 $20  $54 $30 $2D $32 $33 $2C          ..Cog0  T0-23,
[USB RECV 2026-09-22T23:42:15.098] Received 62 bytes
[USB RECV HEX/ASCII]:
  0000: $62 $65 $67 $69 $6E $2C $6E $6F  $5F $62 $6F $61 $72 $64 $5F $73  begin,no_board_s
  0010: $74 $61 $72 $74 $0D $0A $43 $6F  $67 $30 $20 $20 $21 $20 $45 $52  tart..Cog0  ! ER
  0020: $52 $4F $52 $3A $20 $73 $74 $61  $72 $74 $20 $72 $65 $66 $75 $73  ROR: start refus
  0030: $65 $64 $2C $20 $6E $6F $20 $62  $6F $61 $72 $64 $20 $64          ed, no board d
[USB RECV 2026-09-22T23:42:15.098] Received 62 bytes
[USB RECV HEX/ASCII]:
  0000: $65 $74 $65 $63 $74 $65 $64 $20  $61 $74 $20 $70 $69 $6E $20 $67  etected at pin g
  0010: $72 $6F $75 $70 $20 $65 $4D $6F  $74 $6F $72 $42 $61 $73 $65 $50  roup eMotorBaseP
  0020: $69 $6E $20 $3D $20 $30 $20 $28  $66 $6F $72 $63 $65 $20 $42 $52  in = 0 (force BR
  0030: $44 $5F $52 $45 $56 $5F $41 $20  $2F $20 $42 $52 $44 $5F          D_REV_A / BRD_
[USB RECV 2026-09-22T23:42:15.114] Received 24 bytes
[USB RECV HEX/ASCII]:
  0000: $52 $45 $56 $5F $42 $20 $74 $6F  $20 $64 $72 $69 $76 $65 $20 $61  REV_B to drive a
  0010: $6E $79 $77 $61 $79 $29 $0D $0A                                   nyway)..
[USB RECV 2026-09-22T23:42:15.114] Received 62 bytes
[USB RECV HEX/ASCII]:
  0000: $43 $6F $67 $30 $20 $20 $54 $30  $2D $32 $33 $2C $65 $6E $64 $2C  Cog0  T0-23,end,
  0010: $73 $74 $61 $72 $74 $5F $72 $65  $74 $75 $72 $6E $2C $2D $31 $2C  start_return,-1,
  0020: $65 $72 $72 $6F $72 $2C $2D $31  $5F $30 $31 $38 $2C $72 $61 $77  error,-1_018,raw
  0030: $5F $6D $6F $74 $6F $72 $5F $63  $6F $67 $2C $30 $2C $62          _motor_cog,0,b
[USB RECV 2026-09-22T23:42:15.114] Received 62 bytes
[USB RECV HEX/ASCII]:
  0000: $61 $73 $65 $6C $69 $6E $65 $2C  $37 $2C $66 $72 $65 $65 $5F $61  aseline,7,free_a
  0010: $66 $74 $65 $72 $2C $37 $2C $63  $6C $61 $69 $6D $5F $73 $74 $61  fter,7,claim_sta
  0020: $74 $75 $73 $2C $30 $0D $0A $43  $6F $67 $30 $20 $20 $53 $49 $47  tus,0..Cog0  SIG
  0030: $4E $4F $46 $46 $2C $73 $66 $2C  $31 $2C $62 $69 $6E $2C          NOFF,sf,1,bin,
[USB RECV 2026-09-22T23:42:15.115] Received 62 bytes
[USB RECV HEX/ASCII]:
  0000: $54 $30 $2C $63 $65 $6C $6C $2C  $52 $31 $37 $2D $54 $30 $2D $4E  T0,cell,R17-T0-N
  0010: $4F $42 $4F $41 $52 $44 $53 $54  $41 $52 $54 $2C $74 $61 $73 $6B  OBOARDSTART,task
  0020: $2C $33 $35 $37 $30 $2C $6D $6F  $74 $6F $72 $2C $4E $4F $4E $45  ,3570,motor,NONE
  0030: $2C $63 $72 $69 $74 $2C $52 $45  $46 $55 $53 $45 $44 $5F          ,crit,REFUSED_
[USB RECV 2026-09-22T23:42:15.115] Received 62 bytes
[USB RECV HEX/ASCII]:
  0000: $4E $4F $5F $4C $45 $41 $4B $2C  $6D $65 $61 $73 $75 $72 $65 $64  NO_LEAK,measured
  0010: $2C $54 $52 $55 $45 $2C $6C $6F  $2C $54 $52 $55 $45 $2C $68 $69  ,TRUE,lo,TRUE,hi
  0020: $2C $54 $52 $55 $45 $2C $75 $6E  $69 $74 $73 $2C $42 $4F $4F $4C  ,TRUE,units,BOOL
  0030: $2C $6E $2C $31 $2C $76 $65 $72  $64 $69 $63 $74 $2C $50          ,n,1,verdict,P
[USB RECV 2026-09-22T23:42:15.119] Received 62 bytes
[USB RECV HEX/ASCII]:
  0000: $41 $53 $53 $0D $0A $43 $6F $67  $30 $20 $20 $54 $30 $2D $31 $30  ASS..Cog0  T0-10
  0010: $2C $62 $65 $67 $69 $6E $2C $72  $61 $69 $6C $5F $6D $75 $73 $74  ,begin,rail_must
  0020: $5F $62 $65 $5F $6F $6E $2C $54  $52 $55 $45 $0D $0A $43 $6F $67  _be_on,TRUE..Cog
  0030: $31 $20 $20 $49 $4E $49 $54 $20  $24 $30 $30 $30 $30 $5F          1  INIT $0000_
[USB RECV 2026-09-22T23:42:15.135] Received 61 bytes
[USB RECV HEX/ASCII]:
  0000: $34 $46 $41 $32 $20 $24 $30 $30  $30 $30 $5F $38 $39 $41 $42 $20  4FA2 $0000_89AB 
  0010: $6C $6F $61 $64 $0D $0A $43 $6F  $67 $32 $20 $20 $49 $4E $49 $54  load..Cog2  INIT
  0020: $20 $24 $30 $30 $30 $30 $5F $30  $46 $41 $38 $20 $24 $30 $30 $30   $0000_0FA8 $000
  0030: $30 $5F $38 $34 $37 $42 $20 $6A  $75 $6D $70 $0D $0A              0_847B jump..
[USB RECV 2026-09-22T23:42:16.184] Received 62 bytes
[USB RECV HEX/ASCII]:
  0000: $43 $6F $67 $30 $20 $20 $54 $30  $2D $31 $30 $2C $65 $6E $64 $2C  Cog0  T0-10,end,
  0010: $70 $69 $6E $2C $31 $39 $2C $78  $5F $6E $6F $64 $65 $5F $63 $6F  pin,19,x_node_co
  0020: $75 $6E $74 $73 $2C $31 $5F $31  $33 $32 $0D $0A $43 $6F $67 $30  unts,1_132..Cog0
  0030: $20 $20 $54 $30 $2D $45 $58 $48  $2C $62 $65 $67 $69 $6E            T0-EXH,begin
[USB RECV 2026-09-22T23:42:16.188] Received 62 bytes
[USB RECV HEX/ASCII]:
  0000: $2C $6F $6E $65 $5F $6F $63 $63  $75 $70 $61 $6E $63 $79 $2C $63  ,one_occupancy,c
  0010: $65 $6C $6C $73 $2C $54 $30 $2D  $38 $2C $54 $30 $2D $31 $35 $62  ells,T0-8,T0-15b
  0020: $2C $54 $30 $2D $32 $32 $0D $0A  $43 $6F $67 $31 $20 $20 $49 $4E  ,T0-22..Cog1  IN
  0030: $49 $54 $20 $24 $30 $30 $30 $30  $5F $30 $46 $41 $38 $20          IT $0000_0FA8 
[USB RECV 2026-09-22T23:42:16.188] Received 62 bytes
[USB RECV HEX/ASCII]:
  0000: $24 $30 $30 $30 $30 $5F $37 $46  $41 $43 $20 $6A $75 $6D $70 $0D  $0000_7FAC jump.
  0010: $0A $43 $6F $67 $32 $20 $20 $49  $4E $49 $54 $20 $24 $30 $30 $30  .Cog2  INIT $000
  0020: $30 $5F $30 $46 $41 $38 $20 $24  $30 $30 $30 $30 $5F $38 $30 $32  0_0FA8 $0000_802
  0030: $43 $20 $6A $75 $6D $70 $0D $0A  $43 $6F $67 $33 $20 $20          C jump..Cog3  
[USB RECV 2026-09-22T23:42:16.189] Received 62 bytes
[USB RECV HEX/ASCII]:
  0000: $49 $4E $49 $54 $20 $24 $30 $30  $30 $30 $5F $30 $46 $41 $38 $20  INIT $0000_0FA8 
  0010: $24 $30 $30 $30 $30 $5F $38 $30  $41 $43 $20 $6A $75 $6D $70 $0D  $0000_80AC jump.
  0020: $0A $43 $6F $67 $34 $20 $20 $49  $4E $49 $54 $20 $24 $30 $30 $30  .Cog4  INIT $000
  0030: $30 $5F $30 $46 $41 $38 $20 $24  $30 $30 $30 $30 $5F $38          0_0FA8 $0000_8
[USB RECV 2026-09-22T23:42:16.189] Received 62 bytes
[USB RECV HEX/ASCII]:
  0000: $31 $32 $43 $20 $6A $75 $6D $70  $0D $0A $43 $6F $67 $35 $20 $20  12C jump..Cog5  
  0010: $49 $4E $49 $54 $20 $24 $30 $30  $30 $30 $5F $30 $46 $41 $38 $20  INIT $0000_0FA8 
  0020: $24 $30 $30 $30 $30 $5F $38 $31  $41 $43 $20 $6A $75 $6D $70 $0D  $0000_81AC jump.
  0030: $0A $43 $6F $67 $36 $20 $20 $49  $4E $49 $54 $20 $24 $30          .Cog6  INIT $0
[USB RECV 2026-09-22T23:42:16.190] Received 62 bytes
[USB RECV HEX/ASCII]:
  0000: $30 $30 $30 $5F $30 $46 $41 $38  $20 $24 $30 $30 $30 $30 $5F $38  000_0FA8 $0000_8
  0010: $32 $32 $43 $20 $6A $75 $6D $70  $0D $0A $43 $6F $67 $37 $20 $20  22C jump..Cog7  
  0020: $49 $4E $49 $54 $20 $24 $30 $30  $30 $30 $5F $30 $46 $41 $38 $20  INIT $0000_0FA8 
  0030: $24 $30 $30 $30 $30 $5F $38 $32  $41 $43 $20 $6A $75 $6D          $0000_82AC jum
[USB RECV 2026-09-22T23:42:16.202] Received 62 bytes
[USB RECV HEX/ASCII]:
  0000: $70 $0D $0A $43 $6F $67 $30 $20  $20 $54 $30 $2D $38 $2C $62 $65  p..Cog0  T0-8,be
  0010: $67 $69 $6E $0D $0A $43 $6F $67  $30 $20 $20 $21 $21 $20 $45 $52  gin..Cog0  !! ER
  0020: $52 $4F $52 $20 $66 $69 $6C $65  $64 $20 $74 $6F $20 $73 $74 $61  ROR filed to sta
  0030: $72 $74 $20 $4D $6F $74 $6F $72  $20 $43 $6F $6E $74 $72          rt Motor Contr
[USB RECV 2026-09-22T23:42:16.214] Received 62 bytes
[USB RECV HEX/ASCII]:
  0000: $6F $6C $20 $74 $61 $73 $6B $0D  $0A $43 $6F $67 $30 $20 $20 $54  ol task..Cog0  T
  0010: $30 $2D $38 $2C $65 $6E $64 $2C  $63 $6F $67 $73 $5F $6F $63 $63  0-8,end,cogs_occ
  0020: $75 $70 $69 $65 $64 $2C $37 $2C  $73 $74 $61 $72 $74 $5F $72 $65  upied,7,start_re
  0030: $74 $75 $72 $6E $2C $2D $31 $0D  $0A $43 $6F $67 $30 $20          turn,-1..Cog0 
[USB RECV 2026-09-22T23:42:16.218] Received 62 bytes
[USB RECV HEX/ASCII]:
  0000: $20 $54 $30 $2D $31 $35 $2C $62  $65 $67 $69 $6E $2C $65 $78 $68   T0-15,begin,exh
  0010: $61 $75 $73 $74 $0D $0A $43 $6F  $67 $30 $20 $20 $21 $21 $20 $45  aust..Cog0  !! E
  0020: $52 $52 $4F $52 $20 $66 $69 $6C  $65 $64 $20 $74 $6F $20 $73 $74  RROR filed to st
  0030: $61 $72 $74 $20 $4D $6F $74 $6F  $72 $20 $43 $6F $6E $74          art Motor Cont
[USB RECV 2026-09-22T23:42:16.233] Received 40 bytes
[USB RECV HEX/ASCII]:
  0000: $72 $6F $6C $20 $74 $61 $73 $6B  $0D $0A $43 $6F $67 $30 $20 $20  rol task..Cog0  
  0010: $54 $30 $2D $32 $32 $2C $62 $65  $67 $69 $6E $2C $66 $72 $6F $6E  T0-22,begin,fron
  0020: $74 $5F $66 $61 $69 $6C $0D $0A                                   t_fail..
[USB RECV 2026-09-22T23:42:16.236] Received 62 bytes
[USB RECV HEX/ASCII]:
  0000: $43 $6F $67 $37 $20 $20 $49 $4E  $49 $54 $20 $24 $30 $30 $30 $30  Cog7  INIT $0000
  0010: $5F $34 $46 $41 $32 $20 $24 $30  $30 $30 $30 $5F $38 $39 $41 $42  _4FA2 $0000_89AB
  0020: $20 $6C $6F $61 $64 $0D $0A $43  $6F $67 $30 $20 $20 $21 $21 $20   load..Cog0  !! 
  0030: $45 $52 $52 $4F $52 $20 $66 $69  $6C $65 $64 $20 $74 $6F          ERROR filed to
[USB RECV 2026-09-22T23:42:16.249] Received 62 bytes
[USB RECV HEX/ASCII]:
  0000: $20 $73 $74 $61 $72 $74 $20 $66  $72 $6F $6E $74 $20 $63 $6F $67   start front cog
  0010: $0D $0A $43 $6F $67 $30 $20 $20  $54 $30 $2D $45 $58 $48 $2C $65  ..Cog0  T0-EXH,e
  0020: $6E $64 $2C $62 $61 $73 $65 $6C  $69 $6E $65 $2C $37 $2C $68 $65  nd,baseline,7,he
  0030: $6C $64 $5F $66 $6F $72 $5F $74  $32 $32 $2C $36 $2C $66          ld_for_t22,6,f
[USB RECV 2026-09-22T23:42:16.249] Received 62 bytes
[USB RECV HEX/ASCII]:
  0000: $72 $65 $65 $5F $61 $66 $74 $65  $72 $2C $37 $0D $0A $43 $6F $67  ree_after,7..Cog
  0010: $30 $20 $20 $54 $30 $2D $31 $35  $62 $2C $63 $6F $67 $73 $5F $6F  0  T0-15b,cogs_o
  0020: $63 $63 $75 $70 $69 $65 $64 $2C  $37 $2C $73 $74 $61 $72 $74 $5F  ccupied,7,start_
  0030: $72 $65 $74 $75 $72 $6E $2C $2D  $31 $2C $72 $61 $77 $5F          return,-1,raw_
[USB RECV 2026-09-22T23:42:16.249] Received 62 bytes
[USB RECV HEX/ASCII]:
  0000: $6D $6F $74 $6F $72 $5F $63 $6F  $67 $2C $30 $2C $62 $61 $73 $65  motor_cog,0,base
  0010: $6C $69 $6E $65 $2C $37 $2C $66  $72 $65 $65 $5F $61 $66 $74 $65  line,7,free_afte
  0020: $72 $2C $37 $0D $0A $43 $6F $67  $30 $20 $20 $53 $49 $47 $4E $4F  r,7..Cog0  SIGNO
  0030: $46 $46 $2C $73 $66 $2C $31 $2C  $62 $69 $6E $2C $54 $30          FF,sf,1,bin,T0
[USB RECV 2026-09-22T23:42:16.250] Received 62 bytes
[USB RECV HEX/ASCII]:
  0000: $2C $63 $65 $6C $6C $2C $52 $31  $2D $54 $30 $2D $45 $58 $48 $41  ,cell,R1-T0-EXHA
  0010: $55 $53 $54 $2C $74 $61 $73 $6B  $2C $33 $34 $39 $39 $2C $6D $6F  UST,task,3499,mo
  0020: $74 $6F $72 $2C $4E $4F $4E $45  $2C $63 $72 $69 $74 $2C $52 $45  tor,NONE,crit,RE
  0030: $54 $5F $4E $45 $47 $5F $4E $4F  $4C $45 $41 $4B $2C $6D          T_NEG_NOLEAK,m
[USB RECV 2026-09-22T23:42:16.256] Received 62 bytes
[USB RECV HEX/ASCII]:
  0000: $65 $61 $73 $75 $72 $65 $64 $2C  $54 $52 $55 $45 $2C $6C $6F $2C  easured,TRUE,lo,
  0010: $54 $52 $55 $45 $2C $68 $69 $2C  $54 $52 $55 $45 $2C $75 $6E $69  TRUE,hi,TRUE,uni
  0020: $74 $73 $2C $42 $4F $4F $4C $2C  $6E $2C $31 $2C $76 $65 $72 $64  ts,BOOL,n,1,verd
  0030: $69 $63 $74 $2C $50 $41 $53 $53  $0D $0A $43 $6F $67 $30          ict,PASS..Cog0
[USB RECV 2026-09-22T23:42:16.256] Received 62 bytes
[USB RECV HEX/ASCII]:
  0000: $20 $20 $54 $30 $2D $32 $32 $2C  $65 $6E $64 $2C $62 $61 $73 $65    T0-22,end,base
  0010: $6C $69 $6E $65 $2C $37 $2C $68  $65 $6C $64 $2C $36 $2C $73 $74  line,7,held,6,st
  0020: $61 $72 $74 $5F $72 $65 $74 $75  $72 $6E $2C $2D $31 $2C $65 $72  art_return,-1,er
  0030: $72 $6F $72 $2C $2D $31 $5F $30  $30 $35 $2C $72 $61 $77          ror,-1_005,raw
[USB RECV 2026-09-22T23:42:16.256] Received 62 bytes
[USB RECV HEX/ASCII]:
  0000: $5F $6D $6F $74 $6F $72 $5F $63  $6F $67 $2C $30 $2C $66 $72 $65  _motor_cog,0,fre
  0010: $65 $5F $61 $66 $74 $65 $72 $2C  $37 $2C $63 $6C $61 $69 $6D $5F  e_after,7,claim_
  0020: $73 $74 $61 $74 $75 $73 $2C $30  $0D $0A $43 $6F $67 $30 $20 $20  status,0..Cog0  
  0030: $53 $49 $47 $4E $4F $46 $46 $2C  $73 $66 $2C $31 $2C $62          SIGNOFF,sf,1,b
[USB RECV 2026-09-22T23:42:16.256] Received 62 bytes
[USB RECV HEX/ASCII]:
  0000: $69 $6E $2C $54 $30 $2C $63 $65  $6C $6C $2C $52 $31 $36 $2D $54  in,T0,cell,R16-T
  0010: $30 $2D $46 $52 $4F $4E $54 $46  $41 $49 $4C $2C $74 $61 $73 $6B  0-FRONTFAIL,task
  0020: $2C $33 $35 $31 $33 $2C $6D $6F  $74 $6F $72 $2C $52 $49 $47 $48  ,3513,motor,RIGH
  0030: $54 $2C $63 $72 $69 $74 $2C $55  $4E $44 $4F $5F $4E $4F          T,crit,UNDO_NO
[USB RECV 2026-09-22T23:42:16.257] Received 62 bytes
[USB RECV HEX/ASCII]:
  0000: $5F $4C $45 $41 $4B $2C $6D $65  $61 $73 $75 $72 $65 $64 $2C $54  _LEAK,measured,T
  0010: $52 $55 $45 $2C $6C $6F $2C $54  $52 $55 $45 $2C $68 $69 $2C $54  RUE,lo,TRUE,hi,T
  0020: $52 $55 $45 $2C $75 $6E $69 $74  $73 $2C $42 $4F $4F $4C $2C $6E  RUE,units,BOOL,n
  0030: $2C $31 $2C $76 $65 $72 $64 $69  $63 $74 $2C $50 $41 $53          ,1,verdict,PAS
[USB RECV 2026-09-22T23:42:16.257] Received 62 bytes
[USB RECV HEX/ASCII]:
  0000: $53 $0D $0A $43 $6F $67 $30 $20  $20 $54 $30 $2D $54 $52 $41 $50  S..Cog0  T0-TRAP
  0010: $2C $63 $6F $64 $65 $2C $30 $0D  $0A $43 $6F $67 $30 $20 $20 $2A  ,code,0..Cog0  *
  0020: $20 $74 $65 $73 $74 $5F $62 $65  $6E $63 $68 $5F $74 $30 $20 $2D   test_bench_t0 -
  0030: $2D $20 $44 $4F $4E $45 $0D $0A  $43 $6F $67 $30 $20 $20          - DONE..Cog0  
[USB RECV 2026-09-22T23:42:16.272] Received 19 bytes
[USB RECV HEX/ASCII]:
  0000: $44 $45 $42 $55 $47 $5F $45 $4E  $44 $5F $53 $45 $53 $53 $49 $4F  DEBUG_END_SESSIO
  0010: $4E $0D $0A                                                       N..
