=== Debug Logger Session Started at 2026-09-19T17:47:35.250 ===
PNut-Term-TS: v1.0.8
Program: debug
=====================================

[2026-09-19T17:47:35.148] [SYSTEM] BAUD_RATE_SET 2000000 baud (preferences/default)

=== Session ended - Download Started at 2026-09-19T17:47:35.375 ===
=== Debug Logger Session Started at 2026-09-19T17:47:35.378 ===
PNut-Term-TS: v1.0.8
Program: debug
=====================================

[2026-09-19T17:47:35.376] [SYSTEM] [DOWNLOAD TO RAM] File: test_bench_t0.bin | Size: 47188 bytes | Modified: 2026-09-19T23:47:34.362Z
[2026-09-19T17:47:35.378] [SYSTEM] Download Session Started
[2026-09-19T17:47:36.781] [SYSTEM] [DOWNLOAD SUCCESS] test_bench_t0.bin successfully downloaded to RAM
[2026-09-19T17:47:36.783] Cog0  INIT $0000_0000 $0000_0000 load
[2026-09-19T17:47:36.786] Cog0  INIT $0000_0FA8 $0000_BAF0 jump
[2026-09-19T17:47:36.787] Cog0  * test_bench_t0 -- T0-24 stop-state hand test: ATTENDED, THE WHEEL SPINS ON TWO ROWS -- src_rev 10
[2026-09-19T17:47:36.787] Cog0  * active config: motor_type_enum=0 base=16 voltage_enum=6 wheel_dia_x10=65
[2026-09-19T17:47:36.788] Cog0  * bench expects MOTOR_TYPE=MOTR_6_5_INCH (0) and wheel_dia_x10=65; with wheel_dia_x10=0 the T0-3/T0-6 distance conversions report unavailable rather than a tick count
[2026-09-19T17:47:36.789] Cog0  SIGNOFF-DECL,sf,1,bin,T0,cell,R17-T0-HOLDPWR,task,3578
[2026-09-19T17:47:36.789] Cog0  SIGNOFF-DECL,sf,1,bin,T0,cell,R17-T0-RESTCOAST,task,3578
[2026-09-19T17:47:36.789] Cog0  SIGNOFF-DECL,sf,1,bin,T0,cell,R17-T0-RESTSHORT,task,3578
[2026-09-19T17:47:36.789] Cog0  SIGNOFF-DECL,sf,1,bin,T0,cell,R17-T0-STOPGAP,task,3578
[2026-09-19T17:47:36.790] Cog0  SIGNOFF-DECL,sf,1,bin,T0,cell,R17-T0-FLTCOAST,task,3578
[2026-09-19T17:47:36.790] Cog0  SIGNOFF-DECL,sf,1,bin,T0,cell,R17-T0-FLTSHORT,task,3578
[2026-09-19T17:47:36.790] Cog0  SIGNOFF-DECL,sf,1,bin,T0,cell,R17-T0-FLTGAP,task,3578
[2026-09-19T17:47:36.791] Cog0  SIGNOFF-DECL,sf,1,bin,T0,cell,R17-T0-FREEREF,task,3578
[2026-09-19T17:47:36.795] Cog0  T0-24,begin,wheel,RIGHT_P16,rows,6,fault_power,50,prompt,each_row_names_what_to_do_on_the_panel_before_it_runs
[2026-09-19T17:47:36.810] Cog1  INIT $0000_51F2 $0000_8853 load
[2026-09-19T17:47:36.810] Cog2  INIT $0000_0FA8 $0000_842F jump
[2026-09-19T17:47:37.823] Cog0  T0-24,row,0,arm,prediction,HELD_AT_A_FIXED_ANGLE_COGGING_RESISTANCE_AND_A_RECORDED_FAULT_WHEN_TURNED,asking_for,TURN_IT_SLOWLY_ABOUT_HALF_A_TURN_THEN_PRESS_SPACE,prompt,press_S_when_ready
[2026-09-19T17:49:12.032] [SYSTEM] [TX] s<cr>

=== Debug Logger Session Ended at 2026-09-19T17:49:23.981 ===
