=== Debug Logger Session Started at 2026-09-15T14:26:50.709 ===
PNut-Term-TS: v1.0.8
Program: debug
=====================================

[2026-09-15T14:26:50.606] [SYSTEM] BAUD_RATE_SET 2000000 baud (preferences/default)

=== Session ended - Download Started at 2026-09-15T14:26:50.833 ===
=== Debug Logger Session Started at 2026-09-15T14:26:50.837 ===
PNut-Term-TS: v1.0.8
Program: debug
=====================================

[2026-09-15T14:26:50.833] [SYSTEM] [DOWNLOAD TO RAM] File: test_bench_dual.bin | Size: 54742 bytes | Modified: 2026-09-15T20:26:49.825Z
[2026-09-15T14:26:50.836] [SYSTEM] Download Session Started
[2026-09-15T14:26:52.287] [SYSTEM] [DOWNLOAD SUCCESS] test_bench_dual.bin successfully downloaded to RAM
[2026-09-15T14:26:52.302] Cog0  INIT $0000_0000 $0000_0000 load
[2026-09-15T14:26:52.302] Cog0  INIT $0000_0FA8 $0003_389C jump
[2026-09-15T14:26:52.302] Cog1  INIT $0000_0FA8 $0003_2308 jump
[2026-09-15T14:26:52.302] Cog0  BM-WDSTART,seq,1,started,TRUE,cog,1
[2026-09-15T14:26:52.304] Cog0  BM-BANNER,seq,2,src_rev,7,fmt,1,part,FLOOR,cfg_id,BENCH,frame,MOTOR,clkfreq,270_000_000,left_base,32,right_base,16,voltage_enum,6,det_mode,30,motor_type,0,quiet,TRUE,mdbg,3,sdbg,3
[2026-09-15T14:26:52.304] Cog0  BM-BUILD,seq,3,sf,1,inst_hz,500,inst_ticks,540_000,ring,4_096,slongs,9,waitms_max,7_953,wd_stall_ms,4_000,abs_abort_mV,1_500,ladder_max,165_000_000,rwire_mohm,20,pack_mV,18_500,fault_cool_ms,5_000
[2026-09-15T14:26:52.305] Cog0  SIGNOFF-DECL,sf,1,bin,DUAL,cell,R14-DUAL-NOSTALL-F,task,3508
[2026-09-15T14:26:52.306] Cog0  SIGNOFF-DECL,sf,1,bin,DUAL,cell,R14-DUAL-DBGMASK-F,task,3508
[2026-09-15T14:26:52.307] Cog0  SIGNOFF-DECL,sf,1,bin,DUAL,cell,R14-DUAL-FLOORANS-F,task,3508
[2026-09-15T14:26:52.307] Cog0  BM-PLAN,seq,4,seg,FLOOR,order,1,attended,TRUE,part,FLOOR,finds,S-9a,est_s,180,est_kb,1_180
[2026-09-15T14:26:52.308] Cog0  * PANIC PROCEDURE IS PHYSICAL BATTERY DISCONNECT ONLY -- emergencyCutoff() self-cancels in about 250 ms (finding S-4)
[2026-09-15T14:26:52.314] Cog2  INIT $0000_0FA8 $0003_044C jump
[2026-09-15T14:26:52.315] Cog0  BM-INST,seq,5,event,START,cog,2,state,IDLE,ack_ms,5,samples,0,late,0,skipped,0,max_late_us,0,clamps,0,why,NONE
[2026-09-15T14:26:52.315] Cog0  BM-SEG,seq,6,seg,FLOOR,event,BEGIN,attended,TRUE,items,0,faults,0,unrecov,0,ms,0,why,NONE
[2026-09-15T14:26:52.391] `PLOT bmpanel TITLE 'Motion harness operator panel' SIZE 480 260 POS 60 80 HIDEXY UPDATE<CR><LF>`bmpanel cartesian 1<CR><LF>`bmpanel LAYER 1 'bm_bg.bmp'<CR><LF>`bmpanel LAYER 2 'bm_prompt.bmp'<CR><LF>`bmpanel LAYER 3 'bm_state.bmp'<CR><LF>`bmpanel LAYER 4 'bm_buttons.bmp'<CR><LF>`bmpanel LAYER 5 'bm_digits.bmp'<CR><LF>`bmpanel crop 1<CR><LF>`bmpanel update<CR><LF>`bmpanel crop 2 0, 228, 456, 76, 12, 34<CR><LF>`bmpanel crop 3 0, 0, 300, 32, 12, 116<CR><LF>`bmpanel crop 4 0, 0, 108, 36, 12, 156<CR><LF>`bmpanel crop 1 128, 156, 108, 36<CR><LF>`bmpanel crop 1 244, 156, 108, 36<CR><LF>`bmpanel crop 1 12, 198, 108, 36<CR><LF>`bmpanel crop 1 128, 198, 108, 36<CR><LF>`bmpanel crop 1 244, 198, 108, 36<CR><LF>`bmpanel crop 1 360, 198, 108, 36<CR><LF>`bmpanel crop 5 200, 0, 20, 32, 404, 116<CR><LF>`bmpanel crop 5 200, 0, 20, 32, 424, 116<CR><LF>`bmpanel crop 5 200, 0, 20, 32, 444, 116<CR><LF>`bmpanel update<CR><LF>`bmpanel crop 2 0, 228, 456, 76, 12, 34<CR><LF>`bmpanel crop 3 0, 0, 300, 32, 12, 116<CR><LF>`bmpanel crop 4 0, 0, 108, 36, 12, 156<CR><LF>`bmpanel crop 1 128, 156, 108, 36<CR><LF>`bmpanel crop 1 244, 156, 108, 36<CR><LF>`bmpanel crop 1 12, 198, 108, 36<CR><LF>`bmpanel crop 1 128, 198, 108, 36<CR><LF>`bmpanel crop 1 244, 198, 108, 36<CR><LF>`bmpanel crop 1 360, 198, 108, 36<CR><LF>`bmpanel crop 5 20, 0, 20, 32, 404, 116<CR><LF>`bmpanel crop 5 40, 0, 20, 32, 424, 116<CR><LF>`bmpanel crop 5 0, 0, 20, 32, 444, 116<CR><LF>`bmpanel update<CR><LF>`bmpanel PC_KEY<CR><LF>
[2026-09-15T14:26:52.680] `bmpanel PC_MOUSE<CR><LF>
[2026-09-15T14:26:52.760] `bmpanel PC_KEY<CR><LF>`bmpanel PC_MOUSE<CR><LF>
[2026-09-15T14:26:52.838] `bmpanel PC_KEY<CR><LF>`bmpanel PC_MOUSE<CR><LF>
[2026-09-15T14:26:52.916] `bmpanel PC_KEY<CR><LF>`bmpanel PC_MOUSE<CR><LF>
[2026-09-15T14:26:52.999] `bmpanel PC_KEY<CR><LF>`bmpanel PC_MOUSE<CR><LF>
[2026-09-15T14:26:53.076] `bmpanel PC_KEY<CR><LF>`bmpanel PC_MOUSE<CR><LF>
[2026-09-15T14:26:53.156] `bmpanel PC_KEY<CR><LF>`bmpanel PC_MOUSE<CR><LF>
[2026-09-15T14:26:53.238] `bmpanel PC_KEY<CR><LF>`bmpanel PC_MOUSE<CR><LF>
[2026-09-15T14:26:53.317] `bmpanel PC_KEY<CR><LF>`bmpanel PC_MOUSE<CR><LF>
[2026-09-15T14:26:53.396] `bmpanel PC_KEY<CR><LF>`bmpanel PC_MOUSE<CR><LF>
[2026-09-15T14:26:53.481] `bmpanel crop 2 0, 228, 456, 76, 12, 34<CR><LF>`bmpanel crop 3 0, 0, 300, 32, 12, 116<CR><LF>`bmpanel crop 4 0, 0, 108, 36, 12, 156<CR><LF>`bmpanel crop 1 128, 156, 108, 36<CR><LF>`bmpanel crop 1 244, 156, 108, 36<CR><LF>`bmpanel crop 1 12, 198, 108, 36<CR><LF>`bmpanel crop 1 128, 198, 108, 36<CR><LF>`bmpanel crop 1 244, 198, 108, 36<CR><LF>`bmpanel crop 1 360, 198, 108, 36<CR><LF>`bmpanel crop 5 20, 0, 20, 32, 404, 116<CR><LF>`bmpanel crop 5 20, 0, 20, 32, 424, 116<CR><LF>`bmpanel crop 5 180, 0, 20, 32, 444, 116<CR><LF>`bmpanel update<CR><LF>`bmpanel PC_KEY<CR><LF>`bmpanel PC_MOUSE<CR><LF>
[2026-09-15T14:26:53.561] `bmpanel PC_KEY<CR><LF>`bmpanel PC_MOUSE<CR><LF>
[2026-09-15T14:26:53.641] `bmpanel PC_KEY<CR><LF>`bmpanel PC_MOUSE<CR><LF>
[2026-09-15T14:26:53.723] `bmpanel PC_KEY<CR><LF>`bmpanel PC_MOUSE<CR><LF>
[2026-09-15T14:26:53.803] `bmpanel PC_KEY<CR><LF>`bmpanel PC_MOUSE<CR><LF>
[2026-09-15T14:26:53.883] `bmpanel PC_KEY<CR><LF>`bmpanel PC_MOUSE<CR><LF>
[2026-09-15T14:26:53.962] `bmpanel PC_KEY<CR><LF>`bmpanel PC_MOUSE<CR><LF>
[2026-09-15T14:26:54.043] `bmpanel PC_KEY<CR><LF>`bmpanel PC_MOUSE<CR><LF>
[2026-09-15T14:26:54.124] `bmpanel PC_KEY<CR><LF>`bmpanel PC_MOUSE<CR><LF>
[2026-09-15T14:26:54.205] `bmpanel PC_KEY<CR><LF>`bmpanel PC_MOUSE<CR><LF>
[2026-09-15T14:26:54.283] `bmpanel PC_KEY<CR><LF>`bmpanel PC_MOUSE<CR><LF>
[2026-09-15T14:26:54.363] `bmpanel PC_KEY<CR><LF>`bmpanel PC_MOUSE<CR><LF>
[2026-09-15T14:26:54.450] `bmpanel crop 2 0, 228, 456, 76, 12, 34<CR><LF>`bmpanel crop 3 0, 0, 300, 32, 12, 116<CR><LF>`bmpanel crop 4 0, 0, 108, 36, 12, 156<CR><LF>`bmpanel crop 1 128, 156, 108, 36<CR><LF>`bmpanel crop 1 244, 156, 108, 36<CR><LF>`bmpanel crop 1 12, 198, 108, 36<CR><LF>`bmpanel crop 1 128, 198, 108, 36<CR><LF>`bmpanel crop 1 244, 198, 108, 36<CR><LF>`bmpanel crop 1 360, 198, 108, 36<CR><LF>`bmpanel crop 5 20, 0, 20, 32, 404, 116<CR><LF>`bmpanel crop 5 20, 0, 20, 32, 424, 116<CR><LF>`bmpanel crop 5 160, 0, 20, 32, 444, 116<CR><LF>`bmpanel update<CR><LF>`bmpanel PC_KEY<CR><LF>`bmpanel PC_MOUSE<CR><LF>
[2026-09-15T14:26:54.527] `bmpanel PC_KEY<CR><LF>`bmpanel PC_MOUSE<CR><LF>
[2026-09-15T14:26:54.607] `bmpanel PC_KEY<CR><LF>`bmpanel PC_MOUSE<CR><LF>
[2026-09-15T14:26:54.689] `bmpanel PC_KEY<CR><LF>`bmpanel PC_MOUSE<CR><LF>
[2026-09-15T14:26:54.767] `bmpanel PC_KEY<CR><LF>`bmpanel PC_MOUSE<CR><LF>
[2026-09-15T14:26:54.847] `bmpanel PC_KEY<CR><LF>`bmpanel PC_MOUSE<CR><LF>
[2026-09-15T14:26:54.930] `bmpanel PC_KEY<CR><LF>`bmpanel PC_MOUSE<CR><LF>
[2026-09-15T14:26:55.008] `bmpanel PC_KEY<CR><LF>`bmpanel PC_MOUSE<CR><LF>
[2026-09-15T14:26:55.088] `bmpanel PC_KEY<CR><LF>`bmpanel PC_MOUSE<CR><LF>
[2026-09-15T14:26:55.168] `bmpanel PC_KEY<CR><LF>`bmpanel PC_MOUSE<CR><LF>
[2026-09-15T14:26:55.250] `bmpanel PC_KEY<CR><LF>`bmpanel PC_MOUSE<CR><LF>
[2026-09-15T14:26:55.328] `bmpanel PC_KEY<CR><LF>`bmpanel PC_MOUSE<CR><LF>
[2026-09-15T14:26:55.412] `bmpanel crop 2 0, 228, 456, 76, 12, 34<CR><LF>`bmpanel crop 3 0, 0, 300, 32, 12, 116<CR><LF>`bmpanel crop 4 0, 0, 108, 36, 12, 156<CR><LF>`bmpanel crop 1 128, 156, 108, 36<CR><LF>`bmpanel crop 1 244, 156, 108, 36<CR><LF>`bmpanel crop 1 12, 198, 108, 36<CR><LF>`bmpanel crop 1 128, 198, 108, 36<CR><LF>`bmpanel crop 1 244, 198, 108, 36<CR><LF>`bmpanel crop 1 360, 198, 108, 36<CR><LF>`bmpanel crop 5 20, 0, 20, 32, 404, 116<CR><LF>`bmpanel crop 5 20, 0, 20, 32, 424, 116<CR><LF>`bmpanel crop 5 140, 0, 20, 32, 444, 116<CR><LF>`bmpanel update<CR><LF>`bmpanel PC_KEY<CR><LF>`bmpanel PC_MOUSE<CR><LF>
[2026-09-15T14:26:55.493] `bmpanel PC_KEY<CR><LF>`bmpanel PC_MOUSE<CR><LF>
[2026-09-15T14:26:55.572] `bmpanel PC_KEY<CR><LF>`bmpanel PC_MOUSE<CR><LF>
[2026-09-15T14:26:55.652] `bmpanel PC_KEY<CR><LF>`bmpanel PC_MOUSE<CR><LF>
[2026-09-15T14:26:55.734] `bmpanel PC_KEY<CR><LF>`bmpanel PC_MOUSE<CR><LF>
[2026-09-15T14:26:55.814] `bmpanel PC_KEY<CR><LF>`bmpanel PC_MOUSE<CR><LF>
[2026-09-15T14:26:55.894] `bmpanel PC_KEY<CR><LF>`bmpanel PC_MOUSE<CR><LF>
[2026-09-15T14:26:55.975] `bmpanel PC_KEY<CR><LF>`bmpanel PC_MOUSE<CR><LF>
[2026-09-15T14:26:56.053] `bmpanel PC_KEY<CR><LF>`bmpanel PC_MOUSE<CR><LF>
[2026-09-15T14:26:56.133] `bmpanel PC_KEY<CR><LF>`bmpanel PC_MOUSE<CR><LF>
[2026-09-15T14:26:56.215] `bmpanel PC_KEY<CR><LF>`bmpanel PC_MOUSE<CR><LF>
[2026-09-15T14:26:56.294] `bmpanel PC_KEY<CR><LF>`bmpanel PC_MOUSE<CR><LF>
[2026-09-15T14:26:56.374] `bmpanel PC_KEY<CR><LF>`bmpanel PC_MOUSE<CR><LF>
[2026-09-15T14:26:56.460] `bmpanel crop 2 0, 228, 456, 76, 12, 34<CR><LF>`bmpanel crop 3 0, 0, 300, 32, 12, 116<CR><LF>`bmpanel crop 4 0, 0, 108, 36, 12, 156<CR><LF>`bmpanel crop 1 128, 156, 108, 36<CR><LF>`bmpanel crop 1 244, 156, 108, 36<CR><LF>`bmpanel crop 1 12, 198, 108, 36<CR><LF>`bmpanel crop 1 128, 198, 108, 36<CR><LF>`bmpanel crop 1 244, 198, 108, 36<CR><LF>`bmpanel crop 1 360, 198, 108, 36<CR><LF>`bmpanel crop 5 20, 0, 20, 32, 404, 116<CR><LF>`bmpanel crop 5 20, 0, 20, 32, 424, 116<CR><LF>`bmpanel crop 5 120, 0, 20, 32, 444, 116<CR><LF>`bmpanel update<CR><LF>`bmpanel PC_KEY<CR><LF>`bmpanel PC_MOUSE<CR><LF>
[2026-09-15T14:26:56.540] `bmpanel PC_KEY<CR><LF>`bmpanel PC_MOUSE<CR><LF>
[2026-09-15T14:26:56.620] `bmpanel PC_KEY<CR><LF>`bmpanel PC_MOUSE<CR><LF>
[2026-09-15T14:26:56.699] `bmpanel PC_KEY<CR><LF>`bmpanel PC_MOUSE<CR><LF>
[2026-09-15T14:26:56.779] `bmpanel PC_KEY<CR><LF>`bmpanel PC_MOUSE<CR><LF>
[2026-09-15T14:26:56.859] `bmpanel PC_KEY<CR><LF>`bmpanel PC_MOUSE<CR><LF>
[2026-09-15T14:26:56.939] `bmpanel PC_KEY<CR><LF>`bmpanel PC_MOUSE<CR><LF>
[2026-09-15T14:26:57.021] `bmpanel PC_KEY<CR><LF>`bmpanel PC_MOUSE<CR><LF>
[2026-09-15T14:26:57.099] `bmpanel PC_KEY<CR><LF>`bmpanel PC_MOUSE<CR><LF>
[2026-09-15T14:26:57.178] `bmpanel PC_KEY<CR><LF>`bmpanel PC_MOUSE<CR><LF>
[2026-09-15T14:26:57.258] `bmpanel PC_KEY<CR><LF>`bmpanel PC_MOUSE<CR><LF>
[2026-09-15T14:26:57.424] `bmpanel PC_KEY<CR><LF>`bmpanel PC_MOUSE<CR><LF>`bmpanel crop 2 0, 228, 456, 76, 12, 34<CR><LF>`bmpanel crop 3 0, 0, 300, 32, 12, 116<CR><LF>`bmpanel crop 4 0, 0, 108, 36, 12, 156<CR><LF>`bmpanel crop 1 128, 156, 108, 36<CR><LF>`bmpanel crop 1 244, 156, 108, 36<CR><LF>`bmpanel crop 1 12, 198, 108, 36<CR><LF>`bmpanel crop 1 128, 198, 108, 36<CR><LF>`bmpanel crop 1 244, 198, 108, 36<CR><LF>`bmpanel crop 1 360, 198, 108, 36<CR><LF>`bmpanel crop 5 20, 0, 20, 32, 404, 116<CR><LF>`bmpanel crop 5 20, 0, 20, 32, 424, 116<CR><LF>`bmpanel crop 5 100, 0, 20, 32, 444, 116<CR><LF>`bmpanel update<CR><LF>`bmpanel PC_KEY<CR><LF>`bmpanel PC_MOUSE<CR><LF>
[2026-09-15T14:26:57.503] `bmpanel PC_KEY<CR><LF>`bmpanel PC_MOUSE<CR><LF>
[2026-09-15T14:26:57.584] `bmpanel PC_KEY<CR><LF>`bmpanel PC_MOUSE<CR><LF>
[2026-09-15T14:26:57.665] `bmpanel PC_KEY<CR><LF>`bmpanel PC_MOUSE<CR><LF>
[2026-09-15T14:26:57.744] `bmpanel PC_KEY<CR><LF>`bmpanel PC_MOUSE<CR><LF>
[2026-09-15T14:26:57.826] `bmpanel PC_KEY<CR><LF>`bmpanel PC_MOUSE<CR><LF>
[2026-09-15T14:26:57.904] `bmpanel PC_KEY<CR><LF>`bmpanel PC_MOUSE<CR><LF>
[2026-09-15T14:26:57.987] `bmpanel PC_KEY<CR><LF>`bmpanel PC_MOUSE<CR><LF>
[2026-09-15T14:26:58.064] `bmpanel PC_KEY<CR><LF>`bmpanel PC_MOUSE<CR><LF>
[2026-09-15T14:26:58.145] `bmpanel PC_KEY<CR><LF>`bmpanel PC_MOUSE<CR><LF>
[2026-09-15T14:26:58.225] `bmpanel PC_KEY<CR><LF>`bmpanel PC_MOUSE<CR><LF>
[2026-09-15T14:26:58.307] `bmpanel PC_KEY<CR><LF>`bmpanel PC_MOUSE<CR><LF>
[2026-09-15T14:26:58.384] `bmpanel PC_KEY<CR><LF>`bmpanel PC_MOUSE<CR><LF>
[2026-09-15T14:26:58.469] `bmpanel crop 2 0, 228, 456, 76, 12, 34<CR><LF>`bmpanel crop 3 0, 0, 300, 32, 12, 116<CR><LF>`bmpanel crop 4 0, 0, 108, 36, 12, 156<CR><LF>`bmpanel crop 1 128, 156, 108, 36<CR><LF>`bmpanel crop 1 244, 156, 108, 36<CR><LF>`bmpanel crop 1 12, 198, 108, 36<CR><LF>`bmpanel crop 1 128, 198, 108, 36<CR><LF>`bmpanel crop 1 244, 198, 108, 36<CR><LF>`bmpanel crop 1 360, 198, 108, 36<CR><LF>`bmpanel crop 5 20, 0, 20, 32, 404, 116<CR><LF>`bmpanel crop 5 20, 0, 20, 32, 424, 116<CR><LF>`bmpanel crop 5 80, 0, 20, 32, 444, 116<CR><LF>`bmpanel update<CR><LF>`bmpanel PC_KEY<CR><LF>`bmpanel PC_MOUSE<CR><LF>
[2026-09-15T14:26:58.550] `bmpanel PC_KEY<CR><LF>`bmpanel PC_MOUSE<CR><LF>
[2026-09-15T14:26:58.630] `bmpanel PC_KEY<CR><LF>`bmpanel PC_MOUSE<CR><LF>
[2026-09-15T14:26:58.709] `bmpanel PC_KEY<CR><LF>`bmpanel PC_MOUSE<CR><LF>
[2026-09-15T14:26:58.791] `bmpanel PC_KEY<CR><LF>`bmpanel PC_MOUSE<CR><LF>
[2026-09-15T14:26:58.869] `bmpanel PC_KEY<CR><LF>`bmpanel PC_MOUSE<CR><LF>
[2026-09-15T14:26:58.950] `bmpanel PC_KEY<CR><LF>`bmpanel PC_MOUSE<CR><LF>
[2026-09-15T14:26:59.030] `bmpanel PC_KEY<CR><LF>`bmpanel PC_MOUSE<CR><LF>
[2026-09-15T14:26:59.110] `bmpanel PC_KEY<CR><LF>`bmpanel PC_MOUSE<CR><LF>
[2026-09-15T14:26:59.194] `bmpanel PC_KEY<CR><LF>`bmpanel PC_MOUSE<CR><LF>
[2026-09-15T14:26:59.270] `bmpanel PC_KEY<CR><LF>`bmpanel PC_MOUSE<CR><LF>
[2026-09-15T14:26:59.350] `bmpanel PC_KEY<CR><LF>`bmpanel PC_MOUSE<CR><LF>
[2026-09-15T14:26:59.436] `bmpanel crop 2 0, 228, 456, 76, 12, 34<CR><LF>`bmpanel crop 3 0, 0, 300, 32, 12, 116<CR><LF>`bmpanel crop 4 0, 0, 108, 36, 12, 156<CR><LF>`bmpanel crop 1 128, 156, 108, 36<CR><LF>`bmpanel crop 1 244, 156, 108, 36<CR><LF>`bmpanel crop 1 12, 198, 108, 36<CR><LF>`bmpanel crop 1 128, 198, 108, 36<CR><LF>`bmpanel crop 1 244, 198, 108, 36<CR><LF>`bmpanel crop 1 360, 198, 108, 36<CR><LF>`bmpanel crop 5 20, 0, 20, 32, 404, 116<CR><LF>`bmpanel crop 5 20, 0, 20, 32, 424, 116<CR><LF>`bmpanel crop 5 60, 0, 20, 32, 444, 116<CR><LF>`bmpanel update<CR><LF>`bmpanel PC_KEY<CR><LF>`bmpanel PC_MOUSE<CR><LF>
[2026-09-15T14:26:59.514] `bmpanel PC_KEY<CR><LF>`bmpanel PC_MOUSE<CR><LF>
[2026-09-15T14:26:59.595] `bmpanel PC_KEY<CR><LF>`bmpanel PC_MOUSE<CR><LF>
[2026-09-15T14:26:59.675] `bmpanel PC_KEY<CR><LF>`bmpanel PC_MOUSE<CR><LF>
[2026-09-15T14:26:59.756] `bmpanel PC_KEY<CR><LF>`bmpanel PC_MOUSE<CR><LF>
[2026-09-15T14:26:59.836] `bmpanel PC_KEY<CR><LF>`bmpanel PC_MOUSE<CR><LF>
[2026-09-15T14:26:59.917] `bmpanel PC_KEY<CR><LF>`bmpanel PC_MOUSE<CR><LF>
[2026-09-15T14:26:59.995] `bmpanel PC_KEY<CR><LF>`bmpanel PC_MOUSE<CR><LF>
[2026-09-15T14:27:00.076] `bmpanel PC_KEY<CR><LF>`bmpanel PC_MOUSE<CR><LF>
[2026-09-15T14:27:00.154] `bmpanel PC_KEY<CR><LF>`bmpanel PC_MOUSE<CR><LF>
[2026-09-15T14:27:00.235] `bmpanel PC_KEY<CR><LF>`bmpanel PC_MOUSE<CR><LF>
[2026-09-15T14:27:00.316] `bmpanel PC_KEY<CR><LF>`bmpanel PC_MOUSE<CR><LF>
[2026-09-15T14:27:00.395] `bmpanel PC_KEY<CR><LF>`bmpanel PC_MOUSE<CR><LF>
[2026-09-15T14:27:00.479] `bmpanel crop 2 0, 228, 456, 76, 12, 34<CR><LF>`bmpanel crop 3 0, 0, 300, 32, 12, 116<CR><LF>`bmpanel crop 4 0, 0, 108, 36, 12, 156<CR><LF>`bmpanel crop 1 128, 156, 108, 36<CR><LF>`bmpanel crop 1 244, 156, 108, 36<CR><LF>`bmpanel crop 1 12, 198, 108, 36<CR><LF>`bmpanel crop 1 128, 198, 108, 36<CR><LF>`bmpanel crop 1 244, 198, 108, 36<CR><LF>`bmpanel crop 1 360, 198, 108, 36<CR><LF>`bmpanel crop 5 20, 0, 20, 32, 404, 116<CR><LF>`bmpanel crop 5 20, 0, 20, 32, 424, 116<CR><LF>`bmpanel crop 5 40, 0, 20, 32, 444, 116<CR><LF>`bmpanel update<CR><LF>`bmpanel PC_KEY<CR><LF>`bmpanel PC_MOUSE<CR><LF>
[2026-09-15T14:27:00.560] `bmpanel PC_KEY<CR><LF>`bmpanel PC_MOUSE<CR><LF>
[2026-09-15T14:27:00.640] `bmpanel PC_KEY<CR><LF>`bmpanel PC_MOUSE<CR><LF>
[2026-09-15T14:27:00.723] `bmpanel PC_KEY<CR><LF>`bmpanel PC_MOUSE<CR><LF>
[2026-09-15T14:27:00.802] `bmpanel PC_KEY<CR><LF>`bmpanel PC_MOUSE<CR><LF>
[2026-09-15T14:27:00.881] `bmpanel PC_KEY<CR><LF>`bmpanel PC_MOUSE<CR><LF>
[2026-09-15T14:27:00.960] `bmpanel PC_KEY<CR><LF>`bmpanel PC_MOUSE<CR><LF>
[2026-09-15T14:27:01.043] `bmpanel PC_KEY<CR><LF>`bmpanel PC_MOUSE<CR><LF>
[2026-09-15T14:27:01.124] `bmpanel PC_KEY<CR><LF>`bmpanel PC_MOUSE<CR><LF>
[2026-09-15T14:27:01.202] `bmpanel PC_KEY<CR><LF>`bmpanel PC_MOUSE<CR><LF>
[2026-09-15T14:27:01.281] `bmpanel PC_KEY<CR><LF>`bmpanel PC_MOUSE<CR><LF>
[2026-09-15T14:27:01.361] `bmpanel PC_KEY<CR><LF>`bmpanel PC_MOUSE<CR><LF>
[2026-09-15T14:27:01.446] `bmpanel crop 2 0, 228, 456, 76, 12, 34<CR><LF>`bmpanel crop 3 0, 0, 300, 32, 12, 116<CR><LF>`bmpanel crop 4 0, 0, 108, 36, 12, 156<CR><LF>`bmpanel crop 1 128, 156, 108, 36<CR><LF>`bmpanel crop 1 244, 156, 108, 36<CR><LF>`bmpanel crop 1 12, 198, 108, 36<CR><LF>`bmpanel crop 1 128, 198, 108, 36<CR><LF>`bmpanel crop 1 244, 198, 108, 36<CR><LF>`bmpanel crop 1 360, 198, 108, 36<CR><LF>`bmpanel crop 5 20, 0, 20, 32, 404, 116<CR><LF>`bmpanel crop 5 20, 0, 20, 32, 424, 116<CR><LF>`bmpanel crop 5 20, 0, 20, 32, 444, 116<CR><LF>`bmpanel update<CR><LF>`bmpanel PC_KEY<CR><LF>`bmpanel PC_MOUSE<CR><LF>
[2026-09-15T14:27:01.526] `bmpanel PC_KEY<CR><LF>`bmpanel PC_MOUSE<CR><LF>
[2026-09-15T14:27:01.607] `bmpanel PC_KEY<CR><LF>`bmpanel PC_MOUSE<CR><LF>
[2026-09-15T14:27:01.687] `bmpanel PC_KEY<CR><LF>`bmpanel PC_MOUSE<CR><LF>
[2026-09-15T14:27:01.768] `bmpanel PC_KEY<CR><LF>`bmpanel PC_MOUSE<CR><LF>
[2026-09-15T14:27:01.849] `bmpanel PC_KEY<CR><LF>`bmpanel PC_MOUSE<CR><LF>
[2026-09-15T14:27:01.926] `bmpanel PC_KEY<CR><LF>`bmpanel PC_MOUSE<CR><LF>
[2026-09-15T14:27:02.010] `bmpanel PC_KEY<CR><LF>`bmpanel PC_MOUSE<CR><LF>
[2026-09-15T14:27:02.087] `bmpanel PC_KEY<CR><LF>`bmpanel PC_MOUSE<CR><LF>
[2026-09-15T14:27:02.166] `bmpanel PC_KEY<CR><LF>`bmpanel PC_MOUSE<CR><LF>
[2026-09-15T14:27:02.246] `bmpanel PC_KEY<CR><LF>`bmpanel PC_MOUSE<CR><LF>
[2026-09-15T14:27:02.326] `bmpanel PC_KEY<CR><LF>`bmpanel PC_MOUSE<CR><LF>
[2026-09-15T14:27:02.414] `bmpanel crop 2 0, 228, 456, 76, 12, 34<CR><LF>`bmpanel crop 3 0, 0, 300, 32, 12, 116<CR><LF>`bmpanel crop 4 0, 0, 108, 36, 12, 156<CR><LF>`bmpanel crop 1 128, 156, 108, 36<CR><LF>`bmpanel crop 1 244, 156, 108, 36<CR><LF>`bmpanel crop 1 12, 198, 108, 36<CR><LF>`bmpanel crop 1 128, 198, 108, 36<CR><LF>`bmpanel crop 1 244, 198, 108, 36<CR><LF>`bmpanel crop 1 360, 198, 108, 36<CR><LF>`bmpanel crop 5 20, 0, 20, 32, 404, 116<CR><LF>`bmpanel crop 5 20, 0, 20, 32, 424, 116<CR><LF>`bmpanel crop 5 0, 0, 20, 32, 444, 116<CR><LF>`bmpanel update<CR><LF>`bmpanel PC_KEY<CR><LF>`bmpanel PC_MOUSE<CR><LF>
[2026-09-15T14:27:02.493] `bmpanel PC_KEY<CR><LF>`bmpanel PC_MOUSE<CR><LF>
[2026-09-15T14:27:02.572] `bmpanel PC_KEY<CR><LF>`bmpanel PC_MOUSE<CR><LF>
[2026-09-15T14:27:02.652] `bmpanel PC_KEY<CR><LF>`bmpanel PC_MOUSE<CR><LF>
[2026-09-15T14:27:02.732] `bmpanel PC_KEY<CR><LF>`bmpanel PC_MOUSE<CR><LF>
[2026-09-15T14:27:02.814] `bmpanel PC_KEY<CR><LF>`bmpanel PC_MOUSE<CR><LF>
[2026-09-15T14:27:02.892] `bmpanel PC_KEY<CR><LF>`bmpanel PC_MOUSE<CR><LF>
[2026-09-15T14:27:02.972] `bmpanel PC_KEY<CR><LF>`bmpanel PC_MOUSE<CR><LF>
[2026-09-15T14:27:03.052] `bmpanel PC_KEY<CR><LF>`bmpanel PC_MOUSE<CR><LF>
[2026-09-15T14:27:03.132] `bmpanel PC_KEY<CR><LF>`bmpanel PC_MOUSE<CR><LF>
[2026-09-15T14:27:03.215] `bmpanel PC_KEY<CR><LF>`bmpanel PC_MOUSE<CR><LF>
[2026-09-15T14:27:03.292] `bmpanel PC_KEY<CR><LF>`bmpanel PC_MOUSE<CR><LF>
[2026-09-15T14:27:03.373] `bmpanel PC_KEY<CR><LF>`bmpanel PC_MOUSE<CR><LF>
[2026-09-15T14:27:03.457] `bmpanel crop 2 0, 228, 456, 76, 12, 34<CR><LF>`bmpanel crop 3 0, 0, 300, 32, 12, 116<CR><LF>`bmpanel crop 4 0, 0, 108, 36, 12, 156<CR><LF>`bmpanel crop 1 128, 156, 108, 36<CR><LF>`bmpanel crop 1 244, 156, 108, 36<CR><LF>`bmpanel crop 1 12, 198, 108, 36<CR><LF>`bmpanel crop 1 128, 198, 108, 36<CR><LF>`bmpanel crop 1 244, 198, 108, 36<CR><LF>`bmpanel crop 1 360, 198, 108, 36<CR><LF>`bmpanel crop 5 20, 0, 20, 32, 404, 116<CR><LF>`bmpanel crop 5 0, 0, 20, 32, 424, 116<CR><LF>`bmpanel crop 5 180, 0, 20, 32, 444, 116<CR><LF>`bmpanel update<CR><LF>`bmpanel PC_KEY<CR><LF>`bmpanel PC_MOUSE<CR><LF>
[2026-09-15T14:27:03.537] `bmpanel PC_KEY<CR><LF>`bmpanel PC_MOUSE<CR><LF>
[2026-09-15T14:27:03.619] `bmpanel PC_KEY<CR><LF>`bmpanel PC_MOUSE<CR><LF>
[2026-09-15T14:27:03.698] `bmpanel PC_KEY<CR><LF>`bmpanel PC_MOUSE<CR><LF>
[2026-09-15T14:27:03.777] `bmpanel PC_KEY<CR><LF>`bmpanel PC_MOUSE<CR><LF>
[2026-09-15T14:27:03.861] `bmpanel PC_KEY<CR><LF>`bmpanel PC_MOUSE<CR><LF>
[2026-09-15T14:27:03.937] `bmpanel PC_KEY<CR><LF>`bmpanel PC_MOUSE<CR><LF>
[2026-09-15T14:27:04.017] `bmpanel PC_KEY<CR><LF>`bmpanel PC_MOUSE<CR><LF>
[2026-09-15T14:27:04.101] `bmpanel PC_KEY<CR><LF>`bmpanel PC_MOUSE<CR><LF>
[2026-09-15T14:27:04.177] `bmpanel PC_KEY<CR><LF>`bmpanel PC_MOUSE<CR><LF>
[2026-09-15T14:27:04.258] `bmpanel PC_KEY<CR><LF>`bmpanel PC_MOUSE<CR><LF>
[2026-09-15T14:27:04.338] `bmpanel PC_KEY<CR><LF>`bmpanel PC_MOUSE<CR><LF>
[2026-09-15T14:27:04.425] `bmpanel crop 2 0, 228, 456, 76, 12, 34<CR><LF>`bmpanel crop 3 0, 0, 300, 32, 12, 116<CR><LF>`bmpanel crop 4 0, 0, 108, 36, 12, 156<CR><LF>`bmpanel crop 1 128, 156, 108, 36<CR><LF>`bmpanel crop 1 244, 156, 108, 36<CR><LF>`bmpanel crop 1 12, 198, 108, 36<CR><LF>`bmpanel crop 1 128, 198, 108, 36<CR><LF>`bmpanel crop 1 244, 198, 108, 36<CR><LF>`bmpanel crop 1 360, 198, 108, 36<CR><LF>`bmpanel crop 5 20, 0, 20, 32, 404, 116<CR><LF>`bmpanel crop 5 0, 0, 20, 32, 424, 116<CR><LF>`bmpanel crop 5 160, 0, 20, 32, 444, 116<CR><LF>`bmpanel update<CR><LF>`bmpanel PC_KEY<CR><LF>`bmpanel PC_MOUSE<CR><LF>
[2026-09-15T14:27:04.503] `bmpanel PC_KEY<CR><LF>`bmpanel PC_MOUSE<CR><LF>
[2026-09-15T14:27:04.585] `bmpanel PC_KEY<CR><LF>`bmpanel PC_MOUSE<CR><LF>
[2026-09-15T14:27:04.662] `bmpanel PC_KEY<CR><LF>`bmpanel PC_MOUSE<CR><LF>
[2026-09-15T14:27:04.743] `bmpanel PC_KEY<CR><LF>`bmpanel PC_MOUSE<CR><LF>
[2026-09-15T14:27:04.825] `bmpanel PC_KEY<CR><LF>`bmpanel PC_MOUSE<CR><LF>
[2026-09-15T14:27:04.905] `bmpanel PC_KEY<CR><LF>`bmpanel PC_MOUSE<CR><LF>
[2026-09-15T14:27:04.984] `bmpanel PC_KEY<CR><LF>`bmpanel PC_MOUSE<CR><LF>
[2026-09-15T14:27:05.063] `bmpanel PC_KEY<CR><LF>`bmpanel PC_MOUSE<CR><LF>
[2026-09-15T14:27:05.143] `bmpanel PC_KEY<CR><LF>`bmpanel PC_MOUSE<CR><LF>
[2026-09-15T14:27:05.226] `bmpanel PC_KEY<CR><LF>`bmpanel PC_MOUSE<CR><LF>
[2026-09-15T14:27:05.303] `bmpanel PC_KEY<CR><LF>`bmpanel PC_MOUSE<CR><LF>
[2026-09-15T14:27:05.382] `bmpanel PC_KEY<CR><LF>`bmpanel PC_MOUSE<CR><LF>
[2026-09-15T14:27:05.468] `bmpanel crop 2 0, 228, 456, 76, 12, 34<CR><LF>`bmpanel crop 3 0, 0, 300, 32, 12, 116<CR><LF>`bmpanel crop 4 0, 0, 108, 36, 12, 156<CR><LF>`bmpanel crop 1 128, 156, 108, 36<CR><LF>`bmpanel crop 1 244, 156, 108, 36<CR><LF>`bmpanel crop 1 12, 198, 108, 36<CR><LF>`bmpanel crop 1 128, 198, 108, 36<CR><LF>`bmpanel crop 1 244, 198, 108, 36<CR><LF>`bmpanel crop 1 360, 198, 108, 36<CR><LF>`bmpanel crop 5 20, 0, 20, 32, 404, 116<CR><LF>`bmpanel crop 5 0, 0, 20, 32, 424, 116<CR><LF>`bmpanel crop 5 140, 0, 20, 32, 444, 116<CR><LF>`bmpanel update<CR><LF>`bmpanel PC_KEY<CR><LF>`bmpanel PC_MOUSE<CR><LF>
[2026-09-15T14:27:05.550] `bmpanel PC_KEY<CR><LF>`bmpanel PC_MOUSE<CR><LF>
[2026-09-15T14:27:05.629] `bmpanel PC_KEY<CR><LF>`bmpanel PC_MOUSE<CR><LF>
[2026-09-15T14:27:05.711] `bmpanel PC_KEY<CR><LF>`bmpanel PC_MOUSE<CR><LF>
[2026-09-15T14:27:05.788] `bmpanel PC_KEY<CR><LF>`bmpanel PC_MOUSE<CR><LF>
[2026-09-15T14:27:05.869] `bmpanel PC_KEY<CR><LF>`bmpanel PC_MOUSE<CR><LF>
[2026-09-15T14:27:05.949] `bmpanel PC_KEY<CR><LF>`bmpanel PC_MOUSE<CR><LF>
[2026-09-15T14:27:06.027] `bmpanel PC_KEY<CR><LF>`bmpanel PC_MOUSE<CR><LF>
[2026-09-15T14:27:06.109] `bmpanel PC_KEY<CR><LF>`bmpanel PC_MOUSE<CR><LF>
[2026-09-15T14:27:06.188] `bmpanel PC_KEY<CR><LF>`bmpanel PC_MOUSE<CR><LF>
[2026-09-15T14:27:06.270] `bmpanel PC_KEY<CR><LF>`bmpanel PC_MOUSE<CR><LF>
[2026-09-15T14:27:06.349] `bmpanel PC_KEY<CR><LF>`bmpanel PC_MOUSE<CR><LF>
[2026-09-15T14:27:06.437] `bmpanel crop 2 0, 228, 456, 76, 12, 34<CR><LF>`bmpanel crop 3 0, 0, 300, 32, 12, 116<CR><LF>`bmpanel crop 4 0, 0, 108, 36, 12, 156<CR><LF>`bmpanel crop 1 128, 156, 108, 36<CR><LF>`bmpanel crop 1 244, 156, 108, 36<CR><LF>`bmpanel crop 1 12, 198, 108, 36<CR><LF>`bmpanel crop 1 128, 198, 108, 36<CR><LF>`bmpanel crop 1 244, 198, 108, 36<CR><LF>`bmpanel crop 1 360, 198, 108, 36<CR><LF>`bmpanel crop 5 20, 0, 20, 32, 404, 116<CR><LF>`bmpanel crop 5 0, 0, 20, 32, 424, 116<CR><LF>`bmpanel crop 5 120, 0, 20, 32, 444, 116<CR><LF>`bmpanel update<CR><LF>`bmpanel PC_KEY<CR><LF>`bmpanel PC_MOUSE<CR><LF>
[2026-09-15T14:27:06.516] `bmpanel PC_KEY<CR><LF>`bmpanel PC_MOUSE<CR><LF>
[2026-09-15T14:27:06.593] `bmpanel PC_KEY<CR><LF>`bmpanel PC_MOUSE<CR><LF>
[2026-09-15T14:27:06.675] `bmpanel PC_KEY<CR><LF>`bmpanel PC_MOUSE<CR><LF>
[2026-09-15T14:27:06.753] `bmpanel PC_KEY<CR><LF>`bmpanel PC_MOUSE<CR><LF>
[2026-09-15T14:27:06.837] `bmpanel PC_KEY<CR><LF>`bmpanel PC_MOUSE<CR><LF>
[2026-09-15T14:27:06.917] `bmpanel PC_KEY<CR><LF>`bmpanel PC_MOUSE<CR><LF>
[2026-09-15T14:27:06.994] `bmpanel PC_KEY<CR><LF>`bmpanel PC_MOUSE<CR><LF>
[2026-09-15T14:27:07.075] `bmpanel PC_KEY<CR><LF>`bmpanel PC_MOUSE<CR><LF>
[2026-09-15T14:27:07.154] `bmpanel PC_KEY<CR><LF>`bmpanel PC_MOUSE<CR><LF>
[2026-09-15T14:27:07.235] `bmpanel PC_KEY<CR><LF>`bmpanel PC_MOUSE<CR><LF>
[2026-09-15T14:27:07.314] `bmpanel PC_KEY<CR><LF>`bmpanel PC_MOUSE<CR><LF>
[2026-09-15T14:27:07.395] `bmpanel PC_KEY<CR><LF>`bmpanel PC_MOUSE<CR><LF>
[2026-09-15T14:27:07.479] `bmpanel crop 2 0, 228, 456, 76, 12, 34<CR><LF>`bmpanel crop 3 0, 0, 300, 32, 12, 116<CR><LF>`bmpanel crop 4 0, 0, 108, 36, 12, 156<CR><LF>`bmpanel crop 1 128, 156, 108, 36<CR><LF>`bmpanel crop 1 244, 156, 108, 36<CR><LF>`bmpanel crop 1 12, 198, 108, 36<CR><LF>`bmpanel crop 1 128, 198, 108, 36<CR><LF>`bmpanel crop 1 244, 198, 108, 36<CR><LF>`bmpanel crop 1 360, 198, 108, 36<CR><LF>`bmpanel crop 5 20, 0, 20, 32, 404, 116<CR><LF>`bmpanel crop 5 0, 0, 20, 32, 424, 116<CR><LF>`bmpanel crop 5 100, 0, 20, 32, 444, 116<CR><LF>`bmpanel update<CR><LF>`bmpanel PC_KEY<CR><LF>`bmpanel PC_MOUSE<CR><LF>
[2026-09-15T14:27:07.562] `bmpanel PC_KEY<CR><LF>`bmpanel PC_MOUSE<CR><LF>
[2026-09-15T14:27:07.639] `bmpanel PC_KEY<CR><LF>`bmpanel PC_MOUSE<CR><LF>
[2026-09-15T14:27:07.719] `bmpanel PC_KEY<CR><LF>`bmpanel PC_MOUSE<CR><LF>
[2026-09-15T14:27:07.800] `bmpanel PC_KEY<CR><LF>`bmpanel PC_MOUSE<CR><LF>
[2026-09-15T14:27:07.880] `bmpanel PC_KEY<CR><LF>`bmpanel PC_MOUSE<CR><LF>
[2026-09-15T14:27:07.962] `bmpanel PC_KEY<CR><LF>`bmpanel PC_MOUSE<CR><LF>
[2026-09-15T14:27:08.040] `bmpanel PC_KEY<CR><LF>`bmpanel PC_MOUSE<CR><LF>
[2026-09-15T14:27:08.121] `bmpanel PC_KEY<CR><LF>`bmpanel PC_MOUSE<CR><LF>
[2026-09-15T14:27:08.200] `bmpanel PC_KEY<CR><LF>`bmpanel PC_MOUSE<CR><LF>
[2026-09-15T14:27:08.281] `bmpanel PC_KEY<CR><LF>`bmpanel PC_MOUSE<CR><LF>
[2026-09-15T14:27:08.360] `bmpanel PC_KEY<CR><LF>`bmpanel PC_MOUSE<CR><LF>
[2026-09-15T14:27:08.445] `bmpanel crop 2 0, 228, 456, 76, 12, 34<CR><LF>`bmpanel crop 3 0, 0, 300, 32, 12, 116<CR><LF>`bmpanel crop 4 0, 0, 108, 36, 12, 156<CR><LF>`bmpanel crop 1 128, 156, 108, 36<CR><LF>`bmpanel crop 1 244, 156, 108, 36<CR><LF>`bmpanel crop 1 12, 198, 108, 36<CR><LF>`bmpanel crop 1 128, 198, 108, 36<CR><LF>`bmpanel crop 1 244, 198, 108, 36<CR><LF>`bmpanel crop 1 360, 198, 108, 36<CR><LF>`bmpanel crop 5 20, 0, 20, 32, 404, 116<CR><LF>`bmpanel crop 5 0, 0, 20, 32, 424, 116<CR><LF>`bmpanel crop 5 80, 0, 20, 32, 444, 116<CR><LF>`bmpanel update<CR><LF>`bmpanel PC_KEY<CR><LF>`bmpanel PC_MOUSE<CR><LF>
[2026-09-15T14:27:08.524] `bmpanel PC_KEY<CR><LF>`bmpanel PC_MOUSE<CR><LF>
[2026-09-15T14:27:08.604] `bmpanel PC_KEY<CR><LF>`bmpanel PC_MOUSE<CR><LF>
[2026-09-15T14:27:08.684] `bmpanel PC_KEY<CR><LF>`bmpanel PC_MOUSE<CR><LF>
[2026-09-15T14:27:08.767] `bmpanel PC_KEY<CR><LF>`bmpanel PC_MOUSE<CR><LF>
[2026-09-15T14:27:08.845] `bmpanel PC_KEY<CR><LF>`bmpanel PC_MOUSE<CR><LF>
[2026-09-15T14:27:08.924] `bmpanel PC_KEY<CR><LF>`bmpanel PC_MOUSE<CR><LF>
[2026-09-15T14:27:09.006] `bmpanel PC_KEY<CR><LF>`bmpanel PC_MOUSE<CR><LF>
[2026-09-15T14:27:09.086] `bmpanel PC_KEY<CR><LF>`bmpanel PC_MOUSE<CR><LF>
[2026-09-15T14:27:09.164] `bmpanel PC_KEY<CR><LF>`bmpanel PC_MOUSE<CR><LF>
[2026-09-15T14:27:09.245] `bmpanel PC_KEY<CR><LF>`bmpanel PC_MOUSE<CR><LF>
[2026-09-15T14:27:09.324] `bmpanel PC_KEY<CR><LF>`bmpanel PC_MOUSE<CR><LF>
[2026-09-15T14:27:09.410] `bmpanel crop 2 0, 228, 456, 76, 12, 34<CR><LF>`bmpanel crop 3 0, 0, 300, 32, 12, 116<CR><LF>`bmpanel crop 4 0, 0, 108, 36, 12, 156<CR><LF>`bmpanel crop 1 128, 156, 108, 36<CR><LF>`bmpanel crop 1 244, 156, 108, 36<CR><LF>`bmpanel crop 1 12, 198, 108, 36<CR><LF>`bmpanel crop 1 128, 198, 108, 36<CR><LF>`bmpanel crop 1 244, 198, 108, 36<CR><LF>`bmpanel crop 1 360, 198, 108, 36<CR><LF>`bmpanel crop 5 20, 0, 20, 32, 404, 116<CR><LF>`bmpanel crop 5 0, 0, 20, 32, 424, 116<CR><LF>`bmpanel crop 5 60, 0, 20, 32, 444, 116<CR><LF>`bmpanel update<CR><LF>`bmpanel PC_KEY<CR><LF>`bmpanel PC_MOUSE<CR><LF>
[2026-09-15T14:27:09.490] `bmpanel PC_KEY<CR><LF>`bmpanel PC_MOUSE<CR><LF>
[2026-09-15T14:27:09.570] `bmpanel PC_KEY<CR><LF>`bmpanel PC_MOUSE<CR><LF>
[2026-09-15T14:27:09.649] `bmpanel PC_KEY<CR><LF>`bmpanel PC_MOUSE<CR><LF>
[2026-09-15T14:27:09.730] `bmpanel PC_KEY<CR><LF>`bmpanel PC_MOUSE<CR><LF>
[2026-09-15T14:27:09.810] `bmpanel PC_KEY<CR><LF>`bmpanel PC_MOUSE<CR><LF>
[2026-09-15T14:27:09.891] `bmpanel PC_KEY<CR><LF>`bmpanel PC_MOUSE<CR><LF>
[2026-09-15T14:27:09.969] `bmpanel PC_KEY<CR><LF>`bmpanel PC_MOUSE<CR><LF>
[2026-09-15T14:27:10.052] `bmpanel PC_KEY<CR><LF>`bmpanel PC_MOUSE<CR><LF>
[2026-09-15T14:27:10.131] `bmpanel PC_KEY<CR><LF>`bmpanel PC_MOUSE<CR><LF>
[2026-09-15T14:27:10.210] `bmpanel PC_KEY<CR><LF>`bmpanel PC_MOUSE<CR><LF>
[2026-09-15T14:27:10.290] `bmpanel PC_KEY<CR><LF>`bmpanel PC_MOUSE<CR><LF>
[2026-09-15T14:27:10.370] `bmpanel PC_KEY<CR><LF>`bmpanel PC_MOUSE<CR><LF>
[2026-09-15T14:27:10.454] `bmpanel crop 2 0, 228, 456, 76, 12, 34<CR><LF>`bmpanel crop 3 0, 0, 300, 32, 12, 116<CR><LF>`bmpanel crop 4 0, 0, 108, 36, 12, 156<CR><LF>`bmpanel crop 1 128, 156, 108, 36<CR><LF>`bmpanel crop 1 244, 156, 108, 36<CR><LF>`bmpanel crop 1 12, 198, 108, 36<CR><LF>`bmpanel crop 1 128, 198, 108, 36<CR><LF>`bmpanel crop 1 244, 198, 108, 36<CR><LF>`bmpanel crop 1 360, 198, 108, 36<CR><LF>`bmpanel crop 5 20, 0, 20, 32, 404, 116<CR><LF>`bmpanel crop 5 0, 0, 20, 32, 424, 116<CR><LF>`bmpanel crop 5 40, 0, 20, 32, 444, 116<CR><LF>`bmpanel update<CR><LF>`bmpanel PC_KEY<CR><LF>`bmpanel PC_MOUSE<CR><LF>
[2026-09-15T14:27:10.537] `bmpanel PC_KEY<CR><LF>`bmpanel PC_MOUSE<CR><LF>
[2026-09-15T14:27:10.615] `bmpanel PC_KEY<CR><LF>`bmpanel PC_MOUSE<CR><LF>
[2026-09-15T14:27:10.696] `bmpanel PC_KEY<CR><LF>`bmpanel PC_MOUSE<CR><LF>
[2026-09-15T14:27:10.775] `bmpanel PC_KEY<CR><LF>`bmpanel PC_MOUSE<CR><LF>
[2026-09-15T14:27:10.857] `bmpanel PC_KEY<CR><LF>`bmpanel PC_MOUSE<CR><LF>
[2026-09-15T14:27:10.936] `bmpanel PC_KEY<CR><LF>`bmpanel PC_MOUSE<CR><LF>
[2026-09-15T14:27:11.015] `bmpanel PC_KEY<CR><LF>`bmpanel PC_MOUSE<CR><LF>
[2026-09-15T14:27:11.095] `bmpanel PC_KEY<CR><LF>`bmpanel PC_MOUSE<CR><LF>
[2026-09-15T14:27:11.176] `bmpanel PC_KEY<CR><LF>`bmpanel PC_MOUSE<CR><LF>
[2026-09-15T14:27:11.255] `bmpanel PC_KEY<CR><LF>`bmpanel PC_MOUSE<CR><LF>
[2026-09-15T14:27:11.336] `bmpanel PC_KEY<CR><LF>`bmpanel PC_MOUSE<CR><LF>
[2026-09-15T14:27:11.421] `bmpanel crop 2 0, 228, 456, 76, 12, 34<CR><LF>`bmpanel crop 3 0, 0, 300, 32, 12, 116<CR><LF>`bmpanel crop 4 0, 0, 108, 36, 12, 156<CR><LF>`bmpanel crop 1 128, 156, 108, 36<CR><LF>`bmpanel crop 1 244, 156, 108, 36<CR><LF>`bmpanel crop 1 12, 198, 108, 36<CR><LF>`bmpanel crop 1 128, 198, 108, 36<CR><LF>`bmpanel crop 1 244, 198, 108, 36<CR><LF>`bmpanel crop 1 360, 198, 108, 36<CR><LF>`bmpanel crop 5 20, 0, 20, 32, 404, 116<CR><LF>`bmpanel crop 5 0, 0, 20, 32, 424, 116<CR><LF>`bmpanel crop 5 20, 0, 20, 32, 444, 116<CR><LF>`bmpanel update<CR><LF>`bmpanel PC_KEY<CR><LF>`bmpanel PC_MOUSE<CR><LF>
[2026-09-15T14:27:11.500] `bmpanel PC_KEY<CR><LF>`bmpanel PC_MOUSE<CR><LF>
[2026-09-15T14:27:11.584] `bmpanel PC_KEY<CR><LF>`bmpanel PC_MOUSE<CR><LF>
[2026-09-15T14:27:11.661] `bmpanel PC_KEY<CR><LF>`bmpanel PC_MOUSE<CR><LF>
[2026-09-15T14:27:11.741] `bmpanel PC_KEY<CR><LF>`bmpanel PC_MOUSE<CR><LF>
[2026-09-15T14:27:11.821] `bmpanel PC_KEY<CR><LF>`bmpanel PC_MOUSE<CR><LF>
[2026-09-15T14:27:11.903] `bmpanel PC_KEY<CR><LF>`bmpanel PC_MOUSE<CR><LF>
[2026-09-15T14:27:11.981] `bmpanel PC_KEY<CR><LF>`bmpanel PC_MOUSE<CR><LF>
[2026-09-15T14:27:12.064] `bmpanel PC_KEY<CR><LF>`bmpanel PC_MOUSE<CR><LF>
[2026-09-15T14:27:12.142] `bmpanel PC_KEY<CR><LF>`bmpanel PC_MOUSE<CR><LF>
[2026-09-15T14:27:12.221] `bmpanel PC_KEY<CR><LF>`bmpanel PC_MOUSE<CR><LF>
[2026-09-15T14:27:12.303] `bmpanel PC_KEY<CR><LF>`bmpanel PC_MOUSE<CR><LF>
[2026-09-15T14:27:12.381] `bmpanel PC_KEY<CR><LF>`bmpanel PC_MOUSE<CR><LF>
[2026-09-15T14:27:12.465] `bmpanel crop 2 0, 228, 456, 76, 12, 34<CR><LF>`bmpanel crop 3 0, 0, 300, 32, 12, 116<CR><LF>`bmpanel crop 4 0, 0, 108, 36, 12, 156<CR><LF>`bmpanel crop 1 128, 156, 108, 36<CR><LF>`bmpanel crop 1 244, 156, 108, 36<CR><LF>`bmpanel crop 1 12, 198, 108, 36<CR><LF>`bmpanel crop 1 128, 198, 108, 36<CR><LF>`bmpanel crop 1 244, 198, 108, 36<CR><LF>`bmpanel crop 1 360, 198, 108, 36<CR><LF>`bmpanel crop 5 20, 0, 20, 32, 404, 116<CR><LF>`bmpanel crop 5 0, 0, 20, 32, 424, 116<CR><LF>`bmpanel crop 5 0, 0, 20, 32, 444, 116<CR><LF>`bmpanel update<CR><LF>`bmpanel PC_KEY<CR><LF>`bmpanel PC_MOUSE<CR><LF>
[2026-09-15T14:27:12.546] `bmpanel PC_KEY<CR><LF>`bmpanel PC_MOUSE<CR><LF>
[2026-09-15T14:27:12.625] `bmpanel PC_KEY<CR><LF>`bmpanel PC_MOUSE<CR><LF>
[2026-09-15T14:27:12.705] `bmpanel PC_KEY<CR><LF>`bmpanel PC_MOUSE<CR><LF>
[2026-09-15T14:27:12.785] `bmpanel PC_KEY<CR><LF>`bmpanel PC_MOUSE<CR><LF>
[2026-09-15T14:27:12.867] `bmpanel PC_KEY<CR><LF>`bmpanel PC_MOUSE<CR><LF>
[2026-09-15T14:27:12.946] `bmpanel PC_KEY<CR><LF>`bmpanel PC_MOUSE<CR><LF>
[2026-09-15T14:27:13.025] `bmpanel PC_KEY<CR><LF>`bmpanel PC_MOUSE<CR><LF>
[2026-09-15T14:27:13.106] `bmpanel PC_KEY<CR><LF>`bmpanel PC_MOUSE<CR><LF>
[2026-09-15T14:27:13.186] `bmpanel PC_KEY<CR><LF>`bmpanel PC_MOUSE<CR><LF>
[2026-09-15T14:27:13.266] `bmpanel PC_KEY<CR><LF>`bmpanel PC_MOUSE<CR><LF>
[2026-09-15T14:27:13.346] `bmpanel PC_KEY<CR><LF>`bmpanel PC_MOUSE<CR><LF>
[2026-09-15T14:27:13.430] `bmpanel crop 2 0, 228, 456, 76, 12, 34<CR><LF>`bmpanel crop 3 0, 0, 300, 32, 12, 116<CR><LF>`bmpanel crop 4 0, 0, 108, 36, 12, 156<CR><LF>`bmpanel crop 1 128, 156, 108, 36<CR><LF>`bmpanel crop 1 244, 156, 108, 36<CR><LF>`bmpanel crop 1 12, 198, 108, 36<CR><LF>`bmpanel crop 1 128, 198, 108, 36<CR><LF>`bmpanel crop 1 244, 198, 108, 36<CR><LF>`bmpanel crop 1 360, 198, 108, 36<CR><LF>`bmpanel crop 5 200, 0, 20, 32, 404, 116<CR><LF>`bmpanel crop 5 180, 0, 20, 32, 424, 116<CR><LF>`bmpanel crop 5 180, 0, 20, 32, 444, 116<CR><LF>`bmpanel update<CR><LF>`bmpanel PC_KEY<CR><LF>`bmpanel PC_MOUSE<CR><LF>
[2026-09-15T14:27:13.511] `bmpanel PC_KEY<CR><LF>`bmpanel PC_MOUSE<CR><LF>
[2026-09-15T14:27:13.591] `bmpanel PC_KEY<CR><LF>`bmpanel PC_MOUSE<CR><LF>
[2026-09-15T14:27:13.672] `bmpanel PC_KEY<CR><LF>`bmpanel PC_MOUSE<CR><LF>
[2026-09-15T14:27:13.751] `bmpanel PC_KEY<CR><LF>`bmpanel PC_MOUSE<CR><LF>
[2026-09-15T14:27:13.833] `bmpanel PC_KEY<CR><LF>`bmpanel PC_MOUSE<CR><LF>
[2026-09-15T14:27:13.850] `bmpanel PC_KEY<CR><LF>`bmpanel crop 2 0, 228, 456, 76, 12, 34<CR><LF>`bmpanel crop 3 0, 32, 300, 32, 12, 116<CR><LF>`bmpanel crop 4 108, 0, 108, 36, 12, 156<CR><LF>`bmpanel crop 1 128, 156, 108, 36<CR><LF>`bmpanel crop 1 244, 156, 108, 36<CR><LF>`bmpanel crop 1 12, 198, 108, 36<CR><LF>`bmpanel crop 1 128, 198, 108, 36<CR><LF>`bmpanel crop 1 244, 198, 108, 36<CR><LF>`bmpanel crop 1 360, 198, 108, 36<CR><LF>`bmpanel crop 5 200, 0, 20, 32, 404, 116<CR><LF>`bmpanel crop 5 200, 0, 20, 32, 424, 116<CR><LF>`bmpanel crop 5 200, 0, 20, 32, 444, 116<CR><LF>`bmpanel update<CR><LF>Cog0  BM-OPER,seq,7,prompt,FLOOR,event,SHOWN,answer,NONE,input,NONE,wait_ms,0,why,NONE
[2026-09-15T14:27:13.852] Cog0  BM-OPER,seq,8,prompt,FLOOR,event,START,answer,NONE,input,KEY,wait_ms,21_529,why,NONE
[2026-09-15T14:27:13.868] Cog3  INIT $0000_A5FE $0003_2F57 load
[2026-09-15T14:27:13.868] Cog4  INIT $0000_A5FE $0003_327F load
[2026-09-15T14:27:13.955] Cog5  INIT $0000_0FA8 $0003_2BC0 jump
[2026-09-15T14:27:13.966] Cog0  BM-SSTART,seq,9,seg,FLOOR,life,1,motor,BOTH,ret,5,ret_ok,TRUE,l_st,STOPPED,r_st,STOPPED,ready_ms,0,l_neg,43,l_pos,317,r_neg,43,r_pos,317,l_ig,0,r_ig,0,l_board,REV_B,r_board,REV_B,why,NONE
[2026-09-15T14:27:16.038] `bmpanel crop 2 0, 228, 456, 76, 12, 34<CR><LF>`bmpanel crop 3 0, 128, 300, 32, 12, 116<CR><LF>`bmpanel crop 1 12, 156, 108, 36<CR><LF>`bmpanel crop 1 128, 156, 108, 36<CR><LF>`bmpanel crop 4 0, 72, 108, 36, 244, 156<CR><LF>`bmpanel crop 1 12, 198, 108, 36<CR><LF>`bmpanel crop 1 128, 198, 108, 36<CR><LF>`bmpanel crop 1 244, 198, 108, 36<CR><LF>`bmpanel crop 1 360, 198, 108, 36<CR><LF>`bmpanel crop 5 200, 0, 20, 32, 404, 116<CR><LF>`bmpanel crop 5 200, 0, 20, 32, 424, 116<CR><LF>`bmpanel crop 5 200, 0, 20, 32, 444, 116<CR><LF>`bmpanel update<CR><LF>`bmpanel crop 2 0, 228, 456, 76, 12, 34<CR><LF>`bmpanel crop 3 0, 128, 300, 32, 12, 116<CR><LF>`bmpanel crop 1 12, 156, 108, 36<CR><LF>`bmpanel crop 1 128, 156, 108, 36<CR><LF>`bmpanel crop 4 0, 72, 108, 36, 244, 156<CR><LF>`bmpanel crop 1 12, 198, 108, 36<CR><LF>`bmpanel crop 1 128, 198, 108, 36<CR><LF>`bmpanel crop 1 244, 198, 108, 36<CR><LF>`bmpanel crop 1 360, 198, 108, 36<CR><LF>`bmpanel crop 5 200, 0, 20, 32, 404, 116<CR><LF>`bmpanel crop 5 200, 0, 20, 32, 424, 116<CR><LF>`bmpanel crop 5 40, 0, 20, 32, 444, 116<CR><LF>`bmpanel update<CR><LF>`bmpanel PC_KEY<CR><LF>`bmpanel PC_MOUSE<CR><LF>`bmpanel PC_KEY<CR><LF>`bmpanel PC_MOUSE<CR><LF>`bmpanel PC_KEY<CR><LF>`bmpanel PC_MOUSE<CR><LF>`bmpanel PC_KEY<CR><LF>`bmpanel PC_MOUSE<CR><LF>`bmpanel PC_KEY<CR><LF>`bmpanel PC_MOUSE<CR><LF>`bmpanel PC_KEY<CR><LF>`bmpanel PC_MOUSE<CR><LF>`bmpanel PC_KEY<CR><LF>`bmpanel PC_MOUSE<CR><LF>`bmpanel PC_KEY<CR><LF>`bmpanel PC_MOUSE<CR><LF>`bmpanel PC_KEY<CR><LF>`bmpanel PC_MOUSE<CR><LF>`bmpanel PC_KEY<CR><LF>`bmpanel PC_MOUSE<CR><LF>`bmpanel PC_KEY<CR><LF>`bmpanel PC_MOUSE<CR><LF>`bmpanel PC_KEY<CR><LF>`bmpanel PC_MOUSE<CR><LF>`bmpanel PC_KEY<CR><LF>`bmpanel PC_MOUSE<CR><LF>`bmpanel PC_KEY<CR><LF>`bmpanel PC_MOUSE<CR><LF>`bmpanel PC_KEY<CR><LF>`bmpanel PC_MOUSE<CR><LF>`bmpanel PC_KEY<CR><LF>`bmpanel PC_MOUSE<CR><LF>`bmpanel PC_KEY<CR><LF>`bmpanel PC_MOUSE<CR><LF>`bmpanel PC_KEY<CR><LF>`bmpanel PC_MOUSE<CR><LF>`bmpanel PC_KEY<CR><LF>`bmpanel PC_MOUSE<CR><LF>`bmpanel crop 2 0, 228, 456, 76, 12, 34<CR><LF>`bmpanel crop 3 0, 128, 300, 32, 12, 116<CR><LF>`bmpanel crop 1 12, 156, 108, 36<CR><LF>`bmpanel crop 1 128, 156, 108, 36<CR><LF>`bmpanel crop 4 0, 72, 108, 36, 244, 156<CR><LF>`bmpanel crop 1 12, 198, 108, 36<CR><LF>`bmpanel crop 1 128, 198, 108, 36<CR><LF>`bmpanel crop 1 244, 198, 108, 36<CR><LF>`bmpanel crop 1 360, 198, 108, 36<CR><LF>`bmpanel crop 5 200, 0, 20, 32, 404, 116<CR><LF>`bmpanel crop 5 200, 0, 20, 32, 424, 116<CR><LF>`bmpanel crop 5 20, 0, 20, 32, 444, 116<CR><LF>`bmpanel update<CR><LF>`bmpanel PC_KEY<CR><LF>`bmpanel PC_MOUSE<CR><LF>`bmpanel PC_KEY<CR><LF>`bmpanel PC_MOUSE<CR><LF>`bmpanel PC_KEY<CR><LF>`bmpanel PC_MOUSE<CR><LF>`bmpanel PC_KEY<CR><LF>`bmpanel PC_MOUSE<CR><LF>`bmpanel PC_KEY<CR><LF>`bmpanel PC_MOUSE<CR><LF>`bmpanel PC_KEY<CR><LF>`bmpanel PC_MOUSE<CR><LF>`bmpanel PC_KEY<CR><LF>`bmpanel PC_MOUSE<CR><LF>`bmpanel PC_KEY<CR><LF>`bmpanel PC_MOUSE<CR><LF>`bmpanel PC_KEY<CR><LF>`bmpanel PC_MOUSE<CR><LF>`bmpanel PC_KEY<CR><LF>`bmpanel PC_MOUSE<CR><LF>`bmpanel PC_KEY<CR><LF>`bmpanel PC_MOUSE<CR><LF>`bmpanel PC_KEY<CR><LF>`bmpanel PC_MOUSE<CR><LF>`bmpanel PC_KEY<CR><LF>`bmpanel PC_MOUSE<CR><LF>`bmpanel PC_KEY<CR><LF>`bmpanel PC_MOUSE<CR><LF>`bmpanel PC_KEY<CR><LF>`bmpanel PC_MOUSE<CR><LF>`bmpanel PC_KEY<CR><LF>`bmpanel PC_MOUSE<CR><LF>`bmpanel PC_KEY<CR><LF>`bmpanel PC_MOUSE<CR><LF>`bmpanel PC_KEY<CR><LF>`bmpanel PC_MOUSE<CR><LF>`bmpanel PC_KEY<CR><LF>`bmpanel PC_MOUSE<CR><LF>`bmpanel crop 2 0, 228, 456, 76, 12, 34<CR><LF>`bmpanel crop 3 0, 128, 300, 32, 12, 116<CR><LF>`bmpanel crop 1 12, 156, 108, 36<CR><LF>`bmpanel crop 1 128, 156, 108, 36<CR><LF>`bmpanel crop 4 0, 72, 108, 36, 244, 156<CR><LF>`bmpanel crop 1 12, 198, 108, 36<CR><LF>`bmpanel crop 1 128, 198, 108, 36<CR><LF>`bmpanel crop 1 244, 198, 108, 36<CR><LF>`bmpanel crop 1 360, 198, 108, 36<CR><LF>`bmpanel crop 5 200, 0, 20, 32, 404, 116<CR><LF>`bmpanel crop 5 200, 0, 20, 32, 424, 116<CR><LF>`bmpanel crop 5 0, 0, 20, 32, 444, 116<CR><LF>`bmpanel update<CR><LF>
[2026-09-15T14:27:31.868] `bmpanel crop 2 0, 304, 456, 76, 12, 34<CR><LF>`bmpanel crop 3 0, 160, 300, 32, 12, 116<CR><LF>`bmpanel crop 1 12, 156, 108, 36<CR><LF>`bmpanel crop 1 128, 156, 108, 36<CR><LF>`bmpanel crop 1 244, 156, 108, 36<CR><LF>`bmpanel crop 4 0, 108, 108, 36, 12, 198<CR><LF>`bmpanel crop 4 0, 144, 108, 36, 128, 198<CR><LF>`bmpanel crop 4 0, 180, 108, 36, 244, 198<CR><LF>`bmpanel crop 4 0, 216, 108, 36, 360, 198<CR><LF>`bmpanel crop 5 200, 0, 20, 32, 404, 116<CR><LF>`bmpanel crop 5 200, 0, 20, 32, 424, 116<CR><LF>`bmpanel crop 5 200, 0, 20, 32, 444, 116<CR><LF>`bmpanel update<CR><LF>`bmpanel crop 2 0, 304, 456, 76, 12, 34<CR><LF>`bmpanel crop 3 0, 160, 300, 32, 12, 116<CR><LF>`bmpanel crop 1 12, 156, 108, 36<CR><LF>`bmpanel crop 1 128, 156, 108, 36<CR><LF>`bmpanel crop 1 244, 156, 108, 36<CR><LF>`bmpanel crop 4 0, 108, 108, 36, 12, 198<CR><LF>`bmpanel crop 4 0, 144, 108, 36, 128, 198<CR><LF>`bmpanel crop 4 0, 180, 108, 36, 244, 198<CR><LF>`bmpanel crop 4 0, 216, 108, 36, 360, 198<CR><LF>`bmpanel crop 5 20, 0, 20, 32, 404, 116<CR><LF>`bmpanel crop 5 40, 0, 20, 32, 424, 116<CR><LF>`bmpanel crop 5 0, 0, 20, 32, 444, 116<CR><LF>`bmpanel update<CR><LF>`bmpanel PC_KEY<CR><LF>`bmpanel PC_MOUSE<CR><LF>`bmpanel PC_KEY<CR><LF>`bmpanel PC_MOUSE<CR><LF>`bmpanel PC_KEY<CR><LF>`bmpanel PC_MOUSE<CR><LF>`bmpanel PC_KEY<CR><LF>`bmpanel PC_MOUSE<CR><LF>`bmpanel PC_KEY<CR><LF>`bmpanel PC_MOUSE<CR><LF>`bmpanel PC_KEY<CR><LF>`bmpanel PC_MOUSE<CR><LF>`bmpanel PC_KEY<CR><LF>`bmpanel PC_MOUSE<CR><LF>`bmpanel PC_KEY<CR><LF>`bmpanel PC_MOUSE<CR><LF>`bmpanel PC_KEY<CR><LF>`bmpanel PC_MOUSE<CR><LF>`bmpanel PC_KEY<CR><LF>`bmpanel PC_MOUSE<CR><LF>`bmpanel PC_KEY<CR><LF>`bmpanel PC_MOUSE<CR><LF>`bmpanel PC_KEY<CR><LF>`bmpanel PC_MOUSE<CR><LF>`bmpanel PC_KEY<CR><LF>`bmpanel PC_MOUSE<CR><LF>`bmpanel PC_KEY<CR><LF>`bmpanel PC_MOUSE<CR><LF>`bmpanel PC_KEY<CR><LF>`bmpanel PC_MOUSE<CR><LF>`bmpanel PC_KEY<CR><LF>`bmpanel PC_MOUSE<CR><LF>`bmpanel PC_KEY<CR><LF>`bmpanel PC_MOUSE<CR><LF>`bmpanel PC_KEY<CR><LF>`bmpanel PC_MOUSE<CR><LF>`bmpanel PC_KEY<CR><LF>`bmpanel PC_MOUSE<CR><LF>`bmpanel crop 2 0, 304, 456, 76, 12, 34<CR><LF>`bmpanel crop 3 0, 160, 300, 32, 12, 116<CR><LF>`bmpanel crop 1 12, 156, 108, 36<CR><LF>`bmpanel crop 1 128, 156, 108, 36<CR><LF>`bmpanel crop 1 244, 156, 108, 36<CR><LF>`bmpanel crop 4 0, 108, 108, 36, 12, 198<CR><LF>`bmpanel crop 4 0, 144, 108, 36, 128, 198<CR><LF>`bmpanel crop 4 0, 180, 108, 36, 244, 198<CR><LF>`bmpanel crop 4 0, 216, 108, 36, 360, 198<CR><LF>`bmpanel crop 5 20, 0, 20, 32, 404, 116<CR><LF>`bmpanel crop 5 20, 0, 20, 32, 424, 116<CR><LF>`bmpanel crop 5 180, 0, 20, 32, 444, 116<CR><LF>`bmpanel update<CR><LF>`bmpanel PC_KEY<CR><LF>`bmpanel PC_MOUSE<CR><LF>`bmpanel PC_KEY<CR><LF>`bmpanel PC_MOUSE<CR><LF>`bmpanel PC_KEY<CR><LF>`bmpanel PC_MOUSE<CR><LF>`bmpanel PC_KEY<CR><LF>`bmpanel PC_MOUSE<CR><LF>`bmpanel PC_KEY<CR><LF>`bmpanel PC_MOUSE<CR><LF>`bmpanel PC_KEY<CR><LF>`bmpanel PC_MOUSE<CR><LF>`bmpanel PC_KEY<CR><LF>`bmpanel PC_MOUSE<CR><LF>`bmpanel PC_KEY<CR><LF>`bmpanel PC_MOUSE<CR><LF>`bmpanel PC_KEY<CR><LF>`bmpanel PC_MOUSE<CR><LF>`bmpanel PC_KEY<CR><LF>`bmpanel PC_MOUSE<CR><LF>`bmpanel PC_KEY<CR><LF>`bmpanel PC_MOUSE<CR><LF>`bmpanel PC_KEY<CR><LF>`bmpanel PC_MOUSE<CR><LF>`bmpanel PC_KEY<CR><LF>`bmpanel PC_MOUSE<CR><LF>`bmpanel PC_KEY<CR><LF>`bmpanel PC_MOUSE<CR><LF>`bmpanel PC_KEY<CR><LF>`bmpanel PC_MOUSE<CR><LF>`bmpanel PC_KEY<CR><LF>`bmpanel PC_MOUSE<CR><LF>`bmpanel PC_KEY<CR><LF>`bmpanel PC_MOUSE<CR><LF>`bmpanel PC_KEY<CR><LF>`bmpanel PC_MOUSE<CR><LF>`bmpanel PC_KEY<CR><LF>`bmpanel PC_MOUSE<CR><LF>`bmpanel crop 2 0, 304, 456, 76, 12, 34<CR><LF>`bmpanel crop 3 0, 160, 300, 32, 12, 116<CR><LF>`bmpanel crop 1 12, 156, 108, 36<CR><LF>`bmpanel crop 1 128, 156, 108, 36<CR><LF>`bmpanel crop 1 244, 156, 108, 36<CR><LF>`bmpanel crop 4 0, 108, 108, 36, 12, 198<CR><LF>`bmpanel crop 4 0, 144, 108, 36, 128, 198<CR><LF>`bmpanel crop 4 0, 180, 108, 36, 244, 198<CR><LF>`bmpanel crop 4 0, 216, 108, 36, 360, 198<CR><LF>`bmpanel crop 5 20, 0, 20, 32, 404, 116<CR><LF>`bmpanel crop 5 20, 0, 20, 32, 424, 116<CR><LF>`bmpanel crop 5 160, 0, 20, 32, 444, 116<CR><LF>`bmpanel update<CR><LF>`bmpanel PC_KEY<CR><LF>`bmpanel PC_MOUSE<CR><LF>`bmpanel PC_KEY<CR><LF>`bmpanel PC_MOUSE<CR><LF>`bmpanel PC_KEY<CR><LF>`bmpanel PC_MOUSE<CR><LF>`bmpanel PC_KEY<CR><LF>`bmpanel PC_MOUSE<CR><LF>`bmpanel PC_KEY<CR><LF>`bmpanel PC_MOUSE<CR><LF>`bmpanel PC_KEY<CR><LF>`bmpanel PC_MOUSE<CR><LF>`bmpanel PC_KEY<CR><LF>`bmpanel PC_MOUSE<CR><LF>`bmpanel PC_KEY<CR><LF>`bmpanel PC_MOUSE<CR><LF>`bmpanel PC_KEY<CR><LF>`bmpanel PC_MOUSE<CR><LF>`bmpanel PC_KEY<CR><LF>`bmpanel PC_MOUSE<CR><LF>`bmpanel PC_KEY<CR><LF>`bmpanel PC_MOUSE<CR><LF>`bmpanel PC_KEY<CR><LF>`bmpanel PC_MOUSE<CR><LF>`bmpanel PC_KEY<CR><LF>`bmpanel PC_MOUSE<CR><LF>`bmpanel PC_KEY<CR><LF>`bmpanel PC_MOUSE<CR><LF>`bmpanel PC_KEY<CR><LF>`bmpanel PC_MOUSE<CR><LF>`bmpanel PC_KEY<CR><LF>`bmpanel PC_MOUSE<CR><LF>`bmpanel PC_KEY<CR><LF>`bmpanel PC_MOUSE<CR><LF>`bmpanel PC_KEY<CR><LF>`bmpanel PC_MOUSE<CR><LF>`bmpanel PC_KEY<CR><LF>`bmpanel PC_MOUSE<CR><LF>`bmpanel crop 2 0, 304, 456, 76, 12, 34<CR><LF>`bmpanel crop 3 0, 160, 300, 32, 12, 116<CR><LF>`bmpanel crop 1 12, 156, 108, 36<CR><LF>`bmpanel crop 1 128, 156, 108, 36<CR><LF>`bmpanel crop 1 244, 156, 108, 36<CR><LF>`bmpanel crop 4 0, 108, 108, 36, 12, 198<CR><LF>`bmpanel crop 4 0, 144, 108, 36, 128, 198<CR><LF>`bmpanel crop 4 0, 180, 108, 36, 244, 198<CR><LF>`bmpanel crop 4 0, 216, 108, 36, 360, 198<CR><LF>`bmpanel crop 5 20, 0, 20, 32, 404, 116<CR><LF>`bmpanel crop 5 20, 0, 20, 32, 424, 116<CR><LF>`bmpanel crop 5 140, 0, 20, 32, 444, 116<CR><LF>`bmpanel update<CR><LF>`bmpanel PC_KEY<CR><LF>`bmpanel PC_MOUSE<CR><LF>`bmpanel PC_KEY<CR><LF>`bmpanel PC_MOUSE<CR><LF>`bmpanel PC_KEY<CR><LF>`bmpanel PC_MOUSE<CR><LF>`bmpanel PC_KEY<CR><LF>`bmpanel PC_MOUSE<CR><LF>`bmpanel PC_KEY<CR><LF>`bmpanel PC_MOUSE<CR><LF>`bmpanel PC_KEY<CR><LF>`bmpanel PC_MOUSE<CR><LF>`bmpanel PC_KEY<CR><LF>`bmpanel PC_MOUSE<CR><LF>`bmpanel PC_KEY<CR><LF>`bmpanel PC_MOUSE<CR><LF>`bmpanel PC_KEY<CR><LF>`bmpanel PC_MOUSE<CR><LF>`bmpanel PC_KEY<CR><LF>`bmpanel PC_MOUSE<CR><LF>`bmpanel PC_KEY<CR><LF>`bmpanel PC_MOUSE<CR><LF>`bmpanel PC_KEY<CR><LF>`bmpanel PC_MOUSE<CR><LF>`bmpanel PC_KEY<CR><LF>`bmpanel PC_MOUSE<CR><LF>`bmpanel PC_KEY<CR><LF>`bmpanel PC_MOUSE<CR><LF>`bmpanel PC_KEY<CR><LF>`bmpanel PC_MOUSE<CR><LF>`bmpanel PC_KEY<CR><LF>`bmpanel PC_MOUSE<CR><LF>`bmpanel PC_KEY<CR><LF>`bmpanel PC_MOUSE<CR><LF>`bmpanel PC_KEY<CR><LF>`bmpanel PC_MOUSE<CR><LF>`bmpanel PC_KEY<CR><LF>`bmpanel PC_MOUSE<CR><LF>`bmpanel crop 2 0, 304, 456, 76, 12, 34<CR><LF>`bmpanel crop 3 0, 160, 300, 32, 12, 116<CR><LF>`bmpanel crop 1 12, 156, 108, 36<CR><LF>`bmpanel crop 1 128, 156, 108, 36<CR><LF>`bmpanel crop 1 244, 156, 108, 36<CR><LF>`bmpanel crop 4 0, 108, 108, 36, 12, 198<CR><LF>`bmpanel crop 4 0, 144, 108, 36, 128, 198<CR><LF>`bmpanel crop 4 0, 180, 108, 36, 244, 198<CR><LF>`bmpanel crop 4 0, 216, 108, 36, 360, 198<CR><LF>`bmpanel crop 5 20, 0, 20, 32, 404, 116<CR><LF>`bmpanel crop 5 20, 0, 20, 32, 424, 116<CR><LF>`bmpanel crop 5 120, 0, 20, 32, 444, 116<CR><LF>`bmpanel update<CR><LF>`bmpanel PC_KEY<CR><LF>`bmpanel PC_MOUSE<CR><LF>`bmpanel PC_KEY<CR><LF>`bmpanel PC_MOUSE<CR><LF>`bmpanel PC_KEY<CR><LF>`bmpanel PC_MOUSE<CR><LF>`bmpanel PC_KEY<CR><LF>`bmpanel PC_MOUSE<CR><LF>`bmpanel PC_KEY<CR><LF>`bmpanel PC_MOUSE<CR><LF>`bmpanel PC_KEY<CR><LF>`bmpanel PC_MOUSE<CR><LF>`bmpanel PC_KEY<CR><LF>`bmpanel PC_MOUSE<CR><LF>`bmpanel PC_KEY<CR><LF>`bmpanel PC_MOUSE<CR><LF>`bmpanel PC_KEY<CR><LF>`bmpanel PC_MOUSE<CR><LF>`bmpanel PC_KEY<CR><LF>`bmpanel PC_MOUSE<CR><LF>`bmpanel PC_KEY<CR><LF>`bmpanel PC_MOUSE<CR><LF>`bmpanel PC_KEY<CR><LF>`bmpanel PC_MOUSE<CR><LF>`bmpanel PC_KEY<CR><LF>`bmpanel PC_MOUSE<CR><LF>`bmpanel PC_KEY<CR><LF>`bmpanel PC_MOUSE<CR><LF>`bmpanel PC_KEY<CR><LF>`bmpanel PC_MOUSE<CR><LF>`bmpanel PC_KEY<CR><LF>`bmpanel PC_MOUSE<CR><LF>`bmpanel PC_KEY<CR><LF>`bmpanel PC_MOUSE<CR><LF>`bmpanel PC_KEY<CR><LF>`bmpanel PC_MOUSE<CR><LF>`bmpanel crop 2 0, 304, 456, 76, 12, 34<CR><LF>`bmpanel crop 3 0, 160, 300, 32, 12, 116<CR><LF>`bmpanel crop 1 12, 156, 108, 36<CR><LF>`bmpanel crop 1 128, 156, 108, 36<CR><LF>`bmpanel crop 1 244, 156, 108, 36<CR><LF>`bmpanel crop 4 0, 108, 108, 36, 12, 198<CR><LF>`bmpanel crop 4 0, 144, 108, 36, 128, 198<CR><LF>`bmpanel crop 4 0, 180, 108, 36, 244, 198<CR><LF>`bmpanel crop 4 0, 216, 108, 36, 360, 198<CR><LF>`bmpanel crop 5 20, 0, 20, 32, 404, 116<CR><LF>`bmpanel crop 5 20, 0, 20, 32, 424, 116<CR><LF>`bmpanel crop 5 100, 0, 20, 32, 444, 116<CR><LF>`bmpanel update<CR><LF>`bmpanel PC_KEY<CR><LF>`bmpanel PC_MOUSE<CR><LF>`bmpanel PC_KEY<CR><LF>`bmpanel PC_MOUSE<CR><LF>`bmpanel PC_KEY<CR><LF>`bmpanel PC_MOUSE<CR><LF>`bmpanel PC_KEY<CR><LF>`bmpanel PC_MOUSE<CR><LF>`bmpanel PC_KEY<CR><LF>`bmpanel PC_MOUSE<CR><LF>`bmpanel PC_KEY<CR><LF>`bmpanel PC_MOUSE<CR><LF>`bmpanel PC_KEY<CR><LF>`bmpanel PC_MOUSE<CR><LF>`bmpanel PC_KEY<CR><LF>`bmpanel PC_MOUSE<CR><LF>`bmpanel PC_KEY<CR><LF>`bmpanel PC_MOUSE<CR><LF>`bmpanel PC_KEY<CR><LF>`bmpanel PC_MOUSE<CR><LF>`bmpanel PC_KEY<CR><LF>`bmpanel PC_MOUSE<CR><LF>`bmpanel PC_KEY<CR><LF>`bmpanel PC_MOUSE<CR><LF>`bmpanel PC_KEY<CR><LF>`bmpanel PC_MOUSE<CR><LF>`bmpanel PC_KEY<CR><LF>`bmpanel PC_MOUSE<CR><LF>`bmpanel PC_KEY<CR><LF>`bmpanel PC_MOUSE<CR><LF>`bmpanel PC_KEY<CR><LF>`bmpanel PC_MOUSE<CR><LF>`bmpanel PC_KEY<CR><LF>`bmpanel PC_MOUSE<CR><LF>`bmpanel PC_KEY<CR><LF>`bmpanel PC_MOUSE<CR><LF>`bmpanel PC_KEY<CR><LF>`bmpanel PC_MOUSE<CR><LF>`bmpanel crop 2 0, 304, 456, 76, 12, 34<CR><LF>`bmpanel crop 3 0, 160, 300, 32, 12, 116<CR><LF>`bmpanel crop 1 12, 156, 108, 36<CR><LF>`bmpanel crop 1 128, 156, 108, 36<CR><LF>`bmpanel crop 1 244, 156, 108, 36<CR><LF>`bmpanel crop 4 0, 108, 108, 36, 12, 198<CR><LF>`bmpanel crop 4 0, 144, 108, 36, 128, 198<CR><LF>`bmpanel crop 4 0, 180, 108, 36, 244, 198<CR><LF>`bmpanel crop 4 0, 216, 108, 36, 360, 198<CR><LF>`bmpanel crop 5 20, 0, 20, 32, 404, 116<CR><LF>`bmpanel crop 5 20, 0, 20, 32, 424, 116<CR><LF>`bmpanel crop 5 80, 0, 20, 32, 444, 116<CR><LF>`bmpanel update<CR><LF>`bmpanel PC_KEY<CR><LF>`bmpanel PC_MOUSE<CR><LF>`bmpanel PC_KEY<CR><LF>`bmpanel PC_MOUSE<CR><LF>`bmpanel PC_KEY<CR><LF>`bmpanel PC_MOUSE<CR><LF>`bmpanel PC_KEY<CR><LF>`bmpanel PC_MOUSE<CR><LF>`bmpanel PC_KEY<CR><LF>`bmpanel PC_MOUSE<CR><LF>`bmpanel PC_KEY<CR><LF>`bmpanel PC_MOUSE<CR><LF>`bmpanel PC_KEY<CR><LF>`bmpanel PC_MOUSE<CR><LF>`bmpanel PC_KEY<CR><LF>`bmpanel PC_MOUSE<CR><LF>`bmpanel PC_KEY<CR><LF>`bmpanel PC_MOUSE<CR><LF>`bmpanel PC_KEY<CR><LF>`bmpanel PC_MOUSE<CR><LF>`bmpanel PC_KEY<CR><LF>`bmpanel PC_MOUSE<CR><LF>`bmpanel PC_KEY<CR><LF>`bmpanel PC_MOUSE<CR><LF>`bmpanel PC_KEY<CR><LF>`bmpanel PC_MOUSE<CR><LF>`bmpanel PC_KEY<CR><LF>`bmpanel PC_MOUSE<CR><LF>`bmpanel PC_KEY<CR><LF>`bmpanel PC_MOUSE<CR><LF>`bmpanel PC_KEY<CR><LF>`bmpanel PC_MOUSE<CR><LF>`bmpanel PC_KEY<CR><LF>`bmpanel PC_MOUSE<CR><LF>`bmpanel PC_KEY<CR><LF>`bmpanel PC_MOUSE<CR><LF>`bmpanel PC_KEY<CR><LF>`bmpanel PC_MOUSE<CR><LF>`bmpanel crop 2 0, 304, 456, 76, 12, 34<CR><LF>`bmpanel crop 3 0, 160, 300, 32, 12, 116<CR><LF>`bmpanel crop 1 12, 156, 108, 36<CR><LF>`bmpanel crop 1 128, 156, 108, 36<CR><LF>`bmpanel crop 1 244, 156, 108, 36<CR><LF>`bmpanel crop 4 0, 108, 108, 36, 12, 198<CR><LF>`bmpanel crop 4 0, 144, 108, 36, 128, 198<CR><LF>`bmpanel crop 4 0, 180, 108, 36, 244, 198<CR><LF>`bmpanel crop 4 0, 216, 108, 36, 360, 198<CR><LF>`bmpanel crop 5 20, 0, 20, 32, 404, 116<CR><LF>`bmpanel crop 5 20, 0, 20, 32, 424, 116<CR><LF>`bmpanel crop 5 60, 0, 20, 32, 444, 116<CR><LF>`bmpanel update<CR><LF>`bmpanel PC_KEY<CR><LF>`bmpanel PC_MOUSE<CR><LF>`bmpanel PC_KEY<CR><LF>`bmpanel PC_MOUSE<CR><LF>`bmpanel PC_KEY<CR><LF>`bmpanel PC_MOUSE<CR><LF>`bmpanel PC_KEY<CR><LF>`bmpanel PC_MOUSE<CR><LF>`bmpanel PC_KEY<CR><LF>`bmpanel PC_MOUSE<CR><LF>`bmpanel PC_KEY<CR><LF>`bmpanel PC_MOUSE<CR><LF>`bmpanel PC_KEY<CR><LF>`bmpanel PC_MOUSE<CR><LF>`bmpanel PC_KEY<CR><LF>`bmpanel PC_MOUSE<CR><LF>`bmpanel PC_KEY<CR><LF>`bmpanel PC_MOUSE<CR><LF>`bmpanel PC_KEY<CR><LF>`bmpanel PC_MOUSE<CR><LF>`bmpanel PC_KEY<CR><LF>`bmpanel PC_MOUSE<CR><LF>`bmpanel PC_KEY<CR><LF>`bmpanel PC_MOUSE<CR><LF>`bmpanel PC_KEY<CR><LF>`bmpanel PC_MOUSE<CR><LF>`bmpanel PC_KEY<CR><LF>`bmpanel PC_MOUSE<CR><LF>`bmpanel PC_KEY<CR><LF>`bmpanel PC_MOUSE<CR><LF>`bmpanel PC_KEY<CR><LF>`bmpanel PC_MOUSE<CR><LF>`bmpanel PC_KEY<CR><LF>`bmpanel PC_MOUSE<CR><LF>`bmpanel PC_KEY<CR><LF>`bmpanel PC_MOUSE<CR><LF>`bmpanel PC_KEY<CR><LF>`bmpanel PC_MOUSE<CR><LF>`bmpanel crop 2 0, 304, 456, 76, 12, 34<CR><LF>`bmpanel crop 3 0, 160, 300, 32, 12, 116<CR><LF>`bmpanel crop 1 12, 156, 108, 36<CR><LF>`bmpanel crop 1 128, 156, 108, 36<CR><LF>`bmpanel crop 1 244, 156, 108, 36<CR><LF>`bmpanel crop 4 0, 108, 108, 36, 12, 198<CR><LF>`bmpanel crop 4 0, 144, 108, 36, 128, 198<CR><LF>`bmpanel crop 4 0, 180, 108, 36, 244, 198<CR><LF>`bmpanel crop 4 0, 216, 108, 36, 360, 198<CR><LF>`bmpanel crop 5 20, 0, 20, 32, 404, 116<CR><LF>`bmpanel crop 5 20, 0, 20, 32, 424, 116<CR><LF>`bmpanel crop 5 40, 0, 20, 32, 444, 116<CR><LF>`bmpanel update<CR><LF>`bmpanel PC_KEY<CR><LF>`bmpanel PC_MOUSE<CR><LF>`bmpanel PC_KEY<CR><LF>`bmpanel PC_MOUSE<CR><LF>`bmpanel PC_KEY<CR><LF>`bmpanel PC_MOUSE<CR><LF>`bmpanel PC_KEY<CR><LF>`bmpanel PC_MOUSE<CR><LF>`bmpanel PC_KEY<CR><LF>`bmpanel PC_MOUSE<CR><LF>`bmpanel PC_KEY<CR><LF>`bmpanel PC_MOUSE<CR><LF>`bmpanel PC_KEY<CR><LF>`bmpanel PC_MOUSE<CR><LF>`bmpanel PC_KEY<CR><LF>`bmpanel PC_MOUSE<CR><LF>`bmpanel PC_KEY<CR><LF>`bmpanel PC_MOUSE<CR><LF>`bmpanel PC_KEY<CR><LF>`bmpanel PC_MOUSE<CR><LF>`bmpanel PC_KEY<CR><LF>`bmpanel PC_MOUSE<CR><LF>`bmpanel PC_KEY<CR><LF>`bmpanel PC_MOUSE<CR><LF>`bmpanel PC_KEY<CR><LF>`bmpanel PC_MOUSE<CR><LF>`bmpanel PC_KEY<CR><LF>`bmpanel PC_MOUSE<CR><LF>`bmpanel PC_KEY<CR><LF>`bmpanel PC_MOUSE<CR><LF>`bmpanel PC_KEY<CR><LF>`bmpanel PC_MOUSE<CR><LF>`bmpanel PC_KEY<CR><LF>`bmpanel PC_MOUSE<CR><LF>`bmpanel PC_KEY<CR><LF>`bmpanel PC_MOUSE<CR><LF>`bmpanel PC_KEY<CR><LF>`bmpanel PC_MOUSE<CR><LF>`bmpanel crop 2 0, 304, 456, 76, 12, 34<CR><LF>`bmpanel crop 3 0, 160, 300, 32, 12, 116<CR><LF>`bmpanel crop 1 12, 156, 108, 36<CR><LF>`bmpanel crop 1 128, 156, 108, 36<CR><LF>`bmpanel crop 1 244, 156, 108, 36<CR><LF>`bmpanel crop 4 0, 108, 108, 36, 12, 198<CR><LF>`bmpanel crop 4 0, 144, 108, 36, 128, 198<CR><LF>`bmpanel crop 4 0, 180, 108, 36, 244, 198<CR><LF>`bmpanel crop 4 0, 216, 108, 36, 360, 198<CR><LF>`bmpanel crop 5 20, 0, 20, 32, 404, 116<CR><LF>`bmpanel crop 5 20, 0, 20, 32, 424, 116<CR><LF>`bmpanel crop 5 20, 0, 20, 32, 444, 116<CR><LF>`bmpanel update<CR><LF>`bmpanel PC_KEY<CR><LF>`bmpanel PC_MOUSE<CR><LF>`bmpanel PC_KEY<CR><LF>`bmpanel PC_MOUSE<CR><LF>`bmpanel PC_KEY<CR><LF>`bmpanel PC_MOUSE<CR><LF>`bmpanel PC_KEY<CR><LF>`bmpanel PC_MOUSE<CR><LF>`bmpanel PC_KEY<CR><LF>`bmpanel PC_MOUSE<CR><LF>`bmpanel PC_KEY<CR><LF>`bmpanel PC_MOUSE<CR><LF>`bmpanel PC_KEY<CR><LF>`bmpanel PC_MOUSE<CR><LF>`bmpanel PC_KEY<CR><LF>`bmpanel PC_MOUSE<CR><LF>`bmpanel PC_KEY<CR><LF>`bmpanel PC_MOUSE<CR><LF>`bmpanel PC_KEY<CR><LF>`bmpanel PC_MOUSE<CR><LF>`bmpanel PC_KEY<CR><LF>`bmpanel PC_MOUSE<CR><LF>`bmpanel PC_KEY<CR><LF>`bmpanel PC_MOUSE<CR><LF>`bmpanel PC_KEY<CR><LF>`bmpanel PC_MOUSE<CR><LF>`bmpanel PC_KEY<CR><LF>`bmpanel PC_MOUSE<CR><LF>`bmpanel PC_KEY<CR><LF>`bmpanel PC_MOUSE<CR><LF>`bmpanel PC_KEY<CR><LF>`bmpanel PC_MOUSE<CR><LF>`bmpanel PC_KEY<CR><LF>`bmpanel PC_MOUSE<CR><LF>`bmpanel PC_KEY<CR><LF>`bmpanel PC_MOUSE<CR><LF>`bmpanel crop 2 0, 304, 456, 76, 12, 34<CR><LF>`bmpanel crop 3 0, 160, 300, 32, 12, 116<CR><LF>`bmpanel crop 1 12, 156, 108, 36<CR><LF>`bmpanel crop 1 128, 156, 108, 36<CR><LF>`bmpanel crop 1 244, 156, 108, 36<CR><LF>`bmpanel crop 4 0, 108, 108, 36, 12, 198<CR><LF>`bmpanel crop 4 0, 144, 108, 36, 128, 198<CR><LF>`bmpanel crop 4 0, 180, 108, 36, 244, 198<CR><LF>`bmpanel crop 4 0, 216, 108, 36, 360, 198<CR><LF>`bmpanel crop 5 20, 0, 20, 32, 404, 116<CR><LF>`bmpanel crop 5 20, 0, 20, 32, 424, 116<CR><LF>`bmpanel crop 5 0, 0, 20, 32, 444, 116<CR><LF>`bmpanel update<CR><LF>`bmpanel PC_KEY<CR><LF>`bmpanel PC_MOUSE<CR><LF>`bmpanel PC_KEY<CR><LF>`bmpanel PC_MOUSE<CR><LF>`bmpanel PC_KEY<CR><LF>`bmpanel PC_MOUSE<CR><LF>`bmpanel PC_KEY<CR><LF>`bmpanel PC_MOUSE<CR><LF>`bmpanel PC_KEY<CR><LF>`bmpanel PC_MOUSE<CR><LF>`bmpanel PC_KEY<CR><LF>`bmpanel PC_MOUSE<CR><LF>`bmpanel PC_KEY<CR><LF>`bmpanel PC_MOUSE<CR><LF>`bmpanel PC_KEY<CR><LF>`bmpanel PC_MOUSE<CR><LF>`bmpanel PC_KEY<CR><LF>`bmpanel PC_MOUSE<CR><LF>`bmpanel PC_KEY<CR><LF>`bmpanel PC_MOUSE<CR><LF>`bmpanel PC_KEY<CR><LF>`bmpanel PC_MOUSE<CR><LF>`bmpanel PC_KEY<CR><LF>`bmpanel PC_MOUSE<CR><LF>`bmpanel PC_KEY<CR><LF>`bmpanel PC_MOUSE<CR><LF>`bmpanel PC_KEY<CR><LF>`bmpanel PC_MOUSE<CR><LF>`bmpanel PC_KEY<CR><LF>`bmpanel PC_MOUSE<CR><LF>`bmpanel PC_KEY<CR><LF>`bmpanel PC_MOUSE<CR><LF>`bmpanel PC_KEY<CR><LF>`bmpanel PC_MOUSE<CR><LF>`bmpanel PC_KEY<CR><LF>`bmpanel PC_MOUSE<CR><LF>`bmpanel PC_KEY<CR><LF>`bmpanel PC_MOUSE<CR><LF>`bmpanel crop 2 0, 304, 456, 76, 12, 34<CR><LF>`bmpanel crop 3 0, 160, 300, 32, 12, 116<CR><LF>`bmpanel crop 1 12, 156, 108, 36<CR><LF>`bmpanel crop 1 128, 156, 108, 36<CR><LF>`bmpanel crop 1 244, 156, 108, 36<CR><LF>`bmpanel crop 4 0, 108, 108, 36, 12, 198<CR><LF>`bmpanel crop 4 0, 144, 108, 36, 128, 198<CR><LF>`bmpanel crop 4 0, 180, 108, 36, 244, 198<CR><LF>`bmpanel crop 4 0, 216, 108, 36, 360, 198<CR><LF>`bmpanel crop 5 20, 0, 20, 32, 404, 116<CR><LF>`bmpanel crop 5 0, 0, 20, 32, 424, 116<CR><LF>`bmpanel crop 5 180, 0, 20, 32, 444, 116<CR><LF>`bmpanel update<CR><LF>`bmpanel PC_KEY<CR><LF>`bmpanel PC_MOUSE<CR><LF>`bmpanel PC_KEY<CR><LF>`bmpanel PC_MOUSE<CR><LF>`bmpanel PC_KEY<CR><LF>`bmpanel PC_MOUSE<CR><LF>`bmpanel PC_KEY<CR><LF>`bmpanel PC_MOUSE<CR><LF>`bmpanel PC_KEY<CR><LF>`bmpanel PC_MOUSE<CR><LF>`bmpanel PC_KEY<CR><LF>`bmpanel PC_MOUSE<CR><LF>`bmpanel PC_KEY<CR><LF>`bmpanel PC_MOUSE<CR><LF>`bmpanel PC_KEY<CR><LF>`bmpanel PC_MOUSE<CR><LF>`bmpanel PC_KEY<CR><LF>`bmpanel PC_MOUSE<CR><LF>`bmpanel PC_KEY<CR><LF>`bmpanel PC_MOUSE<CR><LF>`bmpanel PC_KEY<CR><LF>`bmpanel PC_MOUSE<CR><LF>`bmpanel PC_KEY<CR><LF>`bmpanel PC_MOUSE<CR><LF>`bmpanel PC_KEY<CR><LF>`bmpanel PC_MOUSE<CR><LF>`bmpanel PC_KEY<CR><LF>`bmpanel PC_MOUSE<CR><LF>`bmpanel PC_KEY<CR><LF>`bmpanel PC_MOUSE<CR><LF>`bmpanel PC_KEY<CR><LF>`bmpanel PC_MOUSE<CR><LF>`bmpanel PC_KEY<CR><LF>`bmpanel PC_MOUSE<CR><LF>`bmpanel PC_KEY<CR><LF>`bmpanel PC_MOUSE<CR><LF>`bmpanel PC_KEY<CR><LF>`bmpanel PC_MOUSE<CR><LF>`bmpanel crop 2 0, 304, 456, 76, 12, 34<CR><LF>`bmpanel crop 3 0, 160, 300, 32, 12, 116<CR><LF>`bmpanel crop 1 12, 156, 108, 36<CR><LF>`bmpanel crop 1 128, 156, 108, 36<CR><LF>`bmpanel crop 1 244, 156, 108, 36<CR><LF>`bmpanel crop 4 0, 108, 108, 36, 12, 198<CR><LF>`bmpanel crop 4 0, 144, 108, 36, 128, 198<CR><LF>`bmpanel crop 4 0, 180, 108, 36, 244, 198<CR><LF>`bmpanel crop 4 0, 216, 108, 36, 360, 198<CR><LF>`bmpanel crop 5 20, 0, 20, 32, 404, 116<CR><LF>`bmpanel crop 5 0, 0, 20, 32, 424, 116<CR><LF>`bmpanel crop 5 160, 0, 20, 32, 444, 116<CR><LF>`bmpanel update<CR><LF>`bmpanel PC_KEY<CR><LF>`bmpanel PC_MOUSE<CR><LF>`bmpanel PC_KEY<CR><LF>`bmpanel PC_MOUSE<CR><LF>`bmpanel PC_KEY<CR><LF>`bmpanel PC_MOUSE<CR><LF>`bmpanel PC_KEY<CR><LF>`bmpanel PC_MOUSE<CR><LF>`bmpanel PC_KEY<CR><LF>`bmpanel PC_MOUSE<CR><LF>`bmpanel PC_KEY<CR><LF>`bmpanel PC_MOUSE<CR><LF>`bmpanel PC_KEY<CR><LF>`bmpanel PC_MOUSE<CR><LF>`bmpanel PC_KEY<CR><LF>`bmpanel PC_MOUSE<CR><LF>`bmpanel PC_KEY<CR><LF>`bmpanel PC_MOUSE<CR><LF>`bmpanel PC_KEY<CR><LF>`bmpanel PC_MOUSE<CR><LF>`bmpanel PC_KEY<CR><LF>`bmpanel PC_MOUSE<CR><LF>`bmpanel PC_KEY<CR><LF>`bmpanel PC_MOUSE<CR><LF>`bmpanel PC_KEY<CR><LF>`bmpanel PC_MOUSE<CR><LF>`bmpanel PC_KEY<CR><LF>`bmpanel PC_MOUSE<CR><LF>`bmpanel PC_KEY<CR><LF>`bmpanel PC_MOUSE<CR><LF>`bmpanel PC_KEY<CR><LF>`bmpanel PC_MOUSE<CR><LF>`bmpanel PC_KEY<CR><LF>`bmpanel PC_MOUSE<CR><LF>`bmpanel PC_KEY<CR><LF>`bmpanel PC_MOUSE<CR><LF>`bmpanel PC_KEY<CR><LF>`bmpanel PC_MOUSE<CR><LF>`bmpanel crop 2 0, 304, 456, 76, 12, 34<CR><LF>`bmpanel crop 3 0, 160, 300, 32, 12, 116<CR><LF>`bmpanel crop 1 12, 156, 108, 36<CR><LF>`bmpanel crop 1 128, 156, 108, 36<CR><LF>`bmpanel crop 1 244, 156, 108, 36<CR><LF>`bmpanel crop 4 0, 108, 108, 36, 12, 198<CR><LF>`bmpanel crop 4 0, 144, 108, 36, 128, 198<CR><LF>`bmpanel crop 4 0, 180, 108, 36, 244, 198<CR><LF>`bmpanel crop 4 0, 216, 108, 36, 360, 198<CR><LF>`bmpanel crop 5 20, 0, 20, 32, 404, 116<CR><LF>`bmpanel crop 5 0, 0, 20, 32, 424, 116<CR><LF>`bmpanel crop 5 140, 0, 20, 32, 444, 116<CR><LF>`bmpanel update<CR><LF>`bmpanel PC_KEY<CR><LF>`bmpanel PC_MOUSE<CR><LF>`bmpanel PC_KEY<CR><LF>`bmpanel PC_MOUSE<CR><LF>`bmpanel PC_KEY<CR><LF>`bmpanel PC_MOUSE<CR><LF>`bmpanel PC_KEY<CR><LF>`bmpanel PC_MOUSE<CR><LF>`bmpanel PC_KEY<CR><LF>`bmpanel PC_MOUSE<CR><LF>`bmpanel PC_KEY<CR><LF>`bmpanel PC_MOUSE<CR><LF>`bmpanel PC_KEY<CR><LF>`bmpanel PC_MOUSE<CR><LF>`bmpanel PC_KEY<CR><LF>`bmpanel PC_MOUSE<CR><LF>`bmpanel PC_KEY<CR><LF>`bmpanel PC_MOUSE<CR><LF>`bmpanel PC_KEY<CR><LF>`bmpanel PC_MOUSE<CR><LF>`bmpanel PC_KEY<CR><LF>`bmpanel PC_MOUSE<CR><LF>`bmpanel PC_KEY<CR><LF>`bmpanel PC_MOUSE<CR><LF>`bmpanel PC_KEY<CR><LF>`bmpanel PC_MOUSE<CR><LF>`bmpanel PC_KEY<CR><LF>`bmpanel PC_MOUSE<CR><LF>`bmpanel PC_KEY<CR><LF>`bmpanel PC_MOUSE<CR><LF>`bmpanel PC_KEY<CR><LF>`bmpanel PC_MOUSE<CR><LF>`bmpanel PC_KEY<CR><LF>`bmpanel PC_MOUSE<CR><LF>`bmpanel PC_KEY<CR><LF>`bmpanel PC_MOUSE<CR><LF>`bmpanel PC_KEY<CR><LF>`bmpanel PC_MOUSE<CR><LF>`bmpanel crop 2 0, 304, 456, 76, 12, 34<CR><LF>`bmpanel crop 3 0, 160, 300, 32, 12, 116<CR><LF>`bmpanel crop 1 12, 156, 108, 36<CR><LF>`bmpanel crop 1 128, 156, 108, 36<CR><LF>`bmpanel crop 1 244, 156, 108, 36<CR><LF>`bmpanel crop 4 0, 108, 108, 36, 12, 198<CR><LF>`bmpanel crop 4 0, 144, 108, 36, 128, 198<CR><LF>`bmpanel crop 4 0, 180, 108, 36, 244, 198<CR><LF>`bmpanel crop 4 0, 216, 108, 36, 360, 198<CR><LF>`bmpanel crop 5 20, 0, 20, 32, 404, 116<CR><LF>`bmpanel crop 5 0, 0, 20, 32, 424, 116<CR><LF>`bmpanel crop 5 120, 0, 20, 32, 444, 116<CR><LF>`bmpanel update<CR><LF>`bmpanel PC_KEY<CR><LF>`bmpanel PC_MOUSE<CR><LF>`bmpanel PC_KEY<CR><LF>`bmpanel PC_MOUSE<CR><LF>`bmpanel PC_KEY<CR><LF>`bmpanel PC_MOUSE<CR><LF>`bmpanel PC_KEY<CR><LF>`bmpanel PC_MOUSE<CR><LF>`bmpanel PC_KEY<CR><LF>`bmpanel PC_MOUSE<CR><LF>`bmpanel PC_KEY<CR><LF>`bmpanel PC_MOUSE<CR><LF>`bmpanel PC_KEY<CR><LF>`bmpanel PC_MOUSE<CR><LF>`bmpanel PC_KEY<CR><LF>`bmpanel PC_MOUSE<CR><LF>`bmpanel PC_KEY<CR><LF>`bmpanel PC_MOUSE<CR><LF>`bmpanel PC_KEY<CR><LF>`bmpanel PC_MOUSE<CR><LF>`bmpanel PC_KEY<CR><LF>`bmpanel PC_MOUSE<CR><LF>`bmpanel PC_KEY<CR><LF>`bmpanel PC_MOUSE<CR><LF>`bmpanel PC_KEY<CR><LF>`bmpanel PC_MOUSE<CR><LF>`bmpanel PC_KEY<CR><LF>`bmpanel PC_MOUSE<CR><LF>`bmpanel PC_KEY<CR><LF>`bmpanel PC_MOUSE<CR><LF>`bmpanel PC_KEY<CR><LF>`bmpanel PC_MOUSE<CR><LF>`bmpanel PC_KEY<CR><LF>`bmpanel PC_MOUSE<CR><LF>`bmpanel PC_KEY<CR><LF>`bmpanel PC_MOUSE<CR><LF>`bmpanel crop 2 0, 304, 456, 76, 12, 34<CR><LF>`bmpanel crop 3 0, 160, 300, 32, 12, 116<CR><LF>`bmpanel crop 1 12, 156, 108, 36<CR><LF>`bmpanel crop 1 128, 156, 108, 36<CR><LF>`bmpanel crop 1 244, 156, 108, 36<CR><LF>`bmpanel crop 4 0, 108, 108, 36, 12, 198<CR><LF>`bmpanel crop 4 0, 144, 108, 36, 128, 198<CR><LF>`bmpanel crop 4 0, 180, 108, 36, 244, 198<CR><LF>`bmpanel crop 4 0, 216, 108, 36, 360, 198<CR><LF>`bmpanel crop 5 20, 0, 20, 32, 404, 116<CR><LF>`bmpanel crop 5 0, 0, 20, 32, 424, 116<CR><LF>`bmpanel crop 5 100, 0, 20, 32, 444, 116<CR><LF>`bmpanel update<CR><LF>`bmpanel PC_KEY<CR><LF>`bmpanel PC_MOUSE<CR><LF>`bmpanel PC_KEY<CR><LF>`bmpanel PC_MOUSE<CR><LF>`bmpanel PC_KEY<CR><LF>`bmpanel crop 2 0, 304, 456, 76, 12, 34<CR><LF>`bmpanel crop 3 0, 192, 300, 32, 12, 116<CR><LF>`bmpanel crop 1 12, 156, 108, 36<CR><LF>`bmpanel crop 1 128, 156, 108, 36<CR><LF>`bmpanel crop 1 244, 156, 108, 36<CR><LF>`bmpanel crop 1 12, 198, 108, 36<CR><LF>`bmpanel crop 1 128, 198, 108, 36<CR><LF>`bmpanel crop 4 108, 180, 108, 36, 244, 198<CR><LF>`bmpanel crop 1 360, 198, 108, 36<CR><LF>`bmpanel crop 5 200, 0, 20, 32, 404, 116<CR><LF>`bmpanel crop 5 200, 0, 20, 32, 424, 116<CR><LF>`bmpanel crop 5 200, 0, 20, 32, 444, 116<CR><LF>`bmpanel update<CR><LF>Cog0  BM-OPER,seq,10,prompt,FLOOR,event,SHOWN,answer,NONE,input,NONE,wait_ms,0,why,NONE
[2026-09-15T14:27:31.869] Cog0  BM-OPER,seq,11,prompt,FLOOR,event,ANSWER,answer,STRAIGHT,input,KEY,wait_ms,15_120,why,NONE
[2026-09-15T14:27:31.871] Cog0  BM-OPER,seq,12,prompt,FLOOR,event,DONE,answer,STRAIGHT,input,NONE,wait_ms,15_122,why,NONE
[2026-09-15T14:27:31.887] Cog0  BM-STRACE,seq,13,tid,1,seg,FLOOR,life,1,motor,BOTH,cause,FLOOR,l_pwr,25,r_pwr,50,dir,50,req_mode,FLOAT,period_us,2_000,decim,10,pre,50,why,NONE
[2026-09-15T14:27:31.891] Cog0  BM-TS,seq,14,tid,1,k,0,lt,FALSE,pos,0,hw,0,i,8,ph,17,d,2_650,e,115,st,STOPPED,flt,FALSE,up,TRUE,ig,0,o_pos,0,o_hw,0,o_i,1,o_up,TRUE,why,NONE
[2026-09-15T14:27:31.892] Cog0  BM-TS,seq,15,tid,1,k,1,lt,FALSE,pos,0,hw,0,i,13,ph,2_402,d,1_600,e,0,st,SPIN_UP,flt,FALSE,up,TRUE,ig,0,o_pos,0,o_hw,0,o_i,5,o_up,TRUE,why,NONE
[2026-09-15T14:27:31.894] Cog0  BM-TS,seq,16,tid,1,k,2,lt,FALSE,pos,0,hw,0,i,13,ph,2_398,d,1_600,e,0,st,SPIN_UP,flt,FALSE,up,TRUE,ig,0,o_pos,0,o_hw,0,o_i,8,o_up,TRUE,why,NONE
[2026-09-15T14:27:31.896] Cog0  BM-TS,seq,17,tid,1,k,3,lt,FALSE,pos,0,hw,0,i,17,ph,2_411,d,1_600,e,0,st,SPIN_UP,flt,FALSE,up,TRUE,ig,0,o_pos,0,o_hw,0,o_i,6,o_up,TRUE,why,NONE
[2026-09-15T14:27:31.898] Cog0  BM-TS,seq,18,tid,1,k,4,lt,FALSE,pos,0,hw,0,i,14,ph,2_403,d,1_600,e,1,st,SPIN_UP,flt,FALSE,up,TRUE,ig,0,o_pos,0,o_hw,0,o_i,8,o_up,TRUE,why,NONE
[2026-09-15T14:27:31.900] Cog0  BM-TS,seq,19,tid,1,k,5,lt,FALSE,pos,0,hw,0,i,14,ph,2_393,d,1_600,e,2,st,SPIN_UP,flt,FALSE,up,TRUE,ig,0,o_pos,0,o_hw,0,o_i,8,o_up,TRUE,why,NONE
[2026-09-15T14:27:31.901] Cog0  BM-TS,seq,20,tid,1,k,6,lt,FALSE,pos,0,hw,0,i,13,ph,2_384,d,1_600,e,4,st,SPIN_UP,flt,FALSE,up,TRUE,ig,0,o_pos,0,o_hw,0,o_i,9,o_up,TRUE,why,NONE
[2026-09-15T14:27:31.904] Cog0  BM-TS,seq,21,tid,1,k,7,lt,FALSE,pos,0,hw,0,i,13,ph,2_384,d,1_600,e,6,st,SPIN_UP,flt,FALSE,up,TRUE,ig,0,o_pos,0,o_hw,0,o_i,8,o_up,TRUE,why,NONE
[2026-09-15T14:27:31.905] Cog0  BM-TS,seq,22,tid,1,k,8,lt,FALSE,pos,0,hw,0,i,13,ph,2_382,d,1_600,e,9,st,SPIN_UP,flt,FALSE,up,TRUE,ig,0,o_pos,0,o_hw,0,o_i,8,o_up,TRUE,why,NONE
[2026-09-15T14:27:31.907] Cog0  BM-TS,seq,23,tid,1,k,9,lt,FALSE,pos,0,hw,0,i,15,ph,2_398,d,1_600,e,12,st,SPIN_UP,flt,FALSE,up,TRUE,ig,0,o_pos,0,o_hw,0,o_i,9,o_up,TRUE,why,NONE
[2026-09-15T14:27:31.909] Cog0  BM-TS,seq,24,tid,1,k,10,lt,FALSE,pos,0,hw,0,i,12,ph,2_400,d,1_600,e,16,st,SPIN_UP,flt,FALSE,up,TRUE,ig,0,o_pos,0,o_hw,0,o_i,8,o_up,TRUE,why,NONE
[2026-09-15T14:27:31.911] Cog0  BM-TS,seq,25,tid,1,k,11,lt,FALSE,pos,0,hw,0,i,13,ph,2_413,d,1_600,e,22,st,SPIN_UP,flt,FALSE,up,TRUE,ig,0,o_pos,0,o_hw,0,o_i,8,o_up,TRUE,why,NONE
[2026-09-15T14:27:31.913] Cog0  BM-TS,seq,26,tid,1,k,12,lt,FALSE,pos,0,hw,0,i,14,ph,2_417,d,1_600,e,28,st,SPIN_UP,flt,FALSE,up,TRUE,ig,0,o_pos,0,o_hw,0,o_i,9,o_up,TRUE,why,NONE
[2026-09-15T14:27:31.914] Cog0  BM-TS,seq,27,tid,1,k,13,lt,FALSE,pos,0,hw,0,i,16,ph,2_428,d,1_600,e,35,st,SPIN_UP,flt,FALSE,up,TRUE,ig,0,o_pos,0,o_hw,0,o_i,8,o_up,TRUE,why,NONE
[2026-09-15T14:27:31.916] Cog0  BM-TS,seq,28,tid,1,k,14,lt,FALSE,pos,0,hw,0,i,15,ph,2_430,d,1_600,e,43,st,SPIN_UP,flt,FALSE,up,TRUE,ig,0,o_pos,0,o_hw,0,o_i,8,o_up,TRUE,why,NONE
[2026-09-15T14:27:31.918] Cog0  BM-TS,seq,29,tid,1,k,15,lt,FALSE,pos,1,hw,1,i,13,ph,2_432,d,1_600,e,9,st,SPIN_UP,flt,FALSE,up,TRUE,ig,0,o_pos,-1,o_hw,-1,o_i,8,o_up,TRUE,why,NONE
[2026-09-15T14:27:31.920] Cog0  BM-TS,seq,30,tid,1,k,16,lt,FALSE,pos,1,hw,1,i,14,ph,2_408,d,1_600,e,20,st,SPIN_UP,flt,FALSE,up,TRUE,ig,0,o_pos,-1,o_hw,-1,o_i,8,o_up,TRUE,why,NONE
[2026-09-15T14:27:31.922] Cog0  BM-TS,seq,31,tid,1,k,17,lt,FALSE,pos,1,hw,1,i,14,ph,2_401,d,1_600,e,31,st,SPIN_UP,flt,FALSE,up,TRUE,ig,0,o_pos,-1,o_hw,-1,o_i,7,o_up,TRUE,why,NONE
[2026-09-15T14:27:31.924] Cog0  BM-TS,seq,32,tid,1,k,18,lt,FALSE,pos,1,hw,1,i,12,ph,2_384,d,1_600,e,44,st,SPIN_UP,flt,FALSE,up,TRUE,ig,0,o_pos,-1,o_hw,-1,o_i,5,o_up,TRUE,why,NONE
[2026-09-15T14:27:31.926] Cog0  BM-TS,seq,33,tid,1,k,19,lt,FALSE,pos,1,hw,1,i,12,ph,2_389,d,1_719,e,59,st,SPIN_UP,flt,FALSE,up,TRUE,ig,0,o_pos,-1,o_hw,-1,o_i,7,o_up,TRUE,why,NONE
[2026-09-15T14:27:31.928] Cog0  BM-TS,seq,34,tid,1,k,20,lt,FALSE,pos,2,hw,2,i,9,ph,2_428,d,1_600,e,32,st,SPIN_UP,flt,FALSE,up,TRUE,ig,0,o_pos,-2,o_hw,-2,o_i,7,o_up,TRUE,why,NONE
[2026-09-15T14:27:31.929] Cog0  BM-TS,seq,35,tid,1,k,21,lt,FALSE,pos,2,hw,2,i,11,ph,2_452,d,1_600,e,49,st,SPIN_UP,flt,FALSE,up,TRUE,ig,0,o_pos,-2,o_hw,-2,o_i,3,o_up,TRUE,why,NONE
[2026-09-15T14:27:31.931] Cog0  BM-TS,seq,36,tid,1,k,22,lt,FALSE,pos,3,hw,3,i,13,ph,2_410,d,2_034,e,26,st,SPIN_UP,flt,FALSE,up,TRUE,ig,0,o_pos,-2,o_hw,-2,o_i,11,o_up,TRUE,why,NONE
[2026-09-15T14:27:31.933] Cog0  BM-TS,seq,37,tid,1,k,23,lt,FALSE,pos,3,hw,3,i,10,ph,2_371,d,1_600,e,47,st,SPIN_UP,flt,FALSE,up,TRUE,ig,0,o_pos,-3,o_hw,-3,o_i,7,o_up,TRUE,why,NONE
[2026-09-15T14:27:31.935] Cog0  BM-TS,seq,38,tid,1,k,24,lt,FALSE,pos,3,hw,3,i,12,ph,2_414,d,2_094,e,70,st,SPIN_UP,flt,FALSE,up,TRUE,ig,0,o_pos,-3,o_hw,-3,o_i,15,o_up,TRUE,why,NONE
[2026-09-15T14:27:31.937] Cog0  BM-TS,seq,39,tid,1,k,25,lt,FALSE,pos,4,hw,4,i,15,ph,2_469,d,2_733,e,51,st,SPIN_UP,flt,FALSE,up,TRUE,ig,0,o_pos,-4,o_hw,-4,o_i,9,o_up,TRUE,why,NONE
[2026-09-15T14:27:31.939] Cog0  BM-TS,seq,40,tid,1,k,26,lt,FALSE,pos,5,hw,5,i,20,ph,2_370,d,3_315,e,36,st,SPIN_UP,flt,FALSE,up,TRUE,ig,0,o_pos,-5,o_hw,-5,o_i,14,o_up,TRUE,why,NONE
[2026-09-15T14:27:31.941] Cog0  BM-TS,seq,41,tid,1,k,27,lt,FALSE,pos,5,hw,5,i,25,ph,2_370,d,3_323,e,64,st,SPIN_UP,flt,FALSE,up,TRUE,ig,0,o_pos,-5,o_hw,-5,o_i,12,o_up,TRUE,why,NONE
[2026-09-15T14:27:31.943] Cog0  BM-TS,seq,42,tid,1,k,28,lt,FALSE,pos,6,hw,6,i,21,ph,2_500,d,2_822,e,52,st,SPIN_UP,flt,FALSE,up,TRUE,ig,0,o_pos,-6,o_hw,-6,o_i,12,o_up,TRUE,why,NONE
[2026-09-15T14:27:31.944] Cog0  BM-TS,seq,43,tid,1,k,29,lt,FALSE,pos,7,hw,7,i,14,ph,2_366,d,2_529,e,41,st,SPIN_UP,flt,FALSE,up,TRUE,ig,0,o_pos,-7,o_hw,-7,o_i,12,o_up,TRUE,why,NONE
[2026-09-15T14:27:31.946] Cog0  BM-TS,seq,44,tid,1,k,30,lt,FALSE,pos,8,hw,8,i,16,ph,2_425,d,3_001,e,34,st,SPIN_UP,flt,FALSE,up,TRUE,ig,0,o_pos,-8,o_hw,-8,o_i,24,o_up,TRUE,why,NONE
[2026-09-15T14:27:31.948] Cog0  BM-TS,seq,45,tid,1,k,31,lt,FALSE,pos,8,hw,8,i,15,ph,2_394,d,3_180,e,71,st,SPIN_UP,flt,FALSE,up,TRUE,ig,0,o_pos,-9,o_hw,-9,o_i,27,o_up,TRUE,why,NONE
[2026-09-15T14:27:31.950] Cog0  BM-TS,seq,46,tid,1,k,32,lt,FALSE,pos,9,hw,9,i,16,ph,2_386,d,3_690,e,68,st,SPIN_UP,flt,FALSE,up,TRUE,ig,0,o_pos,-9,o_hw,-9,o_i,25,o_up,TRUE,why,NONE
[2026-09-15T14:27:31.952] Cog0  BM-TS,seq,47,tid,1,k,33,lt,FALSE,pos,10,hw,10,i,24,ph,2_431,d,4_158,e,67,st,SPIN_UP,flt,FALSE,up,TRUE,ig,0,o_pos,-10,o_hw,-10,o_i,30,o_up,TRUE,why,NONE
[2026-09-15T14:27:31.954] Cog0  BM-TS,seq,48,tid,1,k,34,lt,FALSE,pos,12,hw,12,i,36,ph,2_398,d,4_357,e,27,st,SPIN_UP,flt,FALSE,up,TRUE,ig,0,o_pos,-11,o_hw,-11,o_i,33,o_up,TRUE,why,NONE
[2026-09-15T14:27:31.956] Cog0  BM-TS,seq,49,tid,1,k,35,lt,FALSE,pos,13,hw,13,i,33,ph,2_394,d,4_147,e,32,st,SPIN_UP,flt,FALSE,up,TRUE,ig,0,o_pos,-13,o_hw,-13,o_i,36,o_up,TRUE,why,NONE
[2026-09-15T14:27:31.958] Cog0  BM-TS,seq,50,tid,1,k,36,lt,FALSE,pos,14,hw,14,i,28,ph,2_463,d,4_069,e,39,st,SPIN_UP,flt,FALSE,up,TRUE,ig,0,o_pos,-14,o_hw,-14,o_i,42,o_up,TRUE,why,NONE
[2026-09-15T14:27:31.960] Cog0  BM-TS,seq,51,tid,1,k,37,lt,FALSE,pos,15,hw,15,i,24,ph,2_307,d,4_216,e,48,st,SPIN_UP,flt,FALSE,up,TRUE,ig,0,o_pos,-15,o_hw,-15,o_i,42,o_up,TRUE,why,NONE
[2026-09-15T14:27:31.962] Cog0  BM-TS,seq,52,tid,1,k,38,lt,FALSE,pos,16,hw,16,i,27,ph,2_483,d,4_624,e,62,st,SPIN_UP,flt,FALSE,up,TRUE,ig,0,o_pos,-16,o_hw,-16,o_i,43,o_up,TRUE,why,NONE
[2026-09-15T14:27:31.964] Cog0  BM-TS,seq,53,tid,1,k,39,lt,FALSE,pos,18,hw,18,i,30,ph,2_456,d,5_201,e,35,st,SPIN_UP,flt,FALSE,up,TRUE,ig,0,o_pos,-18,o_hw,-18,o_i,54,o_up,TRUE,why,NONE
[2026-09-15T14:27:31.965] Cog0  BM-TS,seq,54,tid,1,k,40,lt,FALSE,pos,19,hw,19,i,39,ph,2_279,d,5_276,e,53,st,SPIN_UP,flt,FALSE,up,TRUE,ig,0,o_pos,-19,o_hw,-19,o_i,49,o_up,TRUE,why,NONE
[2026-09-15T14:27:31.968] Cog0  BM-TS,seq,55,tid,1,k,41,lt,FALSE,pos,21,hw,21,i,42,ph,2_378,d,5_586,e,32,st,SPIN_UP,flt,FALSE,up,TRUE,ig,0,o_pos,-21,o_hw,-21,o_i,64,o_up,TRUE,why,NONE
[2026-09-15T14:27:31.969] Cog0  BM-TS,seq,56,tid,1,k,42,lt,FALSE,pos,22,hw,22,i,40,ph,2_505,d,5_562,e,58,st,SPIN_UP,flt,FALSE,up,TRUE,ig,0,o_pos,-22,o_hw,-22,o_i,64,o_up,TRUE,why,NONE
[2026-09-15T14:27:31.971] Cog0  BM-TS,seq,57,tid,1,k,43,lt,FALSE,pos,24,hw,24,i,37,ph,2_508,d,5_836,e,43,st,SPIN_UP,flt,FALSE,up,TRUE,ig,0,o_pos,-24,o_hw,-24,o_i,71,o_up,TRUE,why,NONE
[2026-09-15T14:27:31.973] Cog0  BM-TS,seq,58,tid,1,k,44,lt,FALSE,pos,25,hw,25,i,44,ph,2_419,d,6_283,e,73,st,SPIN_UP,flt,FALSE,up,TRUE,ig,0,o_pos,-25,o_hw,-25,o_i,85,o_up,TRUE,why,NONE
[2026-09-15T14:27:31.975] Cog0  BM-TS,seq,59,tid,1,k,45,lt,FALSE,pos,27,hw,27,i,50,ph,2_320,d,6_540,e,67,st,SPIN_UP,flt,FALSE,up,TRUE,ig,0,o_pos,-27,o_hw,-27,o_i,97,o_up,TRUE,why,NONE
[2026-09-15T14:27:31.977] Cog0  BM-TS,seq,60,tid,1,k,46,lt,FALSE,pos,29,hw,29,i,57,ph,2_283,d,6_818,e,60,st,AT_SPEED,flt,FALSE,up,TRUE,ig,0,o_pos,-29,o_hw,-29,o_i,96,o_up,TRUE,why,NONE
[2026-09-15T14:27:31.979] Cog0  BM-TS,seq,61,tid,1,k,47,lt,FALSE,pos,31,hw,31,i,63,ph,2_260,d,6_851,e,56,st,AT_SPEED,flt,FALSE,up,TRUE,ig,0,o_pos,-31,o_hw,-31,o_i,103,o_up,TRUE,why,NONE
[2026-09-15T14:27:31.981] Cog0  BM-TS,seq,62,tid,1,k,48,lt,FALSE,pos,33,hw,33,i,60,ph,2_209,d,6_912,e,52,st,AT_SPEED,flt,FALSE,up,TRUE,ig,0,o_pos,-33,o_hw,-33,o_i,117,o_up,TRUE,why,NONE
[2026-09-15T14:27:31.983] Cog0  BM-TS,seq,63,tid,1,k,49,lt,FALSE,pos,35,hw,35,i,71,ph,2_232,d,7_027,e,51,st,AT_SPEED,flt,FALSE,up,TRUE,ig,0,o_pos,-35,o_hw,-35,o_i,139,o_up,TRUE,why,NONE
[2026-09-15T14:27:31.985] Cog0  BM-TS,seq,64,tid,1,k,50,lt,FALSE,pos,37,hw,37,i,71,ph,2_253,d,7_088,e,47,st,AT_SPEED,flt,FALSE,up,TRUE,ig,0,o_pos,-38,o_hw,-38,o_i,137,o_up,TRUE,why,NONE
[2026-09-15T14:27:31.987] Cog0  BM-TS,seq,65,tid,1,k,51,lt,FALSE,pos,39,hw,39,i,72,ph,2_260,d,7_114,e,43,st,AT_SPEED,flt,FALSE,up,TRUE,ig,0,o_pos,-40,o_hw,-40,o_i,139,o_up,TRUE,why,NONE
[2026-09-15T14:27:31.989] Cog0  BM-TS,seq,66,tid,1,k,52,lt,FALSE,pos,41,hw,41,i,77,ph,2_296,d,7_143,e,40,st,AT_SPEED,flt,FALSE,up,TRUE,ig,0,o_pos,-42,o_hw,-42,o_i,160,o_up,TRUE,why,NONE
[2026-09-15T14:27:31.991] Cog0  BM-TS,seq,67,tid,1,k,53,lt,FALSE,pos,43,hw,43,i,85,ph,2_320,d,7_181,e,38,st,AT_SPEED,flt,FALSE,up,TRUE,ig,0,o_pos,-45,o_hw,-45,o_i,176,o_up,TRUE,why,NONE
[2026-09-15T14:27:31.993] Cog0  BM-TS,seq,68,tid,1,k,54,lt,FALSE,pos,45,hw,45,i,82,ph,2_344,d,7_177,e,34,st,AT_SPEED,flt,FALSE,up,TRUE,ig,0,o_pos,-47,o_hw,-47,o_i,181,o_up,TRUE,why,NONE
[2026-09-15T14:27:31.995] Cog0  BM-TS,seq,69,tid,1,k,55,lt,FALSE,pos,47,hw,47,i,82,ph,2_369,d,7_228,e,31,st,AT_SPEED,flt,FALSE,up,TRUE,ig,0,o_pos,-50,o_hw,-50,o_i,169,o_up,TRUE,why,NONE
[2026-09-15T14:27:31.997] Cog0  BM-TS,seq,70,tid,1,k,56,lt,FALSE,pos,49,hw,49,i,89,ph,2_408,d,7_315,e,27,st,AT_SPEED,flt,FALSE,up,TRUE,ig,0,o_pos,-53,o_hw,-53,o_i,193,o_up,TRUE,why,NONE
[2026-09-15T14:27:31.998] Cog0  BM-TS,seq,71,tid,1,k,57,lt,FALSE,pos,50,hw,50,i,89,ph,2_437,d,7_310,e,68,st,AT_SPEED,flt,FALSE,up,TRUE,ig,0,o_pos,-56,o_hw,-56,o_i,211,o_up,TRUE,why,NONE
[2026-09-15T14:27:32.001] Cog0  BM-TS,seq,72,tid,1,k,58,lt,FALSE,pos,52,hw,52,i,86,ph,2_475,d,7_230,e,65,st,AT_SPEED,flt,FALSE,up,TRUE,ig,0,o_pos,-59,o_hw,-59,o_i,216,o_up,TRUE,why,NONE
[2026-09-15T14:27:32.002] Cog0  BM-TS,seq,73,tid,1,k,59,lt,FALSE,pos,54,hw,54,i,81,ph,2_515,d,7_154,e,61,st,AT_SPEED,flt,FALSE,up,TRUE,ig,0,o_pos,-62,o_hw,-62,o_i,231,o_up,TRUE,why,NONE
[2026-09-15T14:27:32.004] Cog0  BM-TS,seq,74,tid,1,k,60,lt,FALSE,pos,56,hw,56,i,77,ph,2_536,d,7_158,e,57,st,AT_SPEED,flt,FALSE,up,TRUE,ig,0,o_pos,-65,o_hw,-65,o_i,249,o_up,TRUE,why,NONE
[2026-09-15T14:27:32.007] Cog0  BM-TS,seq,75,tid,1,k,61,lt,FALSE,pos,58,hw,58,i,77,ph,2_534,d,7_167,e,56,st,AT_SPEED,flt,FALSE,up,TRUE,ig,0,o_pos,-68,o_hw,-68,o_i,256,o_up,TRUE,why,NONE
[2026-09-15T14:27:32.008] Cog0  BM-TS,seq,76,tid,1,k,62,lt,FALSE,pos,60,hw,60,i,76,ph,2_581,d,7_142,e,52,st,AT_SPEED,flt,FALSE,up,TRUE,ig,0,o_pos,-72,o_hw,-72,o_i,274,o_up,TRUE,why,NONE
[2026-09-15T14:27:32.010] Cog0  BM-TS,seq,77,tid,1,k,63,lt,FALSE,pos,62,hw,62,i,79,ph,2_547,d,7_197,e,48,st,AT_SPEED,flt,FALSE,up,TRUE,ig,0,o_pos,-75,o_hw,-75,o_i,278,o_up,TRUE,why,NONE
[2026-09-15T14:27:32.012] Cog0  BM-TS,seq,78,tid,1,k,64,lt,FALSE,pos,64,hw,64,i,84,ph,2_515,d,7_223,e,47,st,AT_SPEED,flt,FALSE,up,TRUE,ig,0,o_pos,-79,o_hw,-79,o_i,316,o_up,TRUE,why,NONE
[2026-09-15T14:27:32.014] Cog0  BM-TS,seq,79,tid,1,k,65,lt,FALSE,pos,66,hw,66,i,76,ph,2_504,d,7_185,e,43,st,AT_SPEED,flt,FALSE,up,TRUE,ig,0,o_pos,-83,o_hw,-83,o_i,330,o_up,TRUE,why,NONE
[2026-09-15T14:27:32.016] Cog0  BM-TS,seq,80,tid,1,k,66,lt,FALSE,pos,68,hw,68,i,82,ph,2_480,d,7_220,e,39,st,AT_SPEED,flt,FALSE,up,TRUE,ig,0,o_pos,-86,o_hw,-86,o_i,424,o_up,TRUE,why,NONE
[2026-09-15T14:27:32.018] Cog0  BM-TS,seq,81,tid,1,k,67,lt,FALSE,pos,70,hw,70,i,84,ph,2_436,d,7_264,e,36,st,AT_SPEED,flt,FALSE,up,TRUE,ig,0,o_pos,-90,o_hw,-90,o_i,399,o_up,TRUE,why,NONE
[2026-09-15T14:27:32.020] Cog0  BM-TS,seq,82,tid,1,k,68,lt,FALSE,pos,72,hw,72,i,89,ph,2_401,d,7_304,e,34,st,AT_SPEED,flt,FALSE,up,TRUE,ig,0,o_pos,-94,o_hw,-94,o_i,439,o_up,TRUE,why,NONE
[2026-09-15T14:27:32.022] Cog0  BM-TS,seq,83,tid,1,k,69,lt,FALSE,pos,74,hw,74,i,85,ph,2_380,d,7_355,e,30,st,AT_SPEED,flt,FALSE,up,TRUE,ig,0,o_pos,-98,o_hw,-98,o_i,480,o_up,TRUE,why,NONE
[2026-09-15T14:27:32.024] Cog0  BM-TS,seq,84,tid,1,k,70,lt,FALSE,pos,75,hw,75,i,85,ph,2_344,d,7_359,e,69,st,AT_SPEED,flt,FALSE,up,TRUE,ig,0,o_pos,-102,o_hw,-102,o_i,525,o_up,TRUE,why,NONE
[2026-09-15T14:27:32.026] Cog0  BM-TS,seq,85,tid,1,k,71,lt,FALSE,pos,77,hw,77,i,91,ph,2_285,d,7_419,e,66,st,AT_SPEED,flt,FALSE,up,TRUE,ig,0,o_pos,-106,o_hw,-106,o_i,594,o_up,TRUE,why,NONE
[2026-09-15T14:27:32.028] Cog0  BM-TS,seq,86,tid,1,k,72,lt,FALSE,pos,79,hw,79,i,91,ph,2_280,d,7_393,e,64,st,AT_SPEED,flt,FALSE,up,TRUE,ig,0,o_pos,-110,o_hw,-110,o_i,652,o_up,TRUE,why,NONE
[2026-09-15T14:27:32.030] Cog0  BM-TS,seq,87,tid,1,k,73,lt,FALSE,pos,81,hw,81,i,85,ph,2_245,d,7_293,e,61,st,AT_SPEED,flt,FALSE,up,TRUE,ig,0,o_pos,-114,o_hw,-114,o_i,648,o_up,TRUE,why,NONE
[2026-09-15T14:27:32.032] Cog0  BM-TS,seq,88,tid,1,k,74,lt,FALSE,pos,83,hw,83,i,83,ph,2_207,d,7_328,e,57,st,AT_SPEED,flt,FALSE,up,TRUE,ig,0,o_pos,-118,o_hw,-118,o_i,701,o_up,TRUE,why,NONE
[2026-09-15T14:27:32.034] Cog0  BM-TS,seq,89,tid,1,k,75,lt,FALSE,pos,85,hw,85,i,81,ph,2_169,d,7_339,e,53,st,AT_SPEED,flt,FALSE,up,TRUE,ig,0,o_pos,-122,o_hw,-122,o_i,781,o_up,TRUE,why,NONE
[2026-09-15T14:27:32.036] Cog0  BM-TS,seq,90,tid,1,k,76,lt,FALSE,pos,87,hw,87,i,81,ph,2_162,d,7_344,e,52,st,AT_SPEED,flt,FALSE,up,TRUE,ig,0,o_pos,-125,o_hw,-125,o_i,779,o_up,TRUE,why,NONE
[2026-09-15T14:27:32.038] Cog0  BM-TS,seq,91,tid,1,k,77,lt,FALSE,pos,89,hw,89,i,81,ph,2_190,d,7_348,e,48,st,AT_SPEED,flt,FALSE,up,TRUE,ig,0,o_pos,-129,o_hw,-129,o_i,766,o_up,TRUE,why,NONE
[2026-09-15T14:27:32.040] Cog0  BM-TS,seq,92,tid,1,k,78,lt,FALSE,pos,91,hw,91,i,83,ph,2_221,d,7_344,e,44,st,AT_SPEED,flt,FALSE,up,TRUE,ig,0,o_pos,-133,o_hw,-133,o_i,799,o_up,TRUE,why,NONE
[2026-09-15T14:27:32.042] Cog0  BM-TS,seq,93,tid,1,k,79,lt,FALSE,pos,93,hw,93,i,83,ph,2_241,d,7_335,e,41,st,AT_SPEED,flt,FALSE,up,TRUE,ig,0,o_pos,-137,o_hw,-137,o_i,828,o_up,TRUE,why,NONE
[2026-09-15T14:27:32.044] Cog0  BM-TS,seq,94,tid,1,k,80,lt,FALSE,pos,95,hw,95,i,85,ph,2_248,d,7_365,e,39,st,AT_SPEED,flt,FALSE,up,TRUE,ig,0,o_pos,-141,o_hw,-141,o_i,787,o_up,TRUE,why,NONE
[2026-09-15T14:27:32.046] Cog0  BM-TS,seq,95,tid,1,k,81,lt,FALSE,pos,97,hw,97,i,85,ph,2_284,d,7_437,e,35,st,AT_SPEED,flt,FALSE,up,TRUE,ig,0,o_pos,-145,o_hw,-145,o_i,783,o_up,TRUE,why,NONE
[2026-09-15T14:27:32.048] Cog0  BM-TS,seq,96,tid,1,k,82,lt,FALSE,pos,99,hw,99,i,88,ph,2_319,d,7_485,e,32,st,AT_SPEED,flt,FALSE,up,TRUE,ig,0,o_pos,-149,o_hw,-149,o_i,819,o_up,TRUE,why,NONE
[2026-09-15T14:27:32.050] Cog0  BM-TS,seq,97,tid,1,k,83,lt,FALSE,pos,101,hw,101,i,93,ph,2_341,d,7_495,e,30,st,AT_SPEED,flt,FALSE,up,TRUE,ig,0,o_pos,-153,o_hw,-153,o_i,846,o_up,TRUE,why,NONE
[2026-09-15T14:27:32.052] Cog0  BM-TS,seq,98,tid,1,k,84,lt,FALSE,pos,103,hw,102,i,94,ph,2_389,d,7_469,e,69,st,AT_SPEED,flt,FALSE,up,TRUE,ig,0,o_pos,-157,o_hw,-157,o_i,813,o_up,TRUE,why,NONE
[2026-09-15T14:27:32.054] Cog0  BM-TS,seq,99,tid,1,k,85,lt,FALSE,pos,104,hw,104,i,92,ph,2_417,d,7_431,e,65,st,AT_SPEED,flt,FALSE,up,TRUE,ig,0,o_pos,-161,o_hw,-161,o_i,831,o_up,TRUE,why,NONE
[2026-09-15T14:27:32.056] Cog0  BM-TS,seq,100,tid,1,k,86,lt,FALSE,pos,106,hw,106,i,85,ph,2_443,d,7_395,e,62,st,AT_SPEED,flt,FALSE,up,TRUE,ig,0,o_pos,-165,o_hw,-165,o_i,854,o_up,TRUE,why,NONE
[2026-09-15T14:27:32.058] Cog0  BM-TS,seq,101,tid,1,k,87,lt,FALSE,pos,108,hw,108,i,83,ph,2_493,d,7_338,e,60,st,AT_SPEED,flt,FALSE,up,TRUE,ig,0,o_pos,-168,o_hw,-168,o_i,901,o_up,TRUE,why,NONE
[2026-09-15T14:27:32.060] Cog0  BM-TS,seq,102,tid,1,k,88,lt,FALSE,pos,110,hw,110,i,76,ph,2_498,d,7_307,e,57,st,AT_SPEED,flt,FALSE,up,TRUE,ig,0,o_pos,-172,o_hw,-172,o_i,836,o_up,TRUE,why,NONE
[2026-09-15T14:27:32.062] Cog0  BM-TS,seq,103,tid,1,k,89,lt,FALSE,pos,112,hw,112,i,73,ph,2_515,d,7_293,e,53,st,AT_SPEED,flt,FALSE,up,TRUE,ig,0,o_pos,-176,o_hw,-176,o_i,849,o_up,TRUE,why,NONE
[2026-09-15T14:27:32.064] Cog0  BM-TS,seq,104,tid,1,k,90,lt,FALSE,pos,114,hw,114,i,75,ph,2_521,d,7_259,e,49,st,AT_SPEED,flt,FALSE,up,TRUE,ig,0,o_pos,-180,o_hw,-180,o_i,855,o_up,TRUE,why,NONE
[2026-09-15T14:27:32.066] Cog0  BM-TS,seq,105,tid,1,k,91,lt,FALSE,pos,116,hw,116,i,76,ph,2_507,d,7_243,e,48,st,AT_SPEED,flt,FALSE,up,TRUE,ig,0,o_pos,-184,o_hw,-184,o_i,858,o_up,TRUE,why,NONE
[2026-09-15T14:27:32.068] Cog0  BM-TS,seq,106,tid,1,k,92,lt,FALSE,pos,118,hw,118,i,81,ph,2_479,d,7_302,e,44,st,AT_SPEED,flt,FALSE,up,TRUE,ig,0,o_pos,-188,o_hw,-188,o_i,828,o_up,TRUE,why,NONE
[2026-09-15T14:27:32.070] Cog0  BM-TS,seq,107,tid,1,k,93,lt,FALSE,pos,120,hw,120,i,78,ph,2_453,d,7_322,e,40,st,AT_SPEED,flt,FALSE,up,TRUE,ig,0,o_pos,-192,o_hw,-192,o_i,844,o_up,TRUE,why,NONE
[2026-09-15T14:27:32.073] Cog0  BM-TS,seq,108,tid,1,k,94,lt,FALSE,pos,122,hw,122,i,78,ph,2_419,d,7_280,e,37,st,AT_SPEED,flt,FALSE,up,TRUE,ig,0,o_pos,-196,o_hw,-196,o_i,896,o_up,TRUE,why,NONE
[2026-09-15T14:27:32.074] Cog0  BM-TS,seq,109,tid,1,k,95,lt,FALSE,pos,124,hw,124,i,76,ph,2_391,d,7_221,e,35,st,AT_SPEED,flt,FALSE,up,TRUE,ig,0,o_pos,-200,o_hw,-200,o_i,905,o_up,TRUE,why,NONE
[2026-09-15T14:27:32.076] Cog0  BM-TS,seq,110,tid,1,k,96,lt,FALSE,pos,126,hw,126,i,75,ph,2_370,d,7_303,e,31,st,AT_SPEED,flt,FALSE,up,TRUE,ig,0,o_pos,-204,o_hw,-204,o_i,889,o_up,TRUE,why,NONE
[2026-09-15T14:27:32.078] Cog0  BM-TS,seq,111,tid,1,k,97,lt,FALSE,pos,127,hw,127,i,81,ph,2_333,d,7_382,e,70,st,AT_SPEED,flt,FALSE,up,TRUE,ig,0,o_pos,-207,o_hw,-207,o_i,914,o_up,TRUE,why,NONE
[2026-09-15T14:27:32.080] Cog0  BM-TS,seq,112,tid,1,k,98,lt,FALSE,pos,129,hw,129,i,82,ph,2_271,d,7_353,e,67,st,AT_SPEED,flt,FALSE,up,TRUE,ig,0,o_pos,-211,o_hw,-211,o_i,961,o_up,TRUE,why,NONE
[2026-09-15T14:27:32.082] Cog0  BM-TS,seq,113,tid,1,k,99,lt,FALSE,pos,131,hw,131,i,84,ph,2_259,d,7_313,e,65,st,AT_SPEED,flt,FALSE,up,TRUE,ig,0,o_pos,-215,o_hw,-215,o_i,927,o_up,TRUE,why,NONE
[2026-09-15T14:27:32.085] Cog0  BM-TS,seq,114,tid,1,k,100,lt,FALSE,pos,133,hw,133,i,76,ph,2_239,d,7_279,e,61,st,AT_SPEED,flt,FALSE,up,TRUE,ig,0,o_pos,-219,o_hw,-219,o_i,917,o_up,TRUE,why,NONE
[2026-09-15T14:27:32.086] Cog0  BM-TS,seq,115,tid,1,k,101,lt,FALSE,pos,135,hw,135,i,67,ph,2_181,d,7_210,e,58,st,SPIN_DN,flt,FALSE,up,TRUE,ig,0,o_pos,-223,o_hw,-223,o_i,936,o_up,TRUE,why,NONE
[2026-09-15T14:27:32.089] Cog0  BM-TS,seq,116,tid,1,k,102,lt,FALSE,pos,137,hw,137,i,81,ph,2_155,d,7_160,e,52,st,SPIN_DN,flt,FALSE,up,TRUE,ig,0,o_pos,-227,o_hw,-227,o_i,1_001,o_up,TRUE,why,NONE
[2026-09-15T14:27:32.091] Cog0  BM-TS,seq,117,tid,1,k,103,lt,FALSE,pos,139,hw,139,i,92,ph,2_239,d,6_968,e,40,st,SPIN_DN,flt,FALSE,up,TRUE,ig,0,o_pos,-231,o_hw,-231,o_i,1_000,o_up,TRUE,why,NONE
[2026-09-15T14:27:32.093] Cog0  BM-TS,seq,118,tid,1,k,104,lt,FALSE,pos,141,hw,141,i,102,ph,2_353,d,6_823,e,24,st,SPIN_DN,flt,FALSE,up,TRUE,ig,0,o_pos,-234,o_hw,-234,o_i,1_043,o_up,TRUE,why,NONE
[2026-09-15T14:27:32.095] Cog0  BM-TS,seq,119,tid,1,k,105,lt,FALSE,pos,142,hw,142,i,93,ph,2_456,d,6_434,e,47,st,SPIN_DN,flt,FALSE,up,TRUE,ig,0,o_pos,-238,o_hw,-238,o_i,1_042,o_up,TRUE,why,NONE
[2026-09-15T14:27:32.097] Cog0  BM-TS,seq,120,tid,1,k,106,lt,FALSE,pos,144,hw,144,i,93,ph,2_281,d,6_155,e,23,st,SPIN_DN,flt,FALSE,up,TRUE,ig,0,o_pos,-241,o_hw,-241,o_i,1_132,o_up,TRUE,why,NONE
[2026-09-15T14:27:32.099] Cog0  BM-TS,seq,121,tid,1,k,107,lt,FALSE,pos,145,hw,145,i,78,ph,2_261,d,5_671,e,37,st,SPIN_DN,flt,FALSE,up,TRUE,ig,0,o_pos,-245,o_hw,-245,o_i,1_093,o_up,TRUE,why,NONE
[2026-09-15T14:27:32.101] Cog0  BM-TS,seq,122,tid,1,k,108,lt,FALSE,pos,146,hw,146,i,61,ph,2_439,d,5_264,e,46,st,SPIN_DN,flt,FALSE,up,TRUE,ig,0,o_pos,-248,o_hw,-248,o_i,1_064,o_up,TRUE,why,NONE
[2026-09-15T14:27:32.103] Cog0  BM-TS,seq,123,tid,1,k,109,lt,FALSE,pos,147,hw,147,i,53,ph,2_198,d,4_886,e,51,st,SPIN_DN,flt,FALSE,up,TRUE,ig,0,o_pos,-251,o_hw,-251,o_i,1_054,o_up,TRUE,why,NONE
[2026-09-15T14:27:32.105] Cog0  BM-TS,seq,124,tid,1,k,110,lt,FALSE,pos,148,hw,148,i,46,ph,2_438,d,4_486,e,53,st,SPIN_DN,flt,FALSE,up,TRUE,ig,0,o_pos,-254,o_hw,-254,o_i,1_060,o_up,TRUE,why,NONE
[2026-09-15T14:27:32.107] Cog0  BM-TS,seq,125,tid,1,k,111,lt,FALSE,pos,149,hw,149,i,34,ph,2_240,d,3_943,e,49,st,SPIN_DN,flt,FALSE,up,TRUE,ig,0,o_pos,-257,o_hw,-257,o_i,1_023,o_up,TRUE,why,NONE
[2026-09-15T14:27:32.109] Cog0  BM-TS,seq,126,tid,1,k,112,lt,FALSE,pos,150,hw,150,i,17,ph,2_391,d,3_344,e,41,st,SPIN_DN,flt,FALSE,up,TRUE,ig,0,o_pos,-260,o_hw,-260,o_i,1_044,o_up,TRUE,why,NONE
[2026-09-15T14:27:32.111] Cog0  BM-TS,seq,127,tid,1,k,113,lt,FALSE,pos,151,hw,151,i,17,ph,2_327,d,3_072,e,29,st,SPIN_DN,flt,FALSE,up,TRUE,ig,0,o_pos,-262,o_hw,-262,o_i,1_043,o_up,TRUE,why,NONE
[2026-09-15T14:27:32.113] Cog0  BM-TS,seq,128,tid,1,k,114,lt,FALSE,pos,151,hw,151,i,14,ph,2_285,d,2_679,e,55,st,SPIN_DN,flt,FALSE,up,TRUE,ig,0,o_pos,-265,o_hw,-265,o_i,969,o_up,TRUE,why,NONE
[2026-09-15T14:27:32.115] Cog0  BM-TS,seq,129,tid,1,k,115,lt,FALSE,pos,152,hw,152,i,4,ph,2_370,d,2_031,e,34,st,SPIN_DN,flt,FALSE,up,TRUE,ig,0,o_pos,-267,o_hw,-267,o_i,947,o_up,TRUE,why,NONE
[2026-09-15T14:27:32.117] Cog0  BM-TS,seq,130,tid,1,k,116,lt,FALSE,pos,152,hw,152,i,2,ph,2_393,d,1_696,e,52,st,SPIN_DN,flt,FALSE,up,TRUE,ig,0,o_pos,-270,o_hw,-270,o_i,895,o_up,TRUE,why,NONE
[2026-09-15T14:27:32.119] Cog0  BM-TS,seq,131,tid,1,k,117,lt,FALSE,pos,153,hw,153,i,1,ph,2_339,d,1_600,e,22,st,SPIN_DN,flt,FALSE,up,TRUE,ig,0,o_pos,-272,o_hw,-272,o_i,893,o_up,TRUE,why,NONE
[2026-09-15T14:27:32.121] Cog0  BM-TS,seq,132,tid,1,k,118,lt,FALSE,pos,153,hw,153,i,4,ph,2_343,d,1_600,e,31,st,SPIN_DN,flt,FALSE,up,TRUE,ig,0,o_pos,-274,o_hw,-274,o_i,830,o_up,TRUE,why,NONE
[2026-09-15T14:27:32.123] Cog0  BM-TS,seq,133,tid,1,k,119,lt,FALSE,pos,153,hw,153,i,6,ph,2_328,d,1_600,e,35,st,SPIN_DN,flt,FALSE,up,TRUE,ig,0,o_pos,-276,o_hw,-276,o_i,789,o_up,TRUE,why,NONE
[2026-09-15T14:27:32.125] Cog0  BM-TS,seq,134,tid,1,k,120,lt,FALSE,pos,153,hw,153,i,-1,ph,-9,d,1_600,e,35,st,STOPPED,flt,FALSE,up,TRUE,ig,0,o_pos,-278,o_hw,-278,o_i,741,o_up,TRUE,why,NONE
[2026-09-15T14:27:32.127] Cog0  BM-TS,seq,135,tid,1,k,121,lt,FALSE,pos,153,hw,153,i,1,ph,-9,d,1_600,e,35,st,STOPPED,flt,FALSE,up,TRUE,ig,0,o_pos,-280,o_hw,-280,o_i,678,o_up,TRUE,why,NONE
[2026-09-15T14:27:32.129] Cog0  BM-TS,seq,136,tid,1,k,122,lt,FALSE,pos,153,hw,153,i,4,ph,-2,d,1_600,e,35,st,STOPPED,flt,FALSE,up,TRUE,ig,0,o_pos,-282,o_hw,-282,o_i,611,o_up,TRUE,why,NONE
[2026-09-15T14:27:32.131] Cog0  BM-TS,seq,137,tid,1,k,123,lt,FALSE,pos,153,hw,153,i,2,ph,-4,d,1_600,e,35,st,STOPPED,flt,FALSE,up,TRUE,ig,0,o_pos,-284,o_hw,-284,o_i,562,o_up,TRUE,why,NONE
[2026-09-15T14:27:32.133] Cog0  BM-TS,seq,138,tid,1,k,124,lt,FALSE,pos,153,hw,153,i,3,ph,-3,d,1_600,e,35,st,STOPPED,flt,FALSE,up,TRUE,ig,0,o_pos,-285,o_hw,-285,o_i,505,o_up,TRUE,why,NONE
[2026-09-15T14:27:32.135] Cog0  BM-TS,seq,139,tid,1,k,125,lt,FALSE,pos,153,hw,153,i,2,ph,-2,d,1_600,e,35,st,STOPPED,flt,FALSE,up,TRUE,ig,0,o_pos,-287,o_hw,-287,o_i,466,o_up,TRUE,why,NONE
[2026-09-15T14:27:32.137] Cog0  BM-TS,seq,140,tid,1,k,126,lt,FALSE,pos,153,hw,153,i,3,ph,2,d,1_600,e,35,st,STOPPED,flt,FALSE,up,TRUE,ig,0,o_pos,-288,o_hw,-288,o_i,388,o_up,TRUE,why,NONE
[2026-09-15T14:27:32.139] Cog0  BM-TS,seq,141,tid,1,k,127,lt,FALSE,pos,153,hw,153,i,5,ph,3,d,1_600,e,35,st,STOPPED,flt,FALSE,up,TRUE,ig,0,o_pos,-289,o_hw,-289,o_i,360,o_up,TRUE,why,NONE
[2026-09-15T14:27:32.141] Cog0  BM-TS,seq,142,tid,1,k,128,lt,FALSE,pos,153,hw,153,i,4,ph,2,d,1_600,e,35,st,STOPPED,flt,FALSE,up,TRUE,ig,0,o_pos,-291,o_hw,-291,o_i,313,o_up,TRUE,why,NONE
[2026-09-15T14:27:32.143] Cog0  BM-TS,seq,143,tid,1,k,129,lt,FALSE,pos,153,hw,153,i,5,ph,6,d,1_600,e,35,st,STOPPED,flt,FALSE,up,TRUE,ig,0,o_pos,-292,o_hw,-292,o_i,260,o_up,TRUE,why,NONE
[2026-09-15T14:27:32.145] Cog0  BM-TS,seq,144,tid,1,k,130,lt,FALSE,pos,153,hw,153,i,5,ph,11,d,1_600,e,35,st,STOPPED,flt,FALSE,up,TRUE,ig,0,o_pos,-293,o_hw,-293,o_i,215,o_up,TRUE,why,NONE
[2026-09-15T14:27:32.146] Cog0  BM-TS,seq,145,tid,1,k,131,lt,FALSE,pos,153,hw,153,i,7,ph,12,d,1_600,e,35,st,STOPPED,flt,FALSE,up,TRUE,ig,0,o_pos,-293,o_hw,-293,o_i,181,o_up,TRUE,why,NONE
[2026-09-15T14:27:32.149] Cog0  BM-TS,seq,146,tid,1,k,132,lt,FALSE,pos,153,hw,153,i,7,ph,16,d,1_600,e,35,st,STOPPED,flt,FALSE,up,TRUE,ig,0,o_pos,-294,o_hw,-294,o_i,128,o_up,TRUE,why,NONE
[2026-09-15T14:27:32.150] Cog0  BM-TS,seq,147,tid,1,k,133,lt,FALSE,pos,153,hw,153,i,8,ph,16,d,1_600,e,35,st,STOPPED,flt,FALSE,up,TRUE,ig,0,o_pos,-295,o_hw,-295,o_i,97,o_up,TRUE,why,NONE
[2026-09-15T14:27:32.152] Cog0  BM-TS,seq,148,tid,1,k,134,lt,FALSE,pos,153,hw,153,i,8,ph,16,d,1_600,e,35,st,STOPPED,flt,FALSE,up,TRUE,ig,0,o_pos,-295,o_hw,-295,o_i,77,o_up,TRUE,why,NONE
[2026-09-15T14:27:32.155] Cog0  BM-TS,seq,149,tid,1,k,135,lt,FALSE,pos,153,hw,153,i,9,ph,23,d,1_600,e,35,st,STOPPED,flt,FALSE,up,TRUE,ig,0,o_pos,-296,o_hw,-296,o_i,47,o_up,TRUE,why,NONE
[2026-09-15T14:27:32.156] Cog0  BM-TS,seq,150,tid,1,k,136,lt,FALSE,pos,153,hw,153,i,8,ph,15,d,1_600,e,35,st,STOPPED,flt,FALSE,up,TRUE,ig,0,o_pos,-296,o_hw,-296,o_i,22,o_up,TRUE,why,NONE
[2026-09-15T14:27:32.158] Cog0  BM-TS,seq,151,tid,1,k,137,lt,FALSE,pos,153,hw,153,i,8,ph,19,d,1_600,e,35,st,STOPPED,flt,FALSE,up,TRUE,ig,0,o_pos,-297,o_hw,-297,o_i,21,o_up,TRUE,why,NONE
[2026-09-15T14:27:32.160] Cog0  BM-TS,seq,152,tid,1,k,138,lt,FALSE,pos,153,hw,153,i,8,ph,16,d,1_600,e,35,st,STOPPED,flt,FALSE,up,TRUE,ig,0,o_pos,-297,o_hw,-297,o_i,8,o_up,TRUE,why,NONE
[2026-09-15T14:27:32.162] Cog0  BM-TS,seq,153,tid,1,k,139,lt,FALSE,pos,153,hw,153,i,7,ph,16,d,1_600,e,35,st,STOPPED,flt,FALSE,up,TRUE,ig,0,o_pos,-297,o_hw,-297,o_i,4,o_up,TRUE,why,NONE
[2026-09-15T14:27:32.164] Cog0  BM-TRACE-END,seq,154,tid,1,stored,140,emitted,140,ksum,9_730,mark_k,1,late,0,skipped,0,lost_head,0,dropped,0,end,FROZEN,rest_k,117,ig_sum,0,o_ig_sum,0,hw_skip,0,stride,1,why,NONE
[2026-09-15T14:27:32.166] Cog0  BM-FLOOR,seq,155,tid,1,sid,1,motor,BOTH,power,50,dir,50,run_ms,2_006,answer,STRAIGHT,input,KEY,l_rate_x10,671,r_rate_x10,-1_106,slower,LEFT,stop_by,TIMER,why,NONE
[2026-09-15T14:27:32.177] Cog0  BM-SEG,seq,156,seg,FLOOR,event,END,attended,TRUE,items,1,faults,0,unrecov,0,ms,39_851,why,NONE
[2026-09-15T14:27:32.178] Cog0  BM-INST,seq,157,event,STOP,cog,2,state,EXITED,ack_ms,5,samples,140,late,0,skipped,0,max_late_us,0,clamps,0,why,NONE
[2026-09-15T14:27:32.180] Cog0  SIGNOFF,sf,1,bin,DUAL,cell,R14-DUAL-NOSTALL-F,task,3508,motor,NONE,crit,ENDED_BY_COG0,measured,TRUE,lo,TRUE,hi,TRUE,units,BOOL,n,1,verdict,PASS
[2026-09-15T14:27:32.181] Cog0  SIGNOFF,sf,1,bin,DUAL,cell,R14-DUAL-DBGMASK-F,task,3508,motor,NONE,crit,QUIET_MASKS,measured,TRUE,lo,TRUE,hi,TRUE,units,BOOL,n,1,verdict,PASS
[2026-09-15T14:27:32.183] Cog0  SIGNOFF,sf,1,bin,DUAL,cell,R14-DUAL-FLOORANS-F,task,3508,motor,NONE,crit,OPERATOR_ANSWERED,measured,TRUE,lo,TRUE,hi,TRUE,units,BOOL,n,1,verdict,PASS
[2026-09-15T14:27:32.183] Cog0  BM-TRAP,seq,158,code,0,returned,TRUE
[2026-09-15T14:27:32.184] Cog0  BM-END,seq,159,exit,COMPLETE,part,FLOOR,segs,1,last_seg,FLOOR,records,159,trap_code,0,unrecov,0,why,NONE
[2026-09-15T14:27:32.200] Cog0  DEBUG_END_SESSION

=== Debug Logger Session Ended at 2026-09-15T14:27:32.203 ===
