=== Debug Logger Session Started at 2026-09-15T14:23:47.123 ===
PNut-Term-TS: v1.0.8
Program: debug
=====================================

[2026-09-15T14:23:47.020] [SYSTEM] BAUD_RATE_SET 2000000 baud (preferences/default)

=== Session ended - Download Started at 2026-09-15T14:23:47.225 ===
=== Debug Logger Session Started at 2026-09-15T14:23:47.229 ===
PNut-Term-TS: v1.0.8
Program: debug
=====================================

[2026-09-15T14:23:47.226] [SYSTEM] [DOWNLOAD TO RAM] File: test_bench_t0.bin | Size: 28520 bytes | Modified: 2026-09-15T20:23:46.259Z
[2026-09-15T14:23:47.229] [SYSTEM] Download Session Started
[2026-09-15T14:23:48.499] [SYSTEM] [DOWNLOAD SUCCESS] test_bench_t0.bin successfully downloaded to RAM
[2026-09-15T14:23:48.516] Cog0  INIT $0000_0000 $0000_0000 load
[2026-09-15T14:23:48.516] Cog0  INIT $0000_0FA8 $0000_5120 jump
[2026-09-15T14:23:48.516] Cog0  * test_bench_t0 -- Tier 0: no motor, no motion, no risk (T0-10/11/13/14b/15 excepted)
[2026-09-15T14:23:48.516] Cog0  * active config: motor_type_enum=0 base=16 voltage_enum=6 wheel_dia_x10=65
[2026-09-15T14:23:48.517] Cog0  * bench expects MOTOR_TYPE=MOTR_6_5_INCH (0) and wheel_dia_x10=65; with wheel_dia_x10=0 the T0-3/T0-6 distance conversions report unavailable rather than a tick count
[2026-09-15T14:23:48.549] `PLOT bench TITLE 'T0-12 hand-rotation anchor' SIZE 420 240 POS 60 80 HIDEXY UPDATE<CR><LF>`bench LAYER 1 't0h_bg.bmp'<CR><LF>`bench LAYER 2 't0h_state.bmp'<CR><LF>`bench LAYER 3 't0h_digits.bmp'<CR><LF>`bench crop 1<CR><LF>`bench update<CR><LF>`bench crop 2 0, 0, 200, 32, 12, 104<CR><LF>`bench crop 3 320, 0, 32, 40, 140, 140<CR><LF>`bench crop 3 320, 0, 32, 40, 174, 140<CR><LF>`bench crop 3 320, 0, 32, 40, 208, 140<CR><LF>`bench crop 3 0, 0, 32, 40, 242, 140<CR><LF>`bench crop 3 320, 0, 32, 40, 140, 184<CR><LF>`bench crop 3 320, 0, 32, 40, 174, 184<CR><LF>`bench crop 3 0, 0, 32, 40, 208, 184<CR><LF>`bench update<CR><LF>Cog0  T0-12,begin,told_direction,CW_FROM_HUB,revolutions,3,wheel,RIGHT_P16,prompt,press_S_then_turn_the_wheel_by_hand_then_press_SPACE
[2026-09-15T14:23:48.600] `bench PC_KEY<CR><LF>
[2026-09-15T14:23:48.843] `bench PC_KEY<CR><LF>
[2026-09-15T14:23:48.906] `bench PC_KEY<CR><LF>
[2026-09-15T14:23:48.969] `bench PC_KEY<CR><LF>
[2026-09-15T14:23:49.033] `bench PC_KEY<CR><LF>
[2026-09-15T14:23:49.098] `bench PC_KEY<CR><LF>
[2026-09-15T14:23:49.161] `bench PC_KEY<CR><LF>
[2026-09-15T14:23:49.226] `bench PC_KEY<CR><LF>
[2026-09-15T14:23:49.289] `bench PC_KEY<CR><LF>
[2026-09-15T14:23:49.353] `bench PC_KEY<CR><LF>
[2026-09-15T14:23:49.417] `bench PC_KEY<CR><LF>
[2026-09-15T14:23:49.483] `bench PC_KEY<CR><LF>
[2026-09-15T14:23:49.547] `bench PC_KEY<CR><LF>
[2026-09-15T14:23:49.613] `bench PC_KEY<CR><LF>
[2026-09-15T14:23:49.673] `bench PC_KEY<CR><LF>
[2026-09-15T14:23:49.737] `bench PC_KEY<CR><LF>
[2026-09-15T14:23:49.802] `bench PC_KEY<CR><LF>
[2026-09-15T14:23:49.865] `bench PC_KEY<CR><LF>
[2026-09-15T14:23:49.932] `bench PC_KEY<CR><LF>
[2026-09-15T14:23:49.996] `bench PC_KEY<CR><LF>
[2026-09-15T14:23:50.057] `bench PC_KEY<CR><LF>
[2026-09-15T14:23:50.121] `bench PC_KEY<CR><LF>
[2026-09-15T14:23:50.185] `bench PC_KEY<CR><LF>
[2026-09-15T14:23:50.249] `bench PC_KEY<CR><LF>
[2026-09-15T14:23:50.317] `bench PC_KEY<CR><LF>
[2026-09-15T14:23:50.379] `bench PC_KEY<CR><LF>
[2026-09-15T14:23:50.442] `bench PC_KEY<CR><LF>
[2026-09-15T14:23:50.505] `bench PC_KEY<CR><LF>
[2026-09-15T14:23:50.571] `bench PC_KEY<CR><LF>
[2026-09-15T14:23:50.637] `bench PC_KEY<CR><LF>
[2026-09-15T14:23:50.698] `bench PC_KEY<CR><LF>
[2026-09-15T14:23:50.762] `bench PC_KEY<CR><LF>
[2026-09-15T14:23:50.827] `bench PC_KEY<CR><LF>
[2026-09-15T14:23:50.890] `bench PC_KEY<CR><LF>
[2026-09-15T14:23:50.955] `bench PC_KEY<CR><LF>
[2026-09-15T14:23:51.019] `bench PC_KEY<CR><LF>
[2026-09-15T14:23:51.083] `bench PC_KEY<CR><LF>
[2026-09-15T14:23:51.146] `bench PC_KEY<CR><LF>
[2026-09-15T14:23:51.210] `bench PC_KEY<CR><LF>
[2026-09-15T14:23:51.275] `bench PC_KEY<CR><LF>
[2026-09-15T14:23:51.338] `bench PC_KEY<CR><LF>
[2026-09-15T14:23:51.402] `bench PC_KEY<CR><LF>
[2026-09-15T14:23:51.467] `bench PC_KEY<CR><LF>
[2026-09-15T14:23:51.531] `bench PC_KEY<CR><LF>
[2026-09-15T14:23:51.596] `bench PC_KEY<CR><LF>
[2026-09-15T14:23:51.658] `bench PC_KEY<CR><LF>
[2026-09-15T14:23:51.722] `bench PC_KEY<CR><LF>
[2026-09-15T14:23:51.788] `bench PC_KEY<CR><LF>
[2026-09-15T14:23:51.850] `bench PC_KEY<CR><LF>
[2026-09-15T14:23:51.914] `bench PC_KEY<CR><LF>
[2026-09-15T14:23:51.978] `bench PC_KEY<CR><LF>
[2026-09-15T14:23:52.042] `bench PC_KEY<CR><LF>
[2026-09-15T14:23:52.109] `bench PC_KEY<CR><LF>
[2026-09-15T14:23:52.170] `bench PC_KEY<CR><LF>
[2026-09-15T14:23:52.235] `bench PC_KEY<CR><LF>
[2026-09-15T14:23:52.301] `bench PC_KEY<CR><LF>
[2026-09-15T14:23:52.362] `bench PC_KEY<CR><LF>
[2026-09-15T14:23:52.428] `bench PC_KEY<CR><LF>
[2026-09-15T14:23:52.491] `bench PC_KEY<CR><LF>
[2026-09-15T14:23:52.556] `bench PC_KEY<CR><LF>
[2026-09-15T14:23:52.619] `bench PC_KEY<CR><LF>
[2026-09-15T14:23:52.683] `bench PC_KEY<CR><LF>
[2026-09-15T14:23:52.747] `bench PC_KEY<CR><LF>
[2026-09-15T14:23:52.812] `bench PC_KEY<CR><LF>
[2026-09-15T14:23:52.875] `bench PC_KEY<CR><LF>
[2026-09-15T14:23:52.942] `bench PC_KEY<CR><LF>
[2026-09-15T14:23:53.005] `bench PC_KEY<CR><LF>
[2026-09-15T14:23:53.069] `bench PC_KEY<CR><LF>
[2026-09-15T14:23:53.132] `bench PC_KEY<CR><LF>
[2026-09-15T14:23:53.195] `bench PC_KEY<CR><LF>
[2026-09-15T14:23:53.259] `bench PC_KEY<CR><LF>
[2026-09-15T14:23:53.323] `bench PC_KEY<CR><LF>
[2026-09-15T14:23:53.388] `bench PC_KEY<CR><LF>
[2026-09-15T14:23:53.453] `bench PC_KEY<CR><LF>
[2026-09-15T14:23:53.515] `bench PC_KEY<CR><LF>
[2026-09-15T14:23:53.580] `bench PC_KEY<CR><LF>
[2026-09-15T14:23:53.643] `bench PC_KEY<CR><LF>
[2026-09-15T14:23:53.708] `bench PC_KEY<CR><LF>
[2026-09-15T14:23:53.775] `bench PC_KEY<CR><LF>
[2026-09-15T14:23:53.836] `bench PC_KEY<CR><LF>
[2026-09-15T14:23:53.899] `bench PC_KEY<CR><LF>
[2026-09-15T14:23:53.964] `bench PC_KEY<CR><LF>
[2026-09-15T14:23:54.028] `bench PC_KEY<CR><LF>
[2026-09-15T14:23:54.092] `bench PC_KEY<CR><LF>
[2026-09-15T14:23:54.158] `bench PC_KEY<CR><LF>
[2026-09-15T14:23:54.223] `bench PC_KEY<CR><LF>
[2026-09-15T14:23:54.286] `bench PC_KEY<CR><LF>
[2026-09-15T14:23:54.350] `bench PC_KEY<CR><LF>
[2026-09-15T14:23:54.415] `bench PC_KEY<CR><LF>
[2026-09-15T14:23:54.477] `bench PC_KEY<CR><LF>
[2026-09-15T14:23:54.541] `bench PC_KEY<CR><LF>
[2026-09-15T14:23:54.605] `bench PC_KEY<CR><LF>
[2026-09-15T14:23:54.669] `bench PC_KEY<CR><LF>
[2026-09-15T14:23:54.732] `bench PC_KEY<CR><LF>
[2026-09-15T14:23:54.796] `bench PC_KEY<CR><LF>
[2026-09-15T14:23:54.860] `bench PC_KEY<CR><LF>
[2026-09-15T14:23:54.926] `bench PC_KEY<CR><LF>
[2026-09-15T14:23:54.988] `bench PC_KEY<CR><LF>
[2026-09-15T14:23:55.055] `bench PC_KEY<CR><LF>
[2026-09-15T14:23:55.118] `bench PC_KEY<CR><LF>
[2026-09-15T14:23:55.181] `bench PC_KEY<CR><LF>
[2026-09-15T14:23:55.244] `bench PC_KEY<CR><LF>
[2026-09-15T14:23:55.308] `bench PC_KEY<CR><LF>
[2026-09-15T14:23:55.375] `bench PC_KEY<CR><LF>
[2026-09-15T14:23:55.436] `bench PC_KEY<CR><LF>
[2026-09-15T14:23:55.501] `bench PC_KEY<CR><LF>
[2026-09-15T14:23:55.565] `bench PC_KEY<CR><LF>
[2026-09-15T14:23:55.633] `bench PC_KEY<CR><LF>
[2026-09-15T14:23:55.693] `bench PC_KEY<CR><LF>
[2026-09-15T14:23:55.757] `bench PC_KEY<CR><LF>
[2026-09-15T14:23:55.821] `bench PC_KEY<CR><LF>
[2026-09-15T14:23:55.885] `bench PC_KEY<CR><LF>
[2026-09-15T14:23:55.952] `bench PC_KEY<CR><LF>
[2026-09-15T14:23:56.014] `bench PC_KEY<CR><LF>
[2026-09-15T14:23:56.077] `bench PC_KEY<CR><LF>
[2026-09-15T14:23:56.141] `bench PC_KEY<CR><LF>
[2026-09-15T14:23:56.205] `bench PC_KEY<CR><LF>
[2026-09-15T14:23:56.269] `bench PC_KEY<CR><LF>
[2026-09-15T14:23:56.335] `bench PC_KEY<CR><LF>
[2026-09-15T14:23:56.398] `bench PC_KEY<CR><LF>
[2026-09-15T14:23:56.461] `bench PC_KEY<CR><LF>
[2026-09-15T14:23:56.527] `bench PC_KEY<CR><LF>
[2026-09-15T14:23:56.589] `bench PC_KEY<CR><LF>
[2026-09-15T14:23:56.654] `bench PC_KEY<CR><LF>
[2026-09-15T14:23:56.717] `bench PC_KEY<CR><LF>
[2026-09-15T14:23:56.782] `bench PC_KEY<CR><LF>
[2026-09-15T14:23:56.845] `bench PC_KEY<CR><LF>
[2026-09-15T14:23:56.909] `bench PC_KEY<CR><LF>
[2026-09-15T14:23:56.974] `bench PC_KEY<CR><LF>
[2026-09-15T14:23:57.040] `bench PC_KEY<CR><LF>
[2026-09-15T14:23:57.102] `bench PC_KEY<CR><LF>
[2026-09-15T14:23:57.166] `bench PC_KEY<CR><LF>
[2026-09-15T14:23:57.230] `bench PC_KEY<CR><LF>
[2026-09-15T14:23:57.294] `bench PC_KEY<CR><LF>
[2026-09-15T14:23:57.358] `bench PC_KEY<CR><LF>
[2026-09-15T14:23:57.423] `bench PC_KEY<CR><LF>
[2026-09-15T14:23:57.486] `bench PC_KEY<CR><LF>
[2026-09-15T14:23:57.552] `bench PC_KEY<CR><LF>
[2026-09-15T14:23:57.616] `bench PC_KEY<CR><LF>
[2026-09-15T14:23:57.678] `bench PC_KEY<CR><LF>
[2026-09-15T14:23:57.743] `bench PC_KEY<CR><LF>
[2026-09-15T14:23:57.809] `bench PC_KEY<CR><LF>
[2026-09-15T14:23:57.873] `bench PC_KEY<CR><LF>
[2026-09-15T14:23:57.935] `bench PC_KEY<CR><LF>
[2026-09-15T14:23:57.999] `bench PC_KEY<CR><LF>
[2026-09-15T14:23:58.063] `bench PC_KEY<CR><LF>
[2026-09-15T14:23:58.127] `bench PC_KEY<CR><LF>
[2026-09-15T14:23:58.192] `bench PC_KEY<CR><LF>
[2026-09-15T14:23:58.257] `bench PC_KEY<CR><LF>
[2026-09-15T14:23:58.320] `bench PC_KEY<CR><LF>
[2026-09-15T14:23:58.383] `bench PC_KEY<CR><LF>
[2026-09-15T14:23:58.450] `bench PC_KEY<CR><LF>
[2026-09-15T14:23:58.511] `bench PC_KEY<CR><LF>
[2026-09-15T14:23:58.578] `bench PC_KEY<CR><LF>
[2026-09-15T14:23:58.641] `bench PC_KEY<CR><LF>
[2026-09-15T14:23:58.703] `bench PC_KEY<CR><LF>
[2026-09-15T14:23:58.769] `bench PC_KEY<CR><LF>
[2026-09-15T14:23:58.833] `bench PC_KEY<CR><LF>
[2026-09-15T14:23:58.895] `bench PC_KEY<CR><LF>
[2026-09-15T14:23:58.961] `bench PC_KEY<CR><LF>
[2026-09-15T14:23:59.024] `bench PC_KEY<CR><LF>
[2026-09-15T14:23:59.087] `bench PC_KEY<CR><LF>
[2026-09-15T14:23:59.152] `bench PC_KEY<CR><LF>
[2026-09-15T14:23:59.220] `bench PC_KEY<CR><LF>
[2026-09-15T14:23:59.283] `bench PC_KEY<CR><LF>
[2026-09-15T14:23:59.345] `bench PC_KEY<CR><LF>
[2026-09-15T14:23:59.409] `bench PC_KEY<CR><LF>
[2026-09-15T14:23:59.473] `bench PC_KEY<CR><LF>
[2026-09-15T14:23:59.536] `bench PC_KEY<CR><LF>
[2026-09-15T14:23:59.602] `bench PC_KEY<CR><LF>
[2026-09-15T14:23:59.664] `bench PC_KEY<CR><LF>
[2026-09-15T14:23:59.729] `bench PC_KEY<CR><LF>
[2026-09-15T14:23:59.792] `bench PC_KEY<CR><LF>
[2026-09-15T14:23:59.857] `bench PC_KEY<CR><LF>
[2026-09-15T14:23:59.920] `bench PC_KEY<CR><LF>
[2026-09-15T14:23:59.987] `bench PC_KEY<CR><LF>
[2026-09-15T14:24:00.051] `bench PC_KEY<CR><LF>
[2026-09-15T14:24:00.113] `bench PC_KEY<CR><LF>
[2026-09-15T14:24:00.178] `bench PC_KEY<CR><LF>
[2026-09-15T14:24:00.242] `bench PC_KEY<CR><LF>
[2026-09-15T14:24:00.307] `bench PC_KEY<CR><LF>
[2026-09-15T14:24:00.369] `bench PC_KEY<CR><LF>
[2026-09-15T14:24:00.432] `bench PC_KEY<CR><LF>
[2026-09-15T14:24:00.497] `bench PC_KEY<CR><LF>
[2026-09-15T14:24:00.562] `bench PC_KEY<CR><LF>
[2026-09-15T14:24:00.626] `bench PC_KEY<CR><LF>
[2026-09-15T14:24:00.689] `bench PC_KEY<CR><LF>
[2026-09-15T14:24:00.753] `bench PC_KEY<CR><LF>
[2026-09-15T14:24:00.818] `bench PC_KEY<CR><LF>
[2026-09-15T14:24:00.883] `bench PC_KEY<CR><LF>
[2026-09-15T14:24:00.946] `bench PC_KEY<CR><LF>
[2026-09-15T14:24:01.010] `bench PC_KEY<CR><LF>
[2026-09-15T14:24:01.076] `bench PC_KEY<CR><LF>
[2026-09-15T14:24:01.140] `bench PC_KEY<CR><LF>
[2026-09-15T14:24:01.203] `bench PC_KEY<CR><LF>
[2026-09-15T14:24:01.266] `bench PC_KEY<CR><LF>
[2026-09-15T14:24:01.330] `bench PC_KEY<CR><LF>
[2026-09-15T14:24:01.397] `bench PC_KEY<CR><LF>
[2026-09-15T14:24:01.461] `bench PC_KEY<CR><LF>
[2026-09-15T14:24:01.523] `bench PC_KEY<CR><LF>
[2026-09-15T14:24:01.586] `bench PC_KEY<CR><LF>
[2026-09-15T14:24:01.650] `bench PC_KEY<CR><LF>
[2026-09-15T14:24:01.714] `bench PC_KEY<CR><LF>
[2026-09-15T14:24:01.779] `bench PC_KEY<CR><LF>
[2026-09-15T14:24:01.845] `bench PC_KEY<CR><LF>
[2026-09-15T14:24:01.908] `bench PC_KEY<CR><LF>
[2026-09-15T14:24:01.971] `bench PC_KEY<CR><LF>
[2026-09-15T14:24:02.035] `bench PC_KEY<CR><LF>
[2026-09-15T14:24:02.099] `bench PC_KEY<CR><LF>
[2026-09-15T14:24:02.164] `bench PC_KEY<CR><LF>
[2026-09-15T14:24:02.229] `bench PC_KEY<CR><LF>
[2026-09-15T14:24:02.292] `bench PC_KEY<CR><LF>
[2026-09-15T14:24:02.356] `bench PC_KEY<CR><LF>
[2026-09-15T14:24:02.420] `bench PC_KEY<CR><LF>
[2026-09-15T14:24:02.486] `bench PC_KEY<CR><LF>
[2026-09-15T14:24:02.548] `bench PC_KEY<CR><LF>
[2026-09-15T14:24:02.614] `bench PC_KEY<CR><LF>
[2026-09-15T14:24:02.676] `bench PC_KEY<CR><LF>
[2026-09-15T14:24:02.740] `bench PC_KEY<CR><LF>
[2026-09-15T14:24:02.807] `bench PC_KEY<CR><LF>
[2026-09-15T14:24:02.868] `bench PC_KEY<CR><LF>
[2026-09-15T14:24:02.932] `bench PC_KEY<CR><LF>
[2026-09-15T14:24:02.995] `bench PC_KEY<CR><LF>
[2026-09-15T14:24:03.060] `bench PC_KEY<CR><LF>
[2026-09-15T14:24:03.124] `bench PC_KEY<CR><LF>
[2026-09-15T14:24:03.190] `bench PC_KEY<CR><LF>
[2026-09-15T14:24:03.254] `bench PC_KEY<CR><LF>
[2026-09-15T14:24:03.316] `bench PC_KEY<CR><LF>
[2026-09-15T14:24:03.380] `bench PC_KEY<CR><LF>
[2026-09-15T14:24:03.446] `bench PC_KEY<CR><LF>
[2026-09-15T14:24:03.508] `bench PC_KEY<CR><LF>
[2026-09-15T14:24:03.573] `bench PC_KEY<CR><LF>
[2026-09-15T14:24:03.636] `bench PC_KEY<CR><LF>
[2026-09-15T14:24:03.700] `bench PC_KEY<CR><LF>
[2026-09-15T14:24:03.766] `bench PC_KEY<CR><LF>
[2026-09-15T14:24:03.831] `bench PC_KEY<CR><LF>
[2026-09-15T14:24:03.892] `bench PC_KEY<CR><LF>
[2026-09-15T14:24:03.958] `bench PC_KEY<CR><LF>
[2026-09-15T14:24:04.022] `bench PC_KEY<CR><LF>
[2026-09-15T14:24:04.085] `bench PC_KEY<CR><LF>
[2026-09-15T14:24:04.149] `bench PC_KEY<CR><LF>
[2026-09-15T14:24:04.213] `bench PC_KEY<CR><LF>
[2026-09-15T14:24:04.279] `bench PC_KEY<CR><LF>
[2026-09-15T14:24:04.341] `bench PC_KEY<CR><LF>
[2026-09-15T14:24:04.407] `bench PC_KEY<CR><LF>
[2026-09-15T14:24:04.469] `bench PC_KEY<CR><LF>
[2026-09-15T14:24:04.534] `bench PC_KEY<CR><LF>
[2026-09-15T14:24:04.599] `bench PC_KEY<CR><LF>
[2026-09-15T14:24:04.661] `bench PC_KEY<CR><LF>
[2026-09-15T14:24:04.725] `bench PC_KEY<CR><LF>
[2026-09-15T14:24:04.791] `bench PC_KEY<CR><LF>
[2026-09-15T14:24:04.855] `bench PC_KEY<CR><LF>
[2026-09-15T14:24:04.917] `bench PC_KEY<CR><LF>
[2026-09-15T14:24:04.981] `bench PC_KEY<CR><LF>
[2026-09-15T14:24:05.050] `bench PC_KEY<CR><LF>
[2026-09-15T14:24:05.111] `bench PC_KEY<CR><LF>
[2026-09-15T14:24:05.174] `bench PC_KEY<CR><LF>
[2026-09-15T14:24:05.239] `bench PC_KEY<CR><LF>
[2026-09-15T14:24:05.302] `bench PC_KEY<CR><LF>
[2026-09-15T14:24:05.367] `bench PC_KEY<CR><LF>
[2026-09-15T14:24:05.431] `bench PC_KEY<CR><LF>
[2026-09-15T14:24:05.497] `bench PC_KEY<CR><LF>
[2026-09-15T14:24:05.559] `bench PC_KEY<CR><LF>
[2026-09-15T14:24:05.623] `bench PC_KEY<CR><LF>
[2026-09-15T14:24:05.687] `bench PC_KEY<CR><LF>
[2026-09-15T14:24:05.750] `bench PC_KEY<CR><LF>
[2026-09-15T14:24:05.816] `bench PC_KEY<CR><LF>
[2026-09-15T14:24:05.878] `bench PC_KEY<CR><LF>
[2026-09-15T14:24:05.943] `bench PC_KEY<CR><LF>
[2026-09-15T14:24:06.009] `bench PC_KEY<CR><LF>
[2026-09-15T14:24:06.073] `bench PC_KEY<CR><LF>
[2026-09-15T14:24:06.136] `bench PC_KEY<CR><LF>
[2026-09-15T14:24:06.201] `bench PC_KEY<CR><LF>
[2026-09-15T14:24:06.264] `bench PC_KEY<CR><LF>
[2026-09-15T14:24:06.327] `bench PC_KEY<CR><LF>
[2026-09-15T14:24:06.393] `bench PC_KEY<CR><LF>
[2026-09-15T14:24:06.455] `bench PC_KEY<CR><LF>
[2026-09-15T14:24:06.519] `bench PC_KEY<CR><LF>
[2026-09-15T14:24:06.583] `bench PC_KEY<CR><LF>
[2026-09-15T14:24:06.649] `bench PC_KEY<CR><LF>
[2026-09-15T14:24:06.712] `bench PC_KEY<CR><LF>
[2026-09-15T14:24:06.778] `bench PC_KEY<CR><LF>
[2026-09-15T14:24:06.839] `bench PC_KEY<CR><LF>
[2026-09-15T14:24:06.905] `bench PC_KEY<CR><LF>
[2026-09-15T14:24:06.968] `bench PC_KEY<CR><LF>
[2026-09-15T14:24:07.032] `bench PC_KEY<CR><LF>
[2026-09-15T14:24:07.097] `bench PC_KEY<CR><LF>
[2026-09-15T14:24:07.163] `bench PC_KEY<CR><LF>
[2026-09-15T14:24:07.226] `bench PC_KEY<CR><LF>
[2026-09-15T14:24:07.288] `bench PC_KEY<CR><LF>
[2026-09-15T14:24:07.352] `bench PC_KEY<CR><LF>
[2026-09-15T14:24:07.417] `bench PC_KEY<CR><LF>
[2026-09-15T14:24:07.482] `bench PC_KEY<CR><LF>
[2026-09-15T14:24:07.543] `bench PC_KEY<CR><LF>
[2026-09-15T14:24:07.611] `bench PC_KEY<CR><LF>
[2026-09-15T14:24:07.676] `bench PC_KEY<CR><LF>
[2026-09-15T14:24:07.738] `bench PC_KEY<CR><LF>
[2026-09-15T14:24:07.801] `bench PC_KEY<CR><LF>
[2026-09-15T14:24:07.866] `bench PC_KEY<CR><LF>
[2026-09-15T14:24:07.930] `bench PC_KEY<CR><LF>
[2026-09-15T14:24:07.994] `bench PC_KEY<CR><LF>
[2026-09-15T14:24:08.059] `bench PC_KEY<CR><LF>
[2026-09-15T14:24:08.121] `bench PC_KEY<CR><LF>
[2026-09-15T14:24:08.186] `bench PC_KEY<CR><LF>
[2026-09-15T14:24:08.248] `bench PC_KEY<CR><LF>
[2026-09-15T14:24:08.316] `bench PC_KEY<CR><LF>
[2026-09-15T14:24:08.378] `bench PC_KEY<CR><LF>
[2026-09-15T14:24:08.441] `bench PC_KEY<CR><LF>
[2026-09-15T14:24:08.505] `bench PC_KEY<CR><LF>
[2026-09-15T14:24:08.569] `bench PC_KEY<CR><LF>
[2026-09-15T14:24:08.635] `bench PC_KEY<CR><LF>
[2026-09-15T14:24:08.697] `bench PC_KEY<CR><LF>
[2026-09-15T14:24:08.761] `bench PC_KEY<CR><LF>
[2026-09-15T14:24:08.828] `bench PC_KEY<CR><LF>
[2026-09-15T14:24:08.892] `bench PC_KEY<CR><LF>
[2026-09-15T14:24:08.953] `bench PC_KEY<CR><LF>
[2026-09-15T14:24:09.018] `bench PC_KEY<CR><LF>
[2026-09-15T14:24:09.081] `bench PC_KEY<CR><LF>
[2026-09-15T14:24:09.145] `bench PC_KEY<CR><LF>
[2026-09-15T14:24:09.211] `bench PC_KEY<CR><LF>
[2026-09-15T14:24:09.276] `bench PC_KEY<CR><LF>
[2026-09-15T14:24:09.338] `bench PC_KEY<CR><LF>
[2026-09-15T14:24:09.403] `bench PC_KEY<CR><LF>
[2026-09-15T14:24:09.469] `bench PC_KEY<CR><LF>
[2026-09-15T14:24:09.533] `bench PC_KEY<CR><LF>
[2026-09-15T14:24:09.595] `bench PC_KEY<CR><LF>
[2026-09-15T14:24:09.659] `bench PC_KEY<CR><LF>
[2026-09-15T14:24:09.722] `bench PC_KEY<CR><LF>
[2026-09-15T14:24:09.787] `bench PC_KEY<CR><LF>
[2026-09-15T14:24:09.853] `bench PC_KEY<CR><LF>
[2026-09-15T14:24:09.916] `bench PC_KEY<CR><LF>
[2026-09-15T14:24:09.979] `bench PC_KEY<CR><LF>
[2026-09-15T14:24:10.044] `bench PC_KEY<CR><LF>
[2026-09-15T14:24:10.106] `bench PC_KEY<CR><LF>
[2026-09-15T14:24:10.173] `bench PC_KEY<CR><LF>
[2026-09-15T14:24:10.236] `bench PC_KEY<CR><LF>
[2026-09-15T14:24:10.299] `bench PC_KEY<CR><LF>
[2026-09-15T14:24:10.363] `bench PC_KEY<CR><LF>
[2026-09-15T14:24:10.428] `bench PC_KEY<CR><LF>
[2026-09-15T14:24:10.493] `bench PC_KEY<CR><LF>
[2026-09-15T14:24:10.554] `bench PC_KEY<CR><LF>
[2026-09-15T14:24:10.620] `bench PC_KEY<CR><LF>
[2026-09-15T14:24:10.683] `bench PC_KEY<CR><LF>
[2026-09-15T14:24:10.751] `bench PC_KEY<CR><LF>
[2026-09-15T14:24:10.812] `bench PC_KEY<CR><LF>
[2026-09-15T14:24:10.876] `bench PC_KEY<CR><LF>
[2026-09-15T14:24:10.942] `bench PC_KEY<CR><LF>
[2026-09-15T14:24:11.004] `bench PC_KEY<CR><LF>
[2026-09-15T14:24:11.067] `bench PC_KEY<CR><LF>
[2026-09-15T14:24:11.132] `bench PC_KEY<CR><LF>
[2026-09-15T14:24:11.196] `bench PC_KEY<CR><LF>
[2026-09-15T14:24:11.262] `bench PC_KEY<CR><LF>
[2026-09-15T14:24:11.326] `bench PC_KEY<CR><LF>
[2026-09-15T14:24:11.388] `bench PC_KEY<CR><LF>
[2026-09-15T14:24:11.454] `bench PC_KEY<CR><LF>
[2026-09-15T14:24:11.516] `bench PC_KEY<CR><LF>
[2026-09-15T14:24:11.580] `bench PC_KEY<CR><LF>
[2026-09-15T14:24:11.646] `bench PC_KEY<CR><LF>
[2026-09-15T14:24:11.709] `bench PC_KEY<CR><LF>
[2026-09-15T14:24:11.772] `bench PC_KEY<CR><LF>
[2026-09-15T14:24:11.837] `bench PC_KEY<CR><LF>
[2026-09-15T14:24:11.903] `bench PC_KEY<CR><LF>
[2026-09-15T14:24:11.966] `bench PC_KEY<CR><LF>
[2026-09-15T14:24:12.029] `bench PC_KEY<CR><LF>
[2026-09-15T14:24:12.095] `bench PC_KEY<CR><LF>
[2026-09-15T14:24:12.158] `bench PC_KEY<CR><LF>
[2026-09-15T14:24:12.221] `bench PC_KEY<CR><LF>
[2026-09-15T14:24:12.285] `bench PC_KEY<CR><LF>
[2026-09-15T14:24:12.349] `bench PC_KEY<CR><LF>
[2026-09-15T14:24:12.416] `bench PC_KEY<CR><LF>
[2026-09-15T14:24:12.490] `bench PC_KEY<CR><LF>
[2026-09-15T14:24:12.510] `bench PC_KEY<CR><LF>`bench crop 2 0, 32, 200, 32, 12, 104<CR><LF>`bench crop 3 320, 0, 32, 40, 140, 140<CR><LF>`bench crop 3 320, 0, 32, 40, 174, 140<CR><LF>`bench crop 3 320, 0, 32, 40, 208, 140<CR><LF>`bench crop 3 0, 0, 32, 40, 242, 140<CR><LF>`bench crop 3 320, 0, 32, 40, 140, 184<CR><LF>`bench crop 3 320, 0, 32, 40, 174, 184<CR><LF>`bench crop 3 0, 0, 32, 40, 208, 184<CR><LF>`bench update<CR><LF>Cog0  T0-12,started,hall_pin,21,hall_code,6,told_direction,CW_FROM_HUB,prompt,press_SPACE_to_stop_count
[2026-09-15T14:24:12.656] `bench PC_KEY<CR><LF>
[2026-09-15T14:24:12.768] `bench PC_KEY<CR><LF>
[2026-09-15T14:24:12.881] `bench PC_KEY<CR><LF>
[2026-09-15T14:24:12.992] `bench PC_KEY<CR><LF>
[2026-09-15T14:24:13.055] `bench PC_KEY<CR><LF>Cog0  T0-12,running,transitions,0,illegal,0,pos,0
[2026-09-15T14:24:13.122] `bench crop 2 0, 32, 200, 32, 12, 104<CR><LF>`bench crop 3 320, 0, 32, 40, 140, 140<CR><LF>`bench crop 3 320, 0, 32, 40, 174, 140<CR><LF>`bench crop 3 320, 0, 32, 40, 208, 140<CR><LF>`bench crop 3 0, 0, 32, 40, 242, 140<CR><LF>`bench crop 3 320, 0, 32, 40, 140, 184<CR><LF>`bench crop 3 320, 0, 32, 40, 174, 184<CR><LF>`bench crop 3 0, 0, 32, 40, 208, 184<CR><LF>`bench update<CR><LF>
[2026-09-15T14:24:13.218] `bench PC_KEY<CR><LF>
[2026-09-15T14:24:13.331] `bench PC_KEY<CR><LF>
[2026-09-15T14:24:13.443] `bench PC_KEY<CR><LF>
[2026-09-15T14:24:13.555] `bench PC_KEY<CR><LF>
[2026-09-15T14:24:13.617] `bench PC_KEY<CR><LF>Cog0  T0-12,running,transitions,0,illegal,0,pos,0
[2026-09-15T14:24:13.687] `bench crop 2 0, 32, 200, 32, 12, 104<CR><LF>`bench crop 3 320, 0, 32, 40, 140, 140<CR><LF>`bench crop 3 320, 0, 32, 40, 174, 140<CR><LF>`bench crop 3 320, 0, 32, 40, 208, 140<CR><LF>`bench crop 3 0, 0, 32, 40, 242, 140<CR><LF>`bench crop 3 320, 0, 32, 40, 140, 184<CR><LF>`bench crop 3 320, 0, 32, 40, 174, 184<CR><LF>`bench crop 3 0, 0, 32, 40, 208, 184<CR><LF>`bench update<CR><LF>
[2026-09-15T14:24:13.780] `bench PC_KEY<CR><LF>
[2026-09-15T14:24:13.893] `bench PC_KEY<CR><LF>
[2026-09-15T14:24:14.005] `bench PC_KEY<CR><LF>
[2026-09-15T14:24:14.117] `bench PC_KEY<CR><LF>
[2026-09-15T14:24:14.180] `bench PC_KEY<CR><LF>Cog0  T0-12,running,transitions,0,illegal,0,pos,0
[2026-09-15T14:24:14.249] `bench crop 2 0, 32, 200, 32, 12, 104<CR><LF>`bench crop 3 320, 0, 32, 40, 140, 140<CR><LF>`bench crop 3 320, 0, 32, 40, 174, 140<CR><LF>`bench crop 3 320, 0, 32, 40, 208, 140<CR><LF>`bench crop 3 0, 0, 32, 40, 242, 140<CR><LF>`bench crop 3 320, 0, 32, 40, 140, 184<CR><LF>`bench crop 3 320, 0, 32, 40, 174, 184<CR><LF>`bench crop 3 0, 0, 32, 40, 208, 184<CR><LF>`bench update<CR><LF>
[2026-09-15T14:24:14.343] `bench PC_KEY<CR><LF>
[2026-09-15T14:24:14.456] `bench PC_KEY<CR><LF>
[2026-09-15T14:24:14.568] `bench PC_KEY<CR><LF>
[2026-09-15T14:24:14.681] `bench PC_KEY<CR><LF>
[2026-09-15T14:24:14.742] `bench PC_KEY<CR><LF>Cog0  T0-12,running,transitions,0,illegal,0,pos,0
[2026-09-15T14:24:14.811] `bench crop 2 0, 32, 200, 32, 12, 104<CR><LF>`bench crop 3 320, 0, 32, 40, 140, 140<CR><LF>`bench crop 3 320, 0, 32, 40, 174, 140<CR><LF>`bench crop 3 320, 0, 32, 40, 208, 140<CR><LF>`bench crop 3 0, 0, 32, 40, 242, 140<CR><LF>`bench crop 3 320, 0, 32, 40, 140, 184<CR><LF>`bench crop 3 320, 0, 32, 40, 174, 184<CR><LF>`bench crop 3 0, 0, 32, 40, 208, 184<CR><LF>`bench update<CR><LF>
[2026-09-15T14:24:14.907] `bench PC_KEY<CR><LF>
[2026-09-15T14:24:15.021] `bench PC_KEY<CR><LF>
[2026-09-15T14:24:15.130] `bench PC_KEY<CR><LF>
[2026-09-15T14:24:15.243] `bench PC_KEY<CR><LF>
[2026-09-15T14:24:15.306] `bench PC_KEY<CR><LF>Cog0  T0-12,running,transitions,0,illegal,0,pos,0
[2026-09-15T14:24:15.373] `bench crop 2 0, 32, 200, 32, 12, 104<CR><LF>`bench crop 3 320, 0, 32, 40, 140, 140<CR><LF>`bench crop 3 320, 0, 32, 40, 174, 140<CR><LF>`bench crop 3 320, 0, 32, 40, 208, 140<CR><LF>`bench crop 3 0, 0, 32, 40, 242, 140<CR><LF>`bench crop 3 320, 0, 32, 40, 140, 184<CR><LF>`bench crop 3 320, 0, 32, 40, 174, 184<CR><LF>`bench crop 3 0, 0, 32, 40, 208, 184<CR><LF>`bench update<CR><LF>
[2026-09-15T14:24:15.469] `bench PC_KEY<CR><LF>
[2026-09-15T14:24:15.581] `bench PC_KEY<CR><LF>
[2026-09-15T14:24:15.692] `bench PC_KEY<CR><LF>
[2026-09-15T14:24:15.806] `bench PC_KEY<CR><LF>
[2026-09-15T14:24:15.868] `bench PC_KEY<CR><LF>Cog0  T0-12,running,transitions,0,illegal,0,pos,0
[2026-09-15T14:24:15.938] `bench crop 2 0, 32, 200, 32, 12, 104<CR><LF>`bench crop 3 320, 0, 32, 40, 140, 140<CR><LF>`bench crop 3 320, 0, 32, 40, 174, 140<CR><LF>`bench crop 3 320, 0, 32, 40, 208, 140<CR><LF>`bench crop 3 0, 0, 32, 40, 242, 140<CR><LF>`bench crop 3 320, 0, 32, 40, 140, 184<CR><LF>`bench crop 3 320, 0, 32, 40, 174, 184<CR><LF>`bench crop 3 0, 0, 32, 40, 208, 184<CR><LF>`bench update<CR><LF>
[2026-09-15T14:24:16.032] `bench PC_KEY<CR><LF>
[2026-09-15T14:24:16.145] `bench PC_KEY<CR><LF>
[2026-09-15T14:24:16.257] `bench PC_KEY<CR><LF>
[2026-09-15T14:24:16.368] `bench PC_KEY<CR><LF>
[2026-09-15T14:24:16.431] `bench PC_KEY<CR><LF>Cog0  T0-12,running,transitions,0,illegal,0,pos,0
[2026-09-15T14:24:16.499] `bench crop 2 0, 32, 200, 32, 12, 104<CR><LF>`bench crop 3 320, 0, 32, 40, 140, 140<CR><LF>`bench crop 3 320, 0, 32, 40, 174, 140<CR><LF>`bench crop 3 320, 0, 32, 40, 208, 140<CR><LF>`bench crop 3 0, 0, 32, 40, 242, 140<CR><LF>`bench crop 3 320, 0, 32, 40, 140, 184<CR><LF>`bench crop 3 320, 0, 32, 40, 174, 184<CR><LF>`bench crop 3 0, 0, 32, 40, 208, 184<CR><LF>`bench update<CR><LF>
[2026-09-15T14:24:16.595] `bench PC_KEY<CR><LF>
[2026-09-15T14:24:16.708] `bench PC_KEY<CR><LF>
[2026-09-15T14:24:16.819] `bench PC_KEY<CR><LF>
[2026-09-15T14:24:16.932] `bench PC_KEY<CR><LF>
[2026-09-15T14:24:16.994] `bench PC_KEY<CR><LF>Cog0  T0-12,running,transitions,0,illegal,0,pos,0
[2026-09-15T14:24:17.065] `bench crop 2 0, 32, 200, 32, 12, 104<CR><LF>`bench crop 3 320, 0, 32, 40, 140, 140<CR><LF>`bench crop 3 320, 0, 32, 40, 174, 140<CR><LF>`bench crop 3 320, 0, 32, 40, 208, 140<CR><LF>`bench crop 3 0, 0, 32, 40, 242, 140<CR><LF>`bench crop 3 320, 0, 32, 40, 140, 184<CR><LF>`bench crop 3 320, 0, 32, 40, 174, 184<CR><LF>`bench crop 3 0, 0, 32, 40, 208, 184<CR><LF>`bench update<CR><LF>
[2026-09-15T14:24:17.160] `bench PC_KEY<CR><LF>
[2026-09-15T14:24:17.271] `bench PC_KEY<CR><LF>
[2026-09-15T14:24:17.383] `bench PC_KEY<CR><LF>
[2026-09-15T14:24:17.495] `bench PC_KEY<CR><LF>
[2026-09-15T14:24:17.557] `bench PC_KEY<CR><LF>Cog0  T0-12,running,transitions,31,illegal,0,pos,-31
[2026-09-15T14:24:17.625] `bench crop 2 0, 32, 200, 32, 12, 104<CR><LF>`bench crop 3 320, 0, 32, 40, 140, 140<CR><LF>`bench crop 3 320, 0, 32, 40, 174, 140<CR><LF>`bench crop 3 96, 0, 32, 40, 208, 140<CR><LF>`bench crop 3 32, 0, 32, 40, 242, 140<CR><LF>`bench crop 3 320, 0, 32, 40, 140, 184<CR><LF>`bench crop 3 320, 0, 32, 40, 174, 184<CR><LF>`bench crop 3 0, 0, 32, 40, 208, 184<CR><LF>`bench update<CR><LF>
[2026-09-15T14:24:17.724] `bench PC_KEY<CR><LF>
[2026-09-15T14:24:17.833] `bench PC_KEY<CR><LF>
[2026-09-15T14:24:17.945] `bench PC_KEY<CR><LF>
[2026-09-15T14:24:18.059] `bench PC_KEY<CR><LF>
[2026-09-15T14:24:18.120] `bench PC_KEY<CR><LF>Cog0  T0-12,running,transitions,72,illegal,0,pos,-72
[2026-09-15T14:24:18.188] `bench crop 2 0, 32, 200, 32, 12, 104<CR><LF>`bench crop 3 320, 0, 32, 40, 140, 140<CR><LF>`bench crop 3 320, 0, 32, 40, 174, 140<CR><LF>`bench crop 3 224, 0, 32, 40, 208, 140<CR><LF>`bench crop 3 64, 0, 32, 40, 242, 140<CR><LF>`bench crop 3 320, 0, 32, 40, 140, 184<CR><LF>`bench crop 3 320, 0, 32, 40, 174, 184<CR><LF>`bench crop 3 0, 0, 32, 40, 208, 184<CR><LF>`bench update<CR><LF>
[2026-09-15T14:24:18.285] `bench PC_KEY<CR><LF>
[2026-09-15T14:24:18.396] `bench PC_KEY<CR><LF>
[2026-09-15T14:24:18.508] `bench PC_KEY<CR><LF>
[2026-09-15T14:24:18.620] `bench PC_KEY<CR><LF>
[2026-09-15T14:24:18.683] `bench PC_KEY<CR><LF>Cog0  T0-12,running,transitions,94,illegal,0,pos,-94
[2026-09-15T14:24:18.751] `bench crop 2 0, 32, 200, 32, 12, 104<CR><LF>`bench crop 3 320, 0, 32, 40, 140, 140<CR><LF>`bench crop 3 320, 0, 32, 40, 174, 140<CR><LF>`bench crop 3 288, 0, 32, 40, 208, 140<CR><LF>`bench crop 3 128, 0, 32, 40, 242, 140<CR><LF>`bench crop 3 320, 0, 32, 40, 140, 184<CR><LF>`bench crop 3 320, 0, 32, 40, 174, 184<CR><LF>`bench crop 3 0, 0, 32, 40, 208, 184<CR><LF>`bench update<CR><LF>
[2026-09-15T14:24:18.847] `bench PC_KEY<CR><LF>
[2026-09-15T14:24:18.958] `bench PC_KEY<CR><LF>
[2026-09-15T14:24:19.071] `bench PC_KEY<CR><LF>
[2026-09-15T14:24:19.182] `bench PC_KEY<CR><LF>
[2026-09-15T14:24:19.246] `bench PC_KEY<CR><LF>Cog0  T0-12,running,transitions,111,illegal,0,pos,-111
[2026-09-15T14:24:19.312] `bench crop 2 0, 32, 200, 32, 12, 104<CR><LF>`bench crop 3 320, 0, 32, 40, 140, 140<CR><LF>`bench crop 3 32, 0, 32, 40, 174, 140<CR><LF>`bench crop 3 32, 0, 32, 40, 208, 140<CR><LF>`bench crop 3 32, 0, 32, 40, 242, 140<CR><LF>`bench crop 3 320, 0, 32, 40, 140, 184<CR><LF>`bench crop 3 320, 0, 32, 40, 174, 184<CR><LF>`bench crop 3 0, 0, 32, 40, 208, 184<CR><LF>`bench update<CR><LF>
[2026-09-15T14:24:19.408] `bench PC_KEY<CR><LF>
[2026-09-15T14:24:19.522] `bench PC_KEY<CR><LF>
[2026-09-15T14:24:19.633] `bench PC_KEY<CR><LF>
[2026-09-15T14:24:19.746] `bench PC_KEY<CR><LF>
[2026-09-15T14:24:19.808] `bench PC_KEY<CR><LF>Cog0  T0-12,running,transitions,149,illegal,0,pos,-149
[2026-09-15T14:24:19.875] `bench crop 2 0, 32, 200, 32, 12, 104<CR><LF>`bench crop 3 320, 0, 32, 40, 140, 140<CR><LF>`bench crop 3 32, 0, 32, 40, 174, 140<CR><LF>`bench crop 3 128, 0, 32, 40, 208, 140<CR><LF>`bench crop 3 288, 0, 32, 40, 242, 140<CR><LF>`bench crop 3 320, 0, 32, 40, 140, 184<CR><LF>`bench crop 3 320, 0, 32, 40, 174, 184<CR><LF>`bench crop 3 0, 0, 32, 40, 208, 184<CR><LF>`bench update<CR><LF>
[2026-09-15T14:24:19.971] `bench PC_KEY<CR><LF>
[2026-09-15T14:24:20.083] `bench PC_KEY<CR><LF>
[2026-09-15T14:24:20.195] `bench PC_KEY<CR><LF>
[2026-09-15T14:24:20.308] `bench PC_KEY<CR><LF>
[2026-09-15T14:24:20.370] `bench PC_KEY<CR><LF>Cog0  T0-12,running,transitions,178,illegal,0,pos,-178
[2026-09-15T14:24:20.438] `bench crop 2 0, 32, 200, 32, 12, 104<CR><LF>`bench crop 3 320, 0, 32, 40, 140, 140<CR><LF>`bench crop 3 32, 0, 32, 40, 174, 140<CR><LF>`bench crop 3 224, 0, 32, 40, 208, 140<CR><LF>`bench crop 3 256, 0, 32, 40, 242, 140<CR><LF>`bench crop 3 320, 0, 32, 40, 140, 184<CR><LF>`bench crop 3 320, 0, 32, 40, 174, 184<CR><LF>`bench crop 3 0, 0, 32, 40, 208, 184<CR><LF>`bench update<CR><LF>
[2026-09-15T14:24:20.534] `bench PC_KEY<CR><LF>
[2026-09-15T14:24:20.648] `bench PC_KEY<CR><LF>
[2026-09-15T14:24:20.758] `bench PC_KEY<CR><LF>
[2026-09-15T14:24:20.869] `bench PC_KEY<CR><LF>
[2026-09-15T14:24:20.933] `bench PC_KEY<CR><LF>Cog0  T0-12,running,transitions,182,illegal,0,pos,-182
[2026-09-15T14:24:21.001] `bench crop 2 0, 32, 200, 32, 12, 104<CR><LF>`bench crop 3 320, 0, 32, 40, 140, 140<CR><LF>`bench crop 3 32, 0, 32, 40, 174, 140<CR><LF>`bench crop 3 256, 0, 32, 40, 208, 140<CR><LF>`bench crop 3 64, 0, 32, 40, 242, 140<CR><LF>`bench crop 3 320, 0, 32, 40, 140, 184<CR><LF>`bench crop 3 320, 0, 32, 40, 174, 184<CR><LF>`bench crop 3 0, 0, 32, 40, 208, 184<CR><LF>`bench update<CR><LF>
[2026-09-15T14:24:21.098] `bench PC_KEY<CR><LF>
[2026-09-15T14:24:21.209] `bench PC_KEY<CR><LF>
[2026-09-15T14:24:21.321] `bench PC_KEY<CR><LF>
[2026-09-15T14:24:21.435] `bench PC_KEY<CR><LF>
[2026-09-15T14:24:21.495] `bench PC_KEY<CR><LF>Cog0  T0-12,running,transitions,222,illegal,0,pos,-222
[2026-09-15T14:24:21.566] `bench crop 2 0, 32, 200, 32, 12, 104<CR><LF>`bench crop 3 320, 0, 32, 40, 140, 140<CR><LF>`bench crop 3 64, 0, 32, 40, 174, 140<CR><LF>`bench crop 3 64, 0, 32, 40, 208, 140<CR><LF>`bench crop 3 64, 0, 32, 40, 242, 140<CR><LF>`bench crop 3 320, 0, 32, 40, 140, 184<CR><LF>`bench crop 3 320, 0, 32, 40, 174, 184<CR><LF>`bench crop 3 0, 0, 32, 40, 208, 184<CR><LF>`bench update<CR><LF>
[2026-09-15T14:24:21.659] `bench PC_KEY<CR><LF>
[2026-09-15T14:24:21.770] `bench PC_KEY<CR><LF>
[2026-09-15T14:24:21.882] `bench PC_KEY<CR><LF>
[2026-09-15T14:24:21.995] `bench PC_KEY<CR><LF>
[2026-09-15T14:24:22.058] `bench PC_KEY<CR><LF>Cog0  T0-12,running,transitions,254,illegal,0,pos,-254
[2026-09-15T14:24:22.125] `bench crop 2 0, 32, 200, 32, 12, 104<CR><LF>`bench crop 3 320, 0, 32, 40, 140, 140<CR><LF>`bench crop 3 64, 0, 32, 40, 174, 140<CR><LF>`bench crop 3 160, 0, 32, 40, 208, 140<CR><LF>`bench crop 3 128, 0, 32, 40, 242, 140<CR><LF>`bench crop 3 320, 0, 32, 40, 140, 184<CR><LF>`bench crop 3 320, 0, 32, 40, 174, 184<CR><LF>`bench crop 3 0, 0, 32, 40, 208, 184<CR><LF>`bench update<CR><LF>
[2026-09-15T14:24:22.221] `bench PC_KEY<CR><LF>
[2026-09-15T14:24:22.333] `bench PC_KEY<CR><LF>
[2026-09-15T14:24:22.445] `bench PC_KEY<CR><LF>
[2026-09-15T14:24:22.558] `bench PC_KEY<CR><LF>
[2026-09-15T14:24:22.620] `bench PC_KEY<CR><LF>Cog0  T0-12,running,transitions,268,illegal,0,pos,-268
[2026-09-15T14:24:22.687] `bench crop 2 0, 32, 200, 32, 12, 104<CR><LF>`bench crop 3 320, 0, 32, 40, 140, 140<CR><LF>`bench crop 3 64, 0, 32, 40, 174, 140<CR><LF>`bench crop 3 192, 0, 32, 40, 208, 140<CR><LF>`bench crop 3 256, 0, 32, 40, 242, 140<CR><LF>`bench crop 3 320, 0, 32, 40, 140, 184<CR><LF>`bench crop 3 320, 0, 32, 40, 174, 184<CR><LF>`bench crop 3 0, 0, 32, 40, 208, 184<CR><LF>`bench update<CR><LF>
[2026-09-15T14:24:22.783] `bench PC_KEY<CR><LF>
[2026-09-15T14:24:22.898] `bench PC_KEY<CR><LF>
[2026-09-15T14:24:23.010] `bench PC_KEY<CR><LF>
[2026-09-15T14:24:23.120] `bench PC_KEY<CR><LF>
[2026-09-15T14:24:23.183] `bench PC_KEY<CR><LF>Cog0  T0-12,running,transitions,270,illegal,0,pos,-270
[2026-09-15T14:24:23.252] `bench crop 2 0, 32, 200, 32, 12, 104<CR><LF>`bench crop 3 320, 0, 32, 40, 140, 140<CR><LF>`bench crop 3 64, 0, 32, 40, 174, 140<CR><LF>`bench crop 3 224, 0, 32, 40, 208, 140<CR><LF>`bench crop 3 0, 0, 32, 40, 242, 140<CR><LF>`bench crop 3 320, 0, 32, 40, 140, 184<CR><LF>`bench crop 3 320, 0, 32, 40, 174, 184<CR><LF>`bench crop 3 0, 0, 32, 40, 208, 184<CR><LF>`bench update<CR><LF>
[2026-09-15T14:24:23.348] `bench PC_KEY<CR><LF>
[2026-09-15T14:24:23.460] `bench PC_KEY<CR><LF>
[2026-09-15T14:24:23.573] `bench PC_KEY<CR><LF>
[2026-09-15T14:24:23.683] `bench PC_KEY<CR><LF>
[2026-09-15T14:24:23.745] `bench PC_KEY<CR><LF>Cog0  T0-12,running,transitions,270,illegal,0,pos,-270
[2026-09-15T14:24:23.815] `bench crop 2 0, 32, 200, 32, 12, 104<CR><LF>`bench crop 3 320, 0, 32, 40, 140, 140<CR><LF>`bench crop 3 64, 0, 32, 40, 174, 140<CR><LF>`bench crop 3 224, 0, 32, 40, 208, 140<CR><LF>`bench crop 3 0, 0, 32, 40, 242, 140<CR><LF>`bench crop 3 320, 0, 32, 40, 140, 184<CR><LF>`bench crop 3 320, 0, 32, 40, 174, 184<CR><LF>`bench crop 3 0, 0, 32, 40, 208, 184<CR><LF>`bench update<CR><LF>
[2026-09-15T14:24:23.909] `bench PC_KEY<CR><LF>
[2026-09-15T14:24:24.020] `bench PC_KEY<CR><LF>
[2026-09-15T14:24:24.135] `bench PC_KEY<CR><LF>
[2026-09-15T14:24:24.244] `bench PC_KEY<CR><LF>
[2026-09-15T14:24:24.307] `bench PC_KEY<CR><LF>Cog0  T0-12,running,transitions,270,illegal,0,pos,-270
[2026-09-15T14:24:24.376] `bench crop 2 0, 32, 200, 32, 12, 104<CR><LF>`bench crop 3 320, 0, 32, 40, 140, 140<CR><LF>`bench crop 3 64, 0, 32, 40, 174, 140<CR><LF>`bench crop 3 224, 0, 32, 40, 208, 140<CR><LF>`bench crop 3 0, 0, 32, 40, 242, 140<CR><LF>`bench crop 3 320, 0, 32, 40, 140, 184<CR><LF>`bench crop 3 320, 0, 32, 40, 174, 184<CR><LF>`bench crop 3 0, 0, 32, 40, 208, 184<CR><LF>`bench update<CR><LF>
[2026-09-15T14:24:24.474] `bench PC_KEY<CR><LF>
[2026-09-15T14:24:24.582] `bench PC_KEY<CR><LF>
[2026-09-15T14:24:24.695] `bench PC_KEY<CR><LF>
[2026-09-15T14:24:24.809] `bench PC_KEY<CR><LF>
[2026-09-15T14:24:24.870] `bench PC_KEY<CR><LF>Cog0  T0-12,running,transitions,270,illegal,0,pos,-270
[2026-09-15T14:24:24.936] `bench crop 2 0, 32, 200, 32, 12, 104<CR><LF>`bench crop 3 320, 0, 32, 40, 140, 140<CR><LF>`bench crop 3 64, 0, 32, 40, 174, 140<CR><LF>`bench crop 3 224, 0, 32, 40, 208, 140<CR><LF>`bench crop 3 0, 0, 32, 40, 242, 140<CR><LF>`bench crop 3 320, 0, 32, 40, 140, 184<CR><LF>`bench crop 3 320, 0, 32, 40, 174, 184<CR><LF>`bench crop 3 0, 0, 32, 40, 208, 184<CR><LF>`bench update<CR><LF>
[2026-09-15T14:24:25.034] `bench PC_KEY<CR><LF>
[2026-09-15T14:24:25.145] `bench PC_KEY<CR><LF>
[2026-09-15T14:24:25.257] `bench PC_KEY<CR><LF>
[2026-09-15T14:24:25.369] `bench PC_KEY<CR><LF>
[2026-09-15T14:24:25.435] `bench PC_KEY<CR><LF>`bench crop 2 0, 64, 200, 32, 12, 104<CR><LF>`bench crop 3 320, 0, 32, 40, 140, 140<CR><LF>`bench crop 3 64, 0, 32, 40, 174, 140<CR><LF>`bench crop 3 224, 0, 32, 40, 208, 140<CR><LF>`bench crop 3 0, 0, 32, 40, 242, 140<CR><LF>`bench crop 3 320, 0, 32, 40, 140, 184<CR><LF>`bench crop 3 320, 0, 32, 40, 174, 184<CR><LF>`bench crop 3 0, 0, 32, 40, 208, 184<CR><LF>`bench update<CR><LF>Cog0  T0-12,end,transitions,270,illegal,0,pos,-270,final_hall_code,6,told_direction,CW_FROM_HUB,note,expect_90_per_revolution_(5.763_mm_per_tick)
[2026-09-15T14:24:25.450] Cog0  T0-TRAP,code,0
[2026-09-15T14:24:25.450] Cog0  * test_bench_t0 -- DONE
[2026-09-15T14:24:25.450] Cog0  DEBUG_END_SESSION

=== Debug Logger Session Ended at 2026-09-15T14:24:25.453 ===
