=== Debug Logger Session Started at 2026-09-15T14:24:54.400 ===
PNut-Term-TS: v1.0.8
Program: debug
=====================================

[2026-09-15T14:24:54.298] [SYSTEM] BAUD_RATE_SET 2000000 baud (preferences/default)

=== Session ended - Download Started at 2026-09-15T14:24:54.526 ===
=== Debug Logger Session Started at 2026-09-15T14:24:54.530 ===
PNut-Term-TS: v1.0.8
Program: debug
=====================================

[2026-09-15T14:24:54.526] [SYSTEM] [DOWNLOAD TO RAM] File: test_bench_dual.bin | Size: 54742 bytes | Modified: 2026-09-15T20:24:53.518Z
[2026-09-15T14:24:54.529] [SYSTEM] Download Session Started
[2026-09-15T14:24:55.987] Cog0  INIT $0000_0000 $0000_0000 load
[2026-09-15T14:24:55.988] [SYSTEM] [DOWNLOAD SUCCESS] test_bench_dual.bin successfully downloaded to RAM
[2026-09-15T14:24:55.991] Cog0  INIT $0000_0FA8 $0003_389C jump
[2026-09-15T14:24:55.992] Cog1  INIT $0000_0FA8 $0003_2308 jump
[2026-09-15T14:24:55.993] Cog0  BM-WDSTART,seq,1,started,TRUE,cog,1
[2026-09-15T14:24:55.995] Cog0  BM-BANNER,seq,2,src_rev,7,fmt,1,part,BRAKE,cfg_id,BENCH,frame,MOTOR,clkfreq,270_000_000,left_base,32,right_base,16,voltage_enum,6,det_mode,30,motor_type,0,quiet,TRUE,mdbg,3,sdbg,3
[2026-09-15T14:24:55.996] Cog0  BM-BUILD,seq,3,sf,1,inst_hz,500,inst_ticks,540_000,ring,4_096,slongs,9,waitms_max,7_953,wd_stall_ms,4_000,abs_abort_mV,1_500,ladder_max,165_000_000,rwire_mohm,20,pack_mV,18_500,fault_cool_ms,5_000
[2026-09-15T14:24:55.997] Cog0  SIGNOFF-DECL,sf,1,bin,DUAL,cell,R14-DUAL-NOSTALL-H,task,3508
[2026-09-15T14:24:55.997] Cog0  SIGNOFF-DECL,sf,1,bin,DUAL,cell,R14-DUAL-DBGMASK-H,task,3508
[2026-09-15T14:24:55.998] Cog0  SIGNOFF-DECL,sf,1,bin,DUAL,cell,R14-DUAL-BRAKEFLT-H,task,3508
[2026-09-15T14:24:55.999] Cog0  BM-PLAN,seq,4,seg,OUTSIDE,order,1,attended,TRUE,part,BRAKE,finds,M_AF_S-5_Z,est_s,120,est_kb,130
[2026-09-15T14:24:56.005] Cog0  * PANIC PROCEDURE IS PHYSICAL BATTERY DISCONNECT ONLY -- emergencyCutoff() self-cancels in about 250 ms (finding S-4)
[2026-09-15T14:24:56.005] Cog2  INIT $0000_0FA8 $0003_044C jump
[2026-09-15T14:24:56.006] Cog0  BM-INST,seq,5,event,START,cog,2,state,IDLE,ack_ms,5,samples,0,late,0,skipped,0,max_late_us,0,clamps,0,why,NONE
[2026-09-15T14:24:56.007] Cog0  BM-SEG,seq,6,seg,OUTSIDE,event,BEGIN,attended,TRUE,items,0,faults,0,unrecov,0,ms,0,why,NONE
[2026-09-15T14:24:56.087] `PLOT bmpanel TITLE 'Motion harness operator panel' SIZE 480 260 POS 60 80 HIDEXY UPDATE<CR><LF>`bmpanel cartesian 1<CR><LF>`bmpanel LAYER 1 'bm_bg.bmp'<CR><LF>`bmpanel LAYER 2 'bm_prompt.bmp'<CR><LF>`bmpanel LAYER 3 'bm_state.bmp'<CR><LF>`bmpanel LAYER 4 'bm_buttons.bmp'<CR><LF>`bmpanel LAYER 5 'bm_digits.bmp'<CR><LF>`bmpanel crop 1<CR><LF>`bmpanel update<CR><LF>`bmpanel crop 2 0, 0, 456, 76, 12, 34<CR><LF>`bmpanel crop 3 0, 0, 300, 32, 12, 116<CR><LF>`bmpanel crop 4 0, 0, 108, 36, 12, 156<CR><LF>`bmpanel crop 1 128, 156, 108, 36<CR><LF>`bmpanel crop 1 244, 156, 108, 36<CR><LF>`bmpanel crop 1 12, 198, 108, 36<CR><LF>`bmpanel crop 1 128, 198, 108, 36<CR><LF>`bmpanel crop 1 244, 198, 108, 36<CR><LF>`bmpanel crop 1 360, 198, 108, 36<CR><LF>`bmpanel crop 5 200, 0, 20, 32, 404, 116<CR><LF>`bmpanel crop 5 200, 0, 20, 32, 424, 116<CR><LF>`bmpanel crop 5 200, 0, 20, 32, 444, 116<CR><LF>`bmpanel update<CR><LF>`bmpanel crop 2 0, 0, 456, 76, 12, 34<CR><LF>`bmpanel crop 3 0, 0, 300, 32, 12, 116<CR><LF>`bmpanel crop 4 0, 0, 108, 36, 12, 156<CR><LF>`bmpanel crop 1 128, 156, 108, 36<CR><LF>`bmpanel crop 1 244, 156, 108, 36<CR><LF>`bmpanel crop 1 12, 198, 108, 36<CR><LF>`bmpanel crop 1 128, 198, 108, 36<CR><LF>`bmpanel crop 1 244, 198, 108, 36<CR><LF>`bmpanel crop 1 360, 198, 108, 36<CR><LF>`bmpanel crop 5 20, 0, 20, 32, 404, 116<CR><LF>`bmpanel crop 5 40, 0, 20, 32, 424, 116<CR><LF>`bmpanel crop 5 0, 0, 20, 32, 444, 116<CR><LF>`bmpanel update<CR><LF>`bmpanel PC_KEY<CR><LF>
[2026-09-15T14:24:56.385] `bmpanel PC_MOUSE<CR><LF>
[2026-09-15T14:24:56.464] `bmpanel PC_KEY<CR><LF>`bmpanel PC_MOUSE<CR><LF>
[2026-09-15T14:24:56.545] `bmpanel PC_KEY<CR><LF>`bmpanel PC_MOUSE<CR><LF>
[2026-09-15T14:24:56.624] `bmpanel PC_KEY<CR><LF>`bmpanel PC_MOUSE<CR><LF>
[2026-09-15T14:24:56.706] `bmpanel PC_KEY<CR><LF>`bmpanel PC_MOUSE<CR><LF>
[2026-09-15T14:24:56.784] `bmpanel PC_KEY<CR><LF>`bmpanel PC_MOUSE<CR><LF>
[2026-09-15T14:24:56.865] `bmpanel PC_KEY<CR><LF>`bmpanel PC_MOUSE<CR><LF>
[2026-09-15T14:24:56.945] `bmpanel PC_KEY<CR><LF>`bmpanel PC_MOUSE<CR><LF>
[2026-09-15T14:24:57.024] `bmpanel PC_KEY<CR><LF>`bmpanel PC_MOUSE<CR><LF>
[2026-09-15T14:24:57.108] `bmpanel crop 2 0, 0, 456, 76, 12, 34<CR><LF>`bmpanel crop 3 0, 0, 300, 32, 12, 116<CR><LF>`bmpanel crop 4 0, 0, 108, 36, 12, 156<CR><LF>`bmpanel crop 1 128, 156, 108, 36<CR><LF>`bmpanel crop 1 244, 156, 108, 36<CR><LF>`bmpanel crop 1 12, 198, 108, 36<CR><LF>`bmpanel crop 1 128, 198, 108, 36<CR><LF>`bmpanel crop 1 244, 198, 108, 36<CR><LF>`bmpanel crop 1 360, 198, 108, 36<CR><LF>`bmpanel crop 5 20, 0, 20, 32, 404, 116<CR><LF>`bmpanel crop 5 20, 0, 20, 32, 424, 116<CR><LF>`bmpanel crop 5 180, 0, 20, 32, 444, 116<CR><LF>`bmpanel update<CR><LF>`bmpanel PC_KEY<CR><LF>`bmpanel PC_MOUSE<CR><LF>
[2026-09-15T14:24:57.191] `bmpanel PC_KEY<CR><LF>`bmpanel PC_MOUSE<CR><LF>
[2026-09-15T14:24:57.269] `bmpanel PC_KEY<CR><LF>`bmpanel PC_MOUSE<CR><LF>
[2026-09-15T14:24:57.349] `bmpanel PC_KEY<CR><LF>`bmpanel PC_MOUSE<CR><LF>
[2026-09-15T14:24:57.431] `bmpanel PC_KEY<CR><LF>`bmpanel PC_MOUSE<CR><LF>
[2026-09-15T14:24:57.510] `bmpanel PC_KEY<CR><LF>`bmpanel PC_MOUSE<CR><LF>
[2026-09-15T14:24:57.589] `bmpanel PC_KEY<CR><LF>`bmpanel PC_MOUSE<CR><LF>
[2026-09-15T14:24:57.669] `bmpanel PC_KEY<CR><LF>`bmpanel PC_MOUSE<CR><LF>
[2026-09-15T14:24:57.751] `bmpanel PC_KEY<CR><LF>`bmpanel PC_MOUSE<CR><LF>
[2026-09-15T14:24:57.830] `bmpanel PC_KEY<CR><LF>`bmpanel PC_MOUSE<CR><LF>
[2026-09-15T14:24:57.909] `bmpanel PC_KEY<CR><LF>`bmpanel PC_MOUSE<CR><LF>
[2026-09-15T14:24:57.989] `bmpanel PC_KEY<CR><LF>`bmpanel PC_MOUSE<CR><LF>
[2026-09-15T14:24:58.069] `bmpanel PC_KEY<CR><LF>`bmpanel PC_MOUSE<CR><LF>
[2026-09-15T14:24:58.158] `bmpanel crop 2 0, 0, 456, 76, 12, 34<CR><LF>`bmpanel crop 3 0, 0, 300, 32, 12, 116<CR><LF>`bmpanel crop 4 0, 0, 108, 36, 12, 156<CR><LF>`bmpanel crop 1 128, 156, 108, 36<CR><LF>`bmpanel crop 1 244, 156, 108, 36<CR><LF>`bmpanel crop 1 12, 198, 108, 36<CR><LF>`bmpanel crop 1 128, 198, 108, 36<CR><LF>`bmpanel crop 1 244, 198, 108, 36<CR><LF>`bmpanel crop 1 360, 198, 108, 36<CR><LF>`bmpanel crop 5 20, 0, 20, 32, 404, 116<CR><LF>`bmpanel crop 5 20, 0, 20, 32, 424, 116<CR><LF>`bmpanel crop 5 160, 0, 20, 32, 444, 116<CR><LF>`bmpanel update<CR><LF>`bmpanel PC_KEY<CR><LF>`bmpanel PC_MOUSE<CR><LF>
[2026-09-15T14:24:58.235] `bmpanel PC_KEY<CR><LF>`bmpanel PC_MOUSE<CR><LF>
[2026-09-15T14:24:58.315] `bmpanel PC_KEY<CR><LF>`bmpanel PC_MOUSE<CR><LF>
[2026-09-15T14:24:58.395] `bmpanel PC_KEY<CR><LF>`bmpanel PC_MOUSE<CR><LF>
[2026-09-15T14:24:58.477] `bmpanel PC_KEY<CR><LF>`bmpanel PC_MOUSE<CR><LF>
[2026-09-15T14:24:58.555] `bmpanel PC_KEY<CR><LF>`bmpanel PC_MOUSE<CR><LF>
[2026-09-15T14:24:58.635] `bmpanel PC_KEY<CR><LF>`bmpanel PC_MOUSE<CR><LF>
[2026-09-15T14:24:58.715] `bmpanel PC_KEY<CR><LF>`bmpanel PC_MOUSE<CR><LF>
[2026-09-15T14:24:58.798] `bmpanel PC_KEY<CR><LF>`bmpanel PC_MOUSE<CR><LF>
[2026-09-15T14:24:58.877] `bmpanel PC_KEY<CR><LF>`bmpanel PC_MOUSE<CR><LF>
[2026-09-15T14:24:58.956] `bmpanel PC_KEY<CR><LF>`bmpanel PC_MOUSE<CR><LF>
[2026-09-15T14:24:59.035] `bmpanel PC_KEY<CR><LF>`bmpanel PC_MOUSE<CR><LF>
[2026-09-15T14:24:59.123] `bmpanel crop 2 0, 0, 456, 76, 12, 34<CR><LF>`bmpanel crop 3 0, 0, 300, 32, 12, 116<CR><LF>`bmpanel crop 4 0, 0, 108, 36, 12, 156<CR><LF>`bmpanel crop 1 128, 156, 108, 36<CR><LF>`bmpanel crop 1 244, 156, 108, 36<CR><LF>`bmpanel crop 1 12, 198, 108, 36<CR><LF>`bmpanel crop 1 128, 198, 108, 36<CR><LF>`bmpanel crop 1 244, 198, 108, 36<CR><LF>`bmpanel crop 1 360, 198, 108, 36<CR><LF>`bmpanel crop 5 20, 0, 20, 32, 404, 116<CR><LF>`bmpanel crop 5 20, 0, 20, 32, 424, 116<CR><LF>`bmpanel crop 5 140, 0, 20, 32, 444, 116<CR><LF>`bmpanel update<CR><LF>`bmpanel PC_KEY<CR><LF>`bmpanel PC_MOUSE<CR><LF>
[2026-09-15T14:24:59.200] `bmpanel PC_KEY<CR><LF>`bmpanel PC_MOUSE<CR><LF>
[2026-09-15T14:24:59.284] `bmpanel PC_KEY<CR><LF>`bmpanel PC_MOUSE<CR><LF>
[2026-09-15T14:24:59.361] `bmpanel PC_KEY<CR><LF>`bmpanel PC_MOUSE<CR><LF>
[2026-09-15T14:24:59.440] `bmpanel PC_KEY<CR><LF>`bmpanel PC_MOUSE<CR><LF>
[2026-09-15T14:24:59.519] `bmpanel PC_KEY<CR><LF>`bmpanel PC_MOUSE<CR><LF>
[2026-09-15T14:24:59.600] `bmpanel PC_KEY<CR><LF>`bmpanel PC_MOUSE<CR><LF>
[2026-09-15T14:24:59.680] `bmpanel PC_KEY<CR><LF>`bmpanel PC_MOUSE<CR><LF>
[2026-09-15T14:24:59.763] `bmpanel PC_KEY<CR><LF>`bmpanel PC_MOUSE<CR><LF>
[2026-09-15T14:24:59.841] `bmpanel PC_KEY<CR><LF>`bmpanel PC_MOUSE<CR><LF>
[2026-09-15T14:24:59.920] `bmpanel PC_KEY<CR><LF>`bmpanel PC_MOUSE<CR><LF>
[2026-09-15T14:25:00.004] `bmpanel PC_KEY<CR><LF>`bmpanel PC_MOUSE<CR><LF>
[2026-09-15T14:25:00.166] `bmpanel PC_KEY<CR><LF>`bmpanel PC_MOUSE<CR><LF>`bmpanel crop 2 0, 0, 456, 76, 12, 34<CR><LF>`bmpanel crop 3 0, 0, 300, 32, 12, 116<CR><LF>`bmpanel crop 4 0, 0, 108, 36, 12, 156<CR><LF>`bmpanel crop 1 128, 156, 108, 36<CR><LF>`bmpanel crop 1 244, 156, 108, 36<CR><LF>`bmpanel crop 1 12, 198, 108, 36<CR><LF>`bmpanel crop 1 128, 198, 108, 36<CR><LF>`bmpanel crop 1 244, 198, 108, 36<CR><LF>`bmpanel crop 1 360, 198, 108, 36<CR><LF>`bmpanel crop 5 20, 0, 20, 32, 404, 116<CR><LF>`bmpanel crop 5 20, 0, 20, 32, 424, 116<CR><LF>`bmpanel crop 5 120, 0, 20, 32, 444, 116<CR><LF>`bmpanel update<CR><LF>`bmpanel PC_KEY<CR><LF>`bmpanel PC_MOUSE<CR><LF>
[2026-09-15T14:25:00.246] `bmpanel PC_KEY<CR><LF>`bmpanel PC_MOUSE<CR><LF>
[2026-09-15T14:25:00.327] `bmpanel PC_KEY<CR><LF>`bmpanel PC_MOUSE<CR><LF>
[2026-09-15T14:25:00.406] `bmpanel PC_KEY<CR><LF>`bmpanel PC_MOUSE<CR><LF>
[2026-09-15T14:25:00.486] `bmpanel PC_KEY<CR><LF>`bmpanel PC_MOUSE<CR><LF>
[2026-09-15T14:25:00.567] `bmpanel PC_KEY<CR><LF>`bmpanel PC_MOUSE<CR><LF>
[2026-09-15T14:25:00.648] `bmpanel PC_KEY<CR><LF>`bmpanel PC_MOUSE<CR><LF>
[2026-09-15T14:25:00.726] `bmpanel PC_KEY<CR><LF>`bmpanel PC_MOUSE<CR><LF>
[2026-09-15T14:25:00.807] `bmpanel PC_KEY<CR><LF>`bmpanel PC_MOUSE<CR><LF>
[2026-09-15T14:25:00.887] `bmpanel PC_KEY<CR><LF>`bmpanel PC_MOUSE<CR><LF>
[2026-09-15T14:25:00.967] `bmpanel PC_KEY<CR><LF>`bmpanel PC_MOUSE<CR><LF>
[2026-09-15T14:25:01.047] `bmpanel PC_KEY<CR><LF>`bmpanel PC_MOUSE<CR><LF>
[2026-09-15T14:25:01.130] `bmpanel crop 2 0, 0, 456, 76, 12, 34<CR><LF>`bmpanel crop 3 0, 0, 300, 32, 12, 116<CR><LF>`bmpanel crop 4 0, 0, 108, 36, 12, 156<CR><LF>`bmpanel crop 1 128, 156, 108, 36<CR><LF>`bmpanel crop 1 244, 156, 108, 36<CR><LF>`bmpanel crop 1 12, 198, 108, 36<CR><LF>`bmpanel crop 1 128, 198, 108, 36<CR><LF>`bmpanel crop 1 244, 198, 108, 36<CR><LF>`bmpanel crop 1 360, 198, 108, 36<CR><LF>`bmpanel crop 5 20, 0, 20, 32, 404, 116<CR><LF>`bmpanel crop 5 20, 0, 20, 32, 424, 116<CR><LF>`bmpanel crop 5 100, 0, 20, 32, 444, 116<CR><LF>`bmpanel update<CR><LF>`bmpanel PC_KEY<CR><LF>`bmpanel PC_MOUSE<CR><LF>
[2026-09-15T14:25:01.211] `bmpanel PC_KEY<CR><LF>`bmpanel PC_MOUSE<CR><LF>
[2026-09-15T14:25:01.292] `bmpanel PC_KEY<CR><LF>`bmpanel PC_MOUSE<CR><LF>
[2026-09-15T14:25:01.372] `bmpanel PC_KEY<CR><LF>`bmpanel PC_MOUSE<CR><LF>
[2026-09-15T14:25:01.453] `bmpanel PC_KEY<CR><LF>`bmpanel PC_MOUSE<CR><LF>
[2026-09-15T14:25:01.532] `bmpanel PC_KEY<CR><LF>`bmpanel PC_MOUSE<CR><LF>
[2026-09-15T14:25:01.611] `bmpanel PC_KEY<CR><LF>`bmpanel PC_MOUSE<CR><LF>
[2026-09-15T14:25:01.694] `bmpanel PC_KEY<CR><LF>`bmpanel PC_MOUSE<CR><LF>
[2026-09-15T14:25:01.771] `bmpanel PC_KEY<CR><LF>`bmpanel PC_MOUSE<CR><LF>
[2026-09-15T14:25:01.851] `bmpanel PC_KEY<CR><LF>`bmpanel PC_MOUSE<CR><LF>
[2026-09-15T14:25:01.932] `bmpanel PC_KEY<CR><LF>`bmpanel PC_MOUSE<CR><LF>
[2026-09-15T14:25:02.097] `bmpanel PC_KEY<CR><LF>`bmpanel PC_MOUSE<CR><LF>`bmpanel crop 2 0, 0, 456, 76, 12, 34<CR><LF>`bmpanel crop 3 0, 0, 300, 32, 12, 116<CR><LF>`bmpanel crop 4 0, 0, 108, 36, 12, 156<CR><LF>`bmpanel crop 1 128, 156, 108, 36<CR><LF>`bmpanel crop 1 244, 156, 108, 36<CR><LF>`bmpanel crop 1 12, 198, 108, 36<CR><LF>`bmpanel crop 1 128, 198, 108, 36<CR><LF>`bmpanel crop 1 244, 198, 108, 36<CR><LF>`bmpanel crop 1 360, 198, 108, 36<CR><LF>`bmpanel crop 5 20, 0, 20, 32, 404, 116<CR><LF>`bmpanel crop 5 20, 0, 20, 32, 424, 116<CR><LF>`bmpanel crop 5 80, 0, 20, 32, 444, 116<CR><LF>`bmpanel update<CR><LF>`bmpanel PC_KEY<CR><LF>`bmpanel PC_MOUSE<CR><LF>
[2026-09-15T14:25:02.178] `bmpanel PC_KEY<CR><LF>`bmpanel PC_MOUSE<CR><LF>
[2026-09-15T14:25:02.257] `bmpanel PC_KEY<CR><LF>`bmpanel PC_MOUSE<CR><LF>
[2026-09-15T14:25:02.339] `bmpanel PC_KEY<CR><LF>`bmpanel PC_MOUSE<CR><LF>
[2026-09-15T14:25:02.419] `bmpanel PC_KEY<CR><LF>`bmpanel PC_MOUSE<CR><LF>
[2026-09-15T14:25:02.497] `bmpanel PC_KEY<CR><LF>`bmpanel PC_MOUSE<CR><LF>
[2026-09-15T14:25:02.577] `bmpanel PC_KEY<CR><LF>`bmpanel PC_MOUSE<CR><LF>
[2026-09-15T14:25:02.657] `bmpanel PC_KEY<CR><LF>`bmpanel PC_MOUSE<CR><LF>
[2026-09-15T14:25:02.738] `bmpanel PC_KEY<CR><LF>`bmpanel PC_MOUSE<CR><LF>
[2026-09-15T14:25:02.819] `bmpanel PC_KEY<CR><LF>`bmpanel PC_MOUSE<CR><LF>
[2026-09-15T14:25:02.897] `bmpanel PC_KEY<CR><LF>`bmpanel PC_MOUSE<CR><LF>
[2026-09-15T14:25:02.977] `bmpanel PC_KEY<CR><LF>`bmpanel PC_MOUSE<CR><LF>
[2026-09-15T14:25:03.057] `bmpanel PC_KEY<CR><LF>`bmpanel PC_MOUSE<CR><LF>
[2026-09-15T14:25:03.144] `bmpanel crop 2 0, 0, 456, 76, 12, 34<CR><LF>`bmpanel crop 3 0, 0, 300, 32, 12, 116<CR><LF>`bmpanel crop 4 0, 0, 108, 36, 12, 156<CR><LF>`bmpanel crop 1 128, 156, 108, 36<CR><LF>`bmpanel crop 1 244, 156, 108, 36<CR><LF>`bmpanel crop 1 12, 198, 108, 36<CR><LF>`bmpanel crop 1 128, 198, 108, 36<CR><LF>`bmpanel crop 1 244, 198, 108, 36<CR><LF>`bmpanel crop 1 360, 198, 108, 36<CR><LF>`bmpanel crop 5 20, 0, 20, 32, 404, 116<CR><LF>`bmpanel crop 5 20, 0, 20, 32, 424, 116<CR><LF>`bmpanel crop 5 60, 0, 20, 32, 444, 116<CR><LF>`bmpanel update<CR><LF>`bmpanel PC_KEY<CR><LF>`bmpanel PC_MOUSE<CR><LF>
[2026-09-15T14:25:03.222] `bmpanel PC_KEY<CR><LF>`bmpanel PC_MOUSE<CR><LF>
[2026-09-15T14:25:03.256] `bmpanel PC_KEY<CR><LF>`bmpanel crop 2 0, 0, 456, 76, 12, 34<CR><LF>`bmpanel crop 3 0, 32, 300, 32, 12, 116<CR><LF>`bmpanel crop 4 108, 0, 108, 36, 12, 156<CR><LF>`bmpanel crop 1 128, 156, 108, 36<CR><LF>`bmpanel crop 1 244, 156, 108, 36<CR><LF>`bmpanel crop 1 12, 198, 108, 36<CR><LF>`bmpanel crop 1 128, 198, 108, 36<CR><LF>`bmpanel crop 1 244, 198, 108, 36<CR><LF>`bmpanel crop 1 360, 198, 108, 36<CR><LF>`bmpanel crop 5 200, 0, 20, 32, 404, 116<CR><LF>`bmpanel crop 5 200, 0, 20, 32, 424, 116<CR><LF>`bmpanel crop 5 200, 0, 20, 32, 444, 116<CR><LF>`bmpanel update<CR><LF>Cog0  BM-OPER,seq,7,prompt,BRAKE_L,event,SHOWN,answer,NONE,input,NONE,wait_ms,0,why,NONE
[2026-09-15T14:25:03.256] Cog0  BM-OPER,seq,8,prompt,BRAKE_L,event,START,answer,NONE,input,KEY,wait_ms,7_241,why,NONE
[2026-09-15T14:25:03.272] Cog3  INIT $0000_A5FE $0003_2F57 load
[2026-09-15T14:25:03.272] Cog4  INIT $0000_A5FE $0003_327F load
[2026-09-15T14:25:03.359] Cog5  INIT $0000_0FA8 $0003_2BC0 jump
[2026-09-15T14:25:03.375] Cog0  BM-SSTART,seq,9,seg,OUTSIDE,life,1,motor,BOTH,ret,5,ret_ok,TRUE,l_st,STOPPED,r_st,STOPPED,ready_ms,0,l_neg,43,l_pos,317,r_neg,43,r_pos,317,l_ig,0,r_ig,0,l_board,REV_B,r_board,REV_B,why,NONE
[2026-09-15T14:25:08.612] `bmpanel crop 2 0, 76, 456, 76, 12, 34<CR><LF>`bmpanel crop 3 0, 64, 300, 32, 12, 116<CR><LF>`bmpanel crop 1 12, 156, 108, 36<CR><LF>`bmpanel crop 4 0, 36, 108, 36, 128, 156<CR><LF>`bmpanel crop 1 244, 156, 108, 36<CR><LF>`bmpanel crop 1 12, 198, 108, 36<CR><LF>`bmpanel crop 1 128, 198, 108, 36<CR><LF>`bmpanel crop 1 244, 198, 108, 36<CR><LF>`bmpanel crop 1 360, 198, 108, 36<CR><LF>`bmpanel crop 5 200, 0, 20, 32, 404, 116<CR><LF>`bmpanel crop 5 200, 0, 20, 32, 424, 116<CR><LF>`bmpanel crop 5 200, 0, 20, 32, 444, 116<CR><LF>`bmpanel update<CR><LF>`bmpanel crop 2 0, 76, 456, 76, 12, 34<CR><LF>`bmpanel crop 3 0, 64, 300, 32, 12, 116<CR><LF>`bmpanel crop 1 12, 156, 108, 36<CR><LF>`bmpanel crop 4 0, 36, 108, 36, 128, 156<CR><LF>`bmpanel crop 1 244, 156, 108, 36<CR><LF>`bmpanel crop 1 12, 198, 108, 36<CR><LF>`bmpanel crop 1 128, 198, 108, 36<CR><LF>`bmpanel crop 1 244, 198, 108, 36<CR><LF>`bmpanel crop 1 360, 198, 108, 36<CR><LF>`bmpanel crop 5 200, 0, 20, 32, 404, 116<CR><LF>`bmpanel crop 5 60, 0, 20, 32, 424, 116<CR><LF>`bmpanel crop 5 0, 0, 20, 32, 444, 116<CR><LF>`bmpanel update<CR><LF>`bmpanel PC_KEY<CR><LF>`bmpanel PC_MOUSE<CR><LF>`bmpanel PC_KEY<CR><LF>`bmpanel PC_MOUSE<CR><LF>`bmpanel PC_KEY<CR><LF>`bmpanel PC_MOUSE<CR><LF>`bmpanel PC_KEY<CR><LF>`bmpanel PC_MOUSE<CR><LF>`bmpanel PC_KEY<CR><LF>`bmpanel PC_MOUSE<CR><LF>`bmpanel PC_KEY<CR><LF>`bmpanel PC_MOUSE<CR><LF>`bmpanel PC_KEY<CR><LF>`bmpanel PC_MOUSE<CR><LF>`bmpanel PC_KEY<CR><LF>`bmpanel PC_MOUSE<CR><LF>`bmpanel PC_KEY<CR><LF>`bmpanel PC_MOUSE<CR><LF>`bmpanel PC_KEY<CR><LF>`bmpanel PC_MOUSE<CR><LF>`bmpanel PC_KEY<CR><LF>`bmpanel PC_MOUSE<CR><LF>`bmpanel PC_KEY<CR><LF>`bmpanel PC_MOUSE<CR><LF>`bmpanel PC_KEY<CR><LF>`bmpanel PC_MOUSE<CR><LF>`bmpanel PC_KEY<CR><LF>`bmpanel PC_MOUSE<CR><LF>`bmpanel PC_KEY<CR><LF>`bmpanel PC_MOUSE<CR><LF>`bmpanel PC_KEY<CR><LF>`bmpanel PC_MOUSE<CR><LF>`bmpanel PC_KEY<CR><LF>`bmpanel PC_MOUSE<CR><LF>`bmpanel PC_KEY<CR><LF>`bmpanel PC_MOUSE<CR><LF>`bmpanel PC_KEY<CR><LF>`bmpanel PC_MOUSE<CR><LF>`bmpanel crop 2 0, 76, 456, 76, 12, 34<CR><LF>`bmpanel crop 3 0, 64, 300, 32, 12, 116<CR><LF>`bmpanel crop 1 12, 156, 108, 36<CR><LF>`bmpanel crop 4 0, 36, 108, 36, 128, 156<CR><LF>`bmpanel crop 1 244, 156, 108, 36<CR><LF>`bmpanel crop 1 12, 198, 108, 36<CR><LF>`bmpanel crop 1 128, 198, 108, 36<CR><LF>`bmpanel crop 1 244, 198, 108, 36<CR><LF>`bmpanel crop 1 360, 198, 108, 36<CR><LF>`bmpanel crop 5 200, 0, 20, 32, 404, 116<CR><LF>`bmpanel crop 5 40, 0, 20, 32, 424, 116<CR><LF>`bmpanel crop 5 180, 0, 20, 32, 444, 116<CR><LF>`bmpanel update<CR><LF>`bmpanel PC_KEY<CR><LF>`bmpanel PC_MOUSE<CR><LF>`bmpanel PC_KEY<CR><LF>`bmpanel PC_MOUSE<CR><LF>`bmpanel PC_KEY<CR><LF>`bmpanel PC_MOUSE<CR><LF>`bmpanel PC_KEY<CR><LF>`bmpanel PC_MOUSE<CR><LF>`bmpanel PC_KEY<CR><LF>`bmpanel PC_MOUSE<CR><LF>`bmpanel PC_KEY<CR><LF>`bmpanel PC_MOUSE<CR><LF>`bmpanel PC_KEY<CR><LF>`bmpanel PC_MOUSE<CR><LF>`bmpanel PC_KEY<CR><LF>`bmpanel PC_MOUSE<CR><LF>`bmpanel PC_KEY<CR><LF>`bmpanel PC_MOUSE<CR><LF>`bmpanel PC_KEY<CR><LF>`bmpanel PC_MOUSE<CR><LF>`bmpanel PC_KEY<CR><LF>`bmpanel PC_MOUSE<CR><LF>`bmpanel PC_KEY<CR><LF>`bmpanel PC_MOUSE<CR><LF>`bmpanel PC_KEY<CR><LF>`bmpanel PC_MOUSE<CR><LF>`bmpanel PC_KEY<CR><LF>`bmpanel PC_MOUSE<CR><LF>`bmpanel PC_KEY<CR><LF>`bmpanel PC_MOUSE<CR><LF>`bmpanel PC_KEY<CR><LF>`bmpanel PC_MOUSE<CR><LF>`bmpanel PC_KEY<CR><LF>`bmpanel PC_MOUSE<CR><LF>`bmpanel PC_KEY<CR><LF>`bmpanel PC_MOUSE<CR><LF>`bmpanel PC_KEY<CR><LF>`bmpanel PC_MOUSE<CR><LF>`bmpanel crop 2 0, 76, 456, 76, 12, 34<CR><LF>`bmpanel crop 3 0, 64, 300, 32, 12, 116<CR><LF>`bmpanel crop 1 12, 156, 108, 36<CR><LF>`bmpanel crop 4 0, 36, 108, 36, 128, 156<CR><LF>`bmpanel crop 1 244, 156, 108, 36<CR><LF>`bmpanel crop 1 12, 198, 108, 36<CR><LF>`bmpanel crop 1 128, 198, 108, 36<CR><LF>`bmpanel crop 1 244, 198, 108, 36<CR><LF>`bmpanel crop 1 360, 198, 108, 36<CR><LF>`bmpanel crop 5 200, 0, 20, 32, 404, 116<CR><LF>`bmpanel crop 5 40, 0, 20, 32, 424, 116<CR><LF>`bmpanel crop 5 160, 0, 20, 32, 444, 116<CR><LF>`bmpanel update<CR><LF>`bmpanel PC_KEY<CR><LF>`bmpanel PC_MOUSE<CR><LF>`bmpanel PC_KEY<CR><LF>`bmpanel PC_MOUSE<CR><LF>`bmpanel PC_KEY<CR><LF>`bmpanel PC_MOUSE<CR><LF>`bmpanel PC_KEY<CR><LF>`bmpanel PC_MOUSE<CR><LF>`bmpanel PC_KEY<CR><LF>`bmpanel PC_MOUSE<CR><LF>`bmpanel PC_KEY<CR><LF>`bmpanel PC_MOUSE<CR><LF>`bmpanel PC_KEY<CR><LF>`bmpanel PC_MOUSE<CR><LF>`bmpanel PC_KEY<CR><LF>`bmpanel PC_MOUSE<CR><LF>`bmpanel PC_KEY<CR><LF>`bmpanel PC_MOUSE<CR><LF>`bmpanel PC_KEY<CR><LF>`bmpanel PC_MOUSE<CR><LF>`bmpanel PC_KEY<CR><LF>`bmpanel PC_MOUSE<CR><LF>`bmpanel PC_KEY<CR><LF>`bmpanel PC_MOUSE<CR><LF>`bmpanel PC_KEY<CR><LF>`bmpanel PC_MOUSE<CR><LF>`bmpanel PC_KEY<CR><LF>`bmpanel PC_MOUSE<CR><LF>`bmpanel PC_KEY<CR><LF>`bmpanel PC_MOUSE<CR><LF>`bmpanel PC_KEY<CR><LF>`bmpanel PC_MOUSE<CR><LF>`bmpanel PC_KEY<CR><LF>

=== Debug Logger Session Ended at 2026-09-15T14:26:02.590 ===
