=== Debug Logger Session Started at 2026-09-15T13:46:59.445 ===
PNut-Term-TS: v1.0.8
Program: debug
=====================================

[2026-09-15T13:46:59.342] [SYSTEM] BAUD_RATE_SET 2000000 baud (preferences/default)

=== Session ended - Download Started at 2026-09-15T13:46:59.537 ===
=== Debug Logger Session Started at 2026-09-15T13:46:59.541 ===
PNut-Term-TS: v1.0.8
Program: debug
=====================================

[2026-09-15T13:46:59.537] [SYSTEM] [DOWNLOAD TO RAM] File: test_bench_dual.bin | Size: 54593 bytes | Modified: 2026-09-15T19:46:58.533Z
[2026-09-15T13:46:59.540] [SYSTEM] Download Session Started
[2026-09-15T13:47:01.002] [SYSTEM] [DOWNLOAD SUCCESS] test_bench_dual.bin successfully downloaded to RAM
[2026-09-15T13:47:01.003] Cog0  INIT $0000_0000 $0000_0000 load
[2026-09-15T13:47:01.006] Cog0  INIT $0000_0FA8 $0003_3814 jump
[2026-09-15T13:47:01.008] Cog1  INIT $0000_0FA8 $0003_2280 jump
[2026-09-15T13:47:01.008] Cog0  BM-WDSTART,seq,1,started,TRUE,cog,1
[2026-09-15T13:47:01.010] Cog0  BM-BANNER,seq,2,src_rev,6,fmt,1,part,UI,cfg_id,BENCH,frame,MOTOR,clkfreq,270_000_000,left_base,32,right_base,16,voltage_enum,6,det_mode,30,motor_type,0,quiet,TRUE,mdbg,3,sdbg,3
[2026-09-15T13:47:01.011] Cog0  BM-BUILD,seq,3,sf,1,inst_hz,500,inst_ticks,540_000,ring,4_096,slongs,9,waitms_max,7_953,wd_stall_ms,4_000,abs_abort_mV,1_500,ladder_max,165_000_000,rwire_mohm,20,pack_mV,18_500,fault_cool_ms,5_000
[2026-09-15T13:47:01.012] Cog0  SIGNOFF-DECL,sf,1,bin,DUAL,cell,R14-DUAL-NOSTALL-U,task,3508
[2026-09-15T13:47:01.012] Cog0  SIGNOFF-DECL,sf,1,bin,DUAL,cell,R14-DUAL-DBGMASK-U,task,3508
[2026-09-15T13:47:01.014] Cog0  SIGNOFF-DECL,sf,1,bin,DUAL,cell,R14-DUAL-UICHECK-U,task,3508
[2026-09-15T13:47:01.014] Cog0  BM-PLAN,seq,4,seg,UICHECK,order,1,attended,TRUE,part,UI,finds,AC,est_s,120,est_kb,100
[2026-09-15T13:47:01.021] Cog0  * PANIC PROCEDURE IS PHYSICAL BATTERY DISCONNECT ONLY -- emergencyCutoff() self-cancels in about 250 ms (finding S-4)
[2026-09-15T13:47:01.021] Cog2  INIT $0000_0FA8 $0003_03D0 jump
[2026-09-15T13:47:01.022] Cog0  BM-INST,seq,5,event,START,cog,2,state,IDLE,ack_ms,5,samples,0,late,0,skipped,0,max_late_us,0,clamps,0,why,NONE
[2026-09-15T13:47:01.022] Cog0  BM-SEG,seq,6,seg,UICHECK,event,BEGIN,attended,TRUE,items,0,faults,0,unrecov,0,ms,0,why,NONE
[2026-09-15T13:47:01.099] `PLOT bmpanel TITLE 'Motion harness operator panel' SIZE 480 260 POS 60 80 HIDEXY UPDATE<CR><LF>`bmpanel LAYER 1 'bm_bg.bmp'<CR><LF>`bmpanel LAYER 2 'bm_prompt.bmp'<CR><LF>`bmpanel LAYER 3 'bm_state.bmp'<CR><LF>`bmpanel LAYER 4 'bm_buttons.bmp'<CR><LF>`bmpanel LAYER 5 'bm_digits.bmp'<CR><LF>`bmpanel crop 1<CR><LF>`bmpanel update<CR><LF>`bmpanel crop 2 0, 456, 456, 76, 12, 34<CR><LF>`bmpanel crop 3 0, 320, 300, 32, 12, 116<CR><LF>`bmpanel crop 4 0, 0, 108, 36, 12, 156<CR><LF>`bmpanel crop 1 128, 156, 108, 36<CR><LF>`bmpanel crop 1 244, 156, 108, 36<CR><LF>`bmpanel crop 1 12, 198, 108, 36<CR><LF>`bmpanel crop 1 128, 198, 108, 36<CR><LF>`bmpanel crop 1 244, 198, 108, 36<CR><LF>`bmpanel crop 1 360, 198, 108, 36<CR><LF>`bmpanel crop 5 200, 0, 20, 32, 404, 116<CR><LF>`bmpanel crop 5 200, 0, 20, 32, 424, 116<CR><LF>`bmpanel crop 5 200, 0, 20, 32, 444, 116<CR><LF>`bmpanel update<CR><LF>`bmpanel crop 2 0, 456, 456, 76, 12, 34<CR><LF>`bmpanel crop 3 0, 320, 300, 32, 12, 116<CR><LF>`bmpanel crop 4 0, 0, 108, 36, 12, 156<CR><LF>`bmpanel crop 1 128, 156, 108, 36<CR><LF>`bmpanel crop 1 244, 156, 108, 36<CR><LF>`bmpanel crop 1 12, 198, 108, 36<CR><LF>`bmpanel crop 1 128, 198, 108, 36<CR><LF>`bmpanel crop 1 244, 198, 108, 36<CR><LF>`bmpanel crop 1 360, 198, 108, 36<CR><LF>`bmpanel crop 5 200, 0, 20, 32, 404, 116<CR><LF>`bmpanel crop 5 60, 0, 20, 32, 424, 116<CR><LF>`bmpanel crop 5 0, 0, 20, 32, 444, 116<CR><LF>`bmpanel update<CR><LF>`bmpanel PC_KEY<CR><LF>
[2026-09-15T13:47:01.399] `bmpanel PC_MOUSE<CR><LF>
[2026-09-15T13:47:01.482] `bmpanel PC_KEY<CR><LF>`bmpanel PC_MOUSE<CR><LF>
[2026-09-15T13:47:01.559] `bmpanel PC_KEY<CR><LF>`bmpanel PC_MOUSE<CR><LF>
[2026-09-15T13:47:01.639] `bmpanel PC_KEY<CR><LF>`bmpanel PC_MOUSE<CR><LF>
[2026-09-15T13:47:01.718] `bmpanel PC_KEY<CR><LF>`bmpanel PC_MOUSE<CR><LF>
[2026-09-15T13:47:01.799] `bmpanel PC_KEY<CR><LF>`bmpanel PC_MOUSE<CR><LF>
[2026-09-15T13:47:01.881] `bmpanel PC_KEY<CR><LF>`bmpanel PC_MOUSE<CR><LF>
[2026-09-15T13:47:01.961] `bmpanel PC_KEY<CR><LF>`bmpanel PC_MOUSE<CR><LF>
[2026-09-15T13:47:02.039] `bmpanel PC_KEY<CR><LF>`bmpanel PC_MOUSE<CR><LF>
[2026-09-15T13:47:02.124] `bmpanel crop 2 0, 456, 456, 76, 12, 34<CR><LF>`bmpanel crop 3 0, 320, 300, 32, 12, 116<CR><LF>`bmpanel crop 4 0, 0, 108, 36, 12, 156<CR><LF>`bmpanel crop 1 128, 156, 108, 36<CR><LF>`bmpanel crop 1 244, 156, 108, 36<CR><LF>`bmpanel crop 1 12, 198, 108, 36<CR><LF>`bmpanel crop 1 128, 198, 108, 36<CR><LF>`bmpanel crop 1 244, 198, 108, 36<CR><LF>`bmpanel crop 1 360, 198, 108, 36<CR><LF>`bmpanel crop 5 200, 0, 20, 32, 404, 116<CR><LF>`bmpanel crop 5 40, 0, 20, 32, 424, 116<CR><LF>`bmpanel crop 5 180, 0, 20, 32, 444, 116<CR><LF>`bmpanel update<CR><LF>`bmpanel PC_KEY<CR><LF>`bmpanel PC_MOUSE<CR><LF>
[2026-09-15T13:47:02.204] `bmpanel PC_KEY<CR><LF>`bmpanel PC_MOUSE<CR><LF>
[2026-09-15T13:47:02.283] `bmpanel PC_KEY<CR><LF>`bmpanel PC_MOUSE<CR><LF>
[2026-09-15T13:47:02.364] `bmpanel PC_KEY<CR><LF>`bmpanel PC_MOUSE<CR><LF>
[2026-09-15T13:47:02.443] `bmpanel PC_KEY<CR><LF>`bmpanel PC_MOUSE<CR><LF>
[2026-09-15T13:47:02.524] `bmpanel PC_KEY<CR><LF>`bmpanel PC_MOUSE<CR><LF>
[2026-09-15T13:47:02.604] `bmpanel PC_KEY<CR><LF>`bmpanel PC_MOUSE<CR><LF>
[2026-09-15T13:47:02.683] `bmpanel PC_KEY<CR><LF>`bmpanel PC_MOUSE<CR><LF>
[2026-09-15T13:47:02.766] `bmpanel PC_KEY<CR><LF>`bmpanel PC_MOUSE<CR><LF>
[2026-09-15T13:47:02.845] `bmpanel PC_KEY<CR><LF>`bmpanel PC_MOUSE<CR><LF>
[2026-09-15T13:47:02.925] `bmpanel PC_KEY<CR><LF>`bmpanel PC_MOUSE<CR><LF>
[2026-09-15T13:47:03.005] `bmpanel PC_KEY<CR><LF>`bmpanel PC_MOUSE<CR><LF>
[2026-09-15T13:47:03.085] `bmpanel PC_KEY<CR><LF>`bmpanel PC_MOUSE<CR><LF>
[2026-09-15T13:47:03.170] `bmpanel crop 2 0, 456, 456, 76, 12, 34<CR><LF>`bmpanel crop 3 0, 320, 300, 32, 12, 116<CR><LF>`bmpanel crop 4 0, 0, 108, 36, 12, 156<CR><LF>`bmpanel crop 1 128, 156, 108, 36<CR><LF>`bmpanel crop 1 244, 156, 108, 36<CR><LF>`bmpanel crop 1 12, 198, 108, 36<CR><LF>`bmpanel crop 1 128, 198, 108, 36<CR><LF>`bmpanel crop 1 244, 198, 108, 36<CR><LF>`bmpanel crop 1 360, 198, 108, 36<CR><LF>`bmpanel crop 5 200, 0, 20, 32, 404, 116<CR><LF>`bmpanel crop 5 40, 0, 20, 32, 424, 116<CR><LF>`bmpanel crop 5 160, 0, 20, 32, 444, 116<CR><LF>`bmpanel update<CR><LF>`bmpanel PC_KEY<CR><LF>`bmpanel PC_MOUSE<CR><LF>
[2026-09-15T13:47:03.249] `bmpanel PC_KEY<CR><LF>`bmpanel PC_MOUSE<CR><LF>
[2026-09-15T13:47:03.329] `bmpanel PC_KEY<CR><LF>`bmpanel PC_MOUSE<CR><LF>
[2026-09-15T13:47:03.410] `bmpanel PC_KEY<CR><LF>`bmpanel PC_MOUSE<CR><LF>
[2026-09-15T13:47:03.493] `bmpanel PC_KEY<CR><LF>`bmpanel PC_MOUSE<CR><LF>
[2026-09-15T13:47:03.570] `bmpanel PC_KEY<CR><LF>`bmpanel PC_MOUSE<CR><LF>
[2026-09-15T13:47:03.650] `bmpanel PC_KEY<CR><LF>`bmpanel PC_MOUSE<CR><LF>
[2026-09-15T13:47:03.733] `bmpanel PC_KEY<CR><LF>`bmpanel PC_MOUSE<CR><LF>
[2026-09-15T13:47:03.810] `bmpanel PC_KEY<CR><LF>`bmpanel PC_MOUSE<CR><LF>
[2026-09-15T13:47:03.890] `bmpanel PC_KEY<CR><LF>`bmpanel PC_MOUSE<CR><LF>
[2026-09-15T13:47:03.970] `bmpanel PC_KEY<CR><LF>`bmpanel PC_MOUSE<CR><LF>
[2026-09-15T13:47:04.050] `bmpanel PC_KEY<CR><LF>`bmpanel PC_MOUSE<CR><LF>
[2026-09-15T13:47:04.135] `bmpanel crop 2 0, 456, 456, 76, 12, 34<CR><LF>`bmpanel crop 3 0, 320, 300, 32, 12, 116<CR><LF>`bmpanel crop 4 0, 0, 108, 36, 12, 156<CR><LF>`bmpanel crop 1 128, 156, 108, 36<CR><LF>`bmpanel crop 1 244, 156, 108, 36<CR><LF>`bmpanel crop 1 12, 198, 108, 36<CR><LF>`bmpanel crop 1 128, 198, 108, 36<CR><LF>`bmpanel crop 1 244, 198, 108, 36<CR><LF>`bmpanel crop 1 360, 198, 108, 36<CR><LF>`bmpanel crop 5 200, 0, 20, 32, 404, 116<CR><LF>`bmpanel crop 5 40, 0, 20, 32, 424, 116<CR><LF>`bmpanel crop 5 140, 0, 20, 32, 444, 116<CR><LF>`bmpanel update<CR><LF>`bmpanel PC_KEY<CR><LF>`bmpanel PC_MOUSE<CR><LF>
[2026-09-15T13:47:04.215] `bmpanel PC_KEY<CR><LF>`bmpanel PC_MOUSE<CR><LF>
[2026-09-15T13:47:04.296] `bmpanel PC_KEY<CR><LF>`bmpanel PC_MOUSE<CR><LF>
[2026-09-15T13:47:04.375] `bmpanel PC_KEY<CR><LF>`bmpanel PC_MOUSE<CR><LF>
[2026-09-15T13:47:04.457] `bmpanel PC_KEY<CR><LF>`bmpanel PC_MOUSE<CR><LF>
[2026-09-15T13:47:04.536] `bmpanel PC_KEY<CR><LF>`bmpanel PC_MOUSE<CR><LF>
[2026-09-15T13:47:04.615] `bmpanel PC_KEY<CR><LF>`bmpanel PC_MOUSE<CR><LF>
[2026-09-15T13:47:04.697] `bmpanel PC_KEY<CR><LF>`bmpanel PC_MOUSE<CR><LF>
[2026-09-15T13:47:04.779] `bmpanel PC_KEY<CR><LF>`bmpanel PC_MOUSE<CR><LF>
[2026-09-15T13:47:04.856] `bmpanel PC_KEY<CR><LF>`bmpanel PC_MOUSE<CR><LF>
[2026-09-15T13:47:04.937] `bmpanel PC_KEY<CR><LF>`bmpanel PC_MOUSE<CR><LF>
[2026-09-15T13:47:05.015] `bmpanel PC_KEY<CR><LF>`bmpanel PC_MOUSE<CR><LF>
[2026-09-15T13:47:05.096] `bmpanel PC_KEY<CR><LF>`bmpanel PC_MOUSE<CR><LF>
[2026-09-15T13:47:05.183] `bmpanel crop 2 0, 456, 456, 76, 12, 34<CR><LF>`bmpanel crop 3 0, 320, 300, 32, 12, 116<CR><LF>`bmpanel crop 4 0, 0, 108, 36, 12, 156<CR><LF>`bmpanel crop 1 128, 156, 108, 36<CR><LF>`bmpanel crop 1 244, 156, 108, 36<CR><LF>`bmpanel crop 1 12, 198, 108, 36<CR><LF>`bmpanel crop 1 128, 198, 108, 36<CR><LF>`bmpanel crop 1 244, 198, 108, 36<CR><LF>`bmpanel crop 1 360, 198, 108, 36<CR><LF>`bmpanel crop 5 200, 0, 20, 32, 404, 116<CR><LF>`bmpanel crop 5 40, 0, 20, 32, 424, 116<CR><LF>`bmpanel crop 5 120, 0, 20, 32, 444, 116<CR><LF>`bmpanel update<CR><LF>`bmpanel PC_KEY<CR><LF>`bmpanel PC_MOUSE<CR><LF>
[2026-09-15T13:47:05.260] `bmpanel PC_KEY<CR><LF>`bmpanel PC_MOUSE<CR><LF>
[2026-09-15T13:47:05.341] `bmpanel PC_KEY<CR><LF>`bmpanel PC_MOUSE<CR><LF>
[2026-09-15T13:47:05.420] `bmpanel PC_KEY<CR><LF>`bmpanel PC_MOUSE<CR><LF>
[2026-09-15T13:47:05.501] `bmpanel PC_KEY<CR><LF>`bmpanel PC_MOUSE<CR><LF>
[2026-09-15T13:47:05.581] `bmpanel PC_KEY<CR><LF>`bmpanel PC_MOUSE<CR><LF>
[2026-09-15T13:47:05.661] `bmpanel PC_KEY<CR><LF>`bmpanel PC_MOUSE<CR><LF>
[2026-09-15T13:47:05.741] `bmpanel PC_KEY<CR><LF>`bmpanel PC_MOUSE<CR><LF>
[2026-09-15T13:47:05.821] `bmpanel PC_KEY<CR><LF>`bmpanel PC_MOUSE<CR><LF>
[2026-09-15T13:47:05.902] `bmpanel PC_KEY<CR><LF>`bmpanel PC_MOUSE<CR><LF>
[2026-09-15T13:47:05.981] `bmpanel PC_KEY<CR><LF>`bmpanel PC_MOUSE<CR><LF>
[2026-09-15T13:47:06.063] `bmpanel PC_KEY<CR><LF>`bmpanel PC_MOUSE<CR><LF>
[2026-09-15T13:47:06.148] `bmpanel crop 2 0, 456, 456, 76, 12, 34<CR><LF>`bmpanel crop 3 0, 320, 300, 32, 12, 116<CR><LF>`bmpanel crop 4 0, 0, 108, 36, 12, 156<CR><LF>`bmpanel crop 1 128, 156, 108, 36<CR><LF>`bmpanel crop 1 244, 156, 108, 36<CR><LF>`bmpanel crop 1 12, 198, 108, 36<CR><LF>`bmpanel crop 1 128, 198, 108, 36<CR><LF>`bmpanel crop 1 244, 198, 108, 36<CR><LF>`bmpanel crop 1 360, 198, 108, 36<CR><LF>`bmpanel crop 5 200, 0, 20, 32, 404, 116<CR><LF>`bmpanel crop 5 40, 0, 20, 32, 424, 116<CR><LF>`bmpanel crop 5 100, 0, 20, 32, 444, 116<CR><LF>`bmpanel update<CR><LF>`bmpanel PC_KEY<CR><LF>`bmpanel PC_MOUSE<CR><LF>
[2026-09-15T13:47:06.229] `bmpanel PC_KEY<CR><LF>`bmpanel PC_MOUSE<CR><LF>
[2026-09-15T13:47:06.309] `bmpanel PC_KEY<CR><LF>`bmpanel PC_MOUSE<CR><LF>
[2026-09-15T13:47:06.390] `bmpanel PC_KEY<CR><LF>`bmpanel PC_MOUSE<CR><LF>
[2026-09-15T13:47:06.470] `bmpanel PC_KEY<CR><LF>`bmpanel PC_MOUSE<CR><LF>
[2026-09-15T13:47:06.548] `bmpanel PC_KEY<CR><LF>`bmpanel PC_MOUSE<CR><LF>
[2026-09-15T13:47:06.629] `bmpanel PC_KEY<CR><LF>`bmpanel PC_MOUSE<CR><LF>
[2026-09-15T13:47:06.711] `bmpanel PC_KEY<CR><LF>`bmpanel PC_MOUSE<CR><LF>
[2026-09-15T13:47:06.789] `bmpanel PC_KEY<CR><LF>`bmpanel PC_MOUSE<CR><LF>
[2026-09-15T13:47:06.868] `bmpanel PC_KEY<CR><LF>`bmpanel PC_MOUSE<CR><LF>
[2026-09-15T13:47:06.949] `bmpanel PC_KEY<CR><LF>`bmpanel PC_MOUSE<CR><LF>
[2026-09-15T13:47:07.029] `bmpanel PC_KEY<CR><LF>`bmpanel PC_MOUSE<CR><LF>
[2026-09-15T13:47:07.113] `bmpanel crop 2 0, 456, 456, 76, 12, 34<CR><LF>`bmpanel crop 3 0, 320, 300, 32, 12, 116<CR><LF>`bmpanel crop 4 0, 0, 108, 36, 12, 156<CR><LF>`bmpanel crop 1 128, 156, 108, 36<CR><LF>`bmpanel crop 1 244, 156, 108, 36<CR><LF>`bmpanel crop 1 12, 198, 108, 36<CR><LF>`bmpanel crop 1 128, 198, 108, 36<CR><LF>`bmpanel crop 1 244, 198, 108, 36<CR><LF>`bmpanel crop 1 360, 198, 108, 36<CR><LF>`bmpanel crop 5 200, 0, 20, 32, 404, 116<CR><LF>`bmpanel crop 5 40, 0, 20, 32, 424, 116<CR><LF>`bmpanel crop 5 80, 0, 20, 32, 444, 116<CR><LF>`bmpanel update<CR><LF>`bmpanel PC_KEY<CR><LF>`bmpanel PC_MOUSE<CR><LF>
[2026-09-15T13:47:07.193] `bmpanel PC_KEY<CR><LF>`bmpanel PC_MOUSE<CR><LF>
[2026-09-15T13:47:07.274] `bmpanel PC_KEY<CR><LF>`bmpanel PC_MOUSE<CR><LF>
[2026-09-15T13:47:07.353] `bmpanel PC_KEY<CR><LF>`bmpanel PC_MOUSE<CR><LF>
[2026-09-15T13:47:07.433] `bmpanel PC_KEY<CR><LF>`bmpanel PC_MOUSE<CR><LF>
[2026-09-15T13:47:07.512] `bmpanel PC_KEY<CR><LF>`bmpanel PC_MOUSE<CR><LF>
[2026-09-15T13:47:07.593] `bmpanel PC_KEY<CR><LF>`bmpanel PC_MOUSE<CR><LF>
[2026-09-15T13:47:07.672] `bmpanel PC_KEY<CR><LF>`bmpanel PC_MOUSE<CR><LF>
[2026-09-15T13:47:07.755] `bmpanel PC_KEY<CR><LF>`bmpanel PC_MOUSE<CR><LF>
[2026-09-15T13:47:07.833] `bmpanel PC_KEY<CR><LF>`bmpanel PC_MOUSE<CR><LF>
[2026-09-15T13:47:07.915] `bmpanel PC_KEY<CR><LF>`bmpanel PC_MOUSE<CR><LF>
[2026-09-15T13:47:07.996] `bmpanel PC_KEY<CR><LF>`bmpanel PC_MOUSE<CR><LF>
[2026-09-15T13:47:08.074] `bmpanel PC_KEY<CR><LF>`bmpanel PC_MOUSE<CR><LF>
[2026-09-15T13:47:08.158] `bmpanel crop 2 0, 456, 456, 76, 12, 34<CR><LF>`bmpanel crop 3 0, 320, 300, 32, 12, 116<CR><LF>`bmpanel crop 4 0, 0, 108, 36, 12, 156<CR><LF>`bmpanel crop 1 128, 156, 108, 36<CR><LF>`bmpanel crop 1 244, 156, 108, 36<CR><LF>`bmpanel crop 1 12, 198, 108, 36<CR><LF>`bmpanel crop 1 128, 198, 108, 36<CR><LF>`bmpanel crop 1 244, 198, 108, 36<CR><LF>`bmpanel crop 1 360, 198, 108, 36<CR><LF>`bmpanel crop 5 200, 0, 20, 32, 404, 116<CR><LF>`bmpanel crop 5 40, 0, 20, 32, 424, 116<CR><LF>`bmpanel crop 5 60, 0, 20, 32, 444, 116<CR><LF>`bmpanel update<CR><LF>`bmpanel PC_KEY<CR><LF>`bmpanel PC_MOUSE<CR><LF>
[2026-09-15T13:47:08.239] `bmpanel PC_KEY<CR><LF>`bmpanel PC_MOUSE<CR><LF>
[2026-09-15T13:47:08.318] `bmpanel PC_KEY<CR><LF>`bmpanel PC_MOUSE<CR><LF>
[2026-09-15T13:47:08.400] `bmpanel PC_KEY<CR><LF>`bmpanel PC_MOUSE<CR><LF>
[2026-09-15T13:47:08.480] `bmpanel PC_KEY<CR><LF>`bmpanel PC_MOUSE<CR><LF>
[2026-09-15T13:47:08.558] `bmpanel PC_KEY<CR><LF>`bmpanel PC_MOUSE<CR><LF>
[2026-09-15T13:47:08.640] `bmpanel PC_KEY<CR><LF>`bmpanel PC_MOUSE<CR><LF>
[2026-09-15T13:47:08.719] `bmpanel PC_KEY<CR><LF>`bmpanel PC_MOUSE<CR><LF>
[2026-09-15T13:47:08.799] `bmpanel PC_KEY<CR><LF>`bmpanel PC_MOUSE<CR><LF>
[2026-09-15T13:47:08.880] `bmpanel PC_KEY<CR><LF>`bmpanel PC_MOUSE<CR><LF>
[2026-09-15T13:47:08.958] `bmpanel PC_KEY<CR><LF>`bmpanel PC_MOUSE<CR><LF>
[2026-09-15T13:47:09.039] `bmpanel PC_KEY<CR><LF>`bmpanel PC_MOUSE<CR><LF>
[2026-09-15T13:47:09.124] `bmpanel crop 2 0, 456, 456, 76, 12, 34<CR><LF>`bmpanel crop 3 0, 320, 300, 32, 12, 116<CR><LF>`bmpanel crop 4 0, 0, 108, 36, 12, 156<CR><LF>`bmpanel crop 1 128, 156, 108, 36<CR><LF>`bmpanel crop 1 244, 156, 108, 36<CR><LF>`bmpanel crop 1 12, 198, 108, 36<CR><LF>`bmpanel crop 1 128, 198, 108, 36<CR><LF>`bmpanel crop 1 244, 198, 108, 36<CR><LF>`bmpanel crop 1 360, 198, 108, 36<CR><LF>`bmpanel crop 5 200, 0, 20, 32, 404, 116<CR><LF>`bmpanel crop 5 40, 0, 20, 32, 424, 116<CR><LF>`bmpanel crop 5 40, 0, 20, 32, 444, 116<CR><LF>`bmpanel update<CR><LF>`bmpanel PC_KEY<CR><LF>`bmpanel PC_MOUSE<CR><LF>
[2026-09-15T13:47:09.204] `bmpanel PC_KEY<CR><LF>`bmpanel PC_MOUSE<CR><LF>
[2026-09-15T13:47:09.284] `bmpanel PC_KEY<CR><LF>`bmpanel PC_MOUSE<CR><LF>
[2026-09-15T13:47:09.363] `bmpanel PC_KEY<CR><LF>`bmpanel PC_MOUSE<CR><LF>
[2026-09-15T13:47:09.444] `bmpanel PC_KEY<CR><LF>`bmpanel PC_MOUSE<CR><LF>
[2026-09-15T13:47:09.527] `bmpanel PC_KEY<CR><LF>`bmpanel PC_MOUSE<CR><LF>
[2026-09-15T13:47:09.605] `bmpanel PC_KEY<CR><LF>`bmpanel PC_MOUSE<CR><LF>
[2026-09-15T13:47:09.685] `bmpanel PC_KEY<CR><LF>`bmpanel PC_MOUSE<CR><LF>
[2026-09-15T13:47:09.766] `bmpanel PC_KEY<CR><LF>`bmpanel PC_MOUSE<CR><LF>
[2026-09-15T13:47:09.845] `bmpanel PC_KEY<CR><LF>`bmpanel PC_MOUSE<CR><LF>
[2026-09-15T13:47:09.925] `bmpanel PC_KEY<CR><LF>`bmpanel PC_MOUSE<CR><LF>
[2026-09-15T13:47:10.004] `bmpanel PC_KEY<CR><LF>`bmpanel PC_MOUSE<CR><LF>
[2026-09-15T13:47:10.085] `bmpanel PC_KEY<CR><LF>`bmpanel PC_MOUSE<CR><LF>
[2026-09-15T13:47:10.170] `bmpanel crop 2 0, 456, 456, 76, 12, 34<CR><LF>`bmpanel crop 3 0, 320, 300, 32, 12, 116<CR><LF>`bmpanel crop 4 0, 0, 108, 36, 12, 156<CR><LF>`bmpanel crop 1 128, 156, 108, 36<CR><LF>`bmpanel crop 1 244, 156, 108, 36<CR><LF>`bmpanel crop 1 12, 198, 108, 36<CR><LF>`bmpanel crop 1 128, 198, 108, 36<CR><LF>`bmpanel crop 1 244, 198, 108, 36<CR><LF>`bmpanel crop 1 360, 198, 108, 36<CR><LF>`bmpanel crop 5 200, 0, 20, 32, 404, 116<CR><LF>`bmpanel crop 5 40, 0, 20, 32, 424, 116<CR><LF>`bmpanel crop 5 20, 0, 20, 32, 444, 116<CR><LF>`bmpanel update<CR><LF>`bmpanel PC_KEY<CR><LF>`bmpanel PC_MOUSE<CR><LF>
[2026-09-15T13:47:10.249] `bmpanel PC_KEY<CR><LF>`bmpanel PC_MOUSE<CR><LF>
[2026-09-15T13:47:10.330] `bmpanel PC_KEY<CR><LF>`bmpanel PC_MOUSE<CR><LF>
[2026-09-15T13:47:10.411] `bmpanel PC_KEY<CR><LF>`bmpanel PC_MOUSE<CR><LF>
[2026-09-15T13:47:10.493] `bmpanel PC_KEY<CR><LF>`bmpanel PC_MOUSE<CR><LF>
[2026-09-15T13:47:10.570] `bmpanel PC_KEY<CR><LF>`bmpanel PC_MOUSE<CR><LF>
[2026-09-15T13:47:10.652] `bmpanel PC_KEY<CR><LF>`bmpanel PC_MOUSE<CR><LF>
[2026-09-15T13:47:10.730] `bmpanel PC_KEY<CR><LF>`bmpanel PC_MOUSE<CR><LF>
[2026-09-15T13:47:10.809] `bmpanel PC_KEY<CR><LF>`bmpanel PC_MOUSE<CR><LF>
[2026-09-15T13:47:10.890] `bmpanel PC_KEY<CR><LF>`bmpanel PC_MOUSE<CR><LF>
[2026-09-15T13:47:10.970] `bmpanel PC_KEY<CR><LF>`bmpanel PC_MOUSE<CR><LF>
[2026-09-15T13:47:11.049] `bmpanel PC_KEY<CR><LF>`bmpanel PC_MOUSE<CR><LF>
[2026-09-15T13:47:11.134] `bmpanel crop 2 0, 456, 456, 76, 12, 34<CR><LF>`bmpanel crop 3 0, 320, 300, 32, 12, 116<CR><LF>`bmpanel crop 4 0, 0, 108, 36, 12, 156<CR><LF>`bmpanel crop 1 128, 156, 108, 36<CR><LF>`bmpanel crop 1 244, 156, 108, 36<CR><LF>`bmpanel crop 1 12, 198, 108, 36<CR><LF>`bmpanel crop 1 128, 198, 108, 36<CR><LF>`bmpanel crop 1 244, 198, 108, 36<CR><LF>`bmpanel crop 1 360, 198, 108, 36<CR><LF>`bmpanel crop 5 200, 0, 20, 32, 404, 116<CR><LF>`bmpanel crop 5 40, 0, 20, 32, 424, 116<CR><LF>`bmpanel crop 5 0, 0, 20, 32, 444, 116<CR><LF>`bmpanel update<CR><LF>`bmpanel PC_KEY<CR><LF>`bmpanel PC_MOUSE<CR><LF>
[2026-09-15T13:47:11.216] `bmpanel PC_KEY<CR><LF>`bmpanel PC_MOUSE<CR><LF>
[2026-09-15T13:47:11.296] `bmpanel PC_KEY<CR><LF>`bmpanel PC_MOUSE<CR><LF>
[2026-09-15T13:47:11.376] `bmpanel PC_KEY<CR><LF>`bmpanel PC_MOUSE<CR><LF>
[2026-09-15T13:47:11.456] `bmpanel PC_KEY<CR><LF>`bmpanel PC_MOUSE<CR><LF>
[2026-09-15T13:47:11.535] `bmpanel PC_KEY<CR><LF>`bmpanel PC_MOUSE<CR><LF>
[2026-09-15T13:47:11.616] `bmpanel PC_KEY<CR><LF>`bmpanel PC_MOUSE<CR><LF>
[2026-09-15T13:47:11.695] `bmpanel PC_KEY<CR><LF>`bmpanel PC_MOUSE<CR><LF>
[2026-09-15T13:47:11.776] `bmpanel PC_KEY<CR><LF>`bmpanel PC_MOUSE<CR><LF>
[2026-09-15T13:47:11.856] `bmpanel PC_KEY<CR><LF>`bmpanel PC_MOUSE<CR><LF>
[2026-09-15T13:47:11.936] `bmpanel PC_KEY<CR><LF>`bmpanel PC_MOUSE<CR><LF>
[2026-09-15T13:47:12.018] `bmpanel PC_KEY<CR><LF>`bmpanel PC_MOUSE<CR><LF>
[2026-09-15T13:47:12.097] `bmpanel PC_KEY<CR><LF>`bmpanel PC_MOUSE<CR><LF>
[2026-09-15T13:47:12.180] `bmpanel crop 2 0, 456, 456, 76, 12, 34<CR><LF>`bmpanel crop 3 0, 320, 300, 32, 12, 116<CR><LF>`bmpanel crop 4 0, 0, 108, 36, 12, 156<CR><LF>`bmpanel crop 1 128, 156, 108, 36<CR><LF>`bmpanel crop 1 244, 156, 108, 36<CR><LF>`bmpanel crop 1 12, 198, 108, 36<CR><LF>`bmpanel crop 1 128, 198, 108, 36<CR><LF>`bmpanel crop 1 244, 198, 108, 36<CR><LF>`bmpanel crop 1 360, 198, 108, 36<CR><LF>`bmpanel crop 5 200, 0, 20, 32, 404, 116<CR><LF>`bmpanel crop 5 20, 0, 20, 32, 424, 116<CR><LF>`bmpanel crop 5 180, 0, 20, 32, 444, 116<CR><LF>`bmpanel update<CR><LF>`bmpanel PC_KEY<CR><LF>`bmpanel PC_MOUSE<CR><LF>
[2026-09-15T13:47:12.261] `bmpanel PC_KEY<CR><LF>`bmpanel PC_MOUSE<CR><LF>
[2026-09-15T13:47:12.341] `bmpanel PC_KEY<CR><LF>`bmpanel PC_MOUSE<CR><LF>
[2026-09-15T13:47:12.421] `bmpanel PC_KEY<CR><LF>`bmpanel PC_MOUSE<CR><LF>
[2026-09-15T13:47:12.502] `bmpanel PC_KEY<CR><LF>`bmpanel PC_MOUSE<CR><LF>
[2026-09-15T13:47:12.581] `bmpanel PC_KEY<CR><LF>`bmpanel PC_MOUSE<CR><LF>
[2026-09-15T13:47:12.661] `bmpanel PC_KEY<CR><LF>`bmpanel PC_MOUSE<CR><LF>
[2026-09-15T13:47:12.741] `bmpanel PC_KEY<CR><LF>`bmpanel PC_MOUSE<CR><LF>
[2026-09-15T13:47:12.821] `bmpanel PC_KEY<CR><LF>`bmpanel PC_MOUSE<CR><LF>
[2026-09-15T13:47:12.901] `bmpanel PC_KEY<CR><LF>`bmpanel PC_MOUSE<CR><LF>
[2026-09-15T13:47:12.983] `bmpanel PC_KEY<CR><LF>`bmpanel PC_MOUSE<CR><LF>
[2026-09-15T13:47:13.061] `bmpanel PC_KEY<CR><LF>`bmpanel PC_MOUSE<CR><LF>
[2026-09-15T13:47:13.147] `bmpanel crop 2 0, 456, 456, 76, 12, 34<CR><LF>`bmpanel crop 3 0, 320, 300, 32, 12, 116<CR><LF>`bmpanel crop 4 0, 0, 108, 36, 12, 156<CR><LF>`bmpanel crop 1 128, 156, 108, 36<CR><LF>`bmpanel crop 1 244, 156, 108, 36<CR><LF>`bmpanel crop 1 12, 198, 108, 36<CR><LF>`bmpanel crop 1 128, 198, 108, 36<CR><LF>`bmpanel crop 1 244, 198, 108, 36<CR><LF>`bmpanel crop 1 360, 198, 108, 36<CR><LF>`bmpanel crop 5 200, 0, 20, 32, 404, 116<CR><LF>`bmpanel crop 5 20, 0, 20, 32, 424, 116<CR><LF>`bmpanel crop 5 160, 0, 20, 32, 444, 116<CR><LF>`bmpanel update<CR><LF>`bmpanel PC_KEY<CR><LF>`bmpanel PC_MOUSE<CR><LF>
[2026-09-15T13:47:13.228] `bmpanel PC_KEY<CR><LF>`bmpanel PC_MOUSE<CR><LF>
[2026-09-15T13:47:13.307] `bmpanel PC_KEY<CR><LF>`bmpanel PC_MOUSE<CR><LF>
[2026-09-15T13:47:13.387] `bmpanel PC_KEY<CR><LF>`bmpanel PC_MOUSE<CR><LF>
[2026-09-15T13:47:13.466] `bmpanel PC_KEY<CR><LF>`bmpanel PC_MOUSE<CR><LF>
[2026-09-15T13:47:13.546] `bmpanel PC_KEY<CR><LF>`bmpanel PC_MOUSE<CR><LF>
[2026-09-15T13:47:13.626] `bmpanel PC_KEY<CR><LF>`bmpanel PC_MOUSE<CR><LF>
[2026-09-15T13:47:13.707] `bmpanel PC_KEY<CR><LF>`bmpanel PC_MOUSE<CR><LF>
[2026-09-15T13:47:13.791] `bmpanel PC_KEY<CR><LF>`bmpanel PC_MOUSE<CR><LF>
[2026-09-15T13:47:13.868] `bmpanel PC_KEY<CR><LF>`bmpanel PC_MOUSE<CR><LF>
[2026-09-15T13:47:13.948] `bmpanel PC_KEY<CR><LF>`bmpanel PC_MOUSE<CR><LF>
[2026-09-15T13:47:14.027] `bmpanel PC_KEY<CR><LF>`bmpanel PC_MOUSE<CR><LF>
[2026-09-15T13:47:14.115] `bmpanel crop 2 0, 456, 456, 76, 12, 34<CR><LF>`bmpanel crop 3 0, 320, 300, 32, 12, 116<CR><LF>`bmpanel crop 4 0, 0, 108, 36, 12, 156<CR><LF>`bmpanel crop 1 128, 156, 108, 36<CR><LF>`bmpanel crop 1 244, 156, 108, 36<CR><LF>`bmpanel crop 1 12, 198, 108, 36<CR><LF>`bmpanel crop 1 128, 198, 108, 36<CR><LF>`bmpanel crop 1 244, 198, 108, 36<CR><LF>`bmpanel crop 1 360, 198, 108, 36<CR><LF>`bmpanel crop 5 200, 0, 20, 32, 404, 116<CR><LF>`bmpanel crop 5 20, 0, 20, 32, 424, 116<CR><LF>`bmpanel crop 5 140, 0, 20, 32, 444, 116<CR><LF>`bmpanel update<CR><LF>`bmpanel PC_KEY<CR><LF>`bmpanel PC_MOUSE<CR><LF>
[2026-09-15T13:47:14.193] `bmpanel PC_KEY<CR><LF>`bmpanel PC_MOUSE<CR><LF>
[2026-09-15T13:47:14.272] `bmpanel PC_KEY<CR><LF>`bmpanel PC_MOUSE<CR><LF>
[2026-09-15T13:47:14.352] `bmpanel PC_KEY<CR><LF>`bmpanel PC_MOUSE<CR><LF>
[2026-09-15T13:47:14.431] `bmpanel PC_KEY<CR><LF>`bmpanel PC_MOUSE<CR><LF>
[2026-09-15T13:47:14.511] `bmpanel PC_KEY<CR><LF>`bmpanel PC_MOUSE<CR><LF>
[2026-09-15T13:47:14.591] `bmpanel PC_KEY<CR><LF>`bmpanel PC_MOUSE<CR><LF>
[2026-09-15T13:47:14.673] `bmpanel PC_KEY<CR><LF>`bmpanel PC_MOUSE<CR><LF>
[2026-09-15T13:47:14.754] `bmpanel PC_KEY<CR><LF>`bmpanel PC_MOUSE<CR><LF>
[2026-09-15T13:47:14.832] `bmpanel PC_KEY<CR><LF>`bmpanel PC_MOUSE<CR><LF>
[2026-09-15T13:47:14.914] `bmpanel PC_KEY<CR><LF>`bmpanel PC_MOUSE<CR><LF>
[2026-09-15T13:47:14.996] `bmpanel PC_KEY<CR><LF>`bmpanel PC_MOUSE<CR><LF>
[2026-09-15T13:47:15.073] `bmpanel PC_KEY<CR><LF>`bmpanel PC_MOUSE<CR><LF>
[2026-09-15T13:47:15.158] `bmpanel crop 2 0, 456, 456, 76, 12, 34<CR><LF>`bmpanel crop 3 0, 320, 300, 32, 12, 116<CR><LF>`bmpanel crop 4 0, 0, 108, 36, 12, 156<CR><LF>`bmpanel crop 1 128, 156, 108, 36<CR><LF>`bmpanel crop 1 244, 156, 108, 36<CR><LF>`bmpanel crop 1 12, 198, 108, 36<CR><LF>`bmpanel crop 1 128, 198, 108, 36<CR><LF>`bmpanel crop 1 244, 198, 108, 36<CR><LF>`bmpanel crop 1 360, 198, 108, 36<CR><LF>`bmpanel crop 5 200, 0, 20, 32, 404, 116<CR><LF>`bmpanel crop 5 20, 0, 20, 32, 424, 116<CR><LF>`bmpanel crop 5 120, 0, 20, 32, 444, 116<CR><LF>`bmpanel update<CR><LF>`bmpanel PC_KEY<CR><LF>`bmpanel PC_MOUSE<CR><LF>
[2026-09-15T13:47:15.240] `bmpanel PC_KEY<CR><LF>`bmpanel PC_MOUSE<CR><LF>
[2026-09-15T13:47:15.318] `bmpanel PC_KEY<CR><LF>`bmpanel PC_MOUSE<CR><LF>
[2026-09-15T13:47:15.398] `bmpanel PC_KEY<CR><LF>`bmpanel PC_MOUSE<CR><LF>
[2026-09-15T13:47:15.478] `bmpanel PC_KEY<CR><LF>`bmpanel PC_MOUSE<CR><LF>
[2026-09-15T13:47:15.560] `bmpanel PC_KEY<CR><LF>`bmpanel PC_MOUSE<CR><LF>
[2026-09-15T13:47:15.637] `bmpanel PC_KEY<CR><LF>`bmpanel PC_MOUSE<CR><LF>
[2026-09-15T13:47:15.717] `bmpanel PC_KEY<CR><LF>`bmpanel PC_MOUSE<CR><LF>
[2026-09-15T13:47:15.798] `bmpanel PC_KEY<CR><LF>`bmpanel PC_MOUSE<CR><LF>
[2026-09-15T13:47:15.878] `bmpanel PC_KEY<CR><LF>`bmpanel PC_MOUSE<CR><LF>
[2026-09-15T13:47:15.958] `bmpanel PC_KEY<CR><LF>`bmpanel PC_MOUSE<CR><LF>
[2026-09-15T13:47:16.039] `bmpanel PC_KEY<CR><LF>`bmpanel PC_MOUSE<CR><LF>
[2026-09-15T13:47:16.126] `bmpanel crop 2 0, 456, 456, 76, 12, 34<CR><LF>`bmpanel crop 3 0, 320, 300, 32, 12, 116<CR><LF>`bmpanel crop 4 0, 0, 108, 36, 12, 156<CR><LF>`bmpanel crop 1 128, 156, 108, 36<CR><LF>`bmpanel crop 1 244, 156, 108, 36<CR><LF>`bmpanel crop 1 12, 198, 108, 36<CR><LF>`bmpanel crop 1 128, 198, 108, 36<CR><LF>`bmpanel crop 1 244, 198, 108, 36<CR><LF>`bmpanel crop 1 360, 198, 108, 36<CR><LF>`bmpanel crop 5 200, 0, 20, 32, 404, 116<CR><LF>`bmpanel crop 5 20, 0, 20, 32, 424, 116<CR><LF>`bmpanel crop 5 100, 0, 20, 32, 444, 116<CR><LF>`bmpanel update<CR><LF>`bmpanel PC_KEY<CR><LF>`bmpanel PC_MOUSE<CR><LF>
[2026-09-15T13:47:16.204] `bmpanel PC_KEY<CR><LF>`bmpanel PC_MOUSE<CR><LF>
[2026-09-15T13:47:16.283] `bmpanel PC_KEY<CR><LF>`bmpanel PC_MOUSE<CR><LF>
[2026-09-15T13:47:16.366] `bmpanel PC_KEY<CR><LF>`bmpanel PC_MOUSE<CR><LF>
[2026-09-15T13:47:16.445] `bmpanel PC_KEY<CR><LF>`bmpanel PC_MOUSE<CR><LF>
[2026-09-15T13:47:16.525] `bmpanel PC_KEY<CR><LF>`bmpanel PC_MOUSE<CR><LF>
[2026-09-15T13:47:16.603] `bmpanel PC_KEY<CR><LF>`bmpanel PC_MOUSE<CR><LF>
[2026-09-15T13:47:16.686] `bmpanel PC_KEY<CR><LF>`bmpanel PC_MOUSE<CR><LF>
[2026-09-15T13:47:16.764] `bmpanel PC_KEY<CR><LF>`bmpanel PC_MOUSE<CR><LF>
[2026-09-15T13:47:16.844] `bmpanel PC_KEY<CR><LF>`bmpanel PC_MOUSE<CR><LF>
[2026-09-15T13:47:16.925] `bmpanel PC_KEY<CR><LF>`bmpanel PC_MOUSE<CR><LF>
[2026-09-15T13:47:17.004] `bmpanel PC_KEY<CR><LF>`bmpanel PC_MOUSE<CR><LF>
[2026-09-15T13:47:17.085] `bmpanel PC_KEY<CR><LF>`bmpanel PC_MOUSE<CR><LF>
[2026-09-15T13:47:17.168] `bmpanel crop 2 0, 456, 456, 76, 12, 34<CR><LF>`bmpanel crop 3 0, 320, 300, 32, 12, 116<CR><LF>`bmpanel crop 4 0, 0, 108, 36, 12, 156<CR><LF>`bmpanel crop 1 128, 156, 108, 36<CR><LF>`bmpanel crop 1 244, 156, 108, 36<CR><LF>`bmpanel crop 1 12, 198, 108, 36<CR><LF>`bmpanel crop 1 128, 198, 108, 36<CR><LF>`bmpanel crop 1 244, 198, 108, 36<CR><LF>`bmpanel crop 1 360, 198, 108, 36<CR><LF>`bmpanel crop 5 200, 0, 20, 32, 404, 116<CR><LF>`bmpanel crop 5 20, 0, 20, 32, 424, 116<CR><LF>`bmpanel crop 5 80, 0, 20, 32, 444, 116<CR><LF>`bmpanel update<CR><LF>`bmpanel PC_KEY<CR><LF>`bmpanel PC_MOUSE<CR><LF>
[2026-09-15T13:47:17.250] `bmpanel PC_KEY<CR><LF>`bmpanel PC_MOUSE<CR><LF>
[2026-09-15T13:47:17.329] `bmpanel PC_KEY<CR><LF>`bmpanel PC_MOUSE<CR><LF>
[2026-09-15T13:47:17.410] `bmpanel PC_KEY<CR><LF>`bmpanel PC_MOUSE<CR><LF>
[2026-09-15T13:47:17.489] `bmpanel PC_KEY<CR><LF>`bmpanel PC_MOUSE<CR><LF>
[2026-09-15T13:47:17.569] `bmpanel PC_KEY<CR><LF>`bmpanel PC_MOUSE<CR><LF>
[2026-09-15T13:47:17.650] `bmpanel PC_KEY<CR><LF>`bmpanel PC_MOUSE<CR><LF>
[2026-09-15T13:47:17.729] `bmpanel PC_KEY<CR><LF>`bmpanel PC_MOUSE<CR><LF>
[2026-09-15T13:47:17.809] `bmpanel PC_KEY<CR><LF>`bmpanel PC_MOUSE<CR><LF>
[2026-09-15T13:47:17.889] `bmpanel PC_KEY<CR><LF>`bmpanel PC_MOUSE<CR><LF>
[2026-09-15T13:47:17.972] `bmpanel PC_KEY<CR><LF>`bmpanel PC_MOUSE<CR><LF>
[2026-09-15T13:47:18.050] `bmpanel PC_KEY<CR><LF>`bmpanel PC_MOUSE<CR><LF>
[2026-09-15T13:47:18.134] `bmpanel crop 2 0, 456, 456, 76, 12, 34<CR><LF>`bmpanel crop 3 0, 320, 300, 32, 12, 116<CR><LF>`bmpanel crop 4 0, 0, 108, 36, 12, 156<CR><LF>`bmpanel crop 1 128, 156, 108, 36<CR><LF>`bmpanel crop 1 244, 156, 108, 36<CR><LF>`bmpanel crop 1 12, 198, 108, 36<CR><LF>`bmpanel crop 1 128, 198, 108, 36<CR><LF>`bmpanel crop 1 244, 198, 108, 36<CR><LF>`bmpanel crop 1 360, 198, 108, 36<CR><LF>`bmpanel crop 5 200, 0, 20, 32, 404, 116<CR><LF>`bmpanel crop 5 20, 0, 20, 32, 424, 116<CR><LF>`bmpanel crop 5 60, 0, 20, 32, 444, 116<CR><LF>`bmpanel update<CR><LF>`bmpanel PC_KEY<CR><LF>`bmpanel PC_MOUSE<CR><LF>
[2026-09-15T13:47:18.215] `bmpanel PC_KEY<CR><LF>`bmpanel PC_MOUSE<CR><LF>
[2026-09-15T13:47:18.296] `bmpanel PC_KEY<CR><LF>`bmpanel PC_MOUSE<CR><LF>
[2026-09-15T13:47:18.374] `bmpanel PC_KEY<CR><LF>`bmpanel PC_MOUSE<CR><LF>
[2026-09-15T13:47:18.455] `bmpanel PC_KEY<CR><LF>`bmpanel PC_MOUSE<CR><LF>
[2026-09-15T13:47:18.536] `bmpanel PC_KEY<CR><LF>`bmpanel PC_MOUSE<CR><LF>
[2026-09-15T13:47:18.615] `bmpanel PC_KEY<CR><LF>`bmpanel PC_MOUSE<CR><LF>
[2026-09-15T13:47:18.695] `bmpanel PC_KEY<CR><LF>`bmpanel PC_MOUSE<CR><LF>
[2026-09-15T13:47:18.775] `bmpanel PC_KEY<CR><LF>`bmpanel PC_MOUSE<CR><LF>
[2026-09-15T13:47:18.855] `bmpanel PC_KEY<CR><LF>`bmpanel PC_MOUSE<CR><LF>
[2026-09-15T13:47:18.935] `bmpanel PC_KEY<CR><LF>`bmpanel PC_MOUSE<CR><LF>
[2026-09-15T13:47:19.015] `bmpanel PC_KEY<CR><LF>`bmpanel PC_MOUSE<CR><LF>
[2026-09-15T13:47:19.095] `bmpanel PC_KEY<CR><LF>`bmpanel PC_MOUSE<CR><LF>
[2026-09-15T13:47:19.179] `bmpanel crop 2 0, 456, 456, 76, 12, 34<CR><LF>`bmpanel crop 3 0, 320, 300, 32, 12, 116<CR><LF>`bmpanel crop 4 0, 0, 108, 36, 12, 156<CR><LF>`bmpanel crop 1 128, 156, 108, 36<CR><LF>`bmpanel crop 1 244, 156, 108, 36<CR><LF>`bmpanel crop 1 12, 198, 108, 36<CR><LF>`bmpanel crop 1 128, 198, 108, 36<CR><LF>`bmpanel crop 1 244, 198, 108, 36<CR><LF>`bmpanel crop 1 360, 198, 108, 36<CR><LF>`bmpanel crop 5 200, 0, 20, 32, 404, 116<CR><LF>`bmpanel crop 5 20, 0, 20, 32, 424, 116<CR><LF>`bmpanel crop 5 40, 0, 20, 32, 444, 116<CR><LF>`bmpanel update<CR><LF>`bmpanel PC_KEY<CR><LF>`bmpanel PC_MOUSE<CR><LF>
[2026-09-15T13:47:19.262] `bmpanel PC_KEY<CR><LF>`bmpanel PC_MOUSE<CR><LF>
[2026-09-15T13:47:19.341] `bmpanel PC_KEY<CR><LF>`bmpanel PC_MOUSE<CR><LF>
[2026-09-15T13:47:19.420] `bmpanel PC_KEY<CR><LF>`bmpanel PC_MOUSE<CR><LF>
[2026-09-15T13:47:19.500] `bmpanel PC_KEY<CR><LF>`bmpanel PC_MOUSE<CR><LF>
[2026-09-15T13:47:19.580] `bmpanel PC_KEY<CR><LF>`bmpanel PC_MOUSE<CR><LF>
[2026-09-15T13:47:19.661] `bmpanel PC_KEY<CR><LF>`bmpanel PC_MOUSE<CR><LF>
[2026-09-15T13:47:19.757] `bmpanel PC_KEY<CR><LF>`bmpanel PC_KEY<CR><LF>`bmpanel PC_MOUSE<CR><LF>
[2026-09-15T13:47:19.837] `bmpanel PC_KEY<CR><LF>`bmpanel PC_MOUSE<CR><LF>
[2026-09-15T13:47:19.918] `bmpanel PC_KEY<CR><LF>`bmpanel PC_MOUSE<CR><LF>
[2026-09-15T13:47:19.996] `bmpanel PC_KEY<CR><LF>`bmpanel PC_MOUSE<CR><LF>
[2026-09-15T13:47:20.077] `bmpanel PC_KEY<CR><LF>`bmpanel PC_MOUSE<CR><LF>
[2026-09-15T13:47:20.164] `bmpanel crop 2 0, 456, 456, 76, 12, 34<CR><LF>`bmpanel crop 3 0, 320, 300, 32, 12, 116<CR><LF>`bmpanel crop 4 0, 0, 108, 36, 12, 156<CR><LF>`bmpanel crop 1 128, 156, 108, 36<CR><LF>`bmpanel crop 1 244, 156, 108, 36<CR><LF>`bmpanel crop 1 12, 198, 108, 36<CR><LF>`bmpanel crop 1 128, 198, 108, 36<CR><LF>`bmpanel crop 1 244, 198, 108, 36<CR><LF>`bmpanel crop 1 360, 198, 108, 36<CR><LF>`bmpanel crop 5 200, 0, 20, 32, 404, 116<CR><LF>`bmpanel crop 5 20, 0, 20, 32, 424, 116<CR><LF>`bmpanel crop 5 20, 0, 20, 32, 444, 116<CR><LF>`bmpanel update<CR><LF>`bmpanel PC_KEY<CR><LF>`bmpanel PC_MOUSE<CR><LF>
[2026-09-15T13:47:20.242] `bmpanel PC_KEY<CR><LF>`bmpanel PC_MOUSE<CR><LF>
[2026-09-15T13:47:20.322] `bmpanel PC_KEY<CR><LF>`bmpanel PC_MOUSE<CR><LF>
[2026-09-15T13:47:20.401] `bmpanel PC_KEY<CR><LF>`bmpanel PC_MOUSE<CR><LF>
[2026-09-15T13:47:20.483] `bmpanel PC_KEY<CR><LF>`bmpanel PC_MOUSE<CR><LF>
[2026-09-15T13:47:20.562] `bmpanel PC_KEY<CR><LF>`bmpanel PC_MOUSE<CR><LF>
[2026-09-15T13:47:20.642] `bmpanel PC_KEY<CR><LF>`bmpanel PC_MOUSE<CR><LF>
[2026-09-15T13:47:20.721] `bmpanel PC_KEY<CR><LF>`bmpanel PC_MOUSE<CR><LF>
[2026-09-15T13:47:20.801] `bmpanel PC_KEY<CR><LF>`bmpanel PC_MOUSE<CR><LF>
[2026-09-15T13:47:20.881] `bmpanel PC_KEY<CR><LF>`bmpanel PC_MOUSE<CR><LF>
[2026-09-15T13:47:20.965] `bmpanel PC_KEY<CR><LF>`bmpanel PC_MOUSE<CR><LF>
[2026-09-15T13:47:21.057] `bmpanel PC_KEY<CR><LF>`bmpanel PC_KEY<CR><LF>`bmpanel PC_MOUSE<CR><LF>
[2026-09-15T13:47:21.142] `bmpanel crop 2 0, 456, 456, 76, 12, 34<CR><LF>`bmpanel crop 3 0, 320, 300, 32, 12, 116<CR><LF>`bmpanel crop 4 0, 0, 108, 36, 12, 156<CR><LF>`bmpanel crop 1 128, 156, 108, 36<CR><LF>`bmpanel crop 1 244, 156, 108, 36<CR><LF>`bmpanel crop 1 12, 198, 108, 36<CR><LF>`bmpanel crop 1 128, 198, 108, 36<CR><LF>`bmpanel crop 1 244, 198, 108, 36<CR><LF>`bmpanel crop 1 360, 198, 108, 36<CR><LF>`bmpanel crop 5 200, 0, 20, 32, 404, 116<CR><LF>`bmpanel crop 5 20, 0, 20, 32, 424, 116<CR><LF>`bmpanel crop 5 0, 0, 20, 32, 444, 116<CR><LF>`bmpanel update<CR><LF>`bmpanel PC_KEY<CR><LF>`bmpanel PC_MOUSE<CR><LF>
[2026-09-15T13:47:21.223] `bmpanel PC_KEY<CR><LF>`bmpanel PC_MOUSE<CR><LF>
[2026-09-15T13:47:21.302] `bmpanel PC_KEY<CR><LF>`bmpanel PC_MOUSE<CR><LF>
[2026-09-15T13:47:21.384] `bmpanel PC_KEY<CR><LF>`bmpanel PC_MOUSE<CR><LF>
[2026-09-15T13:47:21.463] `bmpanel PC_KEY<CR><LF>`bmpanel PC_MOUSE<CR><LF>
[2026-09-15T13:47:21.545] `bmpanel PC_KEY<CR><LF>`bmpanel PC_MOUSE<CR><LF>
[2026-09-15T13:47:21.622] `bmpanel PC_KEY<CR><LF>`bmpanel PC_MOUSE<CR><LF>
[2026-09-15T13:47:21.703] `bmpanel PC_KEY<CR><LF>`bmpanel PC_MOUSE<CR><LF>
[2026-09-15T13:47:21.782] `bmpanel PC_KEY<CR><LF>`bmpanel PC_MOUSE<CR><LF>
[2026-09-15T13:47:21.866] `bmpanel PC_KEY<CR><LF>`bmpanel PC_MOUSE<CR><LF>
[2026-09-15T13:47:21.944] `bmpanel PC_KEY<CR><LF>`bmpanel PC_MOUSE<CR><LF>
[2026-09-15T13:47:22.023] `bmpanel PC_KEY<CR><LF>`bmpanel PC_MOUSE<CR><LF>
[2026-09-15T13:47:22.104] `bmpanel PC_KEY<CR><LF>`bmpanel PC_MOUSE<CR><LF>
[2026-09-15T13:47:22.188] `bmpanel crop 2 0, 456, 456, 76, 12, 34<CR><LF>`bmpanel crop 3 0, 320, 300, 32, 12, 116<CR><LF>`bmpanel crop 4 0, 0, 108, 36, 12, 156<CR><LF>`bmpanel crop 1 128, 156, 108, 36<CR><LF>`bmpanel crop 1 244, 156, 108, 36<CR><LF>`bmpanel crop 1 12, 198, 108, 36<CR><LF>`bmpanel crop 1 128, 198, 108, 36<CR><LF>`bmpanel crop 1 244, 198, 108, 36<CR><LF>`bmpanel crop 1 360, 198, 108, 36<CR><LF>`bmpanel crop 5 200, 0, 20, 32, 404, 116<CR><LF>`bmpanel crop 5 200, 0, 20, 32, 424, 116<CR><LF>`bmpanel crop 5 180, 0, 20, 32, 444, 116<CR><LF>`bmpanel update<CR><LF>`bmpanel PC_KEY<CR><LF>`bmpanel PC_MOUSE<CR><LF>
[2026-09-15T13:47:22.271] `bmpanel PC_KEY<CR><LF>`bmpanel PC_MOUSE<CR><LF>
[2026-09-15T13:47:22.348] `bmpanel PC_KEY<CR><LF>`bmpanel PC_MOUSE<CR><LF>
[2026-09-15T13:47:22.431] `bmpanel PC_KEY<CR><LF>`bmpanel PC_MOUSE<CR><LF>
[2026-09-15T13:47:22.508] `bmpanel PC_KEY<CR><LF>`bmpanel PC_MOUSE<CR><LF>
[2026-09-15T13:47:22.605] `bmpanel PC_KEY<CR><LF>`bmpanel PC_KEY<CR><LF>`bmpanel PC_MOUSE<CR><LF>
[2026-09-15T13:47:22.685] `bmpanel PC_KEY<CR><LF>`bmpanel PC_MOUSE<CR><LF>
[2026-09-15T13:47:22.765] `bmpanel PC_KEY<CR><LF>`bmpanel PC_MOUSE<CR><LF>
[2026-09-15T13:47:22.845] `bmpanel PC_KEY<CR><LF>`bmpanel PC_MOUSE<CR><LF>
[2026-09-15T13:47:22.925] `bmpanel PC_KEY<CR><LF>`bmpanel PC_MOUSE<CR><LF>
[2026-09-15T13:47:23.006] `bmpanel PC_KEY<CR><LF>`bmpanel PC_MOUSE<CR><LF>
[2026-09-15T13:47:23.085] `bmpanel PC_KEY<CR><LF>`bmpanel PC_MOUSE<CR><LF>
[2026-09-15T13:47:23.171] `bmpanel crop 2 0, 456, 456, 76, 12, 34<CR><LF>`bmpanel crop 3 0, 320, 300, 32, 12, 116<CR><LF>`bmpanel crop 4 0, 0, 108, 36, 12, 156<CR><LF>`bmpanel crop 1 128, 156, 108, 36<CR><LF>`bmpanel crop 1 244, 156, 108, 36<CR><LF>`bmpanel crop 1 12, 198, 108, 36<CR><LF>`bmpanel crop 1 128, 198, 108, 36<CR><LF>`bmpanel crop 1 244, 198, 108, 36<CR><LF>`bmpanel crop 1 360, 198, 108, 36<CR><LF>`bmpanel crop 5 200, 0, 20, 32, 404, 116<CR><LF>`bmpanel crop 5 200, 0, 20, 32, 424, 116<CR><LF>`bmpanel crop 5 160, 0, 20, 32, 444, 116<CR><LF>`bmpanel update<CR><LF>`bmpanel PC_KEY<CR><LF>`bmpanel PC_MOUSE<CR><LF>
[2026-09-15T13:47:23.250] `bmpanel PC_KEY<CR><LF>`bmpanel PC_MOUSE<CR><LF>
[2026-09-15T13:47:23.330] `bmpanel PC_KEY<CR><LF>`bmpanel PC_MOUSE<CR><LF>
[2026-09-15T13:47:23.410] `bmpanel PC_KEY<CR><LF>`bmpanel PC_MOUSE<CR><LF>
[2026-09-15T13:47:23.491] `bmpanel PC_KEY<CR><LF>`bmpanel PC_MOUSE<CR><LF>
[2026-09-15T13:47:23.570] `bmpanel PC_KEY<CR><LF>`bmpanel PC_MOUSE<CR><LF>
[2026-09-15T13:47:23.652] `bmpanel PC_KEY<CR><LF>`bmpanel PC_MOUSE<CR><LF>
[2026-09-15T13:47:23.730] `bmpanel PC_KEY<CR><LF>`bmpanel PC_MOUSE<CR><LF>
[2026-09-15T13:47:23.811] `bmpanel PC_KEY<CR><LF>`bmpanel PC_MOUSE<CR><LF>
[2026-09-15T13:47:23.891] `bmpanel PC_KEY<CR><LF>`bmpanel PC_MOUSE<CR><LF>
[2026-09-15T13:47:23.971] `bmpanel PC_KEY<CR><LF>`bmpanel PC_MOUSE<CR><LF>
[2026-09-15T13:47:24.050] `bmpanel PC_KEY<CR><LF>`bmpanel PC_MOUSE<CR><LF>
[2026-09-15T13:47:24.137] `bmpanel crop 2 0, 456, 456, 76, 12, 34<CR><LF>`bmpanel crop 3 0, 320, 300, 32, 12, 116<CR><LF>`bmpanel crop 4 0, 0, 108, 36, 12, 156<CR><LF>`bmpanel crop 1 128, 156, 108, 36<CR><LF>`bmpanel crop 1 244, 156, 108, 36<CR><LF>`bmpanel crop 1 12, 198, 108, 36<CR><LF>`bmpanel crop 1 128, 198, 108, 36<CR><LF>`bmpanel crop 1 244, 198, 108, 36<CR><LF>`bmpanel crop 1 360, 198, 108, 36<CR><LF>`bmpanel crop 5 200, 0, 20, 32, 404, 116<CR><LF>`bmpanel crop 5 200, 0, 20, 32, 424, 116<CR><LF>`bmpanel crop 5 140, 0, 20, 32, 444, 116<CR><LF>`bmpanel update<CR><LF>`bmpanel PC_KEY<CR><LF>`bmpanel PC_MOUSE<CR><LF>
[2026-09-15T13:47:24.218] `bmpanel PC_KEY<CR><LF>`bmpanel PC_MOUSE<CR><LF>
[2026-09-15T13:47:24.295] `bmpanel PC_KEY<CR><LF>`bmpanel PC_MOUSE<CR><LF>
[2026-09-15T13:47:24.375] `bmpanel PC_KEY<CR><LF>`bmpanel PC_MOUSE<CR><LF>
[2026-09-15T13:47:24.460] `bmpanel PC_KEY<CR><LF>`bmpanel PC_MOUSE<CR><LF>
[2026-09-15T13:47:24.536] `bmpanel PC_KEY<CR><LF>`bmpanel PC_MOUSE<CR><LF>
[2026-09-15T13:47:24.617] `bmpanel PC_KEY<CR><LF>`bmpanel PC_MOUSE<CR><LF>
[2026-09-15T13:47:24.697] `bmpanel PC_KEY<CR><LF>`bmpanel PC_MOUSE<CR><LF>
[2026-09-15T13:47:24.778] `bmpanel PC_KEY<CR><LF>`bmpanel PC_MOUSE<CR><LF>
[2026-09-15T13:47:24.856] `bmpanel PC_KEY<CR><LF>`bmpanel PC_MOUSE<CR><LF>
[2026-09-15T13:47:24.936] `bmpanel PC_KEY<CR><LF>`bmpanel PC_MOUSE<CR><LF>
[2026-09-15T13:47:25.015] `bmpanel PC_KEY<CR><LF>`bmpanel PC_MOUSE<CR><LF>
[2026-09-15T13:47:25.097] `bmpanel PC_KEY<CR><LF>`bmpanel PC_MOUSE<CR><LF>
[2026-09-15T13:47:25.182] `bmpanel crop 2 0, 456, 456, 76, 12, 34<CR><LF>`bmpanel crop 3 0, 320, 300, 32, 12, 116<CR><LF>`bmpanel crop 4 0, 0, 108, 36, 12, 156<CR><LF>`bmpanel crop 1 128, 156, 108, 36<CR><LF>`bmpanel crop 1 244, 156, 108, 36<CR><LF>`bmpanel crop 1 12, 198, 108, 36<CR><LF>`bmpanel crop 1 128, 198, 108, 36<CR><LF>`bmpanel crop 1 244, 198, 108, 36<CR><LF>`bmpanel crop 1 360, 198, 108, 36<CR><LF>`bmpanel crop 5 200, 0, 20, 32, 404, 116<CR><LF>`bmpanel crop 5 200, 0, 20, 32, 424, 116<CR><LF>`bmpanel crop 5 120, 0, 20, 32, 444, 116<CR><LF>`bmpanel update<CR><LF>`bmpanel PC_KEY<CR><LF>`bmpanel PC_MOUSE<CR><LF>
[2026-09-15T13:47:25.262] `bmpanel PC_KEY<CR><LF>`bmpanel PC_MOUSE<CR><LF>
[2026-09-15T13:47:25.341] `bmpanel PC_KEY<CR><LF>`bmpanel PC_MOUSE<CR><LF>
[2026-09-15T13:47:25.423] `bmpanel PC_KEY<CR><LF>`bmpanel PC_MOUSE<CR><LF>
[2026-09-15T13:47:25.502] `bmpanel PC_KEY<CR><LF>`bmpanel PC_MOUSE<CR><LF>
[2026-09-15T13:47:25.582] `bmpanel PC_KEY<CR><LF>`bmpanel PC_MOUSE<CR><LF>
[2026-09-15T13:47:25.663] `bmpanel PC_KEY<CR><LF>`bmpanel PC_MOUSE<CR><LF>
[2026-09-15T13:47:25.741] `bmpanel PC_KEY<CR><LF>`bmpanel PC_MOUSE<CR><LF>
[2026-09-15T13:47:25.821] `bmpanel PC_KEY<CR><LF>`bmpanel PC_MOUSE<CR><LF>
[2026-09-15T13:47:25.901] `bmpanel PC_KEY<CR><LF>`bmpanel PC_MOUSE<CR><LF>
[2026-09-15T13:47:25.982] `bmpanel PC_KEY<CR><LF>`bmpanel PC_MOUSE<CR><LF>
[2026-09-15T13:47:26.063] `bmpanel PC_KEY<CR><LF>`bmpanel PC_MOUSE<CR><LF>
[2026-09-15T13:47:26.149] `bmpanel crop 2 0, 456, 456, 76, 12, 34<CR><LF>`bmpanel crop 3 0, 320, 300, 32, 12, 116<CR><LF>`bmpanel crop 4 0, 0, 108, 36, 12, 156<CR><LF>`bmpanel crop 1 128, 156, 108, 36<CR><LF>`bmpanel crop 1 244, 156, 108, 36<CR><LF>`bmpanel crop 1 12, 198, 108, 36<CR><LF>`bmpanel crop 1 128, 198, 108, 36<CR><LF>`bmpanel crop 1 244, 198, 108, 36<CR><LF>`bmpanel crop 1 360, 198, 108, 36<CR><LF>`bmpanel crop 5 200, 0, 20, 32, 404, 116<CR><LF>`bmpanel crop 5 200, 0, 20, 32, 424, 116<CR><LF>`bmpanel crop 5 100, 0, 20, 32, 444, 116<CR><LF>`bmpanel update<CR><LF>`bmpanel PC_KEY<CR><LF>`bmpanel PC_MOUSE<CR><LF>
[2026-09-15T13:47:26.227] `bmpanel PC_KEY<CR><LF>`bmpanel PC_MOUSE<CR><LF>
[2026-09-15T13:47:26.307] `bmpanel PC_KEY<CR><LF>`bmpanel PC_MOUSE<CR><LF>
[2026-09-15T13:47:26.388] `bmpanel PC_KEY<CR><LF>`bmpanel PC_MOUSE<CR><LF>
[2026-09-15T13:47:26.470] `bmpanel PC_KEY<CR><LF>`bmpanel PC_MOUSE<CR><LF>
[2026-09-15T13:47:26.547] `bmpanel PC_KEY<CR><LF>`bmpanel PC_MOUSE<CR><LF>
[2026-09-15T13:47:26.627] `bmpanel PC_KEY<CR><LF>`bmpanel PC_MOUSE<CR><LF>
[2026-09-15T13:47:26.707] `bmpanel PC_KEY<CR><LF>`bmpanel PC_MOUSE<CR><LF>
[2026-09-15T13:47:26.788] `bmpanel PC_KEY<CR><LF>`bmpanel PC_MOUSE<CR><LF>
[2026-09-15T13:47:26.868] `bmpanel PC_KEY<CR><LF>`bmpanel PC_MOUSE<CR><LF>
[2026-09-15T13:47:26.948] `bmpanel PC_KEY<CR><LF>`bmpanel PC_MOUSE<CR><LF>
[2026-09-15T13:47:27.027] `bmpanel PC_KEY<CR><LF>`bmpanel PC_MOUSE<CR><LF>
[2026-09-15T13:47:27.115] `bmpanel crop 2 0, 456, 456, 76, 12, 34<CR><LF>`bmpanel crop 3 0, 320, 300, 32, 12, 116<CR><LF>`bmpanel crop 4 0, 0, 108, 36, 12, 156<CR><LF>`bmpanel crop 1 128, 156, 108, 36<CR><LF>`bmpanel crop 1 244, 156, 108, 36<CR><LF>`bmpanel crop 1 12, 198, 108, 36<CR><LF>`bmpanel crop 1 128, 198, 108, 36<CR><LF>`bmpanel crop 1 244, 198, 108, 36<CR><LF>`bmpanel crop 1 360, 198, 108, 36<CR><LF>`bmpanel crop 5 200, 0, 20, 32, 404, 116<CR><LF>`bmpanel crop 5 200, 0, 20, 32, 424, 116<CR><LF>`bmpanel crop 5 80, 0, 20, 32, 444, 116<CR><LF>`bmpanel update<CR><LF>`bmpanel PC_KEY<CR><LF>`bmpanel PC_MOUSE<CR><LF>
[2026-09-15T13:47:27.192] `bmpanel PC_KEY<CR><LF>`bmpanel PC_MOUSE<CR><LF>
[2026-09-15T13:47:27.273] `bmpanel PC_KEY<CR><LF>`bmpanel PC_MOUSE<CR><LF>
[2026-09-15T13:47:27.352] `bmpanel PC_KEY<CR><LF>`bmpanel PC_MOUSE<CR><LF>
[2026-09-15T13:47:27.434] `bmpanel PC_KEY<CR><LF>`bmpanel PC_MOUSE<CR><LF>
[2026-09-15T13:47:27.513] `bmpanel PC_KEY<CR><LF>`bmpanel PC_MOUSE<CR><LF>
[2026-09-15T13:47:27.593] `bmpanel PC_KEY<CR><LF>`bmpanel PC_MOUSE<CR><LF>
[2026-09-15T13:47:27.672] `bmpanel PC_KEY<CR><LF>`bmpanel PC_MOUSE<CR><LF>
[2026-09-15T13:47:27.753] `bmpanel PC_KEY<CR><LF>`bmpanel PC_MOUSE<CR><LF>
[2026-09-15T13:47:27.833] `bmpanel PC_KEY<CR><LF>`bmpanel PC_MOUSE<CR><LF>
[2026-09-15T13:47:27.914] `bmpanel PC_KEY<CR><LF>`bmpanel PC_MOUSE<CR><LF>
[2026-09-15T13:47:27.993] `bmpanel PC_KEY<CR><LF>`bmpanel PC_MOUSE<CR><LF>
[2026-09-15T13:47:28.157] `bmpanel PC_KEY<CR><LF>`bmpanel PC_MOUSE<CR><LF>`bmpanel crop 2 0, 456, 456, 76, 12, 34<CR><LF>`bmpanel crop 3 0, 320, 300, 32, 12, 116<CR><LF>`bmpanel crop 4 0, 0, 108, 36, 12, 156<CR><LF>`bmpanel crop 1 128, 156, 108, 36<CR><LF>`bmpanel crop 1 244, 156, 108, 36<CR><LF>`bmpanel crop 1 12, 198, 108, 36<CR><LF>`bmpanel crop 1 128, 198, 108, 36<CR><LF>`bmpanel crop 1 244, 198, 108, 36<CR><LF>`bmpanel crop 1 360, 198, 108, 36<CR><LF>`bmpanel crop 5 200, 0, 20, 32, 404, 116<CR><LF>`bmpanel crop 5 200, 0, 20, 32, 424, 116<CR><LF>`bmpanel crop 5 60, 0, 20, 32, 444, 116<CR><LF>`bmpanel update<CR><LF>`bmpanel PC_KEY<CR><LF>`bmpanel PC_MOUSE<CR><LF>
[2026-09-15T13:47:28.240] `bmpanel PC_KEY<CR><LF>`bmpanel PC_MOUSE<CR><LF>
[2026-09-15T13:47:28.320] `bmpanel PC_KEY<CR><LF>`bmpanel PC_MOUSE<CR><LF>
[2026-09-15T13:47:28.397] `bmpanel PC_KEY<CR><LF>`bmpanel PC_MOUSE<CR><LF>
[2026-09-15T13:47:28.479] `bmpanel PC_KEY<CR><LF>`bmpanel PC_MOUSE<CR><LF>
[2026-09-15T13:47:28.557] `bmpanel PC_KEY<CR><LF>`bmpanel PC_MOUSE<CR><LF>
[2026-09-15T13:47:28.638] `bmpanel PC_KEY<CR><LF>`bmpanel PC_MOUSE<CR><LF>
[2026-09-15T13:47:28.720] `bmpanel PC_KEY<CR><LF>`bmpanel PC_MOUSE<CR><LF>
[2026-09-15T13:47:28.800] `bmpanel PC_KEY<CR><LF>`bmpanel PC_MOUSE<CR><LF>
[2026-09-15T13:47:28.882] `bmpanel PC_KEY<CR><LF>`bmpanel PC_MOUSE<CR><LF>
[2026-09-15T13:47:28.959] `bmpanel PC_KEY<CR><LF>`bmpanel PC_MOUSE<CR><LF>
[2026-09-15T13:47:29.039] `bmpanel PC_KEY<CR><LF>`bmpanel PC_MOUSE<CR><LF>
[2026-09-15T13:47:29.124] `bmpanel crop 2 0, 456, 456, 76, 12, 34<CR><LF>`bmpanel crop 3 0, 320, 300, 32, 12, 116<CR><LF>`bmpanel crop 4 0, 0, 108, 36, 12, 156<CR><LF>`bmpanel crop 1 128, 156, 108, 36<CR><LF>`bmpanel crop 1 244, 156, 108, 36<CR><LF>`bmpanel crop 1 12, 198, 108, 36<CR><LF>`bmpanel crop 1 128, 198, 108, 36<CR><LF>`bmpanel crop 1 244, 198, 108, 36<CR><LF>`bmpanel crop 1 360, 198, 108, 36<CR><LF>`bmpanel crop 5 200, 0, 20, 32, 404, 116<CR><LF>`bmpanel crop 5 200, 0, 20, 32, 424, 116<CR><LF>`bmpanel crop 5 40, 0, 20, 32, 444, 116<CR><LF>`bmpanel update<CR><LF>`bmpanel PC_KEY<CR><LF>`bmpanel PC_MOUSE<CR><LF>
[2026-09-15T13:47:29.203] `bmpanel PC_KEY<CR><LF>`bmpanel PC_MOUSE<CR><LF>
[2026-09-15T13:47:29.286] `bmpanel PC_KEY<CR><LF>`bmpanel PC_MOUSE<CR><LF>
[2026-09-15T13:47:29.366] `bmpanel PC_KEY<CR><LF>`bmpanel PC_MOUSE<CR><LF>
[2026-09-15T13:47:29.443] `bmpanel PC_KEY<CR><LF>`bmpanel PC_MOUSE<CR><LF>
[2026-09-15T13:47:29.524] `bmpanel PC_KEY<CR><LF>`bmpanel PC_MOUSE<CR><LF>
[2026-09-15T13:47:29.607] `bmpanel PC_KEY<CR><LF>`bmpanel PC_MOUSE<CR><LF>
[2026-09-15T13:47:29.684] `bmpanel PC_KEY<CR><LF>`bmpanel PC_MOUSE<CR><LF>
[2026-09-15T13:47:29.763] `bmpanel PC_KEY<CR><LF>`bmpanel PC_MOUSE<CR><LF>
[2026-09-15T13:47:29.844] `bmpanel PC_KEY<CR><LF>`bmpanel PC_MOUSE<CR><LF>
[2026-09-15T13:47:29.925] `bmpanel PC_KEY<CR><LF>`bmpanel PC_MOUSE<CR><LF>
[2026-09-15T13:47:30.005] `bmpanel PC_KEY<CR><LF>`bmpanel PC_MOUSE<CR><LF>
[2026-09-15T13:47:30.083] `bmpanel PC_KEY<CR><LF>`bmpanel PC_MOUSE<CR><LF>
[2026-09-15T13:47:30.169] `bmpanel crop 2 0, 456, 456, 76, 12, 34<CR><LF>`bmpanel crop 3 0, 320, 300, 32, 12, 116<CR><LF>`bmpanel crop 4 0, 0, 108, 36, 12, 156<CR><LF>`bmpanel crop 1 128, 156, 108, 36<CR><LF>`bmpanel crop 1 244, 156, 108, 36<CR><LF>`bmpanel crop 1 12, 198, 108, 36<CR><LF>`bmpanel crop 1 128, 198, 108, 36<CR><LF>`bmpanel crop 1 244, 198, 108, 36<CR><LF>`bmpanel crop 1 360, 198, 108, 36<CR><LF>`bmpanel crop 5 200, 0, 20, 32, 404, 116<CR><LF>`bmpanel crop 5 200, 0, 20, 32, 424, 116<CR><LF>`bmpanel crop 5 20, 0, 20, 32, 444, 116<CR><LF>`bmpanel update<CR><LF>`bmpanel PC_KEY<CR><LF>`bmpanel PC_MOUSE<CR><LF>
[2026-09-15T13:47:30.249] `bmpanel PC_KEY<CR><LF>`bmpanel PC_MOUSE<CR><LF>
[2026-09-15T13:47:30.329] `bmpanel PC_KEY<CR><LF>`bmpanel PC_MOUSE<CR><LF>
[2026-09-15T13:47:30.409] `bmpanel PC_KEY<CR><LF>`bmpanel PC_MOUSE<CR><LF>
[2026-09-15T13:47:30.491] `bmpanel PC_KEY<CR><LF>`bmpanel PC_MOUSE<CR><LF>
[2026-09-15T13:47:30.571] `bmpanel PC_KEY<CR><LF>`bmpanel PC_MOUSE<CR><LF>
[2026-09-15T13:47:30.649] `bmpanel PC_KEY<CR><LF>`bmpanel PC_MOUSE<CR><LF>
[2026-09-15T13:47:30.731] `bmpanel PC_KEY<CR><LF>`bmpanel PC_MOUSE<CR><LF>
[2026-09-15T13:47:30.809] `bmpanel PC_KEY<CR><LF>`bmpanel PC_MOUSE<CR><LF>
[2026-09-15T13:47:30.890] `bmpanel PC_KEY<CR><LF>`bmpanel PC_MOUSE<CR><LF>
[2026-09-15T13:47:30.970] `bmpanel PC_KEY<CR><LF>`bmpanel PC_MOUSE<CR><LF>
[2026-09-15T13:47:31.050] `bmpanel PC_KEY<CR><LF>`bmpanel PC_MOUSE<CR><LF>
[2026-09-15T13:47:31.087] `bmpanel crop 2 0, 456, 456, 76, 12, 34<CR><LF>`bmpanel crop 3 0, 320, 300, 32, 12, 116<CR><LF>`bmpanel crop 4 0, 0, 108, 36, 12, 156<CR><LF>`bmpanel crop 1 128, 156, 108, 36<CR><LF>`bmpanel crop 1 244, 156, 108, 36<CR><LF>`bmpanel crop 1 12, 198, 108, 36<CR><LF>`bmpanel crop 1 128, 198, 108, 36<CR><LF>`bmpanel crop 1 244, 198, 108, 36<CR><LF>`bmpanel crop 1 360, 198, 108, 36<CR><LF>`bmpanel crop 5 200, 0, 20, 32, 404, 116<CR><LF>`bmpanel crop 5 200, 0, 20, 32, 424, 116<CR><LF>`bmpanel crop 5 0, 0, 20, 32, 444, 116<CR><LF>`bmpanel update<CR><LF>`bmpanel PC_KEY<CR><LF>`bmpanel PC_MOUSE<CR><LF>Cog0  BM-UISTEP,seq,7,step,1,kind,CLICK,tested,START,got,NA,prompt,6,result,TIMEOUT,input,NONE,wait_ms,30_059,why,OPERATOR_TIMEOUT
[2026-09-15T13:47:31.174] `bmpanel crop 2 0, 456, 456, 76, 12, 34<CR><LF>`bmpanel crop 3 0, 320, 300, 32, 12, 116<CR><LF>`bmpanel crop 1 12, 156, 108, 36<CR><LF>`bmpanel crop 4 0, 36, 108, 36, 128, 156<CR><LF>`bmpanel crop 1 244, 156, 108, 36<CR><LF>`bmpanel crop 1 12, 198, 108, 36<CR><LF>`bmpanel crop 1 128, 198, 108, 36<CR><LF>`bmpanel crop 1 244, 198, 108, 36<CR><LF>`bmpanel crop 1 360, 198, 108, 36<CR><LF>`bmpanel crop 5 200, 0, 20, 32, 404, 116<CR><LF>`bmpanel crop 5 200, 0, 20, 32, 424, 116<CR><LF>`bmpanel crop 5 200, 0, 20, 32, 444, 116<CR><LF>`bmpanel update<CR><LF>`bmpanel crop 2 0, 456, 456, 76, 12, 34<CR><LF>`bmpanel crop 3 0, 320, 300, 32, 12, 116<CR><LF>`bmpanel crop 1 12, 156, 108, 36<CR><LF>`bmpanel crop 4 0, 36, 108, 36, 128, 156<CR><LF>`bmpanel crop 1 244, 156, 108, 36<CR><LF>`bmpanel crop 1 12, 198, 108, 36<CR><LF>`bmpanel crop 1 128, 198, 108, 36<CR><LF>`bmpanel crop 1 244, 198, 108, 36<CR><LF>`bmpanel crop 1 360, 198, 108, 36<CR><LF>`bmpanel crop 5 200, 0, 20, 32, 404, 116<CR><LF>`bmpanel crop 5 60, 0, 20, 32, 424, 116<CR><LF>`bmpanel crop 5 0, 0, 20, 32, 444, 116<CR><LF>`bmpanel update<CR><LF>`bmpanel PC_KEY<CR><LF>`bmpanel PC_MOUSE<CR><LF>
[2026-09-15T13:47:31.254] `bmpanel PC_KEY<CR><LF>`bmpanel PC_MOUSE<CR><LF>
[2026-09-15T13:47:31.334] `bmpanel PC_KEY<CR><LF>`bmpanel PC_MOUSE<CR><LF>
[2026-09-15T13:47:31.413] `bmpanel PC_KEY<CR><LF>`bmpanel PC_MOUSE<CR><LF>
[2026-09-15T13:47:31.494] `bmpanel PC_KEY<CR><LF>`bmpanel PC_MOUSE<CR><LF>
[2026-09-15T13:47:31.574] `bmpanel PC_KEY<CR><LF>`bmpanel PC_MOUSE<CR><LF>
[2026-09-15T13:47:31.654] `bmpanel PC_KEY<CR><LF>`bmpanel PC_MOUSE<CR><LF>
[2026-09-15T13:47:31.734] `bmpanel PC_KEY<CR><LF>`bmpanel PC_MOUSE<CR><LF>
[2026-09-15T13:47:31.815] `bmpanel PC_KEY<CR><LF>`bmpanel PC_MOUSE<CR><LF>
[2026-09-15T13:47:31.896] `bmpanel PC_KEY<CR><LF>`bmpanel PC_MOUSE<CR><LF>
[2026-09-15T13:47:31.974] `bmpanel PC_KEY<CR><LF>`bmpanel PC_MOUSE<CR><LF>
[2026-09-15T13:47:32.056] `bmpanel PC_KEY<CR><LF>`bmpanel PC_MOUSE<CR><LF>
[2026-09-15T13:47:32.133] `bmpanel PC_KEY<CR><LF>`bmpanel PC_MOUSE<CR><LF>
[2026-09-15T13:47:32.222] `bmpanel crop 2 0, 456, 456, 76, 12, 34<CR><LF>`bmpanel crop 3 0, 320, 300, 32, 12, 116<CR><LF>`bmpanel crop 1 12, 156, 108, 36<CR><LF>`bmpanel crop 4 0, 36, 108, 36, 128, 156<CR><LF>`bmpanel crop 1 244, 156, 108, 36<CR><LF>`bmpanel crop 1 12, 198, 108, 36<CR><LF>`bmpanel crop 1 128, 198, 108, 36<CR><LF>`bmpanel crop 1 244, 198, 108, 36<CR><LF>`bmpanel crop 1 360, 198, 108, 36<CR><LF>`bmpanel crop 5 200, 0, 20, 32, 404, 116<CR><LF>`bmpanel crop 5 40, 0, 20, 32, 424, 116<CR><LF>`bmpanel crop 5 180, 0, 20, 32, 444, 116<CR><LF>`bmpanel update<CR><LF>`bmpanel PC_KEY<CR><LF>`bmpanel PC_MOUSE<CR><LF>
[2026-09-15T13:47:32.300] `bmpanel PC_KEY<CR><LF>`bmpanel PC_MOUSE<CR><LF>
[2026-09-15T13:47:32.380] `bmpanel PC_KEY<CR><LF>`bmpanel PC_MOUSE<CR><LF>
[2026-09-15T13:47:32.459] `bmpanel PC_KEY<CR><LF>`bmpanel PC_MOUSE<CR><LF>
[2026-09-15T13:47:32.540] `bmpanel PC_KEY<CR><LF>`bmpanel PC_MOUSE<CR><LF>
[2026-09-15T13:47:32.620] `bmpanel PC_KEY<CR><LF>`bmpanel PC_MOUSE<CR><LF>
[2026-09-15T13:47:32.699] `bmpanel PC_KEY<CR><LF>`bmpanel PC_MOUSE<CR><LF>
[2026-09-15T13:47:32.780] `bmpanel PC_KEY<CR><LF>`bmpanel PC_MOUSE<CR><LF>
[2026-09-15T13:47:32.860] `bmpanel PC_KEY<CR><LF>`bmpanel PC_MOUSE<CR><LF>
[2026-09-15T13:47:32.940] `bmpanel PC_KEY<CR><LF>`bmpanel PC_MOUSE<CR><LF>
[2026-09-15T13:47:33.020] `bmpanel PC_KEY<CR><LF>`bmpanel PC_MOUSE<CR><LF>
[2026-09-15T13:47:33.099] `bmpanel PC_KEY<CR><LF>`bmpanel PC_MOUSE<CR><LF>
[2026-09-15T13:47:33.184] `bmpanel crop 2 0, 456, 456, 76, 12, 34<CR><LF>`bmpanel crop 3 0, 320, 300, 32, 12, 116<CR><LF>`bmpanel crop 1 12, 156, 108, 36<CR><LF>`bmpanel crop 4 0, 36, 108, 36, 128, 156<CR><LF>`bmpanel crop 1 244, 156, 108, 36<CR><LF>`bmpanel crop 1 12, 198, 108, 36<CR><LF>`bmpanel crop 1 128, 198, 108, 36<CR><LF>`bmpanel crop 1 244, 198, 108, 36<CR><LF>`bmpanel crop 1 360, 198, 108, 36<CR><LF>`bmpanel crop 5 200, 0, 20, 32, 404, 116<CR><LF>`bmpanel crop 5 40, 0, 20, 32, 424, 116<CR><LF>`bmpanel crop 5 160, 0, 20, 32, 444, 116<CR><LF>`bmpanel update<CR><LF>`bmpanel PC_KEY<CR><LF>`bmpanel PC_MOUSE<CR><LF>
[2026-09-15T13:47:33.266] `bmpanel PC_KEY<CR><LF>`bmpanel PC_MOUSE<CR><LF>
[2026-09-15T13:47:33.345] `bmpanel PC_KEY<CR><LF>`bmpanel PC_MOUSE<CR><LF>
[2026-09-15T13:47:33.424] `bmpanel PC_KEY<CR><LF>`bmpanel PC_MOUSE<CR><LF>
[2026-09-15T13:47:33.507] `bmpanel PC_KEY<CR><LF>`bmpanel PC_MOUSE<CR><LF>
[2026-09-15T13:47:33.584] `bmpanel PC_KEY<CR><LF>`bmpanel PC_MOUSE<CR><LF>
[2026-09-15T13:47:33.667] `bmpanel PC_KEY<CR><LF>`bmpanel PC_MOUSE<CR><LF>
[2026-09-15T13:47:33.744] `bmpanel PC_KEY<CR><LF>`bmpanel PC_MOUSE<CR><LF>
[2026-09-15T13:47:33.826] `bmpanel PC_KEY<CR><LF>`bmpanel PC_MOUSE<CR><LF>
[2026-09-15T13:47:33.909] `bmpanel PC_KEY<CR><LF>`bmpanel PC_MOUSE<CR><LF>
[2026-09-15T13:47:33.987] `bmpanel PC_KEY<CR><LF>`bmpanel PC_MOUSE<CR><LF>
[2026-09-15T13:47:34.065] `bmpanel PC_KEY<CR><LF>`bmpanel PC_MOUSE<CR><LF>
[2026-09-15T13:47:34.146] `bmpanel PC_KEY<CR><LF>`bmpanel PC_MOUSE<CR><LF>
[2026-09-15T13:47:34.230] `bmpanel crop 2 0, 456, 456, 76, 12, 34<CR><LF>`bmpanel crop 3 0, 320, 300, 32, 12, 116<CR><LF>`bmpanel crop 1 12, 156, 108, 36<CR><LF>`bmpanel crop 4 0, 36, 108, 36, 128, 156<CR><LF>`bmpanel crop 1 244, 156, 108, 36<CR><LF>`bmpanel crop 1 12, 198, 108, 36<CR><LF>`bmpanel crop 1 128, 198, 108, 36<CR><LF>`bmpanel crop 1 244, 198, 108, 36<CR><LF>`bmpanel crop 1 360, 198, 108, 36<CR><LF>`bmpanel crop 5 200, 0, 20, 32, 404, 116<CR><LF>`bmpanel crop 5 40, 0, 20, 32, 424, 116<CR><LF>`bmpanel crop 5 140, 0, 20, 32, 444, 116<CR><LF>`bmpanel update<CR><LF>`bmpanel PC_KEY<CR><LF>`bmpanel PC_MOUSE<CR><LF>
[2026-09-15T13:47:34.311] `bmpanel PC_KEY<CR><LF>`bmpanel PC_MOUSE<CR><LF>
[2026-09-15T13:47:34.391] `bmpanel PC_KEY<CR><LF>`bmpanel PC_MOUSE<CR><LF>
[2026-09-15T13:47:34.473] `bmpanel PC_KEY<CR><LF>`bmpanel PC_MOUSE<CR><LF>
[2026-09-15T13:47:34.551] `bmpanel PC_KEY<CR><LF>`bmpanel PC_MOUSE<CR><LF>
[2026-09-15T13:47:34.631] `bmpanel PC_KEY<CR><LF>`bmpanel PC_MOUSE<CR><LF>
[2026-09-15T13:47:34.711] `bmpanel PC_KEY<CR><LF>`bmpanel PC_MOUSE<CR><LF>
[2026-09-15T13:47:34.792] `bmpanel PC_KEY<CR><LF>`bmpanel PC_MOUSE<CR><LF>
[2026-09-15T13:47:34.871] `bmpanel PC_KEY<CR><LF>`bmpanel PC_MOUSE<CR><LF>
[2026-09-15T13:47:34.951] `bmpanel PC_KEY<CR><LF>`bmpanel PC_MOUSE<CR><LF>
[2026-09-15T13:47:35.032] `bmpanel PC_KEY<CR><LF>`bmpanel PC_MOUSE<CR><LF>
[2026-09-15T13:47:35.111] `bmpanel PC_KEY<CR><LF>`bmpanel PC_MOUSE<CR><LF>
[2026-09-15T13:47:35.196] `bmpanel crop 2 0, 456, 456, 76, 12, 34<CR><LF>`bmpanel crop 3 0, 320, 300, 32, 12, 116<CR><LF>`bmpanel crop 1 12, 156, 108, 36<CR><LF>`bmpanel crop 4 0, 36, 108, 36, 128, 156<CR><LF>`bmpanel crop 1 244, 156, 108, 36<CR><LF>`bmpanel crop 1 12, 198, 108, 36<CR><LF>`bmpanel crop 1 128, 198, 108, 36<CR><LF>`bmpanel crop 1 244, 198, 108, 36<CR><LF>`bmpanel crop 1 360, 198, 108, 36<CR><LF>`bmpanel crop 5 200, 0, 20, 32, 404, 116<CR><LF>`bmpanel crop 5 40, 0, 20, 32, 424, 116<CR><LF>`bmpanel crop 5 120, 0, 20, 32, 444, 116<CR><LF>`bmpanel update<CR><LF>`bmpanel PC_KEY<CR><LF>`bmpanel PC_MOUSE<CR><LF>
[2026-09-15T13:47:35.276] `bmpanel PC_KEY<CR><LF>`bmpanel PC_MOUSE<CR><LF>
[2026-09-15T13:47:35.357] `bmpanel PC_KEY<CR><LF>`bmpanel PC_MOUSE<CR><LF>
[2026-09-15T13:47:35.436] `bmpanel PC_KEY<CR><LF>`bmpanel PC_MOUSE<CR><LF>
[2026-09-15T13:47:35.518] `bmpanel PC_KEY<CR><LF>`bmpanel PC_MOUSE<CR><LF>
[2026-09-15T13:47:35.596] `bmpanel PC_KEY<CR><LF>`bmpanel PC_MOUSE<CR><LF>
[2026-09-15T13:47:35.676] `bmpanel PC_KEY<CR><LF>`bmpanel PC_MOUSE<CR><LF>
[2026-09-15T13:47:35.758] `bmpanel PC_KEY<CR><LF>`bmpanel PC_MOUSE<CR><LF>
[2026-09-15T13:47:35.836] `bmpanel PC_KEY<CR><LF>`bmpanel PC_MOUSE<CR><LF>
[2026-09-15T13:47:35.917] `bmpanel PC_KEY<CR><LF>`bmpanel PC_MOUSE<CR><LF>
[2026-09-15T13:47:35.997] `bmpanel PC_KEY<CR><LF>`bmpanel PC_MOUSE<CR><LF>
[2026-09-15T13:47:36.076] `bmpanel PC_KEY<CR><LF>`bmpanel PC_MOUSE<CR><LF>
[2026-09-15T13:47:36.157] `bmpanel PC_KEY<CR><LF>`bmpanel PC_MOUSE<CR><LF>
[2026-09-15T13:47:36.244] `bmpanel crop 2 0, 456, 456, 76, 12, 34<CR><LF>`bmpanel crop 3 0, 320, 300, 32, 12, 116<CR><LF>`bmpanel crop 1 12, 156, 108, 36<CR><LF>`bmpanel crop 4 0, 36, 108, 36, 128, 156<CR><LF>`bmpanel crop 1 244, 156, 108, 36<CR><LF>`bmpanel crop 1 12, 198, 108, 36<CR><LF>`bmpanel crop 1 128, 198, 108, 36<CR><LF>`bmpanel crop 1 244, 198, 108, 36<CR><LF>`bmpanel crop 1 360, 198, 108, 36<CR><LF>`bmpanel crop 5 200, 0, 20, 32, 404, 116<CR><LF>`bmpanel crop 5 40, 0, 20, 32, 424, 116<CR><LF>`bmpanel crop 5 100, 0, 20, 32, 444, 116<CR><LF>`bmpanel update<CR><LF>`bmpanel PC_KEY<CR><LF>`bmpanel PC_MOUSE<CR><LF>
[2026-09-15T13:47:36.323] `bmpanel PC_KEY<CR><LF>`bmpanel PC_MOUSE<CR><LF>
[2026-09-15T13:47:36.401] `bmpanel PC_KEY<CR><LF>`bmpanel PC_MOUSE<CR><LF>
[2026-09-15T13:47:36.482] `bmpanel PC_KEY<CR><LF>`bmpanel PC_MOUSE<CR><LF>
[2026-09-15T13:47:36.564] `bmpanel PC_KEY<CR><LF>`bmpanel PC_MOUSE<CR><LF>
[2026-09-15T13:47:36.642] `bmpanel PC_KEY<CR><LF>`bmpanel PC_MOUSE<CR><LF>
[2026-09-15T13:47:36.723] `bmpanel PC_KEY<CR><LF>`bmpanel PC_MOUSE<CR><LF>
[2026-09-15T13:47:36.803] `bmpanel PC_KEY<CR><LF>`bmpanel PC_MOUSE<CR><LF>
[2026-09-15T13:47:36.881] `bmpanel PC_KEY<CR><LF>`bmpanel PC_MOUSE<CR><LF>
[2026-09-15T13:47:36.961] `bmpanel PC_KEY<CR><LF>`bmpanel PC_MOUSE<CR><LF>
[2026-09-15T13:47:37.042] `bmpanel PC_KEY<CR><LF>`bmpanel PC_MOUSE<CR><LF>
[2026-09-15T13:47:37.122] `bmpanel PC_KEY<CR><LF>`bmpanel PC_MOUSE<CR><LF>
[2026-09-15T13:47:37.207] `bmpanel crop 2 0, 456, 456, 76, 12, 34<CR><LF>`bmpanel crop 3 0, 320, 300, 32, 12, 116<CR><LF>`bmpanel crop 1 12, 156, 108, 36<CR><LF>`bmpanel crop 4 0, 36, 108, 36, 128, 156<CR><LF>`bmpanel crop 1 244, 156, 108, 36<CR><LF>`bmpanel crop 1 12, 198, 108, 36<CR><LF>`bmpanel crop 1 128, 198, 108, 36<CR><LF>`bmpanel crop 1 244, 198, 108, 36<CR><LF>`bmpanel crop 1 360, 198, 108, 36<CR><LF>`bmpanel crop 5 200, 0, 20, 32, 404, 116<CR><LF>`bmpanel crop 5 40, 0, 20, 32, 424, 116<CR><LF>`bmpanel crop 5 80, 0, 20, 32, 444, 116<CR><LF>`bmpanel update<CR><LF>`bmpanel PC_KEY<CR><LF>`bmpanel PC_MOUSE<CR><LF>
[2026-09-15T13:47:37.287] `bmpanel PC_KEY<CR><LF>`bmpanel PC_MOUSE<CR><LF>
[2026-09-15T13:47:37.367] `bmpanel PC_KEY<CR><LF>`bmpanel PC_MOUSE<CR><LF>
[2026-09-15T13:47:37.448] `bmpanel PC_KEY<CR><LF>`bmpanel PC_MOUSE<CR><LF>
[2026-09-15T13:47:37.528] `bmpanel PC_KEY<CR><LF>`bmpanel PC_MOUSE<CR><LF>
[2026-09-15T13:47:37.608] `bmpanel PC_KEY<CR><LF>`bmpanel PC_MOUSE<CR><LF>
[2026-09-15T13:47:37.688] `bmpanel PC_KEY<CR><LF>`bmpanel PC_MOUSE<CR><LF>
[2026-09-15T13:47:37.769] `bmpanel PC_KEY<CR><LF>`bmpanel PC_MOUSE<CR><LF>
[2026-09-15T13:47:37.847] `bmpanel PC_KEY<CR><LF>`bmpanel PC_MOUSE<CR><LF>
[2026-09-15T13:47:37.928] `bmpanel PC_KEY<CR><LF>`bmpanel PC_MOUSE<CR><LF>
[2026-09-15T13:47:38.009] `bmpanel PC_KEY<CR><LF>`bmpanel PC_MOUSE<CR><LF>
[2026-09-15T13:47:38.089] `bmpanel PC_KEY<CR><LF>`bmpanel PC_MOUSE<CR><LF>
[2026-09-15T13:47:38.168] `bmpanel PC_KEY<CR><LF>`bmpanel PC_MOUSE<CR><LF>
[2026-09-15T13:47:38.256] `bmpanel crop 2 0, 456, 456, 76, 12, 34<CR><LF>`bmpanel crop 3 0, 320, 300, 32, 12, 116<CR><LF>`bmpanel crop 1 12, 156, 108, 36<CR><LF>`bmpanel crop 4 0, 36, 108, 36, 128, 156<CR><LF>`bmpanel crop 1 244, 156, 108, 36<CR><LF>`bmpanel crop 1 12, 198, 108, 36<CR><LF>`bmpanel crop 1 128, 198, 108, 36<CR><LF>`bmpanel crop 1 244, 198, 108, 36<CR><LF>`bmpanel crop 1 360, 198, 108, 36<CR><LF>`bmpanel crop 5 200, 0, 20, 32, 404, 116<CR><LF>`bmpanel crop 5 40, 0, 20, 32, 424, 116<CR><LF>`bmpanel crop 5 60, 0, 20, 32, 444, 116<CR><LF>`bmpanel update<CR><LF>`bmpanel PC_KEY<CR><LF>`bmpanel PC_MOUSE<CR><LF>
[2026-09-15T13:47:38.332] `bmpanel PC_KEY<CR><LF>`bmpanel PC_MOUSE<CR><LF>
[2026-09-15T13:47:38.414] `bmpanel PC_KEY<CR><LF>`bmpanel PC_MOUSE<CR><LF>
[2026-09-15T13:47:38.494] `bmpanel PC_KEY<CR><LF>`bmpanel PC_MOUSE<CR><LF>
[2026-09-15T13:47:38.574] `bmpanel PC_KEY<CR><LF>`bmpanel PC_MOUSE<CR><LF>
[2026-09-15T13:47:38.653] `bmpanel PC_KEY<CR><LF>`bmpanel PC_MOUSE<CR><LF>
[2026-09-15T13:47:38.734] `bmpanel PC_KEY<CR><LF>`bmpanel PC_MOUSE<CR><LF>
[2026-09-15T13:47:38.813] `bmpanel PC_KEY<CR><LF>`bmpanel PC_MOUSE<CR><LF>
[2026-09-15T13:47:38.893] `bmpanel PC_KEY<CR><LF>`bmpanel PC_MOUSE<CR><LF>
[2026-09-15T13:47:38.973] `bmpanel PC_KEY<CR><LF>`bmpanel PC_MOUSE<CR><LF>
[2026-09-15T13:47:39.053] `bmpanel PC_KEY<CR><LF>`bmpanel PC_MOUSE<CR><LF>
[2026-09-15T13:47:39.118] `bmpanel PC_KEY<CR><LF>`bmpanel PC_MOUSE<CR><LF>

=== Debug Logger Session Ended at 2026-09-15T13:47:39.118 ===
