=== Debug Logger Session Started at 2026-09-15T14:00:38.180 ===
PNut-Term-TS: v1.0.8
Program: debug
=====================================

[2026-09-15T14:00:38.076] [SYSTEM] BAUD_RATE_SET 2000000 baud (preferences/default)

=== Session ended - Download Started at 2026-09-15T14:00:38.311 ===
=== Debug Logger Session Started at 2026-09-15T14:00:38.314 ===
PNut-Term-TS: v1.0.8
Program: debug
=====================================

[2026-09-15T14:00:38.311] [SYSTEM] [DOWNLOAD TO RAM] File: test_bench_t0.bin | Size: 27998 bytes | Modified: 2026-09-15T20:00:37.297Z
[2026-09-15T14:00:38.313] [SYSTEM] Download Session Started
[2026-09-15T14:00:39.587] [SYSTEM] [DOWNLOAD SUCCESS] test_bench_t0.bin successfully downloaded to RAM
[2026-09-15T14:00:39.597] Cog0  INIT $0000_0000 $0000_0000 load
[2026-09-15T14:00:39.598] Cog0  INIT $0000_0FA8 $0000_4F94 jump
[2026-09-15T14:00:39.598] Cog0  * test_bench_t0 -- Tier 0: no motor, no motion, no risk (T0-10/11/13/14b/15 excepted)
[2026-09-15T14:00:39.598] Cog0  * active config: motor_type_enum=0 base=16 voltage_enum=6 wheel_dia_x10=65
[2026-09-15T14:00:39.599] Cog0  * bench expects MOTOR_TYPE=MOTR_6_5_INCH (0) and wheel_dia_x10=65; with wheel_dia_x10=0 the T0-3/T0-6 distance conversions report unavailable rather than a tick count
[2026-09-15T14:00:39.599] Cog0  SIGNOFF-DECL,sf,1,bin,T0,cell,R8-T0-ZXS,task,3529
[2026-09-15T14:00:39.599] Cog0  SIGNOFF-DECL,sf,1,bin,T0,cell,R3-T0-STOPPED,task,3501
[2026-09-15T14:00:39.599] Cog0  SIGNOFF-DECL,sf,1,bin,T0,cell,R2-T0-REPEAT,task,3500
[2026-09-15T14:00:39.599] Cog0  SIGNOFF-DECL,sf,1,bin,T0,cell,R2-T0-DIRTY,task,3500
[2026-09-15T14:00:39.599] Cog0  SIGNOFF-DECL,sf,1,bin,T0,cell,R2-T0-EMPTY,task,3500
[2026-09-15T14:00:39.599] Cog0  SIGNOFF-DECL,sf,1,bin,T0,cell,R4-T0-1M-TICKS,task,3502
[2026-09-15T14:00:39.600] Cog0  SIGNOFF-DECL,sf,1,bin,T0,cell,R1-T0-START,task,3499
[2026-09-15T14:00:39.600] Cog0  SIGNOFF-DECL,sf,1,bin,T0,cell,R1-T0-RESTART,task,3499
[2026-09-15T14:00:39.600] Cog0  SIGNOFF-DECL,sf,1,bin,T0,cell,R10-T0-STOPREADY,task,3533
[2026-09-15T14:00:39.600] Cog0  SIGNOFF-DECL,sf,1,bin,T0,cell,R1-T0-EXHAUST,task,3499
[2026-09-15T14:00:39.601] Cog0  T0-1,begin,clkfreq,270_000_000
[2026-09-15T14:00:39.602] Cog0  --- pinSum = 97, 64010 Rev B, highTimeUs = 71
[2026-09-15T14:00:39.602] Cog0  MOT: fwdDegrees = 43, offset_fwd = $1E93_E93E
[2026-09-15T14:00:39.602] Cog0       revDegrees = 317, offset_rev = $E16C_16C1
[2026-09-15T14:00:39.602] Cog0   - Calc FRAME: frame_cnt = 6_136
[2026-09-15T14:00:39.603] Cog0  * init values dead_gap = 70, pwm_limit = 3_033, adc_fram = 6_136, duty_min = 1_600, duty_max = 24_264
[2026-09-15T14:00:39.603] Cog0  *      values duty_up = 18, duty_dn = 4, cfg_ctcks = 135_000
[2026-09-15T14:00:39.603] Cog0  *VAL* legalVoltage = 6
[2026-09-15T14:00:39.604] Cog0  * ENTRY CFG selectedPower = 6
[2026-09-15T14:00:39.606] Cog0  * EXIT 2 CFG eUserSelectedVolts = 6 maxFwdIncreAtPwr = 147_000_000 minFwdIncreAtPwr = 544_628
[2026-09-15T14:00:39.606] Cog0  --- pinSum = 98, 64010 Rev B, highTimeUs = 72
[2026-09-15T14:00:39.606] Cog0  T0-1,consts,dead_gap,70,pwm_limit,3_033,duty_min,1_600,duty_max,24_264,adc_fram,6_136,frame_cnt,6_136
[2026-09-15T14:00:39.607] Cog0  T0-1,end,detected_board,22,rsense,150,boardstring,64010 Rev B
[2026-09-15T14:00:39.607] Cog0  T0-2,begin,requested,BRD_REV_A
[2026-09-15T14:00:39.607] Cog0  MOT: fwdDegrees = 43, offset_fwd = $1E93_E93E
[2026-09-15T14:00:39.608] Cog0       revDegrees = 317, offset_rev = $E16C_16C1
[2026-09-15T14:00:39.608] Cog0   - Calc FRAME: frame_cnt = 6_136
[2026-09-15T14:00:39.608] Cog0  * init values dead_gap = 70, pwm_limit = 3_033, adc_fram = 6_136, duty_min = 1_600, duty_max = 24_264
[2026-09-15T14:00:39.609] Cog0  *      values duty_up = 18, duty_dn = 4, cfg_ctcks = 135_000
[2026-09-15T14:00:39.609] Cog0  *VAL* legalVoltage = 6
[2026-09-15T14:00:39.609] Cog0  * ENTRY CFG selectedPower = 6
[2026-09-15T14:00:39.610] Cog0  * EXIT 2 CFG eUserSelectedVolts = 6 maxFwdIncreAtPwr = 147_000_000 minFwdIncreAtPwr = 544_628
[2026-09-15T14:00:39.610] Cog0  T0-2,end,detected_board,21,expect_forced,TRUE,boardstring,64010 Rev A -USER FORCED
[2026-09-15T14:00:39.610] Cog0  T0-3,begin
[2026-09-15T14:00:39.610] Cog0  T0-3,ddu_m,1,ticks,173
[2026-09-15T14:00:39.611] Cog0  T0-3,ddu_cm,100,ticks,173
[2026-09-15T14:00:39.611] Cog0  T0-3,ddu_mm,1000,ticks,173
[2026-09-15T14:00:39.611] Cog0  T0-3,end,agree,TRUE
[2026-09-15T14:00:39.612] Cog0  SIGNOFF,sf,1,bin,T0,cell,R4-T0-1M-TICKS,task,3502,motor,NONE,crit,DDU_M_TICKS,measured,TRUE,lo,TRUE,hi,TRUE,units,BOOL,n,1,verdict,PASS
[2026-09-15T14:00:39.612] Cog0  *VAL* legalVoltage = 1
[2026-09-15T14:00:39.612] Cog0  T0-4,validate,pwr_enum,1,legal,TRUE
[2026-09-15T14:00:39.612] Cog0  *VAL* legalVoltage = 2
[2026-09-15T14:00:39.612] Cog0  T0-4,validate,pwr_enum,2,legal,TRUE
[2026-09-15T14:00:39.613] Cog0  *VAL* legalVoltage = 3
[2026-09-15T14:00:39.613] Cog0  T0-4,validate,pwr_enum,3,legal,TRUE
[2026-09-15T14:00:39.613] Cog0  *VAL* legalVoltage = 4
[2026-09-15T14:00:39.613] Cog0  T0-4,validate,pwr_enum,4,legal,TRUE
[2026-09-15T14:00:39.613] Cog0  *VAL* legalVoltage = 5
[2026-09-15T14:00:39.614] Cog0  T0-4,validate,pwr_enum,5,legal,TRUE
[2026-09-15T14:00:39.614] Cog0  *VAL* legalVoltage = 6
[2026-09-15T14:00:39.614] Cog0  T0-4,validate,pwr_enum,6,legal,TRUE
[2026-09-15T14:00:39.614] Cog0  *VAL* legalVoltage = 7
[2026-09-15T14:00:39.615] Cog0  T0-4,validate,pwr_enum,7,legal,TRUE
[2026-09-15T14:00:39.615] Cog0  *VAL* legalVoltage = 8
[2026-09-15T14:00:39.615] Cog0  T0-4,validate,pwr_enum,8,legal,TRUE
[2026-09-15T14:00:39.615] Cog0  *VAL* legalVoltage = 9
[2026-09-15T14:00:39.615] Cog0  T0-4,validate,pwr_enum,9,legal,TRUE
[2026-09-15T14:00:39.617] Cog0  T0-4,testsetup,begin,active_drive_voltage_enum,6
[2026-09-15T14:00:39.617] Cog0  --- pinSum = 98, 64010 Rev B, highTimeUs = 72
[2026-09-15T14:00:39.617] Cog0  MOT: fwdDegrees = 43, offset_fwd = $1E93_E93E
[2026-09-15T14:00:39.617] Cog0       revDegrees = 317, offset_rev = $E16C_16C1
[2026-09-15T14:00:39.618] Cog0   - Calc FRAME: frame_cnt = 6_136
[2026-09-15T14:00:39.619] Cog0  * init values dead_gap = 70, pwm_limit = 3_033, adc_fram = 6_136, duty_min = 1_600, duty_max = 24_264
[2026-09-15T14:00:39.619] Cog0  *      values duty_up = 18, duty_dn = 4, cfg_ctcks = 135_000
[2026-09-15T14:00:39.619] Cog0  *VAL* legalVoltage = 6
[2026-09-15T14:00:39.619] Cog0  * ENTRY CFG selectedPower = 6
[2026-09-15T14:00:39.619] Cog0  * EXIT 2 CFG eUserSelectedVolts = 6 maxFwdIncreAtPwr = 147_000_000 minFwdIncreAtPwr = 544_628
[2026-09-15T14:00:39.620] Cog0  T0-4,testsetup,end
[2026-09-15T14:00:39.620] Cog0  T0-5,accel,0,ramp_min,1_500,ramp_max,200_000,ramp_inc,0,ramp_down,50_000
[2026-09-15T14:00:39.621] Cog0  T0-5,accel,-1,ramp_min,1_500,ramp_max,200_000,ramp_inc,-1,ramp_down,50_000
[2026-09-15T14:00:39.621] Cog0  T0-5,accel,1,ramp_min,1_500,ramp_max,200_000,ramp_inc,1,ramp_down,50_000
[2026-09-15T14:00:39.622] Cog0  T0-5,accel,10000000,ramp_min,1_500,ramp_max,200_000,ramp_inc,10_000_000,ramp_down,50_000
[2026-09-15T14:00:39.622] Cog0  T0-6,call,getDistance_KM,result,0
[2026-09-15T14:00:39.622] Cog0  T0-6,call,getDistance_MI,result,0
[2026-09-15T14:00:39.622] Cog0  ! ERROR: invalid rotationUnits Value:eRotationUnits = 99
[2026-09-15T14:00:39.622] Cog0  T0-6,call,getRotationCount_99,aborted,TRUE
[2026-09-15T14:00:39.623] Cog0  ! ERROR: invalid Distance Value:nDistance = 0 - must be > 0!
[2026-09-15T14:00:39.623] Cog0  T0-6,call,stopAfterDistance_0in,aborted,TRUE
[2026-09-15T14:00:39.625] Cog0  T0-7,begin,left_base,P0_P15,right_base,P8_P23
[2026-09-15T14:00:39.625] Cog0  --- pinSum = 500, Board not detected!, highTimeUs = 370
[2026-09-15T14:00:39.627] Cog0  MOT: fwdDegrees = 43, offset_fwd = $1E93_E93E
[2026-09-15T14:00:39.628] Cog0       revDegrees = 317, offset_rev = $E16C_16C1
[2026-09-15T14:00:39.628] Cog0   - Calc FRAME: frame_cnt = 6_136
[2026-09-15T14:00:39.628] Cog0  * init values dead_gap = 70, pwm_limit = 3_033, adc_fram = 6_136, duty_min = 1_600, duty_max = 24_264
[2026-09-15T14:00:39.628] Cog0  *      values duty_up = 18, duty_dn = 4, cfg_ctcks = 135_000
[2026-09-15T14:00:39.628] Cog0  *VAL* legalVoltage = 6
[2026-09-15T14:00:39.628] Cog0  * ENTRY CFG selectedPower = 6
[2026-09-15T14:00:39.628] Cog0  * EXIT 2 CFG eUserSelectedVolts = 6 maxFwdIncreAtPwr = 147_000_000 minFwdIncreAtPwr = 544_628
[2026-09-15T14:00:39.629] Cog0  ! ERROR: validatePinBase() pin base eMotorBasePin = 8 overlaps a pin range already in use by another motor instance
[2026-09-15T14:00:39.629] Cog0  T0-7,end,harness_survived,TRUE,aborted,TRUE
[2026-09-15T14:00:39.630] Cog0  T0-7,nonoverlap,begin,held_base,P0_P15,new_base,P32_P47
[2026-09-15T14:00:39.631] Cog0  --- pinSum = 99, 64010 Rev B, highTimeUs = 73
[2026-09-15T14:00:39.631] Cog0  MOT: fwdDegrees = 43, offset_fwd = $1E93_E93E
[2026-09-15T14:00:39.631] Cog0       revDegrees = 317, offset_rev = $E16C_16C1
[2026-09-15T14:00:39.631] Cog0   - Calc FRAME: frame_cnt = 6_136
[2026-09-15T14:00:39.632] Cog0  * init values dead_gap = 70, pwm_limit = 3_033, adc_fram = 6_136, duty_min = 1_600, duty_max = 24_264
[2026-09-15T14:00:39.632] Cog0  *      values duty_up = 18, duty_dn = 4, cfg_ctcks = 135_000
[2026-09-15T14:00:39.632] Cog0  *VAL* legalVoltage = 6
[2026-09-15T14:00:39.633] Cog0  * ENTRY CFG selectedPower = 6
[2026-09-15T14:00:39.633] Cog0  * EXIT 2 CFG eUserSelectedVolts = 6 maxFwdIncreAtPwr = 147_000_000 minFwdIncreAtPwr = 544_628
[2026-09-15T14:00:39.635] Cog0  T0-7,nonoverlap,end,note,no_ERROR_line_above_means_both_motors_coexist
[2026-09-15T14:00:39.635] Cog0  T0-11,begin
[2026-09-15T14:00:39.636] Cog0  --- pinSum = 98, 64010 Rev B, highTimeUs = 72
[2026-09-15T14:00:39.636] Cog0  MOT: fwdDegrees = 43, offset_fwd = $1E93_E93E
[2026-09-15T14:00:39.636] Cog0       revDegrees = 317, offset_rev = $E16C_16C1
[2026-09-15T14:00:39.636] Cog0   - Calc FRAME: frame_cnt = 6_136
[2026-09-15T14:00:39.637] Cog0  * init values dead_gap = 70, pwm_limit = 3_033, adc_fram = 6_136, duty_min = 1_600, duty_max = 24_264
[2026-09-15T14:00:39.637] Cog0  *      values duty_up = 18, duty_dn = 4, cfg_ctcks = 135_000
[2026-09-15T14:00:39.637] Cog0  *VAL* legalVoltage = 6
[2026-09-15T14:00:39.638] Cog0  * ENTRY CFG selectedPower = 6
[2026-09-15T14:00:39.638] Cog0  * EXIT 2 CFG eUserSelectedVolts = 6 maxFwdIncreAtPwr = 147_000_000 minFwdIncreAtPwr = 544_628
[2026-09-15T14:00:39.638] Cog0  -MOT- inincr = 0 nTgtIncr = $0000_0000 0 sync = 0
[2026-09-15T14:00:39.638] Cog1  INIT $0000_262A $0000_483F load
[2026-09-15T14:00:39.654] Cog0  * Motor COG #1
[2026-09-15T14:00:40.666] Cog0  T0-11,lifetime,0,mean_i_x10,-4,mean_u_x10,62,mean_v_x10,35,mean_w_x10,54
[2026-09-15T14:00:41.153] Cog0  --- pinSum = 97, 64010 Rev B, highTimeUs = 71
[2026-09-15T14:00:41.153] Cog0  MOT: fwdDegrees = 43, offset_fwd = $1E93_E93E
[2026-09-15T14:00:41.153] Cog0       revDegrees = 317, offset_rev = $E16C_16C1
[2026-09-15T14:00:41.153] Cog0   - Calc FRAME: frame_cnt = 6_136
[2026-09-15T14:00:41.154] Cog0  * init values dead_gap = 70, pwm_limit = 3_033, adc_fram = 6_136, duty_min = 1_600, duty_max = 24_264
[2026-09-15T14:00:41.154] Cog0  *      values duty_up = 18, duty_dn = 4, cfg_ctcks = 135_000
[2026-09-15T14:00:41.154] Cog0  *VAL* legalVoltage = 6
[2026-09-15T14:00:41.155] Cog0  * ENTRY CFG selectedPower = 6
[2026-09-15T14:00:41.155] Cog0  * EXIT 2 CFG eUserSelectedVolts = 6 maxFwdIncreAtPwr = 147_000_000 minFwdIncreAtPwr = 544_628
[2026-09-15T14:00:41.155] Cog0  -MOT- inincr = 0 nTgtIncr = $0000_0000 0 sync = 0
[2026-09-15T14:00:41.171] Cog1  INIT $0000_262A $0000_483F load
[2026-09-15T14:00:41.171] Cog0  * Motor COG #1
[2026-09-15T14:00:42.183] Cog0  T0-11,lifetime,1,mean_i_x10,0,mean_u_x10,62,mean_v_x10,35,mean_w_x10,43
[2026-09-15T14:00:42.670] Cog0  --- pinSum = 97, 64010 Rev B, highTimeUs = 71
[2026-09-15T14:00:42.670] Cog0  MOT: fwdDegrees = 43, offset_fwd = $1E93_E93E
[2026-09-15T14:00:42.670] Cog0       revDegrees = 317, offset_rev = $E16C_16C1
[2026-09-15T14:00:42.670] Cog0   - Calc FRAME: frame_cnt = 6_136
[2026-09-15T14:00:42.671] Cog0  * init values dead_gap = 70, pwm_limit = 3_033, adc_fram = 6_136, duty_min = 1_600, duty_max = 24_264
[2026-09-15T14:00:42.671] Cog0  *      values duty_up = 18, duty_dn = 4, cfg_ctcks = 135_000
[2026-09-15T14:00:42.671] Cog0  *VAL* legalVoltage = 6
[2026-09-15T14:00:42.671] Cog0  * ENTRY CFG selectedPower = 6
[2026-09-15T14:00:42.672] Cog0  * EXIT 2 CFG eUserSelectedVolts = 6 maxFwdIncreAtPwr = 147_000_000 minFwdIncreAtPwr = 544_628
[2026-09-15T14:00:42.672] Cog0  -MOT- inincr = 0 nTgtIncr = $0000_0000 0 sync = 0
[2026-09-15T14:00:42.688] Cog1  INIT $0000_262A $0000_483F load
[2026-09-15T14:00:42.688] Cog0  * Motor COG #1
[2026-09-15T14:00:43.700] Cog0  T0-11,lifetime,2,mean_i_x10,5,mean_u_x10,51,mean_v_x10,40,mean_w_x10,45
[2026-09-15T14:00:44.186] Cog0  --- pinSum = 97, 64010 Rev B, highTimeUs = 71
[2026-09-15T14:00:44.187] Cog0  MOT: fwdDegrees = 43, offset_fwd = $1E93_E93E
[2026-09-15T14:00:44.187] Cog0       revDegrees = 317, offset_rev = $E16C_16C1
[2026-09-15T14:00:44.187] Cog0   - Calc FRAME: frame_cnt = 6_136
[2026-09-15T14:00:44.187] Cog0  * init values dead_gap = 70, pwm_limit = 3_033, adc_fram = 6_136, duty_min = 1_600, duty_max = 24_264
[2026-09-15T14:00:44.188] Cog0  *      values duty_up = 18, duty_dn = 4, cfg_ctcks = 135_000
[2026-09-15T14:00:44.188] Cog0  *VAL* legalVoltage = 6
[2026-09-15T14:00:44.188] Cog0  * ENTRY CFG selectedPower = 6
[2026-09-15T14:00:44.189] Cog0  * EXIT 2 CFG eUserSelectedVolts = 6 maxFwdIncreAtPwr = 147_000_000 minFwdIncreAtPwr = 544_628
[2026-09-15T14:00:44.189] Cog0  -MOT- inincr = 0 nTgtIncr = $0000_0000 0 sync = 0
[2026-09-15T14:00:44.205] Cog1  INIT $0000_262A $0000_483F load
[2026-09-15T14:00:44.205] Cog0  * Motor COG #1
[2026-09-15T14:00:45.216] Cog0  T0-11,lifetime,3,mean_i_x10,8,mean_u_x10,58,mean_v_x10,38,mean_w_x10,39
[2026-09-15T14:00:45.703] Cog0  --- pinSum = 100, 64010 Rev B, highTimeUs = 74
[2026-09-15T14:00:45.703] Cog0  MOT: fwdDegrees = 43, offset_fwd = $1E93_E93E
[2026-09-15T14:00:45.704] Cog0       revDegrees = 317, offset_rev = $E16C_16C1
[2026-09-15T14:00:45.704] Cog0   - Calc FRAME: frame_cnt = 6_136
[2026-09-15T14:00:45.704] Cog0  * init values dead_gap = 70, pwm_limit = 3_033, adc_fram = 6_136, duty_min = 1_600, duty_max = 24_264
[2026-09-15T14:00:45.705] Cog0  *      values duty_up = 18, duty_dn = 4, cfg_ctcks = 135_000
[2026-09-15T14:00:45.705] Cog0  *VAL* legalVoltage = 6
[2026-09-15T14:00:45.705] Cog0  * ENTRY CFG selectedPower = 6
[2026-09-15T14:00:45.705] Cog0  * EXIT 2 CFG eUserSelectedVolts = 6 maxFwdIncreAtPwr = 147_000_000 minFwdIncreAtPwr = 544_628
[2026-09-15T14:00:45.706] Cog0  -MOT- inincr = 0 nTgtIncr = $0000_0000 0 sync = 0
[2026-09-15T14:00:45.722] Cog1  INIT $0000_262A $0000_483F load
[2026-09-15T14:00:45.722] Cog0  * Motor COG #1
[2026-09-15T14:00:46.733] Cog0  T0-11,lifetime,4,mean_i_x10,1,mean_u_x10,60,mean_v_x10,34,mean_w_x10,45
[2026-09-15T14:00:47.219] Cog0  T0-11,end,valid_lifetimes,5
[2026-09-15T14:00:47.219] Cog0  SIGNOFF,sf,1,bin,T0,cell,R8-T0-ZXS,task,3529,motor,RIGHT,crit,ZXS_I,measured,12,lo,0,hi,50,units,MV_X10,n,5,verdict,PASS
[2026-09-15T14:00:47.220] Cog0  SIGNOFF,sf,1,bin,T0,cell,R8-T0-ZXS,task,3529,motor,RIGHT,crit,ZXS_U,measured,11,lo,0,hi,50,units,MV_X10,n,5,verdict,PASS
[2026-09-15T14:00:47.220] Cog0  SIGNOFF,sf,1,bin,T0,cell,R8-T0-ZXS,task,3529,motor,RIGHT,crit,ZXS_V,measured,6,lo,0,hi,50,units,MV_X10,n,5,verdict,PASS
[2026-09-15T14:00:47.221] Cog0  SIGNOFF,sf,1,bin,T0,cell,R8-T0-ZXS,task,3529,motor,RIGHT,crit,ZXS_W,measured,15,lo,0,hi,50,units,MV_X10,n,5,verdict,PASS
[2026-09-15T14:00:47.223] Cog0  T0-13,begin
[2026-09-15T14:00:47.223] Cog0  --- pinSum = 99, 64010 Rev B, highTimeUs = 73
[2026-09-15T14:00:47.223] Cog0  MOT: fwdDegrees = 43, offset_fwd = $1E93_E93E
[2026-09-15T14:00:47.223] Cog0       revDegrees = 317, offset_rev = $E16C_16C1
[2026-09-15T14:00:47.224] Cog0   - Calc FRAME: frame_cnt = 6_136
[2026-09-15T14:00:47.224] Cog0  * init values dead_gap = 70, pwm_limit = 3_033, adc_fram = 6_136, duty_min = 1_600, duty_max = 24_264
[2026-09-15T14:00:47.225] Cog0  *      values duty_up = 18, duty_dn = 4, cfg_ctcks = 135_000
[2026-09-15T14:00:47.225] Cog0  *VAL* legalVoltage = 6
[2026-09-15T14:00:47.225] Cog0  * ENTRY CFG selectedPower = 6
[2026-09-15T14:00:47.225] Cog0  * EXIT 2 CFG eUserSelectedVolts = 6 maxFwdIncreAtPwr = 147_000_000 minFwdIncreAtPwr = 544_628
[2026-09-15T14:00:47.226] Cog0  -MOT- inincr = 0 nTgtIncr = $0000_0000 0 sync = 0
[2026-09-15T14:00:47.241] Cog1  INIT $0000_262A $0000_483F load
[2026-09-15T14:00:47.241] Cog0  * Motor COG #1
[2026-09-15T14:00:48.237] Cog0  T0-13,end,missed,0,illegal,0
[2026-09-15T14:00:48.237] Cog0  SIGNOFF,sf,1,bin,T0,cell,R3-T0-STOPPED,task,3501,motor,NONE,crit,STOPPED_COUNTS,measured,0,lo,0,hi,0,units,COUNT,n,1,verdict,PASS
[2026-09-15T14:00:48.239] Cog0  T0-14,begin,repeat
[2026-09-15T14:00:48.239] Cog0  --- pinSum = 97, 64010 Rev B, highTimeUs = 71
[2026-09-15T14:00:48.239] Cog0  MOT: fwdDegrees = 43, offset_fwd = $1E93_E93E
[2026-09-15T14:00:48.240] Cog0       revDegrees = 317, offset_rev = $E16C_16C1
[2026-09-15T14:00:48.240] Cog0   - Calc FRAME: frame_cnt = 6_136
[2026-09-15T14:00:48.240] Cog0  * init values dead_gap = 70, pwm_limit = 3_033, adc_fram = 6_136, duty_min = 1_600, duty_max = 24_264
[2026-09-15T14:00:48.241] Cog0  *      values duty_up = 18, duty_dn = 4, cfg_ctcks = 135_000
[2026-09-15T14:00:48.241] Cog0  *VAL* legalVoltage = 6
[2026-09-15T14:00:48.241] Cog0  * ENTRY CFG selectedPower = 6
[2026-09-15T14:00:48.241] Cog0  * EXIT 2 CFG eUserSelectedVolts = 6 maxFwdIncreAtPwr = 147_000_000 minFwdIncreAtPwr = 544_628
[2026-09-15T14:00:48.244] Cog0  --- pinSum = 98, 64010 Rev B, highTimeUs = 72
[2026-09-15T14:00:48.245] Cog0  --- pinSum = 101, 64010 Rev B, highTimeUs = 74
[2026-09-15T14:00:48.245] Cog0  MOT: fwdDegrees = 43, offset_fwd = $1E93_E93E
[2026-09-15T14:00:48.245] Cog0       revDegrees = 317, offset_rev = $E16C_16C1
[2026-09-15T14:00:48.246] Cog0   - Calc FRAME: frame_cnt = 6_136
[2026-09-15T14:00:48.246] Cog0  * init values dead_gap = 70, pwm_limit = 3_033, adc_fram = 6_136, duty_min = 1_600, duty_max = 24_264
[2026-09-15T14:00:48.246] Cog0  *      values duty_up = 18, duty_dn = 4, cfg_ctcks = 135_000
[2026-09-15T14:00:48.247] Cog0  *VAL* legalVoltage = 6
[2026-09-15T14:00:48.247] Cog0  * ENTRY CFG selectedPower = 6
[2026-09-15T14:00:48.249] Cog0  * EXIT 2 CFG eUserSelectedVolts = 6 maxFwdIncreAtPwr = 147_000_000 minFwdIncreAtPwr = 544_628
[2026-09-15T14:00:48.251] Cog0  --- pinSum = 98, 64010 Rev B, highTimeUs = 72
[2026-09-15T14:00:48.251] Cog0  --- pinSum = 98, 64010 Rev B, highTimeUs = 72
[2026-09-15T14:00:48.251] Cog0  MOT: fwdDegrees = 43, offset_fwd = $1E93_E93E
[2026-09-15T14:00:48.251] Cog0       revDegrees = 317, offset_rev = $E16C_16C1
[2026-09-15T14:00:48.251] Cog0   - Calc FRAME: frame_cnt = 6_136
[2026-09-15T14:00:48.252] Cog0  * init values dead_gap = 70, pwm_limit = 3_033, adc_fram = 6_136, duty_min = 1_600, duty_max = 24_264
[2026-09-15T14:00:48.252] Cog0  *      values duty_up = 18, duty_dn = 4, cfg_ctcks = 135_000
[2026-09-15T14:00:48.253] Cog0  *VAL* legalVoltage = 6
[2026-09-15T14:00:48.253] Cog0  * ENTRY CFG selectedPower = 6
[2026-09-15T14:00:48.255] Cog0  * EXIT 2 CFG eUserSelectedVolts = 6 maxFwdIncreAtPwr = 147_000_000 minFwdIncreAtPwr = 544_628
[2026-09-15T14:00:48.257] Cog0  --- pinSum = 97, 64010 Rev B, highTimeUs = 71
[2026-09-15T14:00:48.257] Cog0  --- pinSum = 101, 64010 Rev B, highTimeUs = 74
[2026-09-15T14:00:48.257] Cog0  MOT: fwdDegrees = 43, offset_fwd = $1E93_E93E
[2026-09-15T14:00:48.257] Cog0       revDegrees = 317, offset_rev = $E16C_16C1
[2026-09-15T14:00:48.257] Cog0   - Calc FRAME: frame_cnt = 6_136
[2026-09-15T14:00:48.258] Cog0  * init values dead_gap = 70, pwm_limit = 3_033, adc_fram = 6_136, duty_min = 1_600, duty_max = 24_264
[2026-09-15T14:00:48.258] Cog0  *      values duty_up = 18, duty_dn = 4, cfg_ctcks = 135_000
[2026-09-15T14:00:48.259] Cog0  *VAL* legalVoltage = 6
[2026-09-15T14:00:48.259] Cog0  * ENTRY CFG selectedPower = 6
[2026-09-15T14:00:48.261] Cog0  * EXIT 2 CFG eUserSelectedVolts = 6 maxFwdIncreAtPwr = 147_000_000 minFwdIncreAtPwr = 544_628
[2026-09-15T14:00:48.262] Cog0  --- pinSum = 98, 64010 Rev B, highTimeUs = 72
[2026-09-15T14:00:48.263] Cog0  --- pinSum = 97, 64010 Rev B, highTimeUs = 71
[2026-09-15T14:00:48.263] Cog0  MOT: fwdDegrees = 43, offset_fwd = $1E93_E93E
[2026-09-15T14:00:48.263] Cog0       revDegrees = 317, offset_rev = $E16C_16C1
[2026-09-15T14:00:48.264] Cog0   - Calc FRAME: frame_cnt = 6_136
[2026-09-15T14:00:48.264] Cog0  * init values dead_gap = 70, pwm_limit = 3_033, adc_fram = 6_136, duty_min = 1_600, duty_max = 24_264
[2026-09-15T14:00:48.264] Cog0  *      values duty_up = 18, duty_dn = 4, cfg_ctcks = 135_000
[2026-09-15T14:00:48.265] Cog0  *VAL* legalVoltage = 6
[2026-09-15T14:00:48.265] Cog0  * ENTRY CFG selectedPower = 6
[2026-09-15T14:00:48.267] Cog0  * EXIT 2 CFG eUserSelectedVolts = 6 maxFwdIncreAtPwr = 147_000_000 minFwdIncreAtPwr = 544_628
[2026-09-15T14:00:48.268] Cog0  --- pinSum = 97, 64010 Rev B, highTimeUs = 71
[2026-09-15T14:00:48.269] Cog0  --- pinSum = 101, 64010 Rev B, highTimeUs = 74
[2026-09-15T14:00:48.269] Cog0  MOT: fwdDegrees = 43, offset_fwd = $1E93_E93E
[2026-09-15T14:00:48.269] Cog0       revDegrees = 317, offset_rev = $E16C_16C1
[2026-09-15T14:00:48.269] Cog0   - Calc FRAME: frame_cnt = 6_136
[2026-09-15T14:00:48.270] Cog0  * init values dead_gap = 70, pwm_limit = 3_033, adc_fram = 6_136, duty_min = 1_600, duty_max = 24_264
[2026-09-15T14:00:48.270] Cog0  *      values duty_up = 18, duty_dn = 4, cfg_ctcks = 135_000
[2026-09-15T14:00:48.271] Cog0  *VAL* legalVoltage = 6
[2026-09-15T14:00:48.271] Cog0  * ENTRY CFG selectedPower = 6
[2026-09-15T14:00:48.273] Cog0  * EXIT 2 CFG eUserSelectedVolts = 6 maxFwdIncreAtPwr = 147_000_000 minFwdIncreAtPwr = 544_628
[2026-09-15T14:00:48.274] Cog0  --- pinSum = 98, 64010 Rev B, highTimeUs = 72
[2026-09-15T14:00:48.274] Cog0  --- pinSum = 98, 64010 Rev B, highTimeUs = 72
[2026-09-15T14:00:48.275] Cog0  MOT: fwdDegrees = 43, offset_fwd = $1E93_E93E
[2026-09-15T14:00:48.275] Cog0       revDegrees = 317, offset_rev = $E16C_16C1
[2026-09-15T14:00:48.275] Cog0   - Calc FRAME: frame_cnt = 6_136
[2026-09-15T14:00:48.276] Cog0  * init values dead_gap = 70, pwm_limit = 3_033, adc_fram = 6_136, duty_min = 1_600, duty_max = 24_264
[2026-09-15T14:00:48.276] Cog0  *      values duty_up = 18, duty_dn = 4, cfg_ctcks = 135_000
[2026-09-15T14:00:48.276] Cog0  *VAL* legalVoltage = 6
[2026-09-15T14:00:48.277] Cog0  * ENTRY CFG selectedPower = 6
[2026-09-15T14:00:48.278] Cog0  * EXIT 2 CFG eUserSelectedVolts = 6 maxFwdIncreAtPwr = 147_000_000 minFwdIncreAtPwr = 544_628
[2026-09-15T14:00:48.280] Cog0  --- pinSum = 97, 64010 Rev B, highTimeUs = 71
[2026-09-15T14:00:48.281] Cog0  --- pinSum = 100, 64010 Rev B, highTimeUs = 74
[2026-09-15T14:00:48.281] Cog0  MOT: fwdDegrees = 43, offset_fwd = $1E93_E93E
[2026-09-15T14:00:48.281] Cog0       revDegrees = 317, offset_rev = $E16C_16C1
[2026-09-15T14:00:48.281] Cog0   - Calc FRAME: frame_cnt = 6_136
[2026-09-15T14:00:48.282] Cog0  * init values dead_gap = 70, pwm_limit = 3_033, adc_fram = 6_136, duty_min = 1_600, duty_max = 24_264
[2026-09-15T14:00:48.282] Cog0  *      values duty_up = 18, duty_dn = 4, cfg_ctcks = 135_000
[2026-09-15T14:00:48.283] Cog0  *VAL* legalVoltage = 6
[2026-09-15T14:00:48.283] Cog0  * ENTRY CFG selectedPower = 6
[2026-09-15T14:00:48.285] Cog0  * EXIT 2 CFG eUserSelectedVolts = 6 maxFwdIncreAtPwr = 147_000_000 minFwdIncreAtPwr = 544_628
[2026-09-15T14:00:48.286] Cog0  --- pinSum = 98, 64010 Rev B, highTimeUs = 72
[2026-09-15T14:00:48.286] Cog0  --- pinSum = 98, 64010 Rev B, highTimeUs = 72
[2026-09-15T14:00:48.287] Cog0  MOT: fwdDegrees = 43, offset_fwd = $1E93_E93E
[2026-09-15T14:00:48.287] Cog0       revDegrees = 317, offset_rev = $E16C_16C1
[2026-09-15T14:00:48.287] Cog0   - Calc FRAME: frame_cnt = 6_136
[2026-09-15T14:00:48.288] Cog0  * init values dead_gap = 70, pwm_limit = 3_033, adc_fram = 6_136, duty_min = 1_600, duty_max = 24_264
[2026-09-15T14:00:48.288] Cog0  *      values duty_up = 18, duty_dn = 4, cfg_ctcks = 135_000
[2026-09-15T14:00:48.288] Cog0  *VAL* legalVoltage = 6
[2026-09-15T14:00:48.289] Cog0  * ENTRY CFG selectedPower = 6
[2026-09-15T14:00:48.291] Cog0  * EXIT 2 CFG eUserSelectedVolts = 6 maxFwdIncreAtPwr = 147_000_000 minFwdIncreAtPwr = 544_628
[2026-09-15T14:00:48.292] Cog0  --- pinSum = 97, 64010 Rev B, highTimeUs = 71
[2026-09-15T14:00:48.292] Cog0  --- pinSum = 98, 64010 Rev B, highTimeUs = 72
[2026-09-15T14:00:48.293] Cog0  MOT: fwdDegrees = 43, offset_fwd = $1E93_E93E
[2026-09-15T14:00:48.293] Cog0       revDegrees = 317, offset_rev = $E16C_16C1
[2026-09-15T14:00:48.293] Cog0   - Calc FRAME: frame_cnt = 6_136
[2026-09-15T14:00:48.294] Cog0  * init values dead_gap = 70, pwm_limit = 3_033, adc_fram = 6_136, duty_min = 1_600, duty_max = 24_264
[2026-09-15T14:00:48.294] Cog0  *      values duty_up = 18, duty_dn = 4, cfg_ctcks = 135_000
[2026-09-15T14:00:48.294] Cog0  *VAL* legalVoltage = 6
[2026-09-15T14:00:48.295] Cog0  * ENTRY CFG selectedPower = 6
[2026-09-15T14:00:48.296] Cog0  * EXIT 2 CFG eUserSelectedVolts = 6 maxFwdIncreAtPwr = 147_000_000 minFwdIncreAtPwr = 544_628
[2026-09-15T14:00:48.298] Cog0  --- pinSum = 98, 64010 Rev B, highTimeUs = 72
[2026-09-15T14:00:48.299] Cog0  --- pinSum = 97, 64010 Rev B, highTimeUs = 71
[2026-09-15T14:00:48.299] Cog0  MOT: fwdDegrees = 43, offset_fwd = $1E93_E93E
[2026-09-15T14:00:48.299] Cog0       revDegrees = 317, offset_rev = $E16C_16C1
[2026-09-15T14:00:48.299] Cog0   - Calc FRAME: frame_cnt = 6_136
[2026-09-15T14:00:48.300] Cog0  * init values dead_gap = 70, pwm_limit = 3_033, adc_fram = 6_136, duty_min = 1_600, duty_max = 24_264
[2026-09-15T14:00:48.300] Cog0  *      values duty_up = 18, duty_dn = 4, cfg_ctcks = 135_000
[2026-09-15T14:00:48.300] Cog0  *VAL* legalVoltage = 6
[2026-09-15T14:00:48.301] Cog0  * ENTRY CFG selectedPower = 6
[2026-09-15T14:00:48.302] Cog0  * EXIT 2 CFG eUserSelectedVolts = 6 maxFwdIncreAtPwr = 147_000_000 minFwdIncreAtPwr = 544_628
[2026-09-15T14:00:48.304] Cog0  --- pinSum = 97, 64010 Rev B, highTimeUs = 71
[2026-09-15T14:00:48.304] Cog0  --- pinSum = 100, 64010 Rev B, highTimeUs = 74
[2026-09-15T14:00:48.305] Cog0  MOT: fwdDegrees = 43, offset_fwd = $1E93_E93E
[2026-09-15T14:00:48.305] Cog0       revDegrees = 317, offset_rev = $E16C_16C1
[2026-09-15T14:00:48.305] Cog0   - Calc FRAME: frame_cnt = 6_136
[2026-09-15T14:00:48.306] Cog0  * init values dead_gap = 70, pwm_limit = 3_033, adc_fram = 6_136, duty_min = 1_600, duty_max = 24_264
[2026-09-15T14:00:48.306] Cog0  *      values duty_up = 18, duty_dn = 4, cfg_ctcks = 135_000
[2026-09-15T14:00:48.306] Cog0  *VAL* legalVoltage = 6
[2026-09-15T14:00:48.306] Cog0  * ENTRY CFG selectedPower = 6
[2026-09-15T14:00:48.308] Cog0  * EXIT 2 CFG eUserSelectedVolts = 6 maxFwdIncreAtPwr = 147_000_000 minFwdIncreAtPwr = 544_628
[2026-09-15T14:00:48.310] Cog0  --- pinSum = 97, 64010 Rev B, highTimeUs = 71
[2026-09-15T14:00:48.310] Cog0  --- pinSum = 98, 64010 Rev B, highTimeUs = 72
[2026-09-15T14:00:48.310] Cog0  MOT: fwdDegrees = 43, offset_fwd = $1E93_E93E
[2026-09-15T14:00:48.311] Cog0       revDegrees = 317, offset_rev = $E16C_16C1
[2026-09-15T14:00:48.311] Cog0   - Calc FRAME: frame_cnt = 6_136
[2026-09-15T14:00:48.312] Cog0  * init values dead_gap = 70, pwm_limit = 3_033, adc_fram = 6_136, duty_min = 1_600, duty_max = 24_264
[2026-09-15T14:00:48.312] Cog0  *      values duty_up = 18, duty_dn = 4, cfg_ctcks = 135_000
[2026-09-15T14:00:48.312] Cog0  *VAL* legalVoltage = 6
[2026-09-15T14:00:48.312] Cog0  * ENTRY CFG selectedPower = 6
[2026-09-15T14:00:48.314] Cog0  * EXIT 2 CFG eUserSelectedVolts = 6 maxFwdIncreAtPwr = 147_000_000 minFwdIncreAtPwr = 544_628
[2026-09-15T14:00:48.316] Cog0  --- pinSum = 97, 64010 Rev B, highTimeUs = 71
[2026-09-15T14:00:48.316] Cog0  --- pinSum = 100, 64010 Rev B, highTimeUs = 74
[2026-09-15T14:00:48.316] Cog0  MOT: fwdDegrees = 43, offset_fwd = $1E93_E93E
[2026-09-15T14:00:48.317] Cog0       revDegrees = 317, offset_rev = $E16C_16C1
[2026-09-15T14:00:48.317] Cog0   - Calc FRAME: frame_cnt = 6_136
[2026-09-15T14:00:48.318] Cog0  * init values dead_gap = 70, pwm_limit = 3_033, adc_fram = 6_136, duty_min = 1_600, duty_max = 24_264
[2026-09-15T14:00:48.318] Cog0  *      values duty_up = 18, duty_dn = 4, cfg_ctcks = 135_000
[2026-09-15T14:00:48.318] Cog0  *VAL* legalVoltage = 6
[2026-09-15T14:00:48.318] Cog0  * ENTRY CFG selectedPower = 6
[2026-09-15T14:00:48.320] Cog0  * EXIT 2 CFG eUserSelectedVolts = 6 maxFwdIncreAtPwr = 147_000_000 minFwdIncreAtPwr = 544_628
[2026-09-15T14:00:48.322] Cog0  --- pinSum = 97, 64010 Rev B, highTimeUs = 71
[2026-09-15T14:00:48.322] Cog0  --- pinSum = 98, 64010 Rev B, highTimeUs = 72
[2026-09-15T14:00:48.323] Cog0  MOT: fwdDegrees = 43, offset_fwd = $1E93_E93E
[2026-09-15T14:00:48.323] Cog0       revDegrees = 317, offset_rev = $E16C_16C1
[2026-09-15T14:00:48.323] Cog0   - Calc FRAME: frame_cnt = 6_136
[2026-09-15T14:00:48.324] Cog0  * init values dead_gap = 70, pwm_limit = 3_033, adc_fram = 6_136, duty_min = 1_600, duty_max = 24_264
[2026-09-15T14:00:48.324] Cog0  *      values duty_up = 18, duty_dn = 4, cfg_ctcks = 135_000
[2026-09-15T14:00:48.324] Cog0  *VAL* legalVoltage = 6
[2026-09-15T14:00:48.324] Cog0  * ENTRY CFG selectedPower = 6
[2026-09-15T14:00:48.328] Cog0  * EXIT 2 CFG eUserSelectedVolts = 6 maxFwdIncreAtPwr = 147_000_000 minFwdIncreAtPwr = 544_628
[2026-09-15T14:00:48.328] Cog0  --- pinSum = 97, 64010 Rev B, highTimeUs = 71
[2026-09-15T14:00:48.328] Cog0  --- pinSum = 99, 64010 Rev B, highTimeUs = 73
[2026-09-15T14:00:48.328] Cog0  MOT: fwdDegrees = 43, offset_fwd = $1E93_E93E
[2026-09-15T14:00:48.329] Cog0       revDegrees = 317, offset_rev = $E16C_16C1
[2026-09-15T14:00:48.329] Cog0   - Calc FRAME: frame_cnt = 6_136
[2026-09-15T14:00:48.329] Cog0  * init values dead_gap = 70, pwm_limit = 3_033, adc_fram = 6_136, duty_min = 1_600, duty_max = 24_264
[2026-09-15T14:00:48.330] Cog0  *      values duty_up = 18, duty_dn = 4, cfg_ctcks = 135_000
[2026-09-15T14:00:48.330] Cog0  *VAL* legalVoltage = 6
[2026-09-15T14:00:48.330] Cog0  * ENTRY CFG selectedPower = 6
[2026-09-15T14:00:48.332] Cog0  * EXIT 2 CFG eUserSelectedVolts = 6 maxFwdIncreAtPwr = 147_000_000 minFwdIncreAtPwr = 544_628
[2026-09-15T14:00:48.334] Cog0  --- pinSum = 97, 64010 Rev B, highTimeUs = 71
[2026-09-15T14:00:48.334] Cog0  --- pinSum = 98, 64010 Rev B, highTimeUs = 72
[2026-09-15T14:00:48.334] Cog0  MOT: fwdDegrees = 43, offset_fwd = $1E93_E93E
[2026-09-15T14:00:48.335] Cog0       revDegrees = 317, offset_rev = $E16C_16C1
[2026-09-15T14:00:48.335] Cog0   - Calc FRAME: frame_cnt = 6_136
[2026-09-15T14:00:48.335] Cog0  * init values dead_gap = 70, pwm_limit = 3_033, adc_fram = 6_136, duty_min = 1_600, duty_max = 24_264
[2026-09-15T14:00:48.336] Cog0  *      values duty_up = 18, duty_dn = 4, cfg_ctcks = 135_000
[2026-09-15T14:00:48.336] Cog0  *VAL* legalVoltage = 6
[2026-09-15T14:00:48.336] Cog0  * ENTRY CFG selectedPower = 6
[2026-09-15T14:00:48.338] Cog0  * EXIT 2 CFG eUserSelectedVolts = 6 maxFwdIncreAtPwr = 147_000_000 minFwdIncreAtPwr = 544_628
[2026-09-15T14:00:48.340] Cog0  --- pinSum = 97, 64010 Rev B, highTimeUs = 71
[2026-09-15T14:00:48.340] Cog0  --- pinSum = 98, 64010 Rev B, highTimeUs = 72
[2026-09-15T14:00:48.340] Cog0  MOT: fwdDegrees = 43, offset_fwd = $1E93_E93E
[2026-09-15T14:00:48.341] Cog0       revDegrees = 317, offset_rev = $E16C_16C1
[2026-09-15T14:00:48.341] Cog0   - Calc FRAME: frame_cnt = 6_136
[2026-09-15T14:00:48.341] Cog0  * init values dead_gap = 70, pwm_limit = 3_033, adc_fram = 6_136, duty_min = 1_600, duty_max = 24_264
[2026-09-15T14:00:48.342] Cog0  *      values duty_up = 18, duty_dn = 4, cfg_ctcks = 135_000
[2026-09-15T14:00:48.342] Cog0  *VAL* legalVoltage = 6
[2026-09-15T14:00:48.342] Cog0  * ENTRY CFG selectedPower = 6
[2026-09-15T14:00:48.346] Cog0  * EXIT 2 CFG eUserSelectedVolts = 6 maxFwdIncreAtPwr = 147_000_000 minFwdIncreAtPwr = 544_628
[2026-09-15T14:00:48.346] Cog0  --- pinSum = 98, 64010 Rev B, highTimeUs = 72
[2026-09-15T14:00:48.346] Cog0  --- pinSum = 97, 64010 Rev B, highTimeUs = 71
[2026-09-15T14:00:48.346] Cog0  MOT: fwdDegrees = 43, offset_fwd = $1E93_E93E
[2026-09-15T14:00:48.347] Cog0       revDegrees = 317, offset_rev = $E16C_16C1
[2026-09-15T14:00:48.347] Cog0   - Calc FRAME: frame_cnt = 6_136
[2026-09-15T14:00:48.347] Cog0  * init values dead_gap = 70, pwm_limit = 3_033, adc_fram = 6_136, duty_min = 1_600, duty_max = 24_264
[2026-09-15T14:00:48.347] Cog0  *      values duty_up = 18, duty_dn = 4, cfg_ctcks = 135_000
[2026-09-15T14:00:48.348] Cog0  *VAL* legalVoltage = 6
[2026-09-15T14:00:48.348] Cog0  * ENTRY CFG selectedPower = 6
[2026-09-15T14:00:48.350] Cog0  * EXIT 2 CFG eUserSelectedVolts = 6 maxFwdIncreAtPwr = 147_000_000 minFwdIncreAtPwr = 544_628
[2026-09-15T14:00:48.352] Cog0  --- pinSum = 97, 64010 Rev B, highTimeUs = 71
[2026-09-15T14:00:48.352] Cog0  --- pinSum = 98, 64010 Rev B, highTimeUs = 72
[2026-09-15T14:00:48.352] Cog0  MOT: fwdDegrees = 43, offset_fwd = $1E93_E93E
[2026-09-15T14:00:48.353] Cog0       revDegrees = 317, offset_rev = $E16C_16C1
[2026-09-15T14:00:48.353] Cog0   - Calc FRAME: frame_cnt = 6_136
[2026-09-15T14:00:48.353] Cog0  * init values dead_gap = 70, pwm_limit = 3_033, adc_fram = 6_136, duty_min = 1_600, duty_max = 24_264
[2026-09-15T14:00:48.353] Cog0  *      values duty_up = 18, duty_dn = 4, cfg_ctcks = 135_000
[2026-09-15T14:00:48.354] Cog0  *VAL* legalVoltage = 6
[2026-09-15T14:00:48.354] Cog0  * ENTRY CFG selectedPower = 6
[2026-09-15T14:00:48.356] Cog0  * EXIT 2 CFG eUserSelectedVolts = 6 maxFwdIncreAtPwr = 147_000_000 minFwdIncreAtPwr = 544_628
[2026-09-15T14:00:48.358] Cog0  --- pinSum = 101, 64010 Rev B, highTimeUs = 74
[2026-09-15T14:00:48.358] Cog0  --- pinSum = 98, 64010 Rev B, highTimeUs = 72
[2026-09-15T14:00:48.358] Cog0  MOT: fwdDegrees = 43, offset_fwd = $1E93_E93E
[2026-09-15T14:00:48.358] Cog0       revDegrees = 317, offset_rev = $E16C_16C1
[2026-09-15T14:00:48.359] Cog0   - Calc FRAME: frame_cnt = 6_136
[2026-09-15T14:00:48.359] Cog0  * init values dead_gap = 70, pwm_limit = 3_033, adc_fram = 6_136, duty_min = 1_600, duty_max = 24_264
[2026-09-15T14:00:48.360] Cog0  *      values duty_up = 18, duty_dn = 4, cfg_ctcks = 135_000
[2026-09-15T14:00:48.360] Cog0  *VAL* legalVoltage = 6
[2026-09-15T14:00:48.360] Cog0  * ENTRY CFG selectedPower = 6
[2026-09-15T14:00:48.364] Cog0  * EXIT 2 CFG eUserSelectedVolts = 6 maxFwdIncreAtPwr = 147_000_000 minFwdIncreAtPwr = 544_628
[2026-09-15T14:00:48.364] Cog0  --- pinSum = 98, 64010 Rev B, highTimeUs = 72
[2026-09-15T14:00:48.364] Cog0  --- pinSum = 98, 64010 Rev B, highTimeUs = 72
[2026-09-15T14:00:48.364] Cog0  MOT: fwdDegrees = 43, offset_fwd = $1E93_E93E
[2026-09-15T14:00:48.364] Cog0       revDegrees = 317, offset_rev = $E16C_16C1
[2026-09-15T14:00:48.365] Cog0   - Calc FRAME: frame_cnt = 6_136
[2026-09-15T14:00:48.365] Cog0  * init values dead_gap = 70, pwm_limit = 3_033, adc_fram = 6_136, duty_min = 1_600, duty_max = 24_264
[2026-09-15T14:00:48.365] Cog0  *      values duty_up = 18, duty_dn = 4, cfg_ctcks = 135_000
[2026-09-15T14:00:48.366] Cog0  *VAL* legalVoltage = 6
[2026-09-15T14:00:48.366] Cog0  * ENTRY CFG selectedPower = 6
[2026-09-15T14:00:48.368] Cog0  * EXIT 2 CFG eUserSelectedVolts = 6 maxFwdIncreAtPwr = 147_000_000 minFwdIncreAtPwr = 544_628
[2026-09-15T14:00:48.369] Cog0  --- pinSum = 100, 64010 Rev B, highTimeUs = 74
[2026-09-15T14:00:48.370] Cog0  --- pinSum = 97, 64010 Rev B, highTimeUs = 71
[2026-09-15T14:00:48.370] Cog0  MOT: fwdDegrees = 43, offset_fwd = $1E93_E93E
[2026-09-15T14:00:48.370] Cog0       revDegrees = 317, offset_rev = $E16C_16C1
[2026-09-15T14:00:48.370] Cog0   - Calc FRAME: frame_cnt = 6_136
[2026-09-15T14:00:48.371] Cog0  * init values dead_gap = 70, pwm_limit = 3_033, adc_fram = 6_136, duty_min = 1_600, duty_max = 24_264
[2026-09-15T14:00:48.371] Cog0  *      values duty_up = 18, duty_dn = 4, cfg_ctcks = 135_000
[2026-09-15T14:00:48.372] Cog0  *VAL* legalVoltage = 6
[2026-09-15T14:00:48.372] Cog0  * ENTRY CFG selectedPower = 6
[2026-09-15T14:00:48.374] Cog0  * EXIT 2 CFG eUserSelectedVolts = 6 maxFwdIncreAtPwr = 147_000_000 minFwdIncreAtPwr = 544_628
[2026-09-15T14:00:48.375] Cog0  --- pinSum = 97, 64010 Rev B, highTimeUs = 71
[2026-09-15T14:00:48.376] Cog0  --- pinSum = 101, 64010 Rev B, highTimeUs = 74
[2026-09-15T14:00:48.376] Cog0  MOT: fwdDegrees = 43, offset_fwd = $1E93_E93E
[2026-09-15T14:00:48.376] Cog0       revDegrees = 317, offset_rev = $E16C_16C1
[2026-09-15T14:00:48.376] Cog0   - Calc FRAME: frame_cnt = 6_136
[2026-09-15T14:00:48.377] Cog0  * init values dead_gap = 70, pwm_limit = 3_033, adc_fram = 6_136, duty_min = 1_600, duty_max = 24_264
[2026-09-15T14:00:48.377] Cog0  *      values duty_up = 18, duty_dn = 4, cfg_ctcks = 135_000
[2026-09-15T14:00:48.377] Cog0  *VAL* legalVoltage = 6
[2026-09-15T14:00:48.378] Cog0  * ENTRY CFG selectedPower = 6
[2026-09-15T14:00:48.380] Cog0  * EXIT 2 CFG eUserSelectedVolts = 6 maxFwdIncreAtPwr = 147_000_000 minFwdIncreAtPwr = 544_628
[2026-09-15T14:00:48.381] Cog0  --- pinSum = 98, 64010 Rev B, highTimeUs = 72
[2026-09-15T14:00:48.382] Cog0  --- pinSum = 98, 64010 Rev B, highTimeUs = 72
[2026-09-15T14:00:48.382] Cog0  MOT: fwdDegrees = 43, offset_fwd = $1E93_E93E
[2026-09-15T14:00:48.382] Cog0       revDegrees = 317, offset_rev = $E16C_16C1
[2026-09-15T14:00:48.382] Cog0   - Calc FRAME: frame_cnt = 6_136
[2026-09-15T14:00:48.383] Cog0  * init values dead_gap = 70, pwm_limit = 3_033, adc_fram = 6_136, duty_min = 1_600, duty_max = 24_264
[2026-09-15T14:00:48.383] Cog0  *      values duty_up = 18, duty_dn = 4, cfg_ctcks = 135_000
[2026-09-15T14:00:48.383] Cog0  *VAL* legalVoltage = 6
[2026-09-15T14:00:48.383] Cog0  * ENTRY CFG selectedPower = 6
[2026-09-15T14:00:48.386] Cog0  * EXIT 2 CFG eUserSelectedVolts = 6 maxFwdIncreAtPwr = 147_000_000 minFwdIncreAtPwr = 544_628
[2026-09-15T14:00:48.387] Cog0  --- pinSum = 97, 64010 Rev B, highTimeUs = 71
[2026-09-15T14:00:48.388] Cog0  --- pinSum = 100, 64010 Rev B, highTimeUs = 74
[2026-09-15T14:00:48.388] Cog0  MOT: fwdDegrees = 43, offset_fwd = $1E93_E93E
[2026-09-15T14:00:48.389] Cog0       revDegrees = 317, offset_rev = $E16C_16C1
[2026-09-15T14:00:48.389] Cog0   - Calc FRAME: frame_cnt = 6_136
[2026-09-15T14:00:48.389] Cog0  * init values dead_gap = 70, pwm_limit = 3_033, adc_fram = 6_136, duty_min = 1_600, duty_max = 24_264
[2026-09-15T14:00:48.389] Cog0  *      values duty_up = 18, duty_dn = 4, cfg_ctcks = 135_000
[2026-09-15T14:00:48.390] Cog0  *VAL* legalVoltage = 6
[2026-09-15T14:00:48.390] Cog0  * ENTRY CFG selectedPower = 6
[2026-09-15T14:00:48.392] Cog0  * EXIT 2 CFG eUserSelectedVolts = 6 maxFwdIncreAtPwr = 147_000_000 minFwdIncreAtPwr = 544_628
[2026-09-15T14:00:48.393] Cog0  --- pinSum = 97, 64010 Rev B, highTimeUs = 71
[2026-09-15T14:00:48.393] Cog0  --- pinSum = 98, 64010 Rev B, highTimeUs = 72
[2026-09-15T14:00:48.394] Cog0  MOT: fwdDegrees = 43, offset_fwd = $1E93_E93E
[2026-09-15T14:00:48.394] Cog0       revDegrees = 317, offset_rev = $E16C_16C1
[2026-09-15T14:00:48.394] Cog0   - Calc FRAME: frame_cnt = 6_136
[2026-09-15T14:00:48.395] Cog0  * init values dead_gap = 70, pwm_limit = 3_033, adc_fram = 6_136, duty_min = 1_600, duty_max = 24_264
[2026-09-15T14:00:48.395] Cog0  *      values duty_up = 18, duty_dn = 4, cfg_ctcks = 135_000
[2026-09-15T14:00:48.395] Cog0  *VAL* legalVoltage = 6
[2026-09-15T14:00:48.396] Cog0  * ENTRY CFG selectedPower = 6
[2026-09-15T14:00:48.397] Cog0  * EXIT 2 CFG eUserSelectedVolts = 6 maxFwdIncreAtPwr = 147_000_000 minFwdIncreAtPwr = 544_628
[2026-09-15T14:00:48.399] Cog0  --- pinSum = 97, 64010 Rev B, highTimeUs = 71
[2026-09-15T14:00:48.399] Cog0  --- pinSum = 99, 64010 Rev B, highTimeUs = 73
[2026-09-15T14:00:48.400] Cog0  MOT: fwdDegrees = 43, offset_fwd = $1E93_E93E
[2026-09-15T14:00:48.400] Cog0       revDegrees = 317, offset_rev = $E16C_16C1
[2026-09-15T14:00:48.400] Cog0   - Calc FRAME: frame_cnt = 6_136
[2026-09-15T14:00:48.401] Cog0  * init values dead_gap = 70, pwm_limit = 3_033, adc_fram = 6_136, duty_min = 1_600, duty_max = 24_264
[2026-09-15T14:00:48.401] Cog0  *      values duty_up = 18, duty_dn = 4, cfg_ctcks = 135_000
[2026-09-15T14:00:48.401] Cog0  *VAL* legalVoltage = 6
[2026-09-15T14:00:48.401] Cog0  * ENTRY CFG selectedPower = 6
[2026-09-15T14:00:48.403] Cog0  * EXIT 2 CFG eUserSelectedVolts = 6 maxFwdIncreAtPwr = 147_000_000 minFwdIncreAtPwr = 544_628
[2026-09-15T14:00:48.405] Cog0  --- pinSum = 97, 64010 Rev B, highTimeUs = 71
[2026-09-15T14:00:48.406] Cog0  --- pinSum = 97, 64010 Rev B, highTimeUs = 71
[2026-09-15T14:00:48.406] Cog0  MOT: fwdDegrees = 43, offset_fwd = $1E93_E93E
[2026-09-15T14:00:48.406] Cog0       revDegrees = 317, offset_rev = $E16C_16C1
[2026-09-15T14:00:48.406] Cog0   - Calc FRAME: frame_cnt = 6_136
[2026-09-15T14:00:48.407] Cog0  * init values dead_gap = 70, pwm_limit = 3_033, adc_fram = 6_136, duty_min = 1_600, duty_max = 24_264
[2026-09-15T14:00:48.407] Cog0  *      values duty_up = 18, duty_dn = 4, cfg_ctcks = 135_000
[2026-09-15T14:00:48.407] Cog0  *VAL* legalVoltage = 6
[2026-09-15T14:00:48.407] Cog0  * ENTRY CFG selectedPower = 6
[2026-09-15T14:00:48.409] Cog0  * EXIT 2 CFG eUserSelectedVolts = 6 maxFwdIncreAtPwr = 147_000_000 minFwdIncreAtPwr = 544_628
[2026-09-15T14:00:48.411] Cog0  --- pinSum = 98, 64010 Rev B, highTimeUs = 72
[2026-09-15T14:00:48.411] Cog0  --- pinSum = 101, 64010 Rev B, highTimeUs = 74
[2026-09-15T14:00:48.411] Cog0  MOT: fwdDegrees = 43, offset_fwd = $1E93_E93E
[2026-09-15T14:00:48.412] Cog0       revDegrees = 317, offset_rev = $E16C_16C1
[2026-09-15T14:00:48.412] Cog0   - Calc FRAME: frame_cnt = 6_136
[2026-09-15T14:00:48.413] Cog0  * init values dead_gap = 70, pwm_limit = 3_033, adc_fram = 6_136, duty_min = 1_600, duty_max = 24_264
[2026-09-15T14:00:48.413] Cog0  *      values duty_up = 18, duty_dn = 4, cfg_ctcks = 135_000
[2026-09-15T14:00:48.413] Cog0  *VAL* legalVoltage = 6
[2026-09-15T14:00:48.413] Cog0  * ENTRY CFG selectedPower = 6
[2026-09-15T14:00:48.415] Cog0  * EXIT 2 CFG eUserSelectedVolts = 6 maxFwdIncreAtPwr = 147_000_000 minFwdIncreAtPwr = 544_628
[2026-09-15T14:00:48.417] Cog0  --- pinSum = 98, 64010 Rev B, highTimeUs = 72
[2026-09-15T14:00:48.417] Cog0  --- pinSum = 97, 64010 Rev B, highTimeUs = 71
[2026-09-15T14:00:48.418] Cog0  MOT: fwdDegrees = 43, offset_fwd = $1E93_E93E
[2026-09-15T14:00:48.418] Cog0       revDegrees = 317, offset_rev = $E16C_16C1
[2026-09-15T14:00:48.418] Cog0   - Calc FRAME: frame_cnt = 6_136
[2026-09-15T14:00:48.418] Cog0  * init values dead_gap = 70, pwm_limit = 3_033, adc_fram = 6_136, duty_min = 1_600, duty_max = 24_264
[2026-09-15T14:00:48.419] Cog0  *      values duty_up = 18, duty_dn = 4, cfg_ctcks = 135_000
[2026-09-15T14:00:48.419] Cog0  *VAL* legalVoltage = 6
[2026-09-15T14:00:48.419] Cog0  * ENTRY CFG selectedPower = 6
[2026-09-15T14:00:48.421] Cog0  * EXIT 2 CFG eUserSelectedVolts = 6 maxFwdIncreAtPwr = 147_000_000 minFwdIncreAtPwr = 544_628
[2026-09-15T14:00:48.423] Cog0  --- pinSum = 97, 64010 Rev B, highTimeUs = 71
[2026-09-15T14:00:48.423] Cog0  --- pinSum = 101, 64010 Rev B, highTimeUs = 74
[2026-09-15T14:00:48.424] Cog0  MOT: fwdDegrees = 43, offset_fwd = $1E93_E93E
[2026-09-15T14:00:48.424] Cog0       revDegrees = 317, offset_rev = $E16C_16C1
[2026-09-15T14:00:48.424] Cog0   - Calc FRAME: frame_cnt = 6_136
[2026-09-15T14:00:48.425] Cog0  * init values dead_gap = 70, pwm_limit = 3_033, adc_fram = 6_136, duty_min = 1_600, duty_max = 24_264
[2026-09-15T14:00:48.425] Cog0  *      values duty_up = 18, duty_dn = 4, cfg_ctcks = 135_000
[2026-09-15T14:00:48.425] Cog0  *VAL* legalVoltage = 6
[2026-09-15T14:00:48.426] Cog0  * ENTRY CFG selectedPower = 6
[2026-09-15T14:00:48.428] Cog0  * EXIT 2 CFG eUserSelectedVolts = 6 maxFwdIncreAtPwr = 147_000_000 minFwdIncreAtPwr = 544_628
[2026-09-15T14:00:48.428] Cog0  --- pinSum = 97, 64010 Rev B, highTimeUs = 71
[2026-09-15T14:00:48.428] Cog0  T0-14a,base,16,not_revb_count,0
[2026-09-15T14:00:48.430] Cog0  SIGNOFF,sf,1,bin,T0,cell,R2-T0-REPEAT,task,3500,motor,RIGHT,crit,READS_NOT_REVB,measured,0,lo,0,hi,0,units,COUNT,n,32,verdict,PASS
[2026-09-15T14:00:48.430] Cog0  --- pinSum = 98, 64010 Rev B, highTimeUs = 72
[2026-09-15T14:00:48.431] Cog0  MOT: fwdDegrees = 43, offset_fwd = $1E93_E93E
[2026-09-15T14:00:48.431] Cog0       revDegrees = 317, offset_rev = $E16C_16C1
[2026-09-15T14:00:48.431] Cog0   - Calc FRAME: frame_cnt = 6_136
[2026-09-15T14:00:48.431] Cog0  * init values dead_gap = 70, pwm_limit = 3_033, adc_fram = 6_136, duty_min = 1_600, duty_max = 24_264
[2026-09-15T14:00:48.432] Cog0  *      values duty_up = 18, duty_dn = 4, cfg_ctcks = 135_000
[2026-09-15T14:00:48.432] Cog0  *VAL* legalVoltage = 6
[2026-09-15T14:00:48.432] Cog0  * ENTRY CFG selectedPower = 6
[2026-09-15T14:00:48.434] Cog0  * EXIT 2 CFG eUserSelectedVolts = 6 maxFwdIncreAtPwr = 147_000_000 minFwdIncreAtPwr = 544_628
[2026-09-15T14:00:48.436] Cog0  --- pinSum = 98, 64010 Rev B, highTimeUs = 72
[2026-09-15T14:00:48.436] Cog0  --- pinSum = 98, 64010 Rev B, highTimeUs = 72
[2026-09-15T14:00:48.436] Cog0  MOT: fwdDegrees = 43, offset_fwd = $1E93_E93E
[2026-09-15T14:00:48.437] Cog0       revDegrees = 317, offset_rev = $E16C_16C1
[2026-09-15T14:00:48.437] Cog0   - Calc FRAME: frame_cnt = 6_136
[2026-09-15T14:00:48.437] Cog0  * init values dead_gap = 70, pwm_limit = 3_033, adc_fram = 6_136, duty_min = 1_600, duty_max = 24_264
[2026-09-15T14:00:48.438] Cog0  *      values duty_up = 18, duty_dn = 4, cfg_ctcks = 135_000
[2026-09-15T14:00:48.438] Cog0  *VAL* legalVoltage = 6
[2026-09-15T14:00:48.438] Cog0  * ENTRY CFG selectedPower = 6
[2026-09-15T14:00:48.440] Cog0  * EXIT 2 CFG eUserSelectedVolts = 6 maxFwdIncreAtPwr = 147_000_000 minFwdIncreAtPwr = 544_628
[2026-09-15T14:00:48.442] Cog0  --- pinSum = 99, 64010 Rev B, highTimeUs = 73
[2026-09-15T14:00:48.442] Cog0  --- pinSum = 99, 64010 Rev B, highTimeUs = 73
[2026-09-15T14:00:48.442] Cog0  MOT: fwdDegrees = 43, offset_fwd = $1E93_E93E
[2026-09-15T14:00:48.442] Cog0       revDegrees = 317, offset_rev = $E16C_16C1
[2026-09-15T14:00:48.443] Cog0   - Calc FRAME: frame_cnt = 6_136
[2026-09-15T14:00:48.443] Cog0  * init values dead_gap = 70, pwm_limit = 3_033, adc_fram = 6_136, duty_min = 1_600, duty_max = 24_264
[2026-09-15T14:00:48.444] Cog0  *      values duty_up = 18, duty_dn = 4, cfg_ctcks = 135_000
[2026-09-15T14:00:48.444] Cog0  *VAL* legalVoltage = 6
[2026-09-15T14:00:48.444] Cog0  * ENTRY CFG selectedPower = 6
[2026-09-15T14:00:48.446] Cog0  * EXIT 2 CFG eUserSelectedVolts = 6 maxFwdIncreAtPwr = 147_000_000 minFwdIncreAtPwr = 544_628
[2026-09-15T14:00:48.447] Cog0  --- pinSum = 99, 64010 Rev B, highTimeUs = 73
[2026-09-15T14:00:48.448] Cog0  --- pinSum = 99, 64010 Rev B, highTimeUs = 73
[2026-09-15T14:00:48.448] Cog0  MOT: fwdDegrees = 43, offset_fwd = $1E93_E93E
[2026-09-15T14:00:48.449] Cog0       revDegrees = 317, offset_rev = $E16C_16C1
[2026-09-15T14:00:48.449] Cog0   - Calc FRAME: frame_cnt = 6_136
[2026-09-15T14:00:48.449] Cog0  * init values dead_gap = 70, pwm_limit = 3_033, adc_fram = 6_136, duty_min = 1_600, duty_max = 24_264
[2026-09-15T14:00:48.449] Cog0  *      values duty_up = 18, duty_dn = 4, cfg_ctcks = 135_000
[2026-09-15T14:00:48.450] Cog0  *VAL* legalVoltage = 6
[2026-09-15T14:00:48.450] Cog0  * ENTRY CFG selectedPower = 6
[2026-09-15T14:00:48.452] Cog0  * EXIT 2 CFG eUserSelectedVolts = 6 maxFwdIncreAtPwr = 147_000_000 minFwdIncreAtPwr = 544_628
[2026-09-15T14:00:48.454] Cog0  --- pinSum = 99, 64010 Rev B, highTimeUs = 73
[2026-09-15T14:00:48.454] Cog0  --- pinSum = 100, 64010 Rev B, highTimeUs = 74
[2026-09-15T14:00:48.454] Cog0  MOT: fwdDegrees = 43, offset_fwd = $1E93_E93E
[2026-09-15T14:00:48.455] Cog0       revDegrees = 317, offset_rev = $E16C_16C1
[2026-09-15T14:00:48.455] Cog0   - Calc FRAME: frame_cnt = 6_136
[2026-09-15T14:00:48.455] Cog0  * init values dead_gap = 70, pwm_limit = 3_033, adc_fram = 6_136, duty_min = 1_600, duty_max = 24_264
[2026-09-15T14:00:48.455] Cog0  *      values duty_up = 18, duty_dn = 4, cfg_ctcks = 135_000
[2026-09-15T14:00:48.456] Cog0  *VAL* legalVoltage = 6
[2026-09-15T14:00:48.456] Cog0  * ENTRY CFG selectedPower = 6
[2026-09-15T14:00:48.458] Cog0  * EXIT 2 CFG eUserSelectedVolts = 6 maxFwdIncreAtPwr = 147_000_000 minFwdIncreAtPwr = 544_628
[2026-09-15T14:00:48.460] Cog0  --- pinSum = 98, 64010 Rev B, highTimeUs = 72
[2026-09-15T14:00:48.460] Cog0  --- pinSum = 98, 64010 Rev B, highTimeUs = 72
[2026-09-15T14:00:48.460] Cog0  MOT: fwdDegrees = 43, offset_fwd = $1E93_E93E
[2026-09-15T14:00:48.460] Cog0       revDegrees = 317, offset_rev = $E16C_16C1
[2026-09-15T14:00:48.461] Cog0   - Calc FRAME: frame_cnt = 6_136
[2026-09-15T14:00:48.461] Cog0  * init values dead_gap = 70, pwm_limit = 3_033, adc_fram = 6_136, duty_min = 1_600, duty_max = 24_264
[2026-09-15T14:00:48.462] Cog0  *      values duty_up = 18, duty_dn = 4, cfg_ctcks = 135_000
[2026-09-15T14:00:48.462] Cog0  *VAL* legalVoltage = 6
[2026-09-15T14:00:48.462] Cog0  * ENTRY CFG selectedPower = 6
[2026-09-15T14:00:48.464] Cog0  * EXIT 2 CFG eUserSelectedVolts = 6 maxFwdIncreAtPwr = 147_000_000 minFwdIncreAtPwr = 544_628
[2026-09-15T14:00:48.465] Cog0  --- pinSum = 99, 64010 Rev B, highTimeUs = 73
[2026-09-15T14:00:48.466] Cog0  --- pinSum = 99, 64010 Rev B, highTimeUs = 73
[2026-09-15T14:00:48.466] Cog0  MOT: fwdDegrees = 43, offset_fwd = $1E93_E93E
[2026-09-15T14:00:48.466] Cog0       revDegrees = 317, offset_rev = $E16C_16C1
[2026-09-15T14:00:48.467] Cog0   - Calc FRAME: frame_cnt = 6_136
[2026-09-15T14:00:48.467] Cog0  * init values dead_gap = 70, pwm_limit = 3_033, adc_fram = 6_136, duty_min = 1_600, duty_max = 24_264
[2026-09-15T14:00:48.467] Cog0  *      values duty_up = 18, duty_dn = 4, cfg_ctcks = 135_000
[2026-09-15T14:00:48.468] Cog0  *VAL* legalVoltage = 6
[2026-09-15T14:00:48.468] Cog0  * ENTRY CFG selectedPower = 6
[2026-09-15T14:00:48.470] Cog0  * EXIT 2 CFG eUserSelectedVolts = 6 maxFwdIncreAtPwr = 147_000_000 minFwdIncreAtPwr = 544_628
[2026-09-15T14:00:48.471] Cog0  --- pinSum = 99, 64010 Rev B, highTimeUs = 73
[2026-09-15T14:00:48.472] Cog0  --- pinSum = 99, 64010 Rev B, highTimeUs = 73
[2026-09-15T14:00:48.472] Cog0  MOT: fwdDegrees = 43, offset_fwd = $1E93_E93E
[2026-09-15T14:00:48.472] Cog0       revDegrees = 317, offset_rev = $E16C_16C1
[2026-09-15T14:00:48.473] Cog0   - Calc FRAME: frame_cnt = 6_136
[2026-09-15T14:00:48.473] Cog0  * init values dead_gap = 70, pwm_limit = 3_033, adc_fram = 6_136, duty_min = 1_600, duty_max = 24_264
[2026-09-15T14:00:48.473] Cog0  *      values duty_up = 18, duty_dn = 4, cfg_ctcks = 135_000
[2026-09-15T14:00:48.473] Cog0  *VAL* legalVoltage = 6
[2026-09-15T14:00:48.474] Cog0  * ENTRY CFG selectedPower = 6
[2026-09-15T14:00:48.476] Cog0  * EXIT 2 CFG eUserSelectedVolts = 6 maxFwdIncreAtPwr = 147_000_000 minFwdIncreAtPwr = 544_628
[2026-09-15T14:00:48.477] Cog0  --- pinSum = 98, 64010 Rev B, highTimeUs = 72
[2026-09-15T14:00:48.478] Cog0  --- pinSum = 98, 64010 Rev B, highTimeUs = 72
[2026-09-15T14:00:48.478] Cog0  MOT: fwdDegrees = 43, offset_fwd = $1E93_E93E
[2026-09-15T14:00:48.478] Cog0       revDegrees = 317, offset_rev = $E16C_16C1
[2026-09-15T14:00:48.478] Cog0   - Calc FRAME: frame_cnt = 6_136
[2026-09-15T14:00:48.479] Cog0  * init values dead_gap = 70, pwm_limit = 3_033, adc_fram = 6_136, duty_min = 1_600, duty_max = 24_264
[2026-09-15T14:00:48.479] Cog0  *      values duty_up = 18, duty_dn = 4, cfg_ctcks = 135_000
[2026-09-15T14:00:48.480] Cog0  *VAL* legalVoltage = 6
[2026-09-15T14:00:48.480] Cog0  * ENTRY CFG selectedPower = 6
[2026-09-15T14:00:48.482] Cog0  * EXIT 2 CFG eUserSelectedVolts = 6 maxFwdIncreAtPwr = 147_000_000 minFwdIncreAtPwr = 544_628
[2026-09-15T14:00:48.483] Cog0  --- pinSum = 98, 64010 Rev B, highTimeUs = 72
[2026-09-15T14:00:48.484] Cog0  --- pinSum = 98, 64010 Rev B, highTimeUs = 72
[2026-09-15T14:00:48.484] Cog0  MOT: fwdDegrees = 43, offset_fwd = $1E93_E93E
[2026-09-15T14:00:48.484] Cog0       revDegrees = 317, offset_rev = $E16C_16C1
[2026-09-15T14:00:48.484] Cog0   - Calc FRAME: frame_cnt = 6_136
[2026-09-15T14:00:48.485] Cog0  * init values dead_gap = 70, pwm_limit = 3_033, adc_fram = 6_136, duty_min = 1_600, duty_max = 24_264
[2026-09-15T14:00:48.485] Cog0  *      values duty_up = 18, duty_dn = 4, cfg_ctcks = 135_000
[2026-09-15T14:00:48.485] Cog0  *VAL* legalVoltage = 6
[2026-09-15T14:00:48.485] Cog0  * ENTRY CFG selectedPower = 6
[2026-09-15T14:00:48.488] Cog0  * EXIT 2 CFG eUserSelectedVolts = 6 maxFwdIncreAtPwr = 147_000_000 minFwdIncreAtPwr = 544_628
[2026-09-15T14:00:48.489] Cog0  --- pinSum = 99, 64010 Rev B, highTimeUs = 73
[2026-09-15T14:00:48.490] Cog0  --- pinSum = 98, 64010 Rev B, highTimeUs = 72
[2026-09-15T14:00:48.490] Cog0  MOT: fwdDegrees = 43, offset_fwd = $1E93_E93E
[2026-09-15T14:00:48.490] Cog0       revDegrees = 317, offset_rev = $E16C_16C1
[2026-09-15T14:00:48.491] Cog0   - Calc FRAME: frame_cnt = 6_136
[2026-09-15T14:00:48.491] Cog0  * init values dead_gap = 70, pwm_limit = 3_033, adc_fram = 6_136, duty_min = 1_600, duty_max = 24_264
[2026-09-15T14:00:48.491] Cog0  *      values duty_up = 18, duty_dn = 4, cfg_ctcks = 135_000
[2026-09-15T14:00:48.491] Cog0  *VAL* legalVoltage = 6
[2026-09-15T14:00:48.492] Cog0  * ENTRY CFG selectedPower = 6
[2026-09-15T14:00:48.494] Cog0  * EXIT 2 CFG eUserSelectedVolts = 6 maxFwdIncreAtPwr = 147_000_000 minFwdIncreAtPwr = 544_628
[2026-09-15T14:00:48.495] Cog0  --- pinSum = 99, 64010 Rev B, highTimeUs = 73
[2026-09-15T14:00:48.495] Cog0  --- pinSum = 99, 64010 Rev B, highTimeUs = 73
[2026-09-15T14:00:48.496] Cog0  MOT: fwdDegrees = 43, offset_fwd = $1E93_E93E
[2026-09-15T14:00:48.496] Cog0       revDegrees = 317, offset_rev = $E16C_16C1
[2026-09-15T14:00:48.496] Cog0   - Calc FRAME: frame_cnt = 6_136
[2026-09-15T14:00:48.497] Cog0  * init values dead_gap = 70, pwm_limit = 3_033, adc_fram = 6_136, duty_min = 1_600, duty_max = 24_264
[2026-09-15T14:00:48.497] Cog0  *      values duty_up = 18, duty_dn = 4, cfg_ctcks = 135_000
[2026-09-15T14:00:48.497] Cog0  *VAL* legalVoltage = 6
[2026-09-15T14:00:48.498] Cog0  * ENTRY CFG selectedPower = 6
[2026-09-15T14:00:48.499] Cog0  * EXIT 2 CFG eUserSelectedVolts = 6 maxFwdIncreAtPwr = 147_000_000 minFwdIncreAtPwr = 544_628
[2026-09-15T14:00:48.501] Cog0  --- pinSum = 99, 64010 Rev B, highTimeUs = 73
[2026-09-15T14:00:48.501] Cog0  --- pinSum = 99, 64010 Rev B, highTimeUs = 73
[2026-09-15T14:00:48.502] Cog0  MOT: fwdDegrees = 43, offset_fwd = $1E93_E93E
[2026-09-15T14:00:48.502] Cog0       revDegrees = 317, offset_rev = $E16C_16C1
[2026-09-15T14:00:48.502] Cog0   - Calc FRAME: frame_cnt = 6_136
[2026-09-15T14:00:48.503] Cog0  * init values dead_gap = 70, pwm_limit = 3_033, adc_fram = 6_136, duty_min = 1_600, duty_max = 24_264
[2026-09-15T14:00:48.503] Cog0  *      values duty_up = 18, duty_dn = 4, cfg_ctcks = 135_000
[2026-09-15T14:00:48.503] Cog0  *VAL* legalVoltage = 6
[2026-09-15T14:00:48.503] Cog0  * ENTRY CFG selectedPower = 6
[2026-09-15T14:00:48.505] Cog0  * EXIT 2 CFG eUserSelectedVolts = 6 maxFwdIncreAtPwr = 147_000_000 minFwdIncreAtPwr = 544_628
[2026-09-15T14:00:48.507] Cog0  --- pinSum = 98, 64010 Rev B, highTimeUs = 72
[2026-09-15T14:00:48.507] Cog0  --- pinSum = 98, 64010 Rev B, highTimeUs = 72
[2026-09-15T14:00:48.508] Cog0  MOT: fwdDegrees = 43, offset_fwd = $1E93_E93E
[2026-09-15T14:00:48.508] Cog0       revDegrees = 317, offset_rev = $E16C_16C1
[2026-09-15T14:00:48.508] Cog0   - Calc FRAME: frame_cnt = 6_136
[2026-09-15T14:00:48.509] Cog0  * init values dead_gap = 70, pwm_limit = 3_033, adc_fram = 6_136, duty_min = 1_600, duty_max = 24_264
[2026-09-15T14:00:48.509] Cog0  *      values duty_up = 18, duty_dn = 4, cfg_ctcks = 135_000
[2026-09-15T14:00:48.509] Cog0  *VAL* legalVoltage = 6
[2026-09-15T14:00:48.509] Cog0  * ENTRY CFG selectedPower = 6
[2026-09-15T14:00:48.513] Cog0  * EXIT 2 CFG eUserSelectedVolts = 6 maxFwdIncreAtPwr = 147_000_000 minFwdIncreAtPwr = 544_628
[2026-09-15T14:00:48.513] Cog0  --- pinSum = 97, 64010 Rev B, highTimeUs = 71
[2026-09-15T14:00:48.513] Cog0  --- pinSum = 97, 64010 Rev B, highTimeUs = 71
[2026-09-15T14:00:48.513] Cog0  MOT: fwdDegrees = 43, offset_fwd = $1E93_E93E
[2026-09-15T14:00:48.514] Cog0       revDegrees = 317, offset_rev = $E16C_16C1
[2026-09-15T14:00:48.514] Cog0   - Calc FRAME: frame_cnt = 6_136
[2026-09-15T14:00:48.514] Cog0  * init values dead_gap = 70, pwm_limit = 3_033, adc_fram = 6_136, duty_min = 1_600, duty_max = 24_264
[2026-09-15T14:00:48.515] Cog0  *      values duty_up = 18, duty_dn = 4, cfg_ctcks = 135_000
[2026-09-15T14:00:48.515] Cog0  *VAL* legalVoltage = 6
[2026-09-15T14:00:48.515] Cog0  * ENTRY CFG selectedPower = 6
[2026-09-15T14:00:48.517] Cog0  * EXIT 2 CFG eUserSelectedVolts = 6 maxFwdIncreAtPwr = 147_000_000 minFwdIncreAtPwr = 544_628
[2026-09-15T14:00:48.519] Cog0  --- pinSum = 99, 64010 Rev B, highTimeUs = 73
[2026-09-15T14:00:48.519] Cog0  --- pinSum = 99, 64010 Rev B, highTimeUs = 73
[2026-09-15T14:00:48.520] Cog0  MOT: fwdDegrees = 43, offset_fwd = $1E93_E93E
[2026-09-15T14:00:48.520] Cog0       revDegrees = 317, offset_rev = $E16C_16C1
[2026-09-15T14:00:48.520] Cog0   - Calc FRAME: frame_cnt = 6_136
[2026-09-15T14:00:48.521] Cog0  * init values dead_gap = 70, pwm_limit = 3_033, adc_fram = 6_136, duty_min = 1_600, duty_max = 24_264
[2026-09-15T14:00:48.521] Cog0  *      values duty_up = 18, duty_dn = 4, cfg_ctcks = 135_000
[2026-09-15T14:00:48.521] Cog0  *VAL* legalVoltage = 6
[2026-09-15T14:00:48.521] Cog0  * ENTRY CFG selectedPower = 6
[2026-09-15T14:00:48.523] Cog0  * EXIT 2 CFG eUserSelectedVolts = 6 maxFwdIncreAtPwr = 147_000_000 minFwdIncreAtPwr = 544_628
[2026-09-15T14:00:48.525] Cog0  --- pinSum = 99, 64010 Rev B, highTimeUs = 73
[2026-09-15T14:00:48.525] Cog0  --- pinSum = 98, 64010 Rev B, highTimeUs = 72
[2026-09-15T14:00:48.525] Cog0  MOT: fwdDegrees = 43, offset_fwd = $1E93_E93E
[2026-09-15T14:00:48.526] Cog0       revDegrees = 317, offset_rev = $E16C_16C1
[2026-09-15T14:00:48.526] Cog0   - Calc FRAME: frame_cnt = 6_136
[2026-09-15T14:00:48.527] Cog0  * init values dead_gap = 70, pwm_limit = 3_033, adc_fram = 6_136, duty_min = 1_600, duty_max = 24_264
[2026-09-15T14:00:48.527] Cog0  *      values duty_up = 18, duty_dn = 4, cfg_ctcks = 135_000
[2026-09-15T14:00:48.527] Cog0  *VAL* legalVoltage = 6
[2026-09-15T14:00:48.527] Cog0  * ENTRY CFG selectedPower = 6
[2026-09-15T14:00:48.531] Cog0  * EXIT 2 CFG eUserSelectedVolts = 6 maxFwdIncreAtPwr = 147_000_000 minFwdIncreAtPwr = 544_628
[2026-09-15T14:00:48.531] Cog0  --- pinSum = 99, 64010 Rev B, highTimeUs = 73
[2026-09-15T14:00:48.531] Cog0  --- pinSum = 98, 64010 Rev B, highTimeUs = 72
[2026-09-15T14:00:48.531] Cog0  MOT: fwdDegrees = 43, offset_fwd = $1E93_E93E
[2026-09-15T14:00:48.532] Cog0       revDegrees = 317, offset_rev = $E16C_16C1
[2026-09-15T14:00:48.532] Cog0   - Calc FRAME: frame_cnt = 6_136
[2026-09-15T14:00:48.532] Cog0  * init values dead_gap = 70, pwm_limit = 3_033, adc_fram = 6_136, duty_min = 1_600, duty_max = 24_264
[2026-09-15T14:00:48.533] Cog0  *      values duty_up = 18, duty_dn = 4, cfg_ctcks = 135_000
[2026-09-15T14:00:48.533] Cog0  *VAL* legalVoltage = 6
[2026-09-15T14:00:48.533] Cog0  * ENTRY CFG selectedPower = 6
[2026-09-15T14:00:48.535] Cog0  * EXIT 2 CFG eUserSelectedVolts = 6 maxFwdIncreAtPwr = 147_000_000 minFwdIncreAtPwr = 544_628
[2026-09-15T14:00:48.537] Cog0  --- pinSum = 98, 64010 Rev B, highTimeUs = 72
[2026-09-15T14:00:48.537] Cog0  --- pinSum = 98, 64010 Rev B, highTimeUs = 72
[2026-09-15T14:00:48.537] Cog0  MOT: fwdDegrees = 43, offset_fwd = $1E93_E93E
[2026-09-15T14:00:48.538] Cog0       revDegrees = 317, offset_rev = $E16C_16C1
[2026-09-15T14:00:48.538] Cog0   - Calc FRAME: frame_cnt = 6_136
[2026-09-15T14:00:48.538] Cog0  * init values dead_gap = 70, pwm_limit = 3_033, adc_fram = 6_136, duty_min = 1_600, duty_max = 24_264
[2026-09-15T14:00:48.539] Cog0  *      values duty_up = 18, duty_dn = 4, cfg_ctcks = 135_000
[2026-09-15T14:00:48.539] Cog0  *VAL* legalVoltage = 6
[2026-09-15T14:00:48.539] Cog0  * ENTRY CFG selectedPower = 6
[2026-09-15T14:00:48.541] Cog0  * EXIT 2 CFG eUserSelectedVolts = 6 maxFwdIncreAtPwr = 147_000_000 minFwdIncreAtPwr = 544_628
[2026-09-15T14:00:48.543] Cog0  --- pinSum = 99, 64010 Rev B, highTimeUs = 73
[2026-09-15T14:00:48.543] Cog0  --- pinSum = 98, 64010 Rev B, highTimeUs = 72
[2026-09-15T14:00:48.543] Cog0  MOT: fwdDegrees = 43, offset_fwd = $1E93_E93E
[2026-09-15T14:00:48.543] Cog0       revDegrees = 317, offset_rev = $E16C_16C1
[2026-09-15T14:00:48.544] Cog0   - Calc FRAME: frame_cnt = 6_136
[2026-09-15T14:00:48.544] Cog0  * init values dead_gap = 70, pwm_limit = 3_033, adc_fram = 6_136, duty_min = 1_600, duty_max = 24_264
[2026-09-15T14:00:48.545] Cog0  *      values duty_up = 18, duty_dn = 4, cfg_ctcks = 135_000
[2026-09-15T14:00:48.545] Cog0  *VAL* legalVoltage = 6
[2026-09-15T14:00:48.545] Cog0  * ENTRY CFG selectedPower = 6
[2026-09-15T14:00:48.547] Cog0  * EXIT 2 CFG eUserSelectedVolts = 6 maxFwdIncreAtPwr = 147_000_000 minFwdIncreAtPwr = 544_628
[2026-09-15T14:00:48.549] Cog0  --- pinSum = 99, 64010 Rev B, highTimeUs = 73
[2026-09-15T14:00:48.549] Cog0  --- pinSum = 99, 64010 Rev B, highTimeUs = 73
[2026-09-15T14:00:48.549] Cog0  MOT: fwdDegrees = 43, offset_fwd = $1E93_E93E
[2026-09-15T14:00:48.549] Cog0       revDegrees = 317, offset_rev = $E16C_16C1
[2026-09-15T14:00:48.550] Cog0   - Calc FRAME: frame_cnt = 6_136
[2026-09-15T14:00:48.550] Cog0  * init values dead_gap = 70, pwm_limit = 3_033, adc_fram = 6_136, duty_min = 1_600, duty_max = 24_264
[2026-09-15T14:00:48.550] Cog0  *      values duty_up = 18, duty_dn = 4, cfg_ctcks = 135_000
[2026-09-15T14:00:48.551] Cog0  *VAL* legalVoltage = 6
[2026-09-15T14:00:48.551] Cog0  * ENTRY CFG selectedPower = 6
[2026-09-15T14:00:48.553] Cog0  * EXIT 2 CFG eUserSelectedVolts = 6 maxFwdIncreAtPwr = 147_000_000 minFwdIncreAtPwr = 544_628
[2026-09-15T14:00:48.555] Cog0  --- pinSum = 101, 64010 Rev B, highTimeUs = 74
[2026-09-15T14:00:48.555] Cog0  --- pinSum = 98, 64010 Rev B, highTimeUs = 72
[2026-09-15T14:00:48.555] Cog0  MOT: fwdDegrees = 43, offset_fwd = $1E93_E93E
[2026-09-15T14:00:48.556] Cog0       revDegrees = 317, offset_rev = $E16C_16C1
[2026-09-15T14:00:48.556] Cog0   - Calc FRAME: frame_cnt = 6_136
[2026-09-15T14:00:48.556] Cog0  * init values dead_gap = 70, pwm_limit = 3_033, adc_fram = 6_136, duty_min = 1_600, duty_max = 24_264
[2026-09-15T14:00:48.557] Cog0  *      values duty_up = 18, duty_dn = 4, cfg_ctcks = 135_000
[2026-09-15T14:00:48.557] Cog0  *VAL* legalVoltage = 6
[2026-09-15T14:00:48.557] Cog0  * ENTRY CFG selectedPower = 6
[2026-09-15T14:00:48.559] Cog0  * EXIT 2 CFG eUserSelectedVolts = 6 maxFwdIncreAtPwr = 147_000_000 minFwdIncreAtPwr = 544_628
[2026-09-15T14:00:48.561] Cog0  --- pinSum = 98, 64010 Rev B, highTimeUs = 72
[2026-09-15T14:00:48.561] Cog0  --- pinSum = 98, 64010 Rev B, highTimeUs = 72
[2026-09-15T14:00:48.561] Cog0  MOT: fwdDegrees = 43, offset_fwd = $1E93_E93E
[2026-09-15T14:00:48.561] Cog0       revDegrees = 317, offset_rev = $E16C_16C1
[2026-09-15T14:00:48.562] Cog0   - Calc FRAME: frame_cnt = 6_136
[2026-09-15T14:00:48.562] Cog0  * init values dead_gap = 70, pwm_limit = 3_033, adc_fram = 6_136, duty_min = 1_600, duty_max = 24_264
[2026-09-15T14:00:48.563] Cog0  *      values duty_up = 18, duty_dn = 4, cfg_ctcks = 135_000
[2026-09-15T14:00:48.563] Cog0  *VAL* legalVoltage = 6
[2026-09-15T14:00:48.563] Cog0  * ENTRY CFG selectedPower = 6
[2026-09-15T14:00:48.565] Cog0  * EXIT 2 CFG eUserSelectedVolts = 6 maxFwdIncreAtPwr = 147_000_000 minFwdIncreAtPwr = 544_628
[2026-09-15T14:00:48.566] Cog0  --- pinSum = 99, 64010 Rev B, highTimeUs = 73
[2026-09-15T14:00:48.567] Cog0  --- pinSum = 99, 64010 Rev B, highTimeUs = 73
[2026-09-15T14:00:48.567] Cog0  MOT: fwdDegrees = 43, offset_fwd = $1E93_E93E
[2026-09-15T14:00:48.567] Cog0       revDegrees = 317, offset_rev = $E16C_16C1
[2026-09-15T14:00:48.567] Cog0   - Calc FRAME: frame_cnt = 6_136
[2026-09-15T14:00:48.568] Cog0  * init values dead_gap = 70, pwm_limit = 3_033, adc_fram = 6_136, duty_min = 1_600, duty_max = 24_264
[2026-09-15T14:00:48.568] Cog0  *      values duty_up = 18, duty_dn = 4, cfg_ctcks = 135_000
[2026-09-15T14:00:48.569] Cog0  *VAL* legalVoltage = 6
[2026-09-15T14:00:48.569] Cog0  * ENTRY CFG selectedPower = 6
[2026-09-15T14:00:48.571] Cog0  * EXIT 2 CFG eUserSelectedVolts = 6 maxFwdIncreAtPwr = 147_000_000 minFwdIncreAtPwr = 544_628
[2026-09-15T14:00:48.572] Cog0  --- pinSum = 99, 64010 Rev B, highTimeUs = 73
[2026-09-15T14:00:48.573] Cog0  --- pinSum = 99, 64010 Rev B, highTimeUs = 73
[2026-09-15T14:00:48.573] Cog0  MOT: fwdDegrees = 43, offset_fwd = $1E93_E93E
[2026-09-15T14:00:48.573] Cog0       revDegrees = 317, offset_rev = $E16C_16C1
[2026-09-15T14:00:48.574] Cog0   - Calc FRAME: frame_cnt = 6_136
[2026-09-15T14:00:48.574] Cog0  * init values dead_gap = 70, pwm_limit = 3_033, adc_fram = 6_136, duty_min = 1_600, duty_max = 24_264
[2026-09-15T14:00:48.574] Cog0  *      values duty_up = 18, duty_dn = 4, cfg_ctcks = 135_000
[2026-09-15T14:00:48.574] Cog0  *VAL* legalVoltage = 6
[2026-09-15T14:00:48.575] Cog0  * ENTRY CFG selectedPower = 6
[2026-09-15T14:00:48.577] Cog0  * EXIT 2 CFG eUserSelectedVolts = 6 maxFwdIncreAtPwr = 147_000_000 minFwdIncreAtPwr = 544_628
[2026-09-15T14:00:48.579] Cog0  --- pinSum = 101, 64010 Rev B, highTimeUs = 74
[2026-09-15T14:00:48.579] Cog0  --- pinSum = 101, 64010 Rev B, highTimeUs = 74
[2026-09-15T14:00:48.579] Cog0  MOT: fwdDegrees = 43, offset_fwd = $1E93_E93E
[2026-09-15T14:00:48.579] Cog0       revDegrees = 317, offset_rev = $E16C_16C1
[2026-09-15T14:00:48.580] Cog0   - Calc FRAME: frame_cnt = 6_136
[2026-09-15T14:00:48.580] Cog0  * init values dead_gap = 70, pwm_limit = 3_033, adc_fram = 6_136, duty_min = 1_600, duty_max = 24_264
[2026-09-15T14:00:48.581] Cog0  *      values duty_up = 18, duty_dn = 4, cfg_ctcks = 135_000
[2026-09-15T14:00:48.581] Cog0  *VAL* legalVoltage = 6
[2026-09-15T14:00:48.581] Cog0  * ENTRY CFG selectedPower = 6
[2026-09-15T14:00:48.583] Cog0  * EXIT 2 CFG eUserSelectedVolts = 6 maxFwdIncreAtPwr = 147_000_000 minFwdIncreAtPwr = 544_628
[2026-09-15T14:00:48.584] Cog0  --- pinSum = 98, 64010 Rev B, highTimeUs = 72
[2026-09-15T14:00:48.585] Cog0  --- pinSum = 98, 64010 Rev B, highTimeUs = 72
[2026-09-15T14:00:48.585] Cog0  MOT: fwdDegrees = 43, offset_fwd = $1E93_E93E
[2026-09-15T14:00:48.585] Cog0       revDegrees = 317, offset_rev = $E16C_16C1
[2026-09-15T14:00:48.585] Cog0   - Calc FRAME: frame_cnt = 6_136
[2026-09-15T14:00:48.586] Cog0  * init values dead_gap = 70, pwm_limit = 3_033, adc_fram = 6_136, duty_min = 1_600, duty_max = 24_264
[2026-09-15T14:00:48.586] Cog0  *      values duty_up = 18, duty_dn = 4, cfg_ctcks = 135_000
[2026-09-15T14:00:48.587] Cog0  *VAL* legalVoltage = 6
[2026-09-15T14:00:48.587] Cog0  * ENTRY CFG selectedPower = 6
[2026-09-15T14:00:48.589] Cog0  * EXIT 2 CFG eUserSelectedVolts = 6 maxFwdIncreAtPwr = 147_000_000 minFwdIncreAtPwr = 544_628
[2026-09-15T14:00:48.590] Cog0  --- pinSum = 99, 64010 Rev B, highTimeUs = 73
[2026-09-15T14:00:48.591] Cog0  --- pinSum = 99, 64010 Rev B, highTimeUs = 73
[2026-09-15T14:00:48.591] Cog0  MOT: fwdDegrees = 43, offset_fwd = $1E93_E93E
[2026-09-15T14:00:48.591] Cog0       revDegrees = 317, offset_rev = $E16C_16C1
[2026-09-15T14:00:48.591] Cog0   - Calc FRAME: frame_cnt = 6_136
[2026-09-15T14:00:48.592] Cog0  * init values dead_gap = 70, pwm_limit = 3_033, adc_fram = 6_136, duty_min = 1_600, duty_max = 24_264
[2026-09-15T14:00:48.592] Cog0  *      values duty_up = 18, duty_dn = 4, cfg_ctcks = 135_000
[2026-09-15T14:00:48.592] Cog0  *VAL* legalVoltage = 6
[2026-09-15T14:00:48.593] Cog0  * ENTRY CFG selectedPower = 6
[2026-09-15T14:00:48.595] Cog0  * EXIT 2 CFG eUserSelectedVolts = 6 maxFwdIncreAtPwr = 147_000_000 minFwdIncreAtPwr = 544_628
[2026-09-15T14:00:48.596] Cog0  --- pinSum = 99, 64010 Rev B, highTimeUs = 73
[2026-09-15T14:00:48.596] Cog0  --- pinSum = 99, 64010 Rev B, highTimeUs = 73
[2026-09-15T14:00:48.597] Cog0  MOT: fwdDegrees = 43, offset_fwd = $1E93_E93E
[2026-09-15T14:00:48.597] Cog0       revDegrees = 317, offset_rev = $E16C_16C1
[2026-09-15T14:00:48.597] Cog0   - Calc FRAME: frame_cnt = 6_136
[2026-09-15T14:00:48.598] Cog0  * init values dead_gap = 70, pwm_limit = 3_033, adc_fram = 6_136, duty_min = 1_600, duty_max = 24_264
[2026-09-15T14:00:48.598] Cog0  *      values duty_up = 18, duty_dn = 4, cfg_ctcks = 135_000
[2026-09-15T14:00:48.599] Cog0  *VAL* legalVoltage = 6
[2026-09-15T14:00:48.599] Cog0  * ENTRY CFG selectedPower = 6
[2026-09-15T14:00:48.600] Cog0  * EXIT 2 CFG eUserSelectedVolts = 6 maxFwdIncreAtPwr = 147_000_000 minFwdIncreAtPwr = 544_628
[2026-09-15T14:00:48.602] Cog0  --- pinSum = 98, 64010 Rev B, highTimeUs = 72
[2026-09-15T14:00:48.602] Cog0  --- pinSum = 98, 64010 Rev B, highTimeUs = 72
[2026-09-15T14:00:48.603] Cog0  MOT: fwdDegrees = 43, offset_fwd = $1E93_E93E
[2026-09-15T14:00:48.603] Cog0       revDegrees = 317, offset_rev = $E16C_16C1
[2026-09-15T14:00:48.603] Cog0   - Calc FRAME: frame_cnt = 6_136
[2026-09-15T14:00:48.604] Cog0  * init values dead_gap = 70, pwm_limit = 3_033, adc_fram = 6_136, duty_min = 1_600, duty_max = 24_264
[2026-09-15T14:00:48.604] Cog0  *      values duty_up = 18, duty_dn = 4, cfg_ctcks = 135_000
[2026-09-15T14:00:48.604] Cog0  *VAL* legalVoltage = 6
[2026-09-15T14:00:48.605] Cog0  * ENTRY CFG selectedPower = 6
[2026-09-15T14:00:48.607] Cog0  * EXIT 2 CFG eUserSelectedVolts = 6 maxFwdIncreAtPwr = 147_000_000 minFwdIncreAtPwr = 544_628
[2026-09-15T14:00:48.608] Cog0  --- pinSum = 98, 64010 Rev B, highTimeUs = 72
[2026-09-15T14:00:48.609] Cog0  --- pinSum = 98, 64010 Rev B, highTimeUs = 72
[2026-09-15T14:00:48.609] Cog0  MOT: fwdDegrees = 43, offset_fwd = $1E93_E93E
[2026-09-15T14:00:48.609] Cog0       revDegrees = 317, offset_rev = $E16C_16C1
[2026-09-15T14:00:48.609] Cog0   - Calc FRAME: frame_cnt = 6_136
[2026-09-15T14:00:48.610] Cog0  * init values dead_gap = 70, pwm_limit = 3_033, adc_fram = 6_136, duty_min = 1_600, duty_max = 24_264
[2026-09-15T14:00:48.610] Cog0  *      values duty_up = 18, duty_dn = 4, cfg_ctcks = 135_000
[2026-09-15T14:00:48.610] Cog0  *VAL* legalVoltage = 6
[2026-09-15T14:00:48.610] Cog0  * ENTRY CFG selectedPower = 6
[2026-09-15T14:00:48.614] Cog0  * EXIT 2 CFG eUserSelectedVolts = 6 maxFwdIncreAtPwr = 147_000_000 minFwdIncreAtPwr = 544_628
[2026-09-15T14:00:48.614] Cog0  --- pinSum = 99, 64010 Rev B, highTimeUs = 73
[2026-09-15T14:00:48.614] Cog0  --- pinSum = 98, 64010 Rev B, highTimeUs = 72
[2026-09-15T14:00:48.615] Cog0  MOT: fwdDegrees = 43, offset_fwd = $1E93_E93E
[2026-09-15T14:00:48.615] Cog0       revDegrees = 317, offset_rev = $E16C_16C1
[2026-09-15T14:00:48.615] Cog0   - Calc FRAME: frame_cnt = 6_136
[2026-09-15T14:00:48.615] Cog0  * init values dead_gap = 70, pwm_limit = 3_033, adc_fram = 6_136, duty_min = 1_600, duty_max = 24_264
[2026-09-15T14:00:48.616] Cog0  *      values duty_up = 18, duty_dn = 4, cfg_ctcks = 135_000
[2026-09-15T14:00:48.616] Cog0  *VAL* legalVoltage = 6
[2026-09-15T14:00:48.617] Cog0  * ENTRY CFG selectedPower = 6
[2026-09-15T14:00:48.618] Cog0  * EXIT 2 CFG eUserSelectedVolts = 6 maxFwdIncreAtPwr = 147_000_000 minFwdIncreAtPwr = 544_628
[2026-09-15T14:00:48.619] Cog0  --- pinSum = 99, 64010 Rev B, highTimeUs = 73
[2026-09-15T14:00:48.619] Cog0  T0-14a,base,32,not_revb_count,0
[2026-09-15T14:00:48.621] Cog0  SIGNOFF,sf,1,bin,T0,cell,R2-T0-REPEAT,task,3500,motor,LEFT,crit,READS_NOT_REVB,measured,0,lo,0,hi,0,units,COUNT,n,32,verdict,PASS
[2026-09-15T14:00:48.621] Cog0  T0-14,begin,dirty
[2026-09-15T14:00:48.621] Cog0  --- pinSum = 94, 64010 Rev B, highTimeUs = 72
[2026-09-15T14:00:48.622] Cog0  MOT: fwdDegrees = 43, offset_fwd = $1E93_E93E
[2026-09-15T14:00:48.622] Cog0       revDegrees = 317, offset_rev = $E16C_16C1
[2026-09-15T14:00:48.622] Cog0   - Calc FRAME: frame_cnt = 6_136
[2026-09-15T14:00:48.623] Cog0  * init values dead_gap = 70, pwm_limit = 3_033, adc_fram = 6_136, duty_min = 1_600, duty_max = 24_264
[2026-09-15T14:00:48.623] Cog0  *      values duty_up = 18, duty_dn = 4, cfg_ctcks = 135_000
[2026-09-15T14:00:48.623] Cog0  *VAL* legalVoltage = 6
[2026-09-15T14:00:48.624] Cog0  * ENTRY CFG selectedPower = 6
[2026-09-15T14:00:48.625] Cog0  * EXIT 2 CFG eUserSelectedVolts = 6 maxFwdIncreAtPwr = 147_000_000 minFwdIncreAtPwr = 544_628
[2026-09-15T14:00:48.626] Cog0  --- pinSum = 93, 64010 Rev B, highTimeUs = 71
[2026-09-15T14:00:48.628] Cog0  T0-14b,base,16,dirty_read,22
[2026-09-15T14:00:48.628] Cog0  --- pinSum = 101, 64010 Rev B, highTimeUs = 74
[2026-09-15T14:00:48.628] Cog0  MOT: fwdDegrees = 43, offset_fwd = $1E93_E93E
[2026-09-15T14:00:48.628] Cog0       revDegrees = 317, offset_rev = $E16C_16C1
[2026-09-15T14:00:48.628] Cog0   - Calc FRAME: frame_cnt = 6_136
[2026-09-15T14:00:48.629] Cog0  * init values dead_gap = 70, pwm_limit = 3_033, adc_fram = 6_136, duty_min = 1_600, duty_max = 24_264
[2026-09-15T14:00:48.629] Cog0  *      values duty_up = 18, duty_dn = 4, cfg_ctcks = 135_000
[2026-09-15T14:00:48.629] Cog0  *VAL* legalVoltage = 6
[2026-09-15T14:00:48.630] Cog0  * ENTRY CFG selectedPower = 6
[2026-09-15T14:00:48.630] Cog0  * EXIT 2 CFG eUserSelectedVolts = 6 maxFwdIncreAtPwr = 147_000_000 minFwdIncreAtPwr = 544_628
[2026-09-15T14:00:48.630] Cog0  -MOT- inincr = 0 nTgtIncr = $0000_0000 0 sync = 0
[2026-09-15T14:00:48.642] Cog0  * Motor COG #1
[2026-09-15T14:00:48.642] Cog1  INIT $0000_262A $0000_483F load
[2026-09-15T14:00:48.642] Cog0  --- pinSum = 98, 64010 Rev B, highTimeUs = 72
[2026-09-15T14:00:48.642] Cog0  MOT: fwdDegrees = 43, offset_fwd = $1E93_E93E
[2026-09-15T14:00:48.643] Cog0       revDegrees = 317, offset_rev = $E16C_16C1
[2026-09-15T14:00:48.643] Cog0   - Calc FRAME: frame_cnt = 6_136
[2026-09-15T14:00:48.644] Cog0  * init values dead_gap = 70, pwm_limit = 3_033, adc_fram = 6_136, duty_min = 1_600, duty_max = 24_264
[2026-09-15T14:00:48.644] Cog0  *      values duty_up = 18, duty_dn = 4, cfg_ctcks = 135_000
[2026-09-15T14:00:48.644] Cog0  *VAL* legalVoltage = 6
[2026-09-15T14:00:48.644] Cog0  * ENTRY CFG selectedPower = 6
[2026-09-15T14:00:48.645] Cog0  * EXIT 2 CFG eUserSelectedVolts = 6 maxFwdIncreAtPwr = 147_000_000 minFwdIncreAtPwr = 544_628
[2026-09-15T14:00:48.645] Cog0  -MOT- inincr = 0 nTgtIncr = $0000_0000 0 sync = 0
[2026-09-15T14:00:48.645] Cog0  * Motor COG #1
[2026-09-15T14:00:48.657] Cog1  INIT $0000_262A $0000_4B67 load
[2026-09-15T14:00:48.657] Cog0  --- pinSum = 95, 64010 Rev B, highTimeUs = 73
[2026-09-15T14:00:48.657] Cog0  MOT: fwdDegrees = 43, offset_fwd = $1E93_E93E
[2026-09-15T14:00:48.658] Cog0       revDegrees = 317, offset_rev = $E16C_16C1
[2026-09-15T14:00:48.658] Cog0   - Calc FRAME: frame_cnt = 6_136
[2026-09-15T14:00:48.658] Cog0  * init values dead_gap = 70, pwm_limit = 3_033, adc_fram = 6_136, duty_min = 1_600, duty_max = 24_264
[2026-09-15T14:00:48.659] Cog0  *      values duty_up = 18, duty_dn = 4, cfg_ctcks = 135_000
[2026-09-15T14:00:48.659] Cog0  *VAL* legalVoltage = 6
[2026-09-15T14:00:48.659] Cog0  * ENTRY CFG selectedPower = 6
[2026-09-15T14:00:48.661] Cog0  * EXIT 2 CFG eUserSelectedVolts = 6 maxFwdIncreAtPwr = 147_000_000 minFwdIncreAtPwr = 544_628
[2026-09-15T14:00:48.661] Cog0  --- pinSum = 94, 64010 Rev B, highTimeUs = 72
[2026-09-15T14:00:48.662] Cog0  T0-14b,base,16,poststart_read,22
[2026-09-15T14:00:48.664] Cog0  SIGNOFF,sf,1,bin,T0,cell,R2-T0-DIRTY,task,3500,motor,RIGHT,crit,POSTSTOP_REVB,measured,TRUE,lo,TRUE,hi,TRUE,units,BOOL,n,1,verdict,PASS
[2026-09-15T14:00:48.664] Cog0  --- pinSum = 95, 64010 Rev B, highTimeUs = 73
[2026-09-15T14:00:48.664] Cog0  MOT: fwdDegrees = 43, offset_fwd = $1E93_E93E
[2026-09-15T14:00:48.664] Cog0       revDegrees = 317, offset_rev = $E16C_16C1
[2026-09-15T14:00:48.665] Cog0   - Calc FRAME: frame_cnt = 6_136
[2026-09-15T14:00:48.665] Cog0  * init values dead_gap = 70, pwm_limit = 3_033, adc_fram = 6_136, duty_min = 1_600, duty_max = 24_264
[2026-09-15T14:00:48.666] Cog0  *      values duty_up = 18, duty_dn = 4, cfg_ctcks = 135_000
[2026-09-15T14:00:48.666] Cog0  *VAL* legalVoltage = 6
[2026-09-15T14:00:48.666] Cog0  * ENTRY CFG selectedPower = 6
[2026-09-15T14:00:48.668] Cog0  * EXIT 2 CFG eUserSelectedVolts = 6 maxFwdIncreAtPwr = 147_000_000 minFwdIncreAtPwr = 544_628
[2026-09-15T14:00:48.668] Cog0  --- pinSum = 95, 64010 Rev B, highTimeUs = 73
[2026-09-15T14:00:48.670] Cog0  T0-14b,base,32,dirty_read,22
[2026-09-15T14:00:48.670] Cog0  --- pinSum = 99, 64010 Rev B, highTimeUs = 73
[2026-09-15T14:00:48.670] Cog0  MOT: fwdDegrees = 43, offset_fwd = $1E93_E93E
[2026-09-15T14:00:48.671] Cog0       revDegrees = 317, offset_rev = $E16C_16C1
[2026-09-15T14:00:48.671] Cog0   - Calc FRAME: frame_cnt = 6_136
[2026-09-15T14:00:48.672] Cog0  * init values dead_gap = 70, pwm_limit = 3_033, adc_fram = 6_136, duty_min = 1_600, duty_max = 24_264
[2026-09-15T14:00:48.672] Cog0  *      values duty_up = 18, duty_dn = 4, cfg_ctcks = 135_000
[2026-09-15T14:00:48.672] Cog0  *VAL* legalVoltage = 6
[2026-09-15T14:00:48.672] Cog0  * ENTRY CFG selectedPower = 6
[2026-09-15T14:00:48.673] Cog0  * EXIT 2 CFG eUserSelectedVolts = 6 maxFwdIncreAtPwr = 147_000_000 minFwdIncreAtPwr = 544_628
[2026-09-15T14:00:48.673] Cog0  -MOT- inincr = 0 nTgtIncr = $0000_0000 0 sync = 0
[2026-09-15T14:00:48.673] Cog0  * Motor COG #1
[2026-09-15T14:00:48.673] Cog1  INIT $0000_262A $0000_483F load
[2026-09-15T14:00:48.685] Cog0  --- pinSum = 99, 64010 Rev B, highTimeUs = 73
[2026-09-15T14:00:48.685] Cog0  MOT: fwdDegrees = 43, offset_fwd = $1E93_E93E
[2026-09-15T14:00:48.685] Cog0       revDegrees = 317, offset_rev = $E16C_16C1
[2026-09-15T14:00:48.686] Cog0   - Calc FRAME: frame_cnt = 6_136
[2026-09-15T14:00:48.686] Cog0  * init values dead_gap = 70, pwm_limit = 3_033, adc_fram = 6_136, duty_min = 1_600, duty_max = 24_264
[2026-09-15T14:00:48.687] Cog0  *      values duty_up = 18, duty_dn = 4, cfg_ctcks = 135_000
[2026-09-15T14:00:48.687] Cog0  *VAL* legalVoltage = 6
[2026-09-15T14:00:48.687] Cog0  * ENTRY CFG selectedPower = 6
[2026-09-15T14:00:48.687] Cog0  * EXIT 2 CFG eUserSelectedVolts = 6 maxFwdIncreAtPwr = 147_000_000 minFwdIncreAtPwr = 544_628
[2026-09-15T14:00:48.688] Cog0  -MOT- inincr = 0 nTgtIncr = $0000_0000 0 sync = 0
[2026-09-15T14:00:48.699] Cog0  * Motor COG #1
[2026-09-15T14:00:48.700] Cog1  INIT $0000_262A $0000_4B67 load
[2026-09-15T14:00:48.700] Cog0  --- pinSum = 95, 64010 Rev B, highTimeUs = 73
[2026-09-15T14:00:48.700] Cog0  MOT: fwdDegrees = 43, offset_fwd = $1E93_E93E
[2026-09-15T14:00:48.700] Cog0       revDegrees = 317, offset_rev = $E16C_16C1
[2026-09-15T14:00:48.700] Cog0   - Calc FRAME: frame_cnt = 6_136
[2026-09-15T14:00:48.701] Cog0  * init values dead_gap = 70, pwm_limit = 3_033, adc_fram = 6_136, duty_min = 1_600, duty_max = 24_264
[2026-09-15T14:00:48.701] Cog0  *      values duty_up = 18, duty_dn = 4, cfg_ctcks = 135_000
[2026-09-15T14:00:48.701] Cog0  *VAL* legalVoltage = 6
[2026-09-15T14:00:48.702] Cog0  * ENTRY CFG selectedPower = 6
[2026-09-15T14:00:48.704] Cog0  * EXIT 2 CFG eUserSelectedVolts = 6 maxFwdIncreAtPwr = 147_000_000 minFwdIncreAtPwr = 544_628
[2026-09-15T14:00:48.704] Cog0  --- pinSum = 95, 64010 Rev B, highTimeUs = 73
[2026-09-15T14:00:48.704] Cog0  T0-14b,base,32,poststart_read,22
[2026-09-15T14:00:48.706] Cog0  SIGNOFF,sf,1,bin,T0,cell,R2-T0-DIRTY,task,3500,motor,LEFT,crit,POSTSTOP_REVB,measured,TRUE,lo,TRUE,hi,TRUE,units,BOOL,n,1,verdict,PASS
[2026-09-15T14:00:48.706] Cog0  T0-14,begin,empty
[2026-09-15T14:00:48.707] Cog0  --- pinSum = 500, Board not detected!, highTimeUs = 370
[2026-09-15T14:00:48.707] Cog0  MOT: fwdDegrees = 43, offset_fwd = $1E93_E93E
[2026-09-15T14:00:48.707] Cog0       revDegrees = 317, offset_rev = $E16C_16C1
[2026-09-15T14:00:48.708] Cog0   - Calc FRAME: frame_cnt = 6_136
[2026-09-15T14:00:48.708] Cog0  * init values dead_gap = 70, pwm_limit = 3_033, adc_fram = 6_136, duty_min = 1_600, duty_max = 24_264
[2026-09-15T14:00:48.708] Cog0  *      values duty_up = 18, duty_dn = 4, cfg_ctcks = 135_000
[2026-09-15T14:00:48.709] Cog0  *VAL* legalVoltage = 6
[2026-09-15T14:00:48.709] Cog0  * ENTRY CFG selectedPower = 6
[2026-09-15T14:00:48.711] Cog0  * EXIT 2 CFG eUserSelectedVolts = 6 maxFwdIncreAtPwr = 147_000_000 minFwdIncreAtPwr = 544_628
[2026-09-15T14:00:48.711] Cog0  --- pinSum = 500, Board not detected!, highTimeUs = 370
[2026-09-15T14:00:48.711] Cog0  T0-14c,base,P0_P15,read,20
[2026-09-15T14:00:48.713] Cog0  SIGNOFF,sf,1,bin,T0,cell,R2-T0-EMPTY,task,3500,motor,NONE,crit,EMPTY_NODET,measured,TRUE,lo,TRUE,hi,TRUE,units,BOOL,n,1,verdict,PASS
[2026-09-15T14:00:48.714] Cog0  T0-15,begin,start
[2026-09-15T14:00:48.714] Cog0  --- pinSum = 98, 64010 Rev B, highTimeUs = 72
[2026-09-15T14:00:48.714] Cog0  MOT: fwdDegrees = 43, offset_fwd = $1E93_E93E
[2026-09-15T14:00:48.714] Cog0       revDegrees = 317, offset_rev = $E16C_16C1
[2026-09-15T14:00:48.715] Cog0   - Calc FRAME: frame_cnt = 6_136
[2026-09-15T14:00:48.715] Cog0  * init values dead_gap = 70, pwm_limit = 3_033, adc_fram = 6_136, duty_min = 1_600, duty_max = 24_264
[2026-09-15T14:00:48.715] Cog0  *      values duty_up = 18, duty_dn = 4, cfg_ctcks = 135_000
[2026-09-15T14:00:48.716] Cog0  *VAL* legalVoltage = 6
[2026-09-15T14:00:48.716] Cog0  * ENTRY CFG selectedPower = 6
[2026-09-15T14:00:48.716] Cog0  * EXIT 2 CFG eUserSelectedVolts = 6 maxFwdIncreAtPwr = 147_000_000 minFwdIncreAtPwr = 544_628
[2026-09-15T14:00:48.717] Cog0  -MOT- inincr = 0 nTgtIncr = $0000_0000 0 sync = 0
[2026-09-15T14:00:48.717] Cog0  * Motor COG #1
[2026-09-15T14:00:48.717] Cog1  INIT $0000_262A $0000_483F load
[2026-09-15T14:00:48.717] Cog0  T0-15a,start_return,1,raw_motor_cog,2
[2026-09-15T14:00:48.718] Cog0  SIGNOFF,sf,1,bin,T0,cell,R1-T0-START,task,3499,motor,NONE,crit,RET_EQ_COG_M1,measured,TRUE,lo,TRUE,hi,TRUE,units,BOOL,n,1,verdict,PASS
[2026-09-15T14:00:48.718] Cog0  T0-15,begin,restart
[2026-09-15T14:00:48.720] Cog1Cog0  --- pinSum = 98, 64010 Rev B, highTimeUs = 72
[2026-09-15T14:00:48.720] Cog0  MOT: fwdDegrees = 43, offset_fwd = $1E93_E93E
[2026-09-15T14:00:48.721] Cog0       revDegrees = 317, offset_rev = $E16C_16C1
[2026-09-15T14:00:48.721] Cog0   - Calc FRAME: frame_cnt = 6_136
[2026-09-15T14:00:48.721] Cog0  * init values dead_gap = 70, pwm_limit = 3_033, adc_fram = 6_136, duty_min = 1_600, duty_max = 24_264
[2026-09-15T14:00:48.722] Cog0  *      values duty_up = 18, duty_dn = 4, cfg_ctcks = 135_000
[2026-09-15T14:00:48.722] Cog0  *VAL* legalVoltage = 6
[2026-09-15T14:00:48.722] Cog0  * ENTRY CFG selectedPower = 6
[2026-09-15T14:00:48.722] Cog0  * EXIT 2 CFG eUserSelectedVolts = 6 maxFwdIncreAtPwr = 147_000_000 minFwdIncreAtPwr = 544_628
[2026-09-15T14:00:48.723] Cog0  -MOT- inincr = 0 nTgtIncr = $0000_0000 0 sync = 0
[2026-09-15T14:00:48.724] Cog0  * Motor COG #1
[2026-09-15T14:00:48.725] [ROUTING ERROR: Binary data in COG message]
[2026-09-15T14:00:48.725] [BINARY DATA: 61 bytes - displaying as hex]
[2026-09-15T14:00:48.725]   0000: 43 6F 67 31 20 20 49 FE 43 6F 67 30 20 20 2D 2D  |Cog1  I.Cog0  --|
[2026-09-15T14:00:48.725]   0010: 2D 20 70 69 6E 53 75 6D 20 3D 20 39 38 2C 20 36  |- pinSum = 98, 6|
[2026-09-15T14:00:48.725]   0020: 34 30 31 30 20 52 65 76 20 42 2C 20 68 69 67 68  |4010 Rev B, high|
[2026-09-15T14:00:48.725]   0030: 54 69 6D 65 55 73 20 3D 20 37 32 0D 0A           |TimeUs = 72..   |Cog0  MOT: fwdDegrees = 43, offset_fwd = $1E93_E93E
[2026-09-15T14:00:48.725] Cog0       revDegrees = 317, offset_rev = $E16C_16C1
[2026-09-15T14:00:48.725] Cog0   - Calc FRAME: frame_cnt = 6_136
[2026-09-15T14:00:48.726] Cog0  * init values dead_gap = 70, pwm_limit = 3_033, adc_fram = 6_136, duty_min = 1_600, duty_max = 24_264
[2026-09-15T14:00:48.726] Cog0  *      values duty_up = 18, duty_dn = 4, cfg_ctcks = 135_000
[2026-09-15T14:00:48.726] Cog0  *VAL* legalVoltage = 6
[2026-09-15T14:00:48.727] Cog0  * ENTRY CFG selectedPower = 6
[2026-09-15T14:00:48.727] Cog0  * EXIT 2 CFG eUserSelectedVolts = 6 maxFwdIncreAtPwr = 147_000_000 minFwdIncreAtPwr = 544_628
[2026-09-15T14:00:48.727] Cog0  -MOT- inincr = 0 nTgtIncr = $0000_0000 0 sync = 0
[2026-09-15T14:00:48.728] Cog0  * Motor COG #1
[2026-09-15T14:00:48.728] [ROUTING ERROR: Binary data in COG message]
[2026-09-15T14:00:48.728] [BINARY DATA: 95 bytes - displaying as hex]
[2026-09-15T14:00:48.728]   0000: 43 6F 67 31 20 20 FF 43 6F 67 31 43 6F 67 30 20  |Cog1  .Cog1Cog0 |
[2026-09-15T14:00:48.728]   0010: 20 54 30 2D 31 35 63 2C 62 61 73 65 6C 69 6E 65  | T0-15c,baseline|
[2026-09-15T14:00:48.728]   0020: 2C 37 2C 66 72 65 65 31 2C 36 2C 73 74 61 72 74  |,7,free1,6,start|
[2026-09-15T14:00:48.728]   0030: 31 2C 31 2C 66 72 65 65 32 2C 36 2C 73 74 61 72  |1,1,free2,6,star|
[2026-09-15T14:00:48.728]   0040: 74 32 2C 31 2C 72 61 77 5F 6D 6F 74 6F 72 5F 63  |t2,1,raw_motor_c|
[2026-09-15T14:00:48.729]   0050: 6F 67 32 2C 32 2C 66 72 65 65 33 2C 37 0D 0A     |og2,2,free3,7.. |Cog0  SIGNOFF,sf,1,bin,T0,cell,R1-T0-RESTART,task,3499,motor,NONE,crit,NO_ORPHAN,measured,TRUE,lo,TRUE,hi,TRUE,units,BOOL,n,1,verdict,PASS
[2026-09-15T14:00:48.729] Cog0  T0-15d,driver_state,0,ready,FALSE,stopped,FALSE,t0_15c_valid,TRUE
[2026-09-15T14:00:48.730] Cog0  SIGNOFF,sf,1,bin,T0,cell,R10-T0-STOPREADY,task,3533,motor,NONE,crit,STOP_NOT_READY,measured,TRUE,lo,TRUE,hi,TRUE,units,BOOL,n,1,verdict,PASS
[2026-09-15T14:00:48.732] Cog0  T0-10,begin,rail_must_be_on,TRUE
[2026-09-15T14:00:48.732] Cog0  --- pinSum = 100, 64010 Rev B, highTimeUs = 74
[2026-09-15T14:00:48.732] Cog0  MOT: fwdDegrees = 43, offset_fwd = $1E93_E93E
[2026-09-15T14:00:48.733] Cog0       revDegrees = 317, offset_rev = $E16C_16C1
[2026-09-15T14:00:48.733] Cog0   - Calc FRAME: frame_cnt = 6_136
[2026-09-15T14:00:48.733] Cog0  * init values dead_gap = 70, pwm_limit = 3_033, adc_fram = 6_136, duty_min = 1_600, duty_max = 24_264
[2026-09-15T14:00:48.734] Cog0  *      values duty_up = 18, duty_dn = 4, cfg_ctcks = 135_000
[2026-09-15T14:00:48.734] Cog0  *VAL* legalVoltage = 6
[2026-09-15T14:00:48.734] Cog0  * ENTRY CFG selectedPower = 6
[2026-09-15T14:00:48.735] Cog0  * EXIT 2 CFG eUserSelectedVolts = 6 maxFwdIncreAtPwr = 147_000_000 minFwdIncreAtPwr = 544_628
[2026-09-15T14:00:48.735] Cog0  -MOT- inincr = 0 nTgtIncr = $0000_0000 0 sync = 0
[2026-09-15T14:00:48.735] Cog0  * Motor COG #1
[2026-09-15T14:00:48.735] Cog1  INIT $0000_262A $0000_483F load
[2026-09-15T14:00:48.752] Cog0  T0-10,start_return,1,raw_motor_cog,2,note,see_Motor_COG_line_above_for_whether_a_cog_actually_started
[2026-09-15T14:00:48.786] Cog0  T0-10,end,pin,19,x_node_counts,1_136
[2026-09-15T14:00:48.786] Cog0  T0-8,begin
[2026-09-15T14:00:48.786] Cog1  INIT $0000_0FA8 $0000_4290 jump
[2026-09-15T14:00:48.787] Cog2  INIT $0000_0FA8 $0000_4310 jump
[2026-09-15T14:00:48.787] Cog3  INIT $0000_0FA8 $0000_4390 jump
[2026-09-15T14:00:48.787] Cog4  INIT $0000_0FA8 $0000_4410 jump
[2026-09-15T14:00:48.787] Cog5  INIT $0000_0FA8 $0000_4490 jump
[2026-09-15T14:00:48.787] Cog6  INIT $0000_0FA8 $0000_4510 jump
[2026-09-15T14:00:48.788] Cog7  INIT $0000_0FA8 $0000_4590 jump
[2026-09-15T14:00:48.788] Cog0  --- pinSum = 98, 64010 Rev B, highTimeUs = 72
[2026-09-15T14:00:48.788] Cog0  MOT: fwdDegrees = 43, offset_fwd = $1E93_E93E
[2026-09-15T14:00:48.788] Cog0       revDegrees = 317, offset_rev = $E16C_16C1
[2026-09-15T14:00:48.789] Cog0   - Calc FRAME: frame_cnt = 6_136
[2026-09-15T14:00:48.789] Cog0  * init values dead_gap = 70, pwm_limit = 3_033, adc_fram = 6_136, duty_min = 1_600, duty_max = 24_264
[2026-09-15T14:00:48.789] Cog0  *      values duty_up = 18, duty_dn = 4, cfg_ctcks = 135_000
[2026-09-15T14:00:48.789] Cog0  *VAL* legalVoltage = 6
[2026-09-15T14:00:48.790] Cog0  * ENTRY CFG selectedPower = 6
[2026-09-15T14:00:48.790] Cog0  * EXIT 2 CFG eUserSelectedVolts = 6 maxFwdIncreAtPwr = 147_000_000 minFwdIncreAtPwr = 544_628
[2026-09-15T14:00:48.791] Cog0  -MOT- inincr = 0 nTgtIncr = $0000_0000 0 sync = 0
[2026-09-15T14:00:48.791] Cog0  !! ERROR filed to start Motor Control task
[2026-09-15T14:00:48.791] Cog0  T0-8,end,cogs_occupied,7,start_return,-1
[2026-09-15T14:00:48.791] Cog0  T0-15,begin,exhaust
[2026-09-15T14:00:48.791] Cog1Cog1  INIT $0000_0FA8 $0000_4290 jump
[2026-09-15T14:00:48.792] Cog2  INIT $0000_0FA8 $0000_4310 jump
[2026-09-15T14:00:48.792] Cog3  INIT $0000_0FA8 $0000_4390 jump
[2026-09-15T14:00:48.792] Cog4  INIT $0000_0FA8 $0000_4410 jump
[2026-09-15T14:00:48.792] Cog5  INIT $0000_0FA8 $0000_4490 jump
[2026-09-15T14:00:48.792] Cog6  INIT $0000_0FA8 $0000_4510 jump
[2026-09-15T14:00:48.793] Cog7  INIT $0000_0FA8 $0000_4590 jump
[2026-09-15T14:00:48.793] Cog0  --- pinSum = 98, 64010 Rev B, highTimeUs = 72
[2026-09-15T14:00:48.793] Cog0  MOT: fwdDegrees = 43, offset_fwd = $1E93_E93E
[2026-09-15T14:00:48.794] Cog0       revDegrees = 317, offset_rev = $E16C_16C1
[2026-09-15T14:00:48.794] Cog0   - Calc FRAME: frame_cnt = 6_136
[2026-09-15T14:00:48.794] Cog0  * init values dead_gap = 70, pwm_limit = 3_033, adc_fram = 6_136, duty_min = 1_600, duty_max = 24_264
[2026-09-15T14:00:48.795] Cog0  *      values duty_up = 18, duty_dn = 4, cfg_ctcks = 135_000
[2026-09-15T14:00:48.795] Cog0  *VAL* legalVoltage = 6
[2026-09-15T14:00:48.795] Cog0  * ENTRY CFG selectedPower = 6
[2026-09-15T14:00:48.796] Cog0  * EXIT 2 CFG eUserSelectedVolts = 6 maxFwdIncreAtPwr = 147_000_000 minFwdIncreAtPwr = 544_628
[2026-09-15T14:00:48.796] Cog0  -MOT- inincr = 0 nTgtIncr = $0000_0000 0 sync = 0
[2026-09-15T14:00:48.796] Cog0  !! ERROR filed to start Motor Control task
[2026-09-15T14:00:48.797] Cog1Cog0  T0-15b,cogs_occupied,7,start_return,-1,raw_motor_cog,0,baseline,7,free_after,7
[2026-09-15T14:00:48.797] Cog0  SIGNOFF,sf,1,bin,T0,cell,R1-T0-EXHAUST,task,3499,motor,NONE,crit,RET_NEG_NOLEAK,measured,TRUE,lo,TRUE,hi,TRUE,units,BOOL,n,1,verdict,PASS
[2026-09-15T14:00:48.798] Cog0  T0-TRAP,code,0
[2026-09-15T14:00:48.798] Cog0  * test_bench_t0 -- DONE
[2026-09-15T14:00:48.814] Cog0  DEBUG_END_SESSION

=== Debug Logger Session Ended at 2026-09-15T14:00:48.816 ===
