=== Debug Logger Session Started at 2026-09-15T14:27:44.755 ===
PNut-Term-TS: v1.0.8
Program: debug
=====================================

[2026-09-15T14:27:44.653] [SYSTEM] BAUD_RATE_SET 2000000 baud (preferences/default)

=== Session ended - Download Started at 2026-09-15T14:27:44.888 ===
=== Debug Logger Session Started at 2026-09-15T14:27:44.892 ===
PNut-Term-TS: v1.0.8
Program: debug
=====================================

[2026-09-15T14:27:44.889] [SYSTEM] [DOWNLOAD TO RAM] File: test_bench_dual.bin | Size: 54742 bytes | Modified: 2026-09-15T20:27:43.875Z
[2026-09-15T14:27:44.891] [SYSTEM] Download Session Started
[2026-09-15T14:27:46.346] [SYSTEM] [DOWNLOAD SUCCESS] test_bench_dual.bin successfully downloaded to RAM
[2026-09-15T14:27:46.356] Cog0  INIT $0000_0000 $0000_0000 load
[2026-09-15T14:27:46.356] Cog0  INIT $0000_0FA8 $0003_389C jump
[2026-09-15T14:27:46.356] Cog1  INIT $0000_0FA8 $0003_2308 jump
[2026-09-15T14:27:46.356] Cog0  BM-WDSTART,seq,1,started,TRUE,cog,1
[2026-09-15T14:27:46.357] Cog0  BM-BANNER,seq,2,src_rev,7,fmt,1,part,FLOOR,cfg_id,BENCH,frame,MOTOR,clkfreq,270_000_000,left_base,32,right_base,16,voltage_enum,6,det_mode,30,motor_type,0,quiet,TRUE,mdbg,3,sdbg,3
[2026-09-15T14:27:46.358] Cog0  BM-BUILD,seq,3,sf,1,inst_hz,500,inst_ticks,540_000,ring,4_096,slongs,9,waitms_max,7_953,wd_stall_ms,4_000,abs_abort_mV,1_500,ladder_max,165_000_000,rwire_mohm,20,pack_mV,18_500,fault_cool_ms,5_000
[2026-09-15T14:27:46.359] Cog0  SIGNOFF-DECL,sf,1,bin,DUAL,cell,R14-DUAL-NOSTALL-F,task,3508
[2026-09-15T14:27:46.360] Cog0  SIGNOFF-DECL,sf,1,bin,DUAL,cell,R14-DUAL-DBGMASK-F,task,3508
[2026-09-15T14:27:46.361] Cog0  SIGNOFF-DECL,sf,1,bin,DUAL,cell,R14-DUAL-FLOORANS-F,task,3508
[2026-09-15T14:27:46.361] Cog0  BM-PLAN,seq,4,seg,FLOOR,order,1,attended,TRUE,part,FLOOR,finds,S-9a,est_s,180,est_kb,1_180
[2026-09-15T14:27:46.362] Cog0  * PANIC PROCEDURE IS PHYSICAL BATTERY DISCONNECT ONLY -- emergencyCutoff() self-cancels in about 250 ms (finding S-4)
[2026-09-15T14:27:46.368] Cog2  INIT $0000_0FA8 $0003_044C jump
[2026-09-15T14:27:46.369] Cog0  BM-INST,seq,5,event,START,cog,2,state,IDLE,ack_ms,5,samples,0,late,0,skipped,0,max_late_us,0,clamps,0,why,NONE
[2026-09-15T14:27:46.369] Cog0  BM-SEG,seq,6,seg,FLOOR,event,BEGIN,attended,TRUE,items,0,faults,0,unrecov,0,ms,0,why,NONE
[2026-09-15T14:27:46.444] `PLOT bmpanel TITLE 'Motion harness operator panel' SIZE 480 260 POS 60 80 HIDEXY UPDATE<CR><LF>`bmpanel cartesian 1<CR><LF>`bmpanel LAYER 1 'bm_bg.bmp'<CR><LF>`bmpanel LAYER 2 'bm_prompt.bmp'<CR><LF>`bmpanel LAYER 3 'bm_state.bmp'<CR><LF>`bmpanel LAYER 4 'bm_buttons.bmp'<CR><LF>`bmpanel LAYER 5 'bm_digits.bmp'<CR><LF>`bmpanel crop 1<CR><LF>`bmpanel update<CR><LF>`bmpanel crop 2 0, 228, 456, 76, 12, 34<CR><LF>`bmpanel crop 3 0, 0, 300, 32, 12, 116<CR><LF>`bmpanel crop 4 0, 0, 108, 36, 12, 156<CR><LF>`bmpanel crop 1 128, 156, 108, 36<CR><LF>`bmpanel crop 1 244, 156, 108, 36<CR><LF>`bmpanel crop 1 12, 198, 108, 36<CR><LF>`bmpanel crop 1 128, 198, 108, 36<CR><LF>`bmpanel crop 1 244, 198, 108, 36<CR><LF>`bmpanel crop 1 360, 198, 108, 36<CR><LF>`bmpanel crop 5 200, 0, 20, 32, 404, 116<CR><LF>`bmpanel crop 5 200, 0, 20, 32, 424, 116<CR><LF>`bmpanel crop 5 200, 0, 20, 32, 444, 116<CR><LF>`bmpanel update<CR><LF>`bmpanel crop 2 0, 228, 456, 76, 12, 34<CR><LF>`bmpanel crop 3 0, 0, 300, 32, 12, 116<CR><LF>`bmpanel crop 4 0, 0, 108, 36, 12, 156<CR><LF>`bmpanel crop 1 128, 156, 108, 36<CR><LF>`bmpanel crop 1 244, 156, 108, 36<CR><LF>`bmpanel crop 1 12, 198, 108, 36<CR><LF>`bmpanel crop 1 128, 198, 108, 36<CR><LF>`bmpanel crop 1 244, 198, 108, 36<CR><LF>`bmpanel crop 1 360, 198, 108, 36<CR><LF>`bmpanel crop 5 20, 0, 20, 32, 404, 116<CR><LF>`bmpanel crop 5 40, 0, 20, 32, 424, 116<CR><LF>`bmpanel crop 5 0, 0, 20, 32, 444, 116<CR><LF>`bmpanel update<CR><LF>`bmpanel PC_KEY<CR><LF>
[2026-09-15T14:27:46.732] `bmpanel PC_MOUSE<CR><LF>
[2026-09-15T14:27:46.810] `bmpanel PC_KEY<CR><LF>`bmpanel PC_MOUSE<CR><LF>
[2026-09-15T14:27:46.892] `bmpanel PC_KEY<CR><LF>`bmpanel PC_MOUSE<CR><LF>
[2026-09-15T14:27:46.970] `bmpanel PC_KEY<CR><LF>`bmpanel PC_MOUSE<CR><LF>
[2026-09-15T14:27:47.050] `bmpanel PC_KEY<CR><LF>`bmpanel PC_MOUSE<CR><LF>
[2026-09-15T14:27:47.130] `bmpanel PC_KEY<CR><LF>`bmpanel PC_MOUSE<CR><LF>
[2026-09-15T14:27:47.210] `bmpanel PC_KEY<CR><LF>`bmpanel PC_MOUSE<CR><LF>
[2026-09-15T14:27:47.293] `bmpanel PC_KEY<CR><LF>`bmpanel PC_MOUSE<CR><LF>
[2026-09-15T14:27:47.370] `bmpanel PC_KEY<CR><LF>`bmpanel PC_MOUSE<CR><LF>
[2026-09-15T14:27:47.449] `bmpanel PC_KEY<CR><LF>`bmpanel PC_MOUSE<CR><LF>
[2026-09-15T14:27:47.535] `bmpanel crop 2 0, 228, 456, 76, 12, 34<CR><LF>`bmpanel crop 3 0, 0, 300, 32, 12, 116<CR><LF>`bmpanel crop 4 0, 0, 108, 36, 12, 156<CR><LF>`bmpanel crop 1 128, 156, 108, 36<CR><LF>`bmpanel crop 1 244, 156, 108, 36<CR><LF>`bmpanel crop 1 12, 198, 108, 36<CR><LF>`bmpanel crop 1 128, 198, 108, 36<CR><LF>`bmpanel crop 1 244, 198, 108, 36<CR><LF>`bmpanel crop 1 360, 198, 108, 36<CR><LF>`bmpanel crop 5 20, 0, 20, 32, 404, 116<CR><LF>`bmpanel crop 5 20, 0, 20, 32, 424, 116<CR><LF>`bmpanel crop 5 180, 0, 20, 32, 444, 116<CR><LF>`bmpanel update<CR><LF>`bmpanel PC_KEY<CR><LF>`bmpanel PC_MOUSE<CR><LF>
[2026-09-15T14:27:47.615] `bmpanel PC_KEY<CR><LF>`bmpanel PC_MOUSE<CR><LF>
[2026-09-15T14:27:47.696] `bmpanel PC_KEY<CR><LF>`bmpanel PC_MOUSE<CR><LF>
[2026-09-15T14:27:47.775] `bmpanel PC_KEY<CR><LF>`bmpanel PC_MOUSE<CR><LF>
[2026-09-15T14:27:47.855] `bmpanel PC_KEY<CR><LF>`bmpanel PC_MOUSE<CR><LF>
[2026-09-15T14:27:47.937] `bmpanel PC_KEY<CR><LF>`bmpanel PC_MOUSE<CR><LF>
[2026-09-15T14:27:48.015] `bmpanel PC_KEY<CR><LF>`bmpanel PC_MOUSE<CR><LF>
[2026-09-15T14:27:48.095] `bmpanel PC_KEY<CR><LF>`bmpanel PC_MOUSE<CR><LF>
[2026-09-15T14:27:48.175] `bmpanel PC_KEY<CR><LF>`bmpanel PC_MOUSE<CR><LF>
[2026-09-15T14:27:48.257] `bmpanel PC_KEY<CR><LF>`bmpanel PC_MOUSE<CR><LF>
[2026-09-15T14:27:48.335] `bmpanel PC_KEY<CR><LF>`bmpanel PC_MOUSE<CR><LF>
[2026-09-15T14:27:48.416] `bmpanel PC_KEY<CR><LF>`bmpanel PC_MOUSE<CR><LF>
[2026-09-15T14:27:48.502] `bmpanel crop 2 0, 228, 456, 76, 12, 34<CR><LF>`bmpanel crop 3 0, 0, 300, 32, 12, 116<CR><LF>`bmpanel crop 4 0, 0, 108, 36, 12, 156<CR><LF>`bmpanel crop 1 128, 156, 108, 36<CR><LF>`bmpanel crop 1 244, 156, 108, 36<CR><LF>`bmpanel crop 1 12, 198, 108, 36<CR><LF>`bmpanel crop 1 128, 198, 108, 36<CR><LF>`bmpanel crop 1 244, 198, 108, 36<CR><LF>`bmpanel crop 1 360, 198, 108, 36<CR><LF>`bmpanel crop 5 20, 0, 20, 32, 404, 116<CR><LF>`bmpanel crop 5 20, 0, 20, 32, 424, 116<CR><LF>`bmpanel crop 5 160, 0, 20, 32, 444, 116<CR><LF>`bmpanel update<CR><LF>`bmpanel PC_KEY<CR><LF>`bmpanel PC_MOUSE<CR><LF>
[2026-09-15T14:27:48.581] `bmpanel PC_KEY<CR><LF>`bmpanel PC_MOUSE<CR><LF>
[2026-09-15T14:27:48.664] `bmpanel PC_KEY<CR><LF>`bmpanel PC_MOUSE<CR><LF>
[2026-09-15T14:27:48.741] `bmpanel PC_KEY<CR><LF>`bmpanel PC_MOUSE<CR><LF>
[2026-09-15T14:27:48.822] `bmpanel PC_KEY<CR><LF>`bmpanel PC_MOUSE<CR><LF>
[2026-09-15T14:27:48.903] `bmpanel PC_KEY<CR><LF>`bmpanel PC_MOUSE<CR><LF>
[2026-09-15T14:27:48.981] `bmpanel PC_KEY<CR><LF>`bmpanel PC_MOUSE<CR><LF>
[2026-09-15T14:27:49.063] `bmpanel PC_KEY<CR><LF>`bmpanel PC_MOUSE<CR><LF>
[2026-09-15T14:27:49.142] `bmpanel PC_KEY<CR><LF>`bmpanel PC_MOUSE<CR><LF>
[2026-09-15T14:27:49.222] `bmpanel PC_KEY<CR><LF>`bmpanel PC_MOUSE<CR><LF>
[2026-09-15T14:27:49.301] `bmpanel PC_KEY<CR><LF>`bmpanel PC_MOUSE<CR><LF>
[2026-09-15T14:27:49.381] `bmpanel PC_KEY<CR><LF>`bmpanel PC_MOUSE<CR><LF>
[2026-09-15T14:27:49.467] `bmpanel crop 2 0, 228, 456, 76, 12, 34<CR><LF>`bmpanel crop 3 0, 0, 300, 32, 12, 116<CR><LF>`bmpanel crop 4 0, 0, 108, 36, 12, 156<CR><LF>`bmpanel crop 1 128, 156, 108, 36<CR><LF>`bmpanel crop 1 244, 156, 108, 36<CR><LF>`bmpanel crop 1 12, 198, 108, 36<CR><LF>`bmpanel crop 1 128, 198, 108, 36<CR><LF>`bmpanel crop 1 244, 198, 108, 36<CR><LF>`bmpanel crop 1 360, 198, 108, 36<CR><LF>`bmpanel crop 5 20, 0, 20, 32, 404, 116<CR><LF>`bmpanel crop 5 20, 0, 20, 32, 424, 116<CR><LF>`bmpanel crop 5 140, 0, 20, 32, 444, 116<CR><LF>`bmpanel update<CR><LF>`bmpanel PC_KEY<CR><LF>`bmpanel PC_MOUSE<CR><LF>
[2026-09-15T14:27:49.548] `bmpanel PC_KEY<CR><LF>`bmpanel PC_MOUSE<CR><LF>
[2026-09-15T14:27:49.626] `bmpanel PC_KEY<CR><LF>`bmpanel PC_MOUSE<CR><LF>
[2026-09-15T14:27:49.708] `bmpanel PC_KEY<CR><LF>`bmpanel PC_MOUSE<CR><LF>
[2026-09-15T14:27:49.789] `bmpanel PC_KEY<CR><LF>`bmpanel PC_MOUSE<CR><LF>
[2026-09-15T14:27:49.867] `bmpanel PC_KEY<CR><LF>`bmpanel PC_MOUSE<CR><LF>
[2026-09-15T14:27:49.947] `bmpanel PC_KEY<CR><LF>`bmpanel PC_MOUSE<CR><LF>
[2026-09-15T14:27:50.026] `bmpanel PC_KEY<CR><LF>`bmpanel PC_MOUSE<CR><LF>
[2026-09-15T14:27:50.105] `bmpanel PC_KEY<CR><LF>`bmpanel PC_MOUSE<CR><LF>
[2026-09-15T14:27:50.190] `bmpanel PC_KEY<CR><LF>`bmpanel PC_MOUSE<CR><LF>
[2026-09-15T14:27:50.267] `bmpanel PC_KEY<CR><LF>`bmpanel PC_MOUSE<CR><LF>
[2026-09-15T14:27:50.348] `bmpanel PC_KEY<CR><LF>`bmpanel PC_MOUSE<CR><LF>
[2026-09-15T14:27:50.511] `bmpanel PC_KEY<CR><LF>`bmpanel PC_MOUSE<CR><LF>`bmpanel crop 2 0, 228, 456, 76, 12, 34<CR><LF>`bmpanel crop 3 0, 0, 300, 32, 12, 116<CR><LF>`bmpanel crop 4 0, 0, 108, 36, 12, 156<CR><LF>`bmpanel crop 1 128, 156, 108, 36<CR><LF>`bmpanel crop 1 244, 156, 108, 36<CR><LF>`bmpanel crop 1 12, 198, 108, 36<CR><LF>`bmpanel crop 1 128, 198, 108, 36<CR><LF>`bmpanel crop 1 244, 198, 108, 36<CR><LF>`bmpanel crop 1 360, 198, 108, 36<CR><LF>`bmpanel crop 5 20, 0, 20, 32, 404, 116<CR><LF>`bmpanel crop 5 20, 0, 20, 32, 424, 116<CR><LF>`bmpanel crop 5 120, 0, 20, 32, 444, 116<CR><LF>`bmpanel update<CR><LF>`bmpanel PC_KEY<CR><LF>`bmpanel PC_MOUSE<CR><LF>
[2026-09-15T14:27:50.592] `bmpanel PC_KEY<CR><LF>`bmpanel PC_MOUSE<CR><LF>
[2026-09-15T14:27:50.673] `bmpanel PC_KEY<CR><LF>`bmpanel PC_MOUSE<CR><LF>
[2026-09-15T14:27:50.754] `bmpanel PC_KEY<CR><LF>`bmpanel PC_MOUSE<CR><LF>
[2026-09-15T14:27:50.833] `bmpanel PC_KEY<CR><LF>`bmpanel PC_MOUSE<CR><LF>
[2026-09-15T14:27:50.914] `bmpanel PC_KEY<CR><LF>`bmpanel PC_MOUSE<CR><LF>
[2026-09-15T14:27:50.994] `bmpanel PC_KEY<CR><LF>`bmpanel PC_MOUSE<CR><LF>
[2026-09-15T14:27:51.073] `bmpanel PC_KEY<CR><LF>`bmpanel PC_MOUSE<CR><LF>
[2026-09-15T14:27:51.153] `bmpanel PC_KEY<CR><LF>`bmpanel PC_MOUSE<CR><LF>
[2026-09-15T14:27:51.232] `bmpanel PC_KEY<CR><LF>`bmpanel PC_MOUSE<CR><LF>
[2026-09-15T14:27:51.315] `bmpanel PC_KEY<CR><LF>`bmpanel PC_MOUSE<CR><LF>
[2026-09-15T14:27:51.392] `bmpanel PC_KEY<CR><LF>`bmpanel PC_MOUSE<CR><LF>
[2026-09-15T14:27:51.478] `bmpanel crop 2 0, 228, 456, 76, 12, 34<CR><LF>`bmpanel crop 3 0, 0, 300, 32, 12, 116<CR><LF>`bmpanel crop 4 0, 0, 108, 36, 12, 156<CR><LF>`bmpanel crop 1 128, 156, 108, 36<CR><LF>`bmpanel crop 1 244, 156, 108, 36<CR><LF>`bmpanel crop 1 12, 198, 108, 36<CR><LF>`bmpanel crop 1 128, 198, 108, 36<CR><LF>`bmpanel crop 1 244, 198, 108, 36<CR><LF>`bmpanel crop 1 360, 198, 108, 36<CR><LF>`bmpanel crop 5 20, 0, 20, 32, 404, 116<CR><LF>`bmpanel crop 5 20, 0, 20, 32, 424, 116<CR><LF>`bmpanel crop 5 100, 0, 20, 32, 444, 116<CR><LF>`bmpanel update<CR><LF>`bmpanel PC_KEY<CR><LF>`bmpanel PC_MOUSE<CR><LF>
[2026-09-15T14:27:51.557] `bmpanel PC_KEY<CR><LF>`bmpanel PC_MOUSE<CR><LF>
[2026-09-15T14:27:51.639] `bmpanel PC_KEY<CR><LF>`bmpanel PC_MOUSE<CR><LF>
[2026-09-15T14:27:51.718] `bmpanel PC_KEY<CR><LF>`bmpanel PC_MOUSE<CR><LF>
[2026-09-15T14:27:51.798] `bmpanel PC_KEY<CR><LF>`bmpanel PC_MOUSE<CR><LF>
[2026-09-15T14:27:51.877] `bmpanel PC_KEY<CR><LF>`bmpanel PC_MOUSE<CR><LF>
[2026-09-15T14:27:51.958] `bmpanel PC_KEY<CR><LF>`bmpanel PC_MOUSE<CR><LF>
[2026-09-15T14:27:52.039] `bmpanel PC_KEY<CR><LF>`bmpanel PC_MOUSE<CR><LF>
[2026-09-15T14:27:52.119] `bmpanel PC_KEY<CR><LF>`bmpanel PC_MOUSE<CR><LF>
[2026-09-15T14:27:52.200] `bmpanel PC_KEY<CR><LF>`bmpanel PC_MOUSE<CR><LF>
[2026-09-15T14:27:52.281] `bmpanel PC_KEY<CR><LF>`bmpanel PC_MOUSE<CR><LF>
[2026-09-15T14:27:52.357] `bmpanel PC_KEY<CR><LF>`bmpanel PC_MOUSE<CR><LF>
[2026-09-15T14:27:52.438] `bmpanel PC_KEY<CR><LF>`bmpanel PC_MOUSE<CR><LF>
[2026-09-15T14:27:52.524] `bmpanel crop 2 0, 228, 456, 76, 12, 34<CR><LF>`bmpanel crop 3 0, 0, 300, 32, 12, 116<CR><LF>`bmpanel crop 4 0, 0, 108, 36, 12, 156<CR><LF>`bmpanel crop 1 128, 156, 108, 36<CR><LF>`bmpanel crop 1 244, 156, 108, 36<CR><LF>`bmpanel crop 1 12, 198, 108, 36<CR><LF>`bmpanel crop 1 128, 198, 108, 36<CR><LF>`bmpanel crop 1 244, 198, 108, 36<CR><LF>`bmpanel crop 1 360, 198, 108, 36<CR><LF>`bmpanel crop 5 20, 0, 20, 32, 404, 116<CR><LF>`bmpanel crop 5 20, 0, 20, 32, 424, 116<CR><LF>`bmpanel crop 5 80, 0, 20, 32, 444, 116<CR><LF>`bmpanel update<CR><LF>`bmpanel PC_KEY<CR><LF>`bmpanel PC_MOUSE<CR><LF>
[2026-09-15T14:27:52.604] `bmpanel PC_KEY<CR><LF>`bmpanel PC_MOUSE<CR><LF>
[2026-09-15T14:27:52.683] `bmpanel PC_KEY<CR><LF>`bmpanel PC_MOUSE<CR><LF>
[2026-09-15T14:27:52.764] `bmpanel PC_KEY<CR><LF>`bmpanel PC_MOUSE<CR><LF>
[2026-09-15T14:27:52.845] `bmpanel PC_KEY<CR><LF>`bmpanel PC_MOUSE<CR><LF>
[2026-09-15T14:27:52.924] `bmpanel PC_KEY<CR><LF>`bmpanel PC_MOUSE<CR><LF>
[2026-09-15T14:27:53.003] `bmpanel PC_KEY<CR><LF>`bmpanel PC_MOUSE<CR><LF>
[2026-09-15T14:27:53.083] `bmpanel PC_KEY<CR><LF>`bmpanel PC_MOUSE<CR><LF>
[2026-09-15T14:27:53.164] `bmpanel PC_KEY<CR><LF>`bmpanel PC_MOUSE<CR><LF>
[2026-09-15T14:27:53.244] `bmpanel PC_KEY<CR><LF>`bmpanel PC_MOUSE<CR><LF>
[2026-09-15T14:27:53.324] `bmpanel PC_KEY<CR><LF>`bmpanel PC_MOUSE<CR><LF>
[2026-09-15T14:27:53.403] `bmpanel PC_KEY<CR><LF>`bmpanel PC_MOUSE<CR><LF>
[2026-09-15T14:27:53.489] `bmpanel crop 2 0, 228, 456, 76, 12, 34<CR><LF>`bmpanel crop 3 0, 0, 300, 32, 12, 116<CR><LF>`bmpanel crop 4 0, 0, 108, 36, 12, 156<CR><LF>`bmpanel crop 1 128, 156, 108, 36<CR><LF>`bmpanel crop 1 244, 156, 108, 36<CR><LF>`bmpanel crop 1 12, 198, 108, 36<CR><LF>`bmpanel crop 1 128, 198, 108, 36<CR><LF>`bmpanel crop 1 244, 198, 108, 36<CR><LF>`bmpanel crop 1 360, 198, 108, 36<CR><LF>`bmpanel crop 5 20, 0, 20, 32, 404, 116<CR><LF>`bmpanel crop 5 20, 0, 20, 32, 424, 116<CR><LF>`bmpanel crop 5 60, 0, 20, 32, 444, 116<CR><LF>`bmpanel update<CR><LF>`bmpanel PC_KEY<CR><LF>`bmpanel PC_MOUSE<CR><LF>
[2026-09-15T14:27:53.568] `bmpanel PC_KEY<CR><LF>`bmpanel PC_MOUSE<CR><LF>
[2026-09-15T14:27:53.649] `bmpanel PC_KEY<CR><LF>`bmpanel PC_MOUSE<CR><LF>
[2026-09-15T14:27:53.729] `bmpanel PC_KEY<CR><LF>`bmpanel PC_MOUSE<CR><LF>
[2026-09-15T14:27:53.811] `bmpanel PC_KEY<CR><LF>`bmpanel PC_MOUSE<CR><LF>
[2026-09-15T14:27:53.890] `bmpanel PC_KEY<CR><LF>`bmpanel PC_MOUSE<CR><LF>
[2026-09-15T14:27:53.969] `bmpanel PC_KEY<CR><LF>`bmpanel PC_MOUSE<CR><LF>
[2026-09-15T14:27:54.049] `bmpanel PC_KEY<CR><LF>`bmpanel PC_MOUSE<CR><LF>
[2026-09-15T14:27:54.130] `bmpanel PC_KEY<CR><LF>`bmpanel PC_MOUSE<CR><LF>
[2026-09-15T14:27:54.208] `bmpanel PC_KEY<CR><LF>`bmpanel PC_MOUSE<CR><LF>
[2026-09-15T14:27:54.289] `bmpanel PC_KEY<CR><LF>`bmpanel PC_MOUSE<CR><LF>
[2026-09-15T14:27:54.369] `bmpanel PC_KEY<CR><LF>`bmpanel PC_MOUSE<CR><LF>
[2026-09-15T14:27:54.449] `bmpanel PC_KEY<CR><LF>`bmpanel PC_MOUSE<CR><LF>
[2026-09-15T14:27:54.534] `bmpanel crop 2 0, 228, 456, 76, 12, 34<CR><LF>`bmpanel crop 3 0, 0, 300, 32, 12, 116<CR><LF>`bmpanel crop 4 0, 0, 108, 36, 12, 156<CR><LF>`bmpanel crop 1 128, 156, 108, 36<CR><LF>`bmpanel crop 1 244, 156, 108, 36<CR><LF>`bmpanel crop 1 12, 198, 108, 36<CR><LF>`bmpanel crop 1 128, 198, 108, 36<CR><LF>`bmpanel crop 1 244, 198, 108, 36<CR><LF>`bmpanel crop 1 360, 198, 108, 36<CR><LF>`bmpanel crop 5 20, 0, 20, 32, 404, 116<CR><LF>`bmpanel crop 5 20, 0, 20, 32, 424, 116<CR><LF>`bmpanel crop 5 40, 0, 20, 32, 444, 116<CR><LF>`bmpanel update<CR><LF>`bmpanel PC_KEY<CR><LF>`bmpanel PC_MOUSE<CR><LF>
[2026-09-15T14:27:54.615] `bmpanel PC_KEY<CR><LF>`bmpanel PC_MOUSE<CR><LF>
[2026-09-15T14:27:54.694] `bmpanel PC_KEY<CR><LF>`bmpanel PC_MOUSE<CR><LF>
[2026-09-15T14:27:54.776] `bmpanel PC_KEY<CR><LF>`bmpanel PC_MOUSE<CR><LF>
[2026-09-15T14:27:54.856] `bmpanel PC_KEY<CR><LF>`bmpanel PC_MOUSE<CR><LF>
[2026-09-15T14:27:54.934] `bmpanel PC_KEY<CR><LF>`bmpanel PC_MOUSE<CR><LF>
[2026-09-15T14:27:55.014] `bmpanel PC_KEY<CR><LF>`bmpanel PC_MOUSE<CR><LF>
[2026-09-15T14:27:55.096] `bmpanel PC_KEY<CR><LF>`bmpanel PC_MOUSE<CR><LF>
[2026-09-15T14:27:55.113] `bmpanel PC_KEY<CR><LF>`bmpanel crop 2 0, 228, 456, 76, 12, 34<CR><LF>`bmpanel crop 3 0, 32, 300, 32, 12, 116<CR><LF>`bmpanel crop 4 108, 0, 108, 36, 12, 156<CR><LF>`bmpanel crop 1 128, 156, 108, 36<CR><LF>`bmpanel crop 1 244, 156, 108, 36<CR><LF>`bmpanel crop 1 12, 198, 108, 36<CR><LF>`bmpanel crop 1 128, 198, 108, 36<CR><LF>`bmpanel crop 1 244, 198, 108, 36<CR><LF>`bmpanel crop 1 360, 198, 108, 36<CR><LF>`bmpanel crop 5 200, 0, 20, 32, 404, 116<CR><LF>`bmpanel crop 5 200, 0, 20, 32, 424, 116<CR><LF>`bmpanel crop 5 200, 0, 20, 32, 444, 116<CR><LF>`bmpanel update<CR><LF>Cog0  BM-OPER,seq,7,prompt,FLOOR,event,SHOWN,answer,NONE,input,NONE,wait_ms,0,why,NONE
[2026-09-15T14:27:55.115] Cog0  BM-OPER,seq,8,prompt,FLOOR,event,START,answer,NONE,input,KEY,wait_ms,8_738,why,NONE
[2026-09-15T14:27:55.131] Cog3  INIT $0000_A5FE $0003_2F57 load
[2026-09-15T14:27:55.131] Cog4  INIT $0000_A5FE $0003_327F load
[2026-09-15T14:27:55.218] Cog5  INIT $0000_0FA8 $0003_2BC0 jump
[2026-09-15T14:27:55.229] Cog0  BM-SSTART,seq,9,seg,FLOOR,life,1,motor,BOTH,ret,5,ret_ok,TRUE,l_st,STOPPED,r_st,STOPPED,ready_ms,0,l_neg,43,l_pos,317,r_neg,43,r_pos,317,l_ig,0,r_ig,0,l_board,REV_B,r_board,REV_B,why,NONE
[2026-09-15T14:27:57.305] `bmpanel crop 2 0, 228, 456, 76, 12, 34<CR><LF>`bmpanel crop 3 0, 128, 300, 32, 12, 116<CR><LF>`bmpanel crop 1 12, 156, 108, 36<CR><LF>`bmpanel crop 1 128, 156, 108, 36<CR><LF>`bmpanel crop 4 0, 72, 108, 36, 244, 156<CR><LF>`bmpanel crop 1 12, 198, 108, 36<CR><LF>`bmpanel crop 1 128, 198, 108, 36<CR><LF>`bmpanel crop 1 244, 198, 108, 36<CR><LF>`bmpanel crop 1 360, 198, 108, 36<CR><LF>`bmpanel crop 5 200, 0, 20, 32, 404, 116<CR><LF>`bmpanel crop 5 200, 0, 20, 32, 424, 116<CR><LF>`bmpanel crop 5 200, 0, 20, 32, 444, 116<CR><LF>`bmpanel update<CR><LF>`bmpanel crop 2 0, 228, 456, 76, 12, 34<CR><LF>`bmpanel crop 3 0, 128, 300, 32, 12, 116<CR><LF>`bmpanel crop 1 12, 156, 108, 36<CR><LF>`bmpanel crop 1 128, 156, 108, 36<CR><LF>`bmpanel crop 4 0, 72, 108, 36, 244, 156<CR><LF>`bmpanel crop 1 12, 198, 108, 36<CR><LF>`bmpanel crop 1 128, 198, 108, 36<CR><LF>`bmpanel crop 1 244, 198, 108, 36<CR><LF>`bmpanel crop 1 360, 198, 108, 36<CR><LF>`bmpanel crop 5 200, 0, 20, 32, 404, 116<CR><LF>`bmpanel crop 5 200, 0, 20, 32, 424, 116<CR><LF>`bmpanel crop 5 40, 0, 20, 32, 444, 116<CR><LF>`bmpanel update<CR><LF>`bmpanel PC_KEY<CR><LF>`bmpanel PC_MOUSE<CR><LF>`bmpanel PC_KEY<CR><LF>`bmpanel PC_MOUSE<CR><LF>`bmpanel PC_KEY<CR><LF>`bmpanel PC_MOUSE<CR><LF>`bmpanel PC_KEY<CR><LF>`bmpanel PC_MOUSE<CR><LF>`bmpanel PC_KEY<CR><LF>`bmpanel PC_MOUSE<CR><LF>`bmpanel PC_KEY<CR><LF>`bmpanel PC_MOUSE<CR><LF>`bmpanel PC_KEY<CR><LF>`bmpanel PC_MOUSE<CR><LF>`bmpanel PC_KEY<CR><LF>`bmpanel PC_MOUSE<CR><LF>`bmpanel PC_KEY<CR><LF>`bmpanel PC_MOUSE<CR><LF>`bmpanel PC_KEY<CR><LF>`bmpanel PC_MOUSE<CR><LF>`bmpanel PC_KEY<CR><LF>`bmpanel PC_MOUSE<CR><LF>`bmpanel PC_KEY<CR><LF>`bmpanel PC_MOUSE<CR><LF>`bmpanel PC_KEY<CR><LF>`bmpanel PC_MOUSE<CR><LF>`bmpanel PC_KEY<CR><LF>`bmpanel PC_MOUSE<CR><LF>`bmpanel PC_KEY<CR><LF>`bmpanel PC_MOUSE<CR><LF>`bmpanel PC_KEY<CR><LF>`bmpanel PC_MOUSE<CR><LF>`bmpanel PC_KEY<CR><LF>`bmpanel PC_MOUSE<CR><LF>`bmpanel PC_KEY<CR><LF>`bmpanel PC_MOUSE<CR><LF>`bmpanel PC_KEY<CR><LF>`bmpanel PC_MOUSE<CR><LF>`bmpanel crop 2 0, 228, 456, 76, 12, 34<CR><LF>`bmpanel crop 3 0, 128, 300, 32, 12, 116<CR><LF>`bmpanel crop 1 12, 156, 108, 36<CR><LF>`bmpanel crop 1 128, 156, 108, 36<CR><LF>`bmpanel crop 4 0, 72, 108, 36, 244, 156<CR><LF>`bmpanel crop 1 12, 198, 108, 36<CR><LF>`bmpanel crop 1 128, 198, 108, 36<CR><LF>`bmpanel crop 1 244, 198, 108, 36<CR><LF>`bmpanel crop 1 360, 198, 108, 36<CR><LF>`bmpanel crop 5 200, 0, 20, 32, 404, 116<CR><LF>`bmpanel crop 5 200, 0, 20, 32, 424, 116<CR><LF>`bmpanel crop 5 20, 0, 20, 32, 444, 116<CR><LF>`bmpanel update<CR><LF>`bmpanel PC_KEY<CR><LF>`bmpanel PC_MOUSE<CR><LF>`bmpanel PC_KEY<CR><LF>`bmpanel PC_MOUSE<CR><LF>`bmpanel PC_KEY<CR><LF>`bmpanel PC_MOUSE<CR><LF>`bmpanel PC_KEY<CR><LF>`bmpanel PC_MOUSE<CR><LF>`bmpanel PC_KEY<CR><LF>`bmpanel PC_MOUSE<CR><LF>`bmpanel PC_KEY<CR><LF>`bmpanel PC_MOUSE<CR><LF>`bmpanel PC_KEY<CR><LF>`bmpanel PC_MOUSE<CR><LF>`bmpanel PC_KEY<CR><LF>`bmpanel PC_MOUSE<CR><LF>`bmpanel PC_KEY<CR><LF>`bmpanel PC_MOUSE<CR><LF>`bmpanel PC_KEY<CR><LF>`bmpanel PC_MOUSE<CR><LF>`bmpanel PC_KEY<CR><LF>`bmpanel PC_MOUSE<CR><LF>`bmpanel PC_KEY<CR><LF>`bmpanel PC_MOUSE<CR><LF>`bmpanel PC_KEY<CR><LF>`bmpanel PC_MOUSE<CR><LF>`bmpanel PC_KEY<CR><LF>`bmpanel PC_MOUSE<CR><LF>`bmpanel PC_KEY<CR><LF>`bmpanel PC_MOUSE<CR><LF>`bmpanel PC_KEY<CR><LF>`bmpanel PC_MOUSE<CR><LF>`bmpanel PC_KEY<CR><LF>`bmpanel PC_MOUSE<CR><LF>`bmpanel PC_KEY<CR><LF>`bmpanel PC_MOUSE<CR><LF>`bmpanel PC_KEY<CR><LF>`bmpanel PC_MOUSE<CR><LF>`bmpanel crop 2 0, 228, 456, 76, 12, 34<CR><LF>`bmpanel crop 3 0, 128, 300, 32, 12, 116<CR><LF>`bmpanel crop 1 12, 156, 108, 36<CR><LF>`bmpanel crop 1 128, 156, 108, 36<CR><LF>`bmpanel crop 4 0, 72, 108, 36, 244, 156<CR><LF>`bmpanel crop 1 12, 198, 108, 36<CR><LF>`bmpanel crop 1 128, 198, 108, 36<CR><LF>`bmpanel crop 1 244, 198, 108, 36<CR><LF>`bmpanel crop 1 360, 198, 108, 36<CR><LF>`bmpanel crop 5 200, 0, 20, 32, 404, 116<CR><LF>`bmpanel crop 5 200, 0, 20, 32, 424, 116<CR><LF>`bmpanel crop 5 0, 0, 20, 32, 444, 116<CR><LF>`bmpanel update<CR><LF>
[2026-09-15T14:28:03.294] `bmpanel crop 2 0, 304, 456, 76, 12, 34<CR><LF>`bmpanel crop 3 0, 160, 300, 32, 12, 116<CR><LF>`bmpanel crop 1 12, 156, 108, 36<CR><LF>`bmpanel crop 1 128, 156, 108, 36<CR><LF>`bmpanel crop 1 244, 156, 108, 36<CR><LF>`bmpanel crop 4 0, 108, 108, 36, 12, 198<CR><LF>`bmpanel crop 4 0, 144, 108, 36, 128, 198<CR><LF>`bmpanel crop 4 0, 180, 108, 36, 244, 198<CR><LF>`bmpanel crop 4 0, 216, 108, 36, 360, 198<CR><LF>`bmpanel crop 5 200, 0, 20, 32, 404, 116<CR><LF>`bmpanel crop 5 200, 0, 20, 32, 424, 116<CR><LF>`bmpanel crop 5 200, 0, 20, 32, 444, 116<CR><LF>`bmpanel update<CR><LF>`bmpanel crop 2 0, 304, 456, 76, 12, 34<CR><LF>`bmpanel crop 3 0, 160, 300, 32, 12, 116<CR><LF>`bmpanel crop 1 12, 156, 108, 36<CR><LF>`bmpanel crop 1 128, 156, 108, 36<CR><LF>`bmpanel crop 1 244, 156, 108, 36<CR><LF>`bmpanel crop 4 0, 108, 108, 36, 12, 198<CR><LF>`bmpanel crop 4 0, 144, 108, 36, 128, 198<CR><LF>`bmpanel crop 4 0, 180, 108, 36, 244, 198<CR><LF>`bmpanel crop 4 0, 216, 108, 36, 360, 198<CR><LF>`bmpanel crop 5 20, 0, 20, 32, 404, 116<CR><LF>`bmpanel crop 5 40, 0, 20, 32, 424, 116<CR><LF>`bmpanel crop 5 0, 0, 20, 32, 444, 116<CR><LF>`bmpanel update<CR><LF>`bmpanel PC_KEY<CR><LF>`bmpanel PC_MOUSE<CR><LF>`bmpanel PC_KEY<CR><LF>`bmpanel PC_MOUSE<CR><LF>`bmpanel PC_KEY<CR><LF>`bmpanel PC_MOUSE<CR><LF>`bmpanel PC_KEY<CR><LF>`bmpanel PC_MOUSE<CR><LF>`bmpanel PC_KEY<CR><LF>`bmpanel PC_MOUSE<CR><LF>`bmpanel PC_KEY<CR><LF>`bmpanel PC_MOUSE<CR><LF>`bmpanel PC_KEY<CR><LF>`bmpanel PC_MOUSE<CR><LF>`bmpanel PC_KEY<CR><LF>`bmpanel PC_MOUSE<CR><LF>`bmpanel PC_KEY<CR><LF>`bmpanel PC_MOUSE<CR><LF>`bmpanel PC_KEY<CR><LF>`bmpanel PC_MOUSE<CR><LF>`bmpanel PC_KEY<CR><LF>`bmpanel PC_MOUSE<CR><LF>`bmpanel PC_KEY<CR><LF>`bmpanel PC_MOUSE<CR><LF>`bmpanel PC_KEY<CR><LF>`bmpanel PC_MOUSE<CR><LF>`bmpanel PC_KEY<CR><LF>`bmpanel PC_MOUSE<CR><LF>`bmpanel PC_KEY<CR><LF>`bmpanel PC_MOUSE<CR><LF>`bmpanel PC_KEY<CR><LF>`bmpanel PC_MOUSE<CR><LF>`bmpanel PC_KEY<CR><LF>`bmpanel PC_MOUSE<CR><LF>`bmpanel PC_KEY<CR><LF>`bmpanel PC_MOUSE<CR><LF>`bmpanel PC_KEY<CR><LF>`bmpanel PC_MOUSE<CR><LF>`bmpanel crop 2 0, 304, 456, 76, 12, 34<CR><LF>`bmpanel crop 3 0, 160, 300, 32, 12, 116<CR><LF>`bmpanel crop 1 12, 156, 108, 36<CR><LF>`bmpanel crop 1 128, 156, 108, 36<CR><LF>`bmpanel crop 1 244, 156, 108, 36<CR><LF>`bmpanel crop 4 0, 108, 108, 36, 12, 198<CR><LF>`bmpanel crop 4 0, 144, 108, 36, 128, 198<CR><LF>`bmpanel crop 4 0, 180, 108, 36, 244, 198<CR><LF>`bmpanel crop 4 0, 216, 108, 36, 360, 198<CR><LF>`bmpanel crop 5 20, 0, 20, 32, 404, 116<CR><LF>`bmpanel crop 5 20, 0, 20, 32, 424, 116<CR><LF>`bmpanel crop 5 180, 0, 20, 32, 444, 116<CR><LF>`bmpanel update<CR><LF>`bmpanel PC_KEY<CR><LF>`bmpanel PC_MOUSE<CR><LF>`bmpanel PC_KEY<CR><LF>`bmpanel PC_MOUSE<CR><LF>`bmpanel PC_KEY<CR><LF>`bmpanel PC_MOUSE<CR><LF>`bmpanel PC_KEY<CR><LF>`bmpanel PC_MOUSE<CR><LF>`bmpanel PC_KEY<CR><LF>`bmpanel PC_MOUSE<CR><LF>`bmpanel PC_KEY<CR><LF>`bmpanel PC_MOUSE<CR><LF>`bmpanel PC_KEY<CR><LF>`bmpanel PC_MOUSE<CR><LF>`bmpanel PC_KEY<CR><LF>`bmpanel PC_MOUSE<CR><LF>`bmpanel PC_KEY<CR><LF>`bmpanel PC_MOUSE<CR><LF>`bmpanel PC_KEY<CR><LF>`bmpanel PC_MOUSE<CR><LF>`bmpanel PC_KEY<CR><LF>`bmpanel PC_MOUSE<CR><LF>`bmpanel PC_KEY<CR><LF>`bmpanel PC_MOUSE<CR><LF>`bmpanel PC_KEY<CR><LF>`bmpanel PC_MOUSE<CR><LF>`bmpanel PC_KEY<CR><LF>`bmpanel PC_MOUSE<CR><LF>`bmpanel PC_KEY<CR><LF>`bmpanel PC_MOUSE<CR><LF>`bmpanel PC_KEY<CR><LF>`bmpanel PC_MOUSE<CR><LF>`bmpanel PC_KEY<CR><LF>`bmpanel PC_MOUSE<CR><LF>`bmpanel PC_KEY<CR><LF>`bmpanel PC_MOUSE<CR><LF>`bmpanel PC_KEY<CR><LF>`bmpanel PC_MOUSE<CR><LF>`bmpanel crop 2 0, 304, 456, 76, 12, 34<CR><LF>`bmpanel crop 3 0, 160, 300, 32, 12, 116<CR><LF>`bmpanel crop 1 12, 156, 108, 36<CR><LF>`bmpanel crop 1 128, 156, 108, 36<CR><LF>`bmpanel crop 1 244, 156, 108, 36<CR><LF>`bmpanel crop 4 0, 108, 108, 36, 12, 198<CR><LF>`bmpanel crop 4 0, 144, 108, 36, 128, 198<CR><LF>`bmpanel crop 4 0, 180, 108, 36, 244, 198<CR><LF>`bmpanel crop 4 0, 216, 108, 36, 360, 198<CR><LF>`bmpanel crop 5 20, 0, 20, 32, 404, 116<CR><LF>`bmpanel crop 5 20, 0, 20, 32, 424, 116<CR><LF>`bmpanel crop 5 160, 0, 20, 32, 444, 116<CR><LF>`bmpanel update<CR><LF>`bmpanel PC_KEY<CR><LF>`bmpanel PC_MOUSE<CR><LF>`bmpanel PC_KEY<CR><LF>`bmpanel PC_MOUSE<CR><LF>`bmpanel PC_KEY<CR><LF>`bmpanel PC_MOUSE<CR><LF>`bmpanel PC_KEY<CR><LF>`bmpanel PC_MOUSE<CR><LF>`bmpanel PC_KEY<CR><LF>`bmpanel PC_MOUSE<CR><LF>`bmpanel PC_KEY<CR><LF>`bmpanel PC_MOUSE<CR><LF>`bmpanel PC_KEY<CR><LF>`bmpanel PC_MOUSE<CR><LF>`bmpanel PC_KEY<CR><LF>`bmpanel PC_MOUSE<CR><LF>`bmpanel PC_KEY<CR><LF>`bmpanel PC_MOUSE<CR><LF>`bmpanel PC_KEY<CR><LF>`bmpanel PC_MOUSE<CR><LF>`bmpanel PC_KEY<CR><LF>`bmpanel PC_MOUSE<CR><LF>`bmpanel PC_KEY<CR><LF>`bmpanel PC_MOUSE<CR><LF>`bmpanel PC_KEY<CR><LF>`bmpanel PC_MOUSE<CR><LF>`bmpanel PC_KEY<CR><LF>`bmpanel PC_MOUSE<CR><LF>`bmpanel PC_KEY<CR><LF>`bmpanel PC_MOUSE<CR><LF>`bmpanel PC_KEY<CR><LF>`bmpanel PC_MOUSE<CR><LF>`bmpanel PC_KEY<CR><LF>`bmpanel PC_MOUSE<CR><LF>`bmpanel PC_KEY<CR><LF>`bmpanel PC_MOUSE<CR><LF>`bmpanel PC_KEY<CR><LF>`bmpanel PC_MOUSE<CR><LF>`bmpanel crop 2 0, 304, 456, 76, 12, 34<CR><LF>`bmpanel crop 3 0, 160, 300, 32, 12, 116<CR><LF>`bmpanel crop 1 12, 156, 108, 36<CR><LF>`bmpanel crop 1 128, 156, 108, 36<CR><LF>`bmpanel crop 1 244, 156, 108, 36<CR><LF>`bmpanel crop 4 0, 108, 108, 36, 12, 198<CR><LF>`bmpanel crop 4 0, 144, 108, 36, 128, 198<CR><LF>`bmpanel crop 4 0, 180, 108, 36, 244, 198<CR><LF>`bmpanel crop 4 0, 216, 108, 36, 360, 198<CR><LF>`bmpanel crop 5 20, 0, 20, 32, 404, 116<CR><LF>`bmpanel crop 5 20, 0, 20, 32, 424, 116<CR><LF>`bmpanel crop 5 140, 0, 20, 32, 444, 116<CR><LF>`bmpanel update<CR><LF>`bmpanel PC_KEY<CR><LF>`bmpanel PC_MOUSE<CR><LF>`bmpanel PC_KEY<CR><LF>`bmpanel PC_MOUSE<CR><LF>`bmpanel PC_KEY<CR><LF>`bmpanel PC_MOUSE<CR><LF>`bmpanel PC_KEY<CR><LF>`bmpanel PC_MOUSE<CR><LF>`bmpanel PC_KEY<CR><LF>`bmpanel PC_MOUSE<CR><LF>`bmpanel PC_KEY<CR><LF>`bmpanel PC_MOUSE<CR><LF>`bmpanel PC_KEY<CR><LF>`bmpanel PC_MOUSE<CR><LF>`bmpanel PC_KEY<CR><LF>`bmpanel PC_MOUSE<CR><LF>`bmpanel PC_KEY<CR><LF>`bmpanel PC_MOUSE<CR><LF>`bmpanel PC_KEY<CR><LF>`bmpanel PC_MOUSE<CR><LF>`bmpanel PC_KEY<CR><LF>`bmpanel PC_MOUSE<CR><LF>`bmpanel PC_KEY<CR><LF>`bmpanel PC_MOUSE<CR><LF>`bmpanel PC_KEY<CR><LF>`bmpanel PC_MOUSE<CR><LF>`bmpanel PC_KEY<CR><LF>`bmpanel PC_MOUSE<CR><LF>`bmpanel PC_KEY<CR><LF>`bmpanel PC_MOUSE<CR><LF>`bmpanel PC_KEY<CR><LF>`bmpanel PC_MOUSE<CR><LF>`bmpanel PC_KEY<CR><LF>`bmpanel PC_MOUSE<CR><LF>`bmpanel PC_KEY<CR><LF>`bmpanel PC_MOUSE<CR><LF>`bmpanel PC_KEY<CR><LF>`bmpanel PC_MOUSE<CR><LF>`bmpanel crop 2 0, 304, 456, 76, 12, 34<CR><LF>`bmpanel crop 3 0, 160, 300, 32, 12, 116<CR><LF>`bmpanel crop 1 12, 156, 108, 36<CR><LF>`bmpanel crop 1 128, 156, 108, 36<CR><LF>`bmpanel crop 1 244, 156, 108, 36<CR><LF>`bmpanel crop 4 0, 108, 108, 36, 12, 198<CR><LF>`bmpanel crop 4 0, 144, 108, 36, 128, 198<CR><LF>`bmpanel crop 4 0, 180, 108, 36, 244, 198<CR><LF>`bmpanel crop 4 0, 216, 108, 36, 360, 198<CR><LF>`bmpanel crop 5 20, 0, 20, 32, 404, 116<CR><LF>`bmpanel crop 5 20, 0, 20, 32, 424, 116<CR><LF>`bmpanel crop 5 120, 0, 20, 32, 444, 116<CR><LF>`bmpanel update<CR><LF>`bmpanel PC_KEY<CR><LF>`bmpanel PC_MOUSE<CR><LF>`bmpanel PC_KEY<CR><LF>`bmpanel PC_MOUSE<CR><LF>`bmpanel PC_KEY<CR><LF>`bmpanel PC_MOUSE<CR><LF>`bmpanel PC_KEY<CR><LF>`bmpanel PC_MOUSE<CR><LF>`bmpanel PC_KEY<CR><LF>`bmpanel PC_MOUSE<CR><LF>`bmpanel PC_KEY<CR><LF>`bmpanel PC_MOUSE<CR><LF>`bmpanel PC_KEY<CR><LF>`bmpanel PC_MOUSE<CR><LF>`bmpanel PC_KEY<CR><LF>`bmpanel PC_MOUSE<CR><LF>`bmpanel PC_KEY<CR><LF>`bmpanel PC_MOUSE<CR><LF>`bmpanel PC_KEY<CR><LF>`bmpanel PC_MOUSE<CR><LF>`bmpanel PC_KEY<CR><LF>`bmpanel PC_MOUSE<CR><LF>`bmpanel PC_KEY<CR><LF>`bmpanel PC_MOUSE<CR><LF>`bmpanel PC_KEY<CR><LF>`bmpanel PC_MOUSE<CR><LF>`bmpanel PC_KEY<CR><LF>`bmpanel PC_MOUSE<CR><LF>`bmpanel PC_KEY<CR><LF>`bmpanel PC_MOUSE<CR><LF>`bmpanel PC_KEY<CR><LF>`bmpanel PC_MOUSE<CR><LF>`bmpanel PC_KEY<CR><LF>`bmpanel PC_MOUSE<CR><LF>`bmpanel PC_KEY<CR><LF>`bmpanel PC_MOUSE<CR><LF>`bmpanel PC_KEY<CR><LF>`bmpanel PC_MOUSE<CR><LF>`bmpanel crop 2 0, 304, 456, 76, 12, 34<CR><LF>`bmpanel crop 3 0, 160, 300, 32, 12, 116<CR><LF>`bmpanel crop 1 12, 156, 108, 36<CR><LF>`bmpanel crop 1 128, 156, 108, 36<CR><LF>`bmpanel crop 1 244, 156, 108, 36<CR><LF>`bmpanel crop 4 0, 108, 108, 36, 12, 198<CR><LF>`bmpanel crop 4 0, 144, 108, 36, 128, 198<CR><LF>`bmpanel crop 4 0, 180, 108, 36, 244, 198<CR><LF>`bmpanel crop 4 0, 216, 108, 36, 360, 198<CR><LF>`bmpanel crop 5 20, 0, 20, 32, 404, 116<CR><LF>`bmpanel crop 5 20, 0, 20, 32, 424, 116<CR><LF>`bmpanel crop 5 100, 0, 20, 32, 444, 116<CR><LF>`bmpanel update<CR><LF>`bmpanel PC_KEY<CR><LF>`bmpanel PC_MOUSE<CR><LF>`bmpanel PC_KEY<CR><LF>`bmpanel PC_MOUSE<CR><LF>`bmpanel PC_KEY<CR><LF>`bmpanel PC_MOUSE<CR><LF>`bmpanel PC_KEY<CR><LF>`bmpanel PC_MOUSE<CR><LF>`bmpanel PC_KEY<CR><LF>`bmpanel PC_MOUSE<CR><LF>`bmpanel crop 2 0, 304, 456, 76, 12, 34<CR><LF>`bmpanel crop 3 0, 192, 300, 32, 12, 116<CR><LF>`bmpanel crop 1 12, 156, 108, 36<CR><LF>`bmpanel crop 1 128, 156, 108, 36<CR><LF>`bmpanel crop 1 244, 156, 108, 36<CR><LF>`bmpanel crop 4 108, 108, 108, 36, 12, 198<CR><LF>`bmpanel crop 1 128, 198, 108, 36<CR><LF>`bmpanel crop 1 244, 198, 108, 36<CR><LF>`bmpanel crop 1 360, 198, 108, 36<CR><LF>`bmpanel crop 5 200, 0, 20, 32, 404, 116<CR><LF>`bmpanel crop 5 200, 0, 20, 32, 424, 116<CR><LF>`bmpanel crop 5 200, 0, 20, 32, 444, 116<CR><LF>`bmpanel update<CR><LF>Cog0  BM-OPER,seq,10,prompt,FLOOR,event,SHOWN,answer,NONE,input,NONE,wait_ms,0,why,NONE
[2026-09-15T14:28:03.295] Cog0  BM-OPER,seq,11,prompt,FLOOR,event,ANSWER,answer,LEFT,input,MOUSE,wait_ms,5_278,why,NONE
[2026-09-15T14:28:03.297] Cog0  BM-OPER,seq,12,prompt,FLOOR,event,DONE,answer,LEFT,input,NONE,wait_ms,5_280,why,NONE
[2026-09-15T14:28:03.313] Cog0  BM-STRACE,seq,13,tid,1,seg,FLOOR,life,1,motor,BOTH,cause,FLOOR,l_pwr,25,r_pwr,50,dir,50,req_mode,FLOAT,period_us,2_000,decim,10,pre,50,why,NONE
[2026-09-15T14:28:03.317] Cog0  BM-TS,seq,14,tid,1,k,0,lt,FALSE,pos,0,hw,0,i,8,ph,17,d,1_600,e,-13,st,STOPPED,flt,FALSE,up,TRUE,ig,0,o_pos,0,o_hw,0,o_i,0,o_up,TRUE,why,NONE
[2026-09-15T14:28:03.319] Cog0  BM-TS,seq,15,tid,1,k,1,lt,FALSE,pos,0,hw,0,i,16,ph,2_424,d,1_600,e,0,st,SPIN_UP,flt,FALSE,up,TRUE,ig,0,o_pos,0,o_hw,0,o_i,11,o_up,TRUE,why,NONE
[2026-09-15T14:28:03.321] Cog0  BM-TS,seq,16,tid,1,k,2,lt,FALSE,pos,0,hw,0,i,15,ph,2_421,d,1_600,e,0,st,SPIN_UP,flt,FALSE,up,TRUE,ig,0,o_pos,0,o_hw,0,o_i,9,o_up,TRUE,why,NONE
[2026-09-15T14:28:03.322] Cog0  BM-TS,seq,17,tid,1,k,3,lt,FALSE,pos,0,hw,0,i,17,ph,2_424,d,1_600,e,0,st,SPIN_UP,flt,FALSE,up,TRUE,ig,0,o_pos,0,o_hw,0,o_i,9,o_up,TRUE,why,NONE
[2026-09-15T14:28:03.324] Cog0  BM-TS,seq,18,tid,1,k,4,lt,FALSE,pos,0,hw,0,i,16,ph,2_423,d,1_600,e,1,st,SPIN_UP,flt,FALSE,up,TRUE,ig,0,o_pos,0,o_hw,0,o_i,10,o_up,TRUE,why,NONE
[2026-09-15T14:28:03.326] Cog0  BM-TS,seq,19,tid,1,k,5,lt,FALSE,pos,0,hw,0,i,17,ph,2_425,d,1_600,e,2,st,SPIN_UP,flt,FALSE,up,TRUE,ig,0,o_pos,0,o_hw,0,o_i,8,o_up,TRUE,why,NONE
[2026-09-15T14:28:03.328] Cog0  BM-TS,seq,20,tid,1,k,6,lt,FALSE,pos,0,hw,0,i,16,ph,2_432,d,1_600,e,4,st,SPIN_UP,flt,FALSE,up,TRUE,ig,0,o_pos,0,o_hw,0,o_i,8,o_up,TRUE,why,NONE
[2026-09-15T14:28:03.330] Cog0  BM-TS,seq,21,tid,1,k,7,lt,FALSE,pos,0,hw,0,i,16,ph,2_431,d,1_600,e,6,st,SPIN_UP,flt,FALSE,up,TRUE,ig,0,o_pos,0,o_hw,0,o_i,9,o_up,TRUE,why,NONE
[2026-09-15T14:28:03.332] Cog0  BM-TS,seq,22,tid,1,k,8,lt,FALSE,pos,0,hw,0,i,13,ph,2_421,d,1_600,e,9,st,SPIN_UP,flt,FALSE,up,TRUE,ig,0,o_pos,0,o_hw,0,o_i,9,o_up,TRUE,why,NONE
[2026-09-15T14:28:03.334] Cog0  BM-TS,seq,23,tid,1,k,9,lt,FALSE,pos,0,hw,0,i,15,ph,2_427,d,1_600,e,12,st,SPIN_UP,flt,FALSE,up,TRUE,ig,0,o_pos,0,o_hw,0,o_i,8,o_up,TRUE,why,NONE
[2026-09-15T14:28:03.335] Cog0  BM-TS,seq,24,tid,1,k,10,lt,FALSE,pos,0,hw,0,i,14,ph,2_426,d,1_600,e,17,st,SPIN_UP,flt,FALSE,up,TRUE,ig,0,o_pos,0,o_hw,0,o_i,8,o_up,TRUE,why,NONE
[2026-09-15T14:28:03.337] Cog0  BM-TS,seq,25,tid,1,k,11,lt,FALSE,pos,0,hw,0,i,14,ph,2_410,d,1_600,e,22,st,SPIN_UP,flt,FALSE,up,TRUE,ig,0,o_pos,0,o_hw,0,o_i,8,o_up,TRUE,why,NONE
[2026-09-15T14:28:03.339] Cog0  BM-TS,seq,26,tid,1,k,12,lt,FALSE,pos,0,hw,0,i,16,ph,2_402,d,1_600,e,28,st,SPIN_UP,flt,FALSE,up,TRUE,ig,0,o_pos,0,o_hw,0,o_i,7,o_up,TRUE,why,NONE
[2026-09-15T14:28:03.341] Cog0  BM-TS,seq,27,tid,1,k,13,lt,FALSE,pos,0,hw,0,i,14,ph,2_392,d,1_600,e,35,st,SPIN_UP,flt,FALSE,up,TRUE,ig,0,o_pos,0,o_hw,0,o_i,9,o_up,TRUE,why,NONE
[2026-09-15T14:28:03.343] Cog0  BM-TS,seq,28,tid,1,k,14,lt,FALSE,pos,0,hw,0,i,14,ph,2_389,d,1_600,e,43,st,SPIN_UP,flt,FALSE,up,TRUE,ig,0,o_pos,0,o_hw,0,o_i,7,o_up,TRUE,why,NONE
[2026-09-15T14:28:03.344] Cog0  BM-TS,seq,29,tid,1,k,15,lt,FALSE,pos,1,hw,1,i,16,ph,2_390,d,1_600,e,9,st,SPIN_UP,flt,FALSE,up,TRUE,ig,0,o_pos,-1,o_hw,-1,o_i,8,o_up,TRUE,why,NONE
[2026-09-15T14:28:03.346] Cog0  BM-TS,seq,30,tid,1,k,16,lt,FALSE,pos,1,hw,1,i,15,ph,2_408,d,1_600,e,20,st,SPIN_UP,flt,FALSE,up,TRUE,ig,0,o_pos,-1,o_hw,-1,o_i,9,o_up,TRUE,why,NONE
[2026-09-15T14:28:03.348] Cog0  BM-TS,seq,31,tid,1,k,17,lt,FALSE,pos,1,hw,1,i,15,ph,2_435,d,1_600,e,31,st,SPIN_UP,flt,FALSE,up,TRUE,ig,0,o_pos,-1,o_hw,-1,o_i,9,o_up,TRUE,why,NONE
[2026-09-15T14:28:03.350] Cog0  BM-TS,seq,32,tid,1,k,18,lt,FALSE,pos,1,hw,1,i,12,ph,2_445,d,1_600,e,44,st,SPIN_UP,flt,FALSE,up,TRUE,ig,0,o_pos,-1,o_hw,-1,o_i,5,o_up,TRUE,why,NONE
[2026-09-15T14:28:03.352] Cog0  BM-TS,seq,33,tid,1,k,19,lt,FALSE,pos,1,hw,1,i,11,ph,2_428,d,1_737,e,59,st,SPIN_UP,flt,FALSE,up,TRUE,ig,0,o_pos,-1,o_hw,-1,o_i,5,o_up,TRUE,why,NONE
[2026-09-15T14:28:03.354] Cog0  BM-TS,seq,34,tid,1,k,20,lt,FALSE,pos,2,hw,2,i,13,ph,2_391,d,1_600,e,32,st,SPIN_UP,flt,FALSE,up,TRUE,ig,0,o_pos,-2,o_hw,-2,o_i,8,o_up,TRUE,why,NONE
[2026-09-15T14:28:03.356] Cog0  BM-TS,seq,35,tid,1,k,21,lt,FALSE,pos,2,hw,2,i,10,ph,2_362,d,1_600,e,50,st,SPIN_UP,flt,FALSE,up,TRUE,ig,0,o_pos,-2,o_hw,-2,o_i,4,o_up,TRUE,why,NONE
[2026-09-15T14:28:03.358] Cog0  BM-TS,seq,36,tid,1,k,22,lt,FALSE,pos,3,hw,3,i,16,ph,2_422,d,2_089,e,26,st,SPIN_UP,flt,FALSE,up,TRUE,ig,0,o_pos,-2,o_hw,-2,o_i,8,o_up,TRUE,why,NONE
[2026-09-15T14:28:03.359] Cog0  BM-TS,seq,37,tid,1,k,23,lt,FALSE,pos,3,hw,3,i,10,ph,2_447,d,1_600,e,47,st,SPIN_UP,flt,FALSE,up,TRUE,ig,0,o_pos,-3,o_hw,-3,o_i,7,o_up,TRUE,why,NONE
[2026-09-15T14:28:03.361] Cog0  BM-TS,seq,38,tid,1,k,24,lt,FALSE,pos,3,hw,3,i,13,ph,2_410,d,2_112,e,70,st,SPIN_UP,flt,FALSE,up,TRUE,ig,0,o_pos,-3,o_hw,-3,o_i,15,o_up,TRUE,why,NONE
[2026-09-15T14:28:03.363] Cog0  BM-TS,seq,39,tid,1,k,25,lt,FALSE,pos,4,hw,4,i,15,ph,2_350,d,2_589,e,52,st,SPIN_UP,flt,FALSE,up,TRUE,ig,0,o_pos,-4,o_hw,-4,o_i,8,o_up,TRUE,why,NONE
[2026-09-15T14:28:03.365] Cog0  BM-TS,seq,40,tid,1,k,26,lt,FALSE,pos,5,hw,5,i,21,ph,2_452,d,3_184,e,36,st,SPIN_UP,flt,FALSE,up,TRUE,ig,0,o_pos,-5,o_hw,-5,o_i,13,o_up,TRUE,why,NONE
[2026-09-15T14:28:03.367] Cog0  BM-TS,seq,41,tid,1,k,27,lt,FALSE,pos,5,hw,5,i,21,ph,2_446,d,3_226,e,65,st,SPIN_UP,flt,FALSE,up,TRUE,ig,0,o_pos,-5,o_hw,-5,o_i,12,o_up,TRUE,why,NONE
[2026-09-15T14:28:03.369] Cog0  BM-TS,seq,42,tid,1,k,28,lt,FALSE,pos,6,hw,6,i,17,ph,2_329,d,2_660,e,52,st,SPIN_UP,flt,FALSE,up,TRUE,ig,0,o_pos,-6,o_hw,-6,o_i,13,o_up,TRUE,why,NONE
[2026-09-15T14:28:03.371] Cog0  BM-TS,seq,43,tid,1,k,29,lt,FALSE,pos,7,hw,7,i,14,ph,2_445,d,2_455,e,42,st,SPIN_UP,flt,FALSE,up,TRUE,ig,0,o_pos,-7,o_hw,-7,o_i,15,o_up,TRUE,why,NONE
[2026-09-15T14:28:03.373] Cog0  BM-TS,seq,44,tid,1,k,30,lt,FALSE,pos,8,hw,8,i,17,ph,2_377,d,3_096,e,34,st,SPIN_UP,flt,FALSE,up,TRUE,ig,0,o_pos,-8,o_hw,-8,o_i,23,o_up,TRUE,why,NONE
[2026-09-15T14:28:03.374] Cog0  BM-TS,seq,45,tid,1,k,31,lt,FALSE,pos,8,hw,8,i,17,ph,2_423,d,3_329,e,72,st,SPIN_UP,flt,FALSE,up,TRUE,ig,0,o_pos,-9,o_hw,-9,o_i,28,o_up,TRUE,why,NONE
[2026-09-15T14:28:03.376] Cog0  BM-TS,seq,46,tid,1,k,32,lt,FALSE,pos,9,hw,9,i,19,ph,2_427,d,3_767,e,69,st,SPIN_UP,flt,FALSE,up,TRUE,ig,0,o_pos,-9,o_hw,-9,o_i,27,o_up,TRUE,why,NONE
[2026-09-15T14:28:03.378] Cog0  BM-TS,seq,47,tid,1,k,33,lt,FALSE,pos,10,hw,10,i,25,ph,2_383,d,4_145,e,68,st,SPIN_UP,flt,FALSE,up,TRUE,ig,0,o_pos,-10,o_hw,-10,o_i,28,o_up,TRUE,why,NONE
[2026-09-15T14:28:03.380] Cog0  BM-TS,seq,48,tid,1,k,34,lt,FALSE,pos,12,hw,12,i,34,ph,2_416,d,4_215,e,27,st,SPIN_UP,flt,FALSE,up,TRUE,ig,0,o_pos,-11,o_hw,-11,o_i,31,o_up,TRUE,why,NONE
[2026-09-15T14:28:03.382] Cog0  BM-TS,seq,49,tid,1,k,35,lt,FALSE,pos,13,hw,13,i,33,ph,2_437,d,4_186,e,33,st,SPIN_UP,flt,FALSE,up,TRUE,ig,0,o_pos,-12,o_hw,-12,o_i,35,o_up,TRUE,why,NONE
[2026-09-15T14:28:03.384] Cog0  BM-TS,seq,50,tid,1,k,36,lt,FALSE,pos,14,hw,14,i,29,ph,2_347,d,4_144,e,40,st,SPIN_UP,flt,FALSE,up,TRUE,ig,0,o_pos,-14,o_hw,-14,o_i,36,o_up,TRUE,why,NONE
[2026-09-15T14:28:03.386] Cog0  BM-TS,seq,51,tid,1,k,37,lt,FALSE,pos,15,hw,15,i,28,ph,2_524,d,4_267,e,50,st,SPIN_UP,flt,FALSE,up,TRUE,ig,0,o_pos,-15,o_hw,-15,o_i,39,o_up,TRUE,why,NONE
[2026-09-15T14:28:03.388] Cog0  BM-TS,seq,52,tid,1,k,38,lt,FALSE,pos,16,hw,16,i,31,ph,2_350,d,4_690,e,62,st,SPIN_UP,flt,FALSE,up,TRUE,ig,0,o_pos,-16,o_hw,-16,o_i,47,o_up,TRUE,why,NONE
[2026-09-15T14:28:03.390] Cog0  BM-TS,seq,53,tid,1,k,39,lt,FALSE,pos,18,hw,18,i,29,ph,2_341,d,5_102,e,36,st,SPIN_UP,flt,FALSE,up,TRUE,ig,0,o_pos,-18,o_hw,-18,o_i,51,o_up,TRUE,why,NONE
[2026-09-15T14:28:03.392] Cog0  BM-TS,seq,54,tid,1,k,40,lt,FALSE,pos,19,hw,19,i,36,ph,2_527,d,5_252,e,55,st,SPIN_UP,flt,FALSE,up,TRUE,ig,0,o_pos,-19,o_hw,-19,o_i,51,o_up,TRUE,why,NONE
[2026-09-15T14:28:03.394] Cog0  BM-TS,seq,55,tid,1,k,41,lt,FALSE,pos,21,hw,21,i,42,ph,2_435,d,5_595,e,33,st,SPIN_UP,flt,FALSE,up,TRUE,ig,0,o_pos,-21,o_hw,-21,o_i,59,o_up,TRUE,why,NONE
[2026-09-15T14:28:03.396] Cog0  BM-TS,seq,56,tid,1,k,42,lt,FALSE,pos,22,hw,22,i,42,ph,2_302,d,5_667,e,58,st,SPIN_UP,flt,FALSE,up,TRUE,ig,0,o_pos,-22,o_hw,-22,o_i,57,o_up,TRUE,why,NONE
[2026-09-15T14:28:03.398] Cog0  BM-TS,seq,57,tid,1,k,43,lt,FALSE,pos,24,hw,24,i,40,ph,2_284,d,5_983,e,45,st,SPIN_UP,flt,FALSE,up,TRUE,ig,0,o_pos,-24,o_hw,-24,o_i,62,o_up,TRUE,why,NONE
[2026-09-15T14:28:03.400] Cog0  BM-TS,seq,58,tid,1,k,44,lt,FALSE,pos,26,hw,26,i,51,ph,2_356,d,6_427,e,33,st,SPIN_UP,flt,FALSE,up,TRUE,ig,0,o_pos,-26,o_hw,-26,o_i,74,o_up,TRUE,why,NONE
[2026-09-15T14:28:03.402] Cog0  BM-TS,seq,59,tid,1,k,45,lt,FALSE,pos,27,hw,27,i,56,ph,2_454,d,6_584,e,67,st,SPIN_UP,flt,FALSE,up,TRUE,ig,0,o_pos,-27,o_hw,-27,o_i,84,o_up,TRUE,why,NONE
[2026-09-15T14:28:03.404] Cog0  BM-TS,seq,60,tid,1,k,46,lt,FALSE,pos,29,hw,29,i,62,ph,2_514,d,6_823,e,62,st,AT_SPEED,flt,FALSE,up,TRUE,ig,0,o_pos,-29,o_hw,-29,o_i,95,o_up,TRUE,why,NONE
[2026-09-15T14:28:03.405] Cog0  BM-TS,seq,61,tid,1,k,47,lt,FALSE,pos,31,hw,31,i,64,ph,2_527,d,6_915,e,58,st,AT_SPEED,flt,FALSE,up,TRUE,ig,0,o_pos,-31,o_hw,-31,o_i,93,o_up,TRUE,why,NONE
[2026-09-15T14:28:03.407] Cog0  BM-TS,seq,62,tid,1,k,48,lt,FALSE,pos,33,hw,33,i,72,ph,2_578,d,7_104,e,54,st,AT_SPEED,flt,FALSE,up,TRUE,ig,0,o_pos,-33,o_hw,-33,o_i,96,o_up,TRUE,why,NONE
[2026-09-15T14:28:03.409] Cog0  BM-TS,seq,63,tid,1,k,49,lt,FALSE,pos,35,hw,35,i,84,ph,2_581,d,7_225,e,51,st,AT_SPEED,flt,FALSE,up,TRUE,ig,0,o_pos,-35,o_hw,-35,o_i,116,o_up,TRUE,why,NONE
[2026-09-15T14:28:03.411] Cog0  BM-TS,seq,64,tid,1,k,50,lt,FALSE,pos,37,hw,37,i,85,ph,2_552,d,7_251,e,49,st,AT_SPEED,flt,FALSE,up,TRUE,ig,0,o_pos,-38,o_hw,-38,o_i,122,o_up,TRUE,why,NONE
[2026-09-15T14:28:03.413] Cog0  BM-TS,seq,65,tid,1,k,51,lt,FALSE,pos,39,hw,39,i,83,ph,2_547,d,7_232,e,46,st,AT_SPEED,flt,FALSE,up,TRUE,ig,0,o_pos,-40,o_hw,-40,o_i,116,o_up,TRUE,why,NONE
[2026-09-15T14:28:03.415] Cog0  BM-TS,seq,66,tid,1,k,52,lt,FALSE,pos,41,hw,41,i,82,ph,2_513,d,7_225,e,42,st,AT_SPEED,flt,FALSE,up,TRUE,ig,0,o_pos,-42,o_hw,-42,o_i,144,o_up,TRUE,why,NONE
[2026-09-15T14:28:03.417] Cog0  BM-TS,seq,67,tid,1,k,53,lt,FALSE,pos,43,hw,43,i,86,ph,2_467,d,7_264,e,38,st,AT_SPEED,flt,FALSE,up,TRUE,ig,0,o_pos,-45,o_hw,-45,o_i,153,o_up,TRUE,why,NONE
[2026-09-15T14:28:03.419] Cog0  BM-TS,seq,68,tid,1,k,54,lt,FALSE,pos,45,hw,45,i,89,ph,2_465,d,7_297,e,37,st,AT_SPEED,flt,FALSE,up,TRUE,ig,0,o_pos,-47,o_hw,-47,o_i,174,o_up,TRUE,why,NONE
[2026-09-15T14:28:03.421] Cog0  BM-TS,seq,69,tid,1,k,55,lt,FALSE,pos,47,hw,47,i,93,ph,2_446,d,7_306,e,33,st,AT_SPEED,flt,FALSE,up,TRUE,ig,0,o_pos,-50,o_hw,-50,o_i,159,o_up,TRUE,why,NONE
[2026-09-15T14:28:03.423] Cog0  BM-TS,seq,70,tid,1,k,56,lt,FALSE,pos,49,hw,49,i,96,ph,2_404,d,7_342,e,29,st,AT_SPEED,flt,FALSE,up,TRUE,ig,0,o_pos,-53,o_hw,-53,o_i,184,o_up,TRUE,why,NONE
[2026-09-15T14:28:03.425] Cog0  BM-TS,seq,71,tid,1,k,57,lt,FALSE,pos,50,hw,50,i,94,ph,2_360,d,7_330,e,68,st,AT_SPEED,flt,FALSE,up,TRUE,ig,0,o_pos,-56,o_hw,-56,o_i,213,o_up,TRUE,why,NONE
[2026-09-15T14:28:03.427] Cog0  BM-TS,seq,72,tid,1,k,58,lt,FALSE,pos,52,hw,52,i,88,ph,2_335,d,7_283,e,67,st,AT_SPEED,flt,FALSE,up,TRUE,ig,0,o_pos,-59,o_hw,-59,o_i,223,o_up,TRUE,why,NONE
[2026-09-15T14:28:03.429] Cog0  BM-TS,seq,73,tid,1,k,59,lt,FALSE,pos,54,hw,54,i,81,ph,2_291,d,7_258,e,63,st,AT_SPEED,flt,FALSE,up,TRUE,ig,0,o_pos,-62,o_hw,-62,o_i,227,o_up,TRUE,why,NONE
[2026-09-15T14:28:03.431] Cog0  BM-TS,seq,74,tid,1,k,60,lt,FALSE,pos,56,hw,56,i,85,ph,2_262,d,7_284,e,59,st,AT_SPEED,flt,FALSE,up,TRUE,ig,0,o_pos,-65,o_hw,-65,o_i,246,o_up,TRUE,why,NONE
[2026-09-15T14:28:03.433] Cog0  BM-TS,seq,75,tid,1,k,61,lt,FALSE,pos,58,hw,58,i,88,ph,2_239,d,7_206,e,56,st,AT_SPEED,flt,FALSE,up,TRUE,ig,0,o_pos,-68,o_hw,-68,o_i,294,o_up,TRUE,why,NONE
[2026-09-15T14:28:03.435] Cog0  BM-TS,seq,76,tid,1,k,62,lt,FALSE,pos,60,hw,60,i,78,ph,2_217,d,7_114,e,54,st,AT_SPEED,flt,FALSE,up,TRUE,ig,0,o_pos,-72,o_hw,-72,o_i,283,o_up,TRUE,why,NONE
[2026-09-15T14:28:03.437] Cog0  BM-TS,seq,77,tid,1,k,63,lt,FALSE,pos,62,hw,62,i,74,ph,2_205,d,7_126,e,50,st,AT_SPEED,flt,FALSE,up,TRUE,ig,0,o_pos,-75,o_hw,-75,o_i,285,o_up,TRUE,why,NONE
[2026-09-15T14:28:03.439] Cog0  BM-TS,seq,78,tid,1,k,64,lt,FALSE,pos,64,hw,64,i,76,ph,2_239,d,7_165,e,47,st,AT_SPEED,flt,FALSE,up,TRUE,ig,0,o_pos,-79,o_hw,-79,o_i,314,o_up,TRUE,why,NONE
[2026-09-15T14:28:03.441] Cog0  BM-TS,seq,79,tid,1,k,65,lt,FALSE,pos,66,hw,66,i,78,ph,2_248,d,7_170,e,45,st,AT_SPEED,flt,FALSE,up,TRUE,ig,0,o_pos,-83,o_hw,-83,o_i,377,o_up,TRUE,why,NONE
[2026-09-15T14:28:03.443] Cog0  BM-TS,seq,80,tid,1,k,66,lt,FALSE,pos,68,hw,68,i,76,ph,2_263,d,7_150,e,42,st,AT_SPEED,flt,FALSE,up,TRUE,ig,0,o_pos,-86,o_hw,-86,o_i,450,o_up,TRUE,why,NONE
[2026-09-15T14:28:03.444] Cog0  BM-TS,seq,81,tid,1,k,67,lt,FALSE,pos,70,hw,70,i,79,ph,2_300,d,7_191,e,38,st,AT_SPEED,flt,FALSE,up,TRUE,ig,0,o_pos,-90,o_hw,-90,o_i,415,o_up,TRUE,why,NONE
[2026-09-15T14:28:03.447] Cog0  BM-TS,seq,82,tid,1,k,68,lt,FALSE,pos,72,hw,72,i,82,ph,2_330,d,7_202,e,34,st,AT_SPEED,flt,FALSE,up,TRUE,ig,0,o_pos,-94,o_hw,-94,o_i,460,o_up,TRUE,why,NONE
[2026-09-15T14:28:03.448] Cog0  BM-TS,seq,83,tid,1,k,69,lt,FALSE,pos,74,hw,74,i,82,ph,2_323,d,7_277,e,33,st,AT_SPEED,flt,FALSE,up,TRUE,ig,0,o_pos,-98,o_hw,-98,o_i,555,o_up,TRUE,why,NONE
[2026-09-15T14:28:03.450] Cog0  BM-TS,seq,84,tid,1,k,70,lt,FALSE,pos,76,hw,76,i,82,ph,2_376,d,7_332,e,29,st,AT_SPEED,flt,FALSE,up,TRUE,ig,0,o_pos,-102,o_hw,-102,o_i,554,o_up,TRUE,why,NONE
[2026-09-15T14:28:03.453] Cog0  BM-TS,seq,85,tid,1,k,71,lt,FALSE,pos,78,hw,78,i,84,ph,2_405,d,7_350,e,25,st,AT_SPEED,flt,FALSE,up,TRUE,ig,0,o_pos,-106,o_hw,-106,o_i,596,o_up,TRUE,why,NONE
[2026-09-15T14:28:03.454] Cog0  BM-TS,seq,86,tid,1,k,72,lt,FALSE,pos,79,hw,79,i,81,ph,2_436,d,7_282,e,64,st,AT_SPEED,flt,FALSE,up,TRUE,ig,0,o_pos,-110,o_hw,-110,o_i,666,o_up,TRUE,why,NONE
[2026-09-15T14:28:03.456] Cog0  BM-TS,seq,87,tid,1,k,73,lt,FALSE,pos,81,hw,81,i,77,ph,2_469,d,7_179,e,63,st,AT_SPEED,flt,FALSE,up,TRUE,ig,0,o_pos,-114,o_hw,-114,o_i,669,o_up,TRUE,why,NONE
[2026-09-15T14:28:03.458] Cog0  BM-TS,seq,88,tid,1,k,74,lt,FALSE,pos,83,hw,83,i,68,ph,2_490,d,7_206,e,59,st,AT_SPEED,flt,FALSE,up,TRUE,ig,0,o_pos,-118,o_hw,-118,o_i,675,o_up,TRUE,why,NONE
[2026-09-15T14:28:03.460] Cog0  BM-TS,seq,89,tid,1,k,75,lt,FALSE,pos,85,hw,85,i,73,ph,2_504,d,7_228,e,55,st,AT_SPEED,flt,FALSE,up,TRUE,ig,0,o_pos,-122,o_hw,-122,o_i,733,o_up,TRUE,why,NONE
[2026-09-15T14:28:03.462] Cog0  BM-TS,seq,90,tid,1,k,76,lt,FALSE,pos,87,hw,87,i,74,ph,2_549,d,7_216,e,52,st,AT_SPEED,flt,FALSE,up,TRUE,ig,0,o_pos,-126,o_hw,-126,o_i,767,o_up,TRUE,why,NONE
[2026-09-15T14:28:03.464] Cog0  BM-TS,seq,91,tid,1,k,77,lt,FALSE,pos,89,hw,89,i,74,ph,2_540,d,7_230,e,50,st,AT_SPEED,flt,FALSE,up,TRUE,ig,0,o_pos,-129,o_hw,-129,o_i,762,o_up,TRUE,why,NONE
[2026-09-15T14:28:03.466] Cog0  BM-TS,seq,92,tid,1,k,78,lt,FALSE,pos,91,hw,91,i,75,ph,2_500,d,7_277,e,46,st,AT_SPEED,flt,FALSE,up,TRUE,ig,0,o_pos,-133,o_hw,-133,o_i,725,o_up,TRUE,why,NONE
[2026-09-15T14:28:03.468] Cog0  BM-TS,seq,93,tid,1,k,79,lt,FALSE,pos,93,hw,93,i,76,ph,2_478,d,7_253,e,43,st,AT_SPEED,flt,FALSE,up,TRUE,ig,0,o_pos,-137,o_hw,-137,o_i,751,o_up,TRUE,why,NONE
[2026-09-15T14:28:03.470] Cog0  BM-TS,seq,94,tid,1,k,80,lt,FALSE,pos,95,hw,95,i,82,ph,2_448,d,7_290,e,39,st,AT_SPEED,flt,FALSE,up,TRUE,ig,0,o_pos,-141,o_hw,-141,o_i,805,o_up,TRUE,why,NONE
[2026-09-15T14:28:03.472] Cog0  BM-TS,seq,95,tid,1,k,81,lt,FALSE,pos,97,hw,97,i,76,ph,2_418,d,7_296,e,38,st,AT_SPEED,flt,FALSE,up,TRUE,ig,0,o_pos,-145,o_hw,-145,o_i,760,o_up,TRUE,why,NONE
[2026-09-15T14:28:03.474] Cog0  BM-TS,seq,96,tid,1,k,82,lt,FALSE,pos,99,hw,99,i,79,ph,2_392,d,7_346,e,34,st,AT_SPEED,flt,FALSE,up,TRUE,ig,0,o_pos,-149,o_hw,-149,o_i,780,o_up,TRUE,why,NONE
[2026-09-15T14:28:03.476] Cog0  BM-TS,seq,97,tid,1,k,83,lt,FALSE,pos,101,hw,101,i,84,ph,2_366,d,7_400,e,30,st,AT_SPEED,flt,FALSE,up,TRUE,ig,0,o_pos,-153,o_hw,-153,o_i,802,o_up,TRUE,why,NONE
[2026-09-15T14:28:03.478] Cog0  BM-TS,seq,98,tid,1,k,84,lt,FALSE,pos,102,hw,102,i,85,ph,2_314,d,7_390,e,71,st,AT_SPEED,flt,FALSE,up,TRUE,ig,0,o_pos,-157,o_hw,-157,o_i,832,o_up,TRUE,why,NONE
[2026-09-15T14:28:03.480] Cog0  BM-TS,seq,99,tid,1,k,85,lt,FALSE,pos,104,hw,104,i,87,ph,2_297,d,7_466,e,68,st,AT_SPEED,flt,FALSE,up,TRUE,ig,0,o_pos,-161,o_hw,-161,o_i,811,o_up,TRUE,why,NONE
[2026-09-15T14:28:03.482] Cog0  BM-TS,seq,100,tid,1,k,86,lt,FALSE,pos,106,hw,106,i,90,ph,2_258,d,7_450,e,64,st,AT_SPEED,flt,FALSE,up,TRUE,ig,0,o_pos,-165,o_hw,-165,o_i,841,o_up,TRUE,why,NONE
[2026-09-15T14:28:03.484] Cog0  BM-TS,seq,101,tid,1,k,87,lt,FALSE,pos,108,hw,108,i,85,ph,2_220,d,7_362,e,60,st,AT_SPEED,flt,FALSE,up,TRUE,ig,0,o_pos,-169,o_hw,-169,o_i,879,o_up,TRUE,why,NONE
[2026-09-15T14:28:03.486] Cog0  BM-TS,seq,102,tid,1,k,88,lt,FALSE,pos,110,hw,110,i,81,ph,2_184,d,7_358,e,59,st,AT_SPEED,flt,FALSE,up,TRUE,ig,0,o_pos,-172,o_hw,-172,o_i,909,o_up,TRUE,why,NONE
[2026-09-15T14:28:03.488] Cog0  BM-TS,seq,103,tid,1,k,89,lt,FALSE,pos,112,hw,112,i,77,ph,2_177,d,7_365,e,55,st,AT_SPEED,flt,FALSE,up,TRUE,ig,0,o_pos,-176,o_hw,-176,o_i,849,o_up,TRUE,why,NONE
[2026-09-15T14:28:03.490] Cog0  BM-TS,seq,104,tid,1,k,90,lt,FALSE,pos,114,hw,114,i,79,ph,2_143,d,7_383,e,51,st,AT_SPEED,flt,FALSE,up,TRUE,ig,0,o_pos,-180,o_hw,-180,o_i,861,o_up,TRUE,why,NONE
[2026-09-15T14:28:03.493] Cog0  BM-TS,seq,105,tid,1,k,91,lt,FALSE,pos,116,hw,116,i,84,ph,2_172,d,7_376,e,48,st,AT_SPEED,flt,FALSE,up,TRUE,ig,0,o_pos,-184,o_hw,-184,o_i,886,o_up,TRUE,why,NONE
[2026-09-15T14:28:03.494] Cog0  BM-TS,seq,106,tid,1,k,92,lt,FALSE,pos,118,hw,118,i,85,ph,2_205,d,7_353,e,46,st,AT_SPEED,flt,FALSE,up,TRUE,ig,0,o_pos,-188,o_hw,-188,o_i,904,o_up,TRUE,why,NONE
[2026-09-15T14:28:03.496] Cog0  BM-TS,seq,107,tid,1,k,93,lt,FALSE,pos,120,hw,120,i,80,ph,2_219,d,7_363,e,42,st,AT_SPEED,flt,FALSE,up,TRUE,ig,0,o_pos,-192,o_hw,-192,o_i,865,o_up,TRUE,why,NONE
[2026-09-15T14:28:03.499] Cog0  BM-TS,seq,108,tid,1,k,94,lt,FALSE,pos,122,hw,122,i,83,ph,2_241,d,7_387,e,39,st,AT_SPEED,flt,FALSE,up,TRUE,ig,0,o_pos,-196,o_hw,-196,o_i,870,o_up,TRUE,why,NONE
[2026-09-15T14:28:03.500] Cog0  BM-TS,seq,109,tid,1,k,95,lt,FALSE,pos,124,hw,124,i,84,ph,2_281,d,7_420,e,35,st,AT_SPEED,flt,FALSE,up,TRUE,ig,0,o_pos,-200,o_hw,-200,o_i,939,o_up,TRUE,why,NONE
[2026-09-15T14:28:03.503] Cog0  BM-TS,seq,110,tid,1,k,96,lt,FALSE,pos,126,hw,126,i,86,ph,2_287,d,7_483,e,34,st,AT_SPEED,flt,FALSE,up,TRUE,ig,0,o_pos,-204,o_hw,-204,o_i,897,o_up,TRUE,why,NONE
[2026-09-15T14:28:03.505] Cog0  BM-TS,seq,111,tid,1,k,97,lt,FALSE,pos,128,hw,128,i,89,ph,2_324,d,7_507,e,30,st,AT_SPEED,flt,FALSE,up,TRUE,ig,0,o_pos,-208,o_hw,-208,o_i,892,o_up,TRUE,why,NONE
[2026-09-15T14:28:03.507] Cog0  BM-TS,seq,112,tid,1,k,98,lt,FALSE,pos,130,hw,130,i,94,ph,2_368,d,7_491,e,26,st,AT_SPEED,flt,FALSE,up,TRUE,ig,0,o_pos,-211,o_hw,-211,o_i,931,o_up,TRUE,why,NONE
[2026-09-15T14:28:03.509] Cog0  BM-TS,seq,113,tid,1,k,99,lt,FALSE,pos,131,hw,131,i,89,ph,2_413,d,7_433,e,65,st,AT_SPEED,flt,FALSE,up,TRUE,ig,0,o_pos,-215,o_hw,-215,o_i,941,o_up,TRUE,why,NONE
[2026-09-15T14:28:03.511] Cog0  BM-TS,seq,114,tid,1,k,100,lt,FALSE,pos,133,hw,133,i,84,ph,2_424,d,7_413,e,64,st,AT_SPEED,flt,FALSE,up,TRUE,ig,0,o_pos,-219,o_hw,-219,o_i,904,o_up,TRUE,why,NONE
[2026-09-15T14:28:03.513] Cog0  BM-TS,seq,115,tid,1,k,101,lt,FALSE,pos,135,hw,135,i,81,ph,2_474,d,7_369,e,60,st,SPIN_DN,flt,FALSE,up,TRUE,ig,0,o_pos,-223,o_hw,-223,o_i,854,o_up,TRUE,why,NONE
[2026-09-15T14:28:03.515] Cog0  BM-TS,seq,116,tid,1,k,102,lt,FALSE,pos,137,hw,137,i,85,ph,2_499,d,7_290,e,54,st,SPIN_DN,flt,FALSE,up,TRUE,ig,0,o_pos,-227,o_hw,-227,o_i,925,o_up,TRUE,why,NONE
[2026-09-15T14:28:03.517] Cog0  BM-TS,seq,117,tid,1,k,103,lt,FALSE,pos,139,hw,139,i,99,ph,2_444,d,7_093,e,45,st,SPIN_DN,flt,FALSE,up,TRUE,ig,0,o_pos,-231,o_hw,-231,o_i,996,o_up,TRUE,why,NONE
[2026-09-15T14:28:03.517] Cog0  BM-TS,seq,118,tid,1,k,104,lt,FALSE,pos,141,hw,141,i,103,ph,2_340,d,6_916,e,30,st,SPIN_DN,flt,FALSE,up,TRUE,ig,0,o_pos,-234,o_hw,-234,o_i,1_026,o_up,TRUE,why,NONE
[2026-09-15T14:28:03.521] Cog0  BM-TS,seq,119,tid,1,k,105,lt,FALSE,pos,142,hw,142,i,96,ph,2_178,d,6_560,e,53,st,SPIN_DN,flt,FALSE,up,TRUE,ig,0,o_pos,-238,o_hw,-238,o_i,1_043,o_up,TRUE,why,NONE
[2026-09-15T14:28:03.523] Cog0  BM-TS,seq,120,tid,1,k,106,lt,FALSE,pos,144,hw,144,i,93,ph,2_313,d,6_262,e,29,st,SPIN_DN,flt,FALSE,up,TRUE,ig,0,o_pos,-241,o_hw,-241,o_i,1_124,o_up,TRUE,why,NONE
[2026-09-15T14:28:03.525] Cog0  BM-TS,seq,121,tid,1,k,107,lt,FALSE,pos,145,hw,145,i,83,ph,2_434,d,5_844,e,46,st,SPIN_DN,flt,FALSE,up,TRUE,ig,0,o_pos,-245,o_hw,-245,o_i,1_110,o_up,TRUE,why,NONE
[2026-09-15T14:28:03.527] Cog0  BM-TS,seq,122,tid,1,k,108,lt,FALSE,pos,146,hw,146,i,73,ph,2_218,d,5_524,e,56,st,SPIN_DN,flt,FALSE,up,TRUE,ig,0,o_pos,-248,o_hw,-248,o_i,1_101,o_up,TRUE,why,NONE
[2026-09-15T14:28:03.529] Cog0  BM-TS,seq,123,tid,1,k,109,lt,FALSE,pos,148,hw,148,i,68,ph,2_385,d,5_124,e,19,st,SPIN_DN,flt,FALSE,up,TRUE,ig,0,o_pos,-251,o_hw,-251,o_i,1_129,o_up,TRUE,why,NONE
[2026-09-15T14:28:03.531] Cog0  BM-TS,seq,124,tid,1,k,110,lt,FALSE,pos,149,hw,149,i,55,ph,2_291,d,4_635,e,21,st,SPIN_DN,flt,FALSE,up,TRUE,ig,0,o_pos,-254,o_hw,-254,o_i,1_140,o_up,TRUE,why,NONE
[2026-09-15T14:28:03.533] Cog0  BM-TS,seq,125,tid,1,k,111,lt,FALSE,pos,150,hw,150,i,44,ph,2_376,d,4_139,e,19,st,SPIN_DN,flt,FALSE,up,TRUE,ig,0,o_pos,-257,o_hw,-257,o_i,1_111,o_up,TRUE,why,NONE
[2026-09-15T14:28:03.535] Cog0  BM-TS,seq,126,tid,1,k,112,lt,FALSE,pos,150,hw,150,i,28,ph,2_247,d,3_591,e,55,st,SPIN_DN,flt,FALSE,up,TRUE,ig,0,o_pos,-260,o_hw,-260,o_i,1_050,o_up,TRUE,why,NONE
[2026-09-15T14:28:03.537] Cog0  BM-TS,seq,127,tid,1,k,113,lt,FALSE,pos,151,hw,151,i,10,ph,2_391,d,2_933,e,43,st,SPIN_DN,flt,FALSE,up,TRUE,ig,0,o_pos,-263,o_hw,-263,o_i,1_039,o_up,TRUE,why,NONE
[2026-09-15T14:28:03.539] Cog0  BM-TS,seq,128,tid,1,k,114,lt,FALSE,pos,152,hw,152,i,12,ph,2_334,d,2_679,e,28,st,SPIN_DN,flt,FALSE,up,TRUE,ig,0,o_pos,-265,o_hw,-265,o_i,1_045,o_up,TRUE,why,NONE
[2026-09-15T14:28:03.541] Cog0  BM-TS,seq,129,tid,1,k,115,lt,FALSE,pos,152,hw,152,i,6,ph,2_290,d,2_172,e,51,st,SPIN_DN,flt,FALSE,up,TRUE,ig,0,o_pos,-268,o_hw,-268,o_i,970,o_up,TRUE,why,NONE
[2026-09-15T14:28:03.543] Cog0  BM-TS,seq,130,tid,1,k,116,lt,FALSE,pos,153,hw,153,i,1,ph,2_342,d,1_714,e,27,st,SPIN_DN,flt,FALSE,up,TRUE,ig,0,o_pos,-270,o_hw,-270,o_i,942,o_up,TRUE,why,NONE
[2026-09-15T14:28:03.546] Cog0  BM-TS,seq,131,tid,1,k,117,lt,FALSE,pos,153,hw,153,i,2,ph,2_366,d,1_600,e,41,st,SPIN_DN,flt,FALSE,up,TRUE,ig,0,o_pos,-273,o_hw,-273,o_i,915,o_up,TRUE,why,NONE
[2026-09-15T14:28:03.547] Cog0  BM-TS,seq,132,tid,1,k,118,lt,FALSE,pos,153,hw,153,i,4,ph,2_384,d,1_600,e,50,st,SPIN_DN,flt,FALSE,up,TRUE,ig,0,o_pos,-275,o_hw,-275,o_i,858,o_up,TRUE,why,NONE
[2026-09-15T14:28:03.549] Cog0  BM-TS,seq,133,tid,1,k,119,lt,FALSE,pos,154,hw,154,i,5,ph,2_377,d,1_600,e,13,st,SPIN_DN,flt,FALSE,up,TRUE,ig,0,o_pos,-277,o_hw,-277,o_i,791,o_up,TRUE,why,NONE
[2026-09-15T14:28:03.552] Cog0  BM-TS,seq,134,tid,1,k,120,lt,FALSE,pos,154,hw,154,i,-1,ph,-9,d,1_600,e,14,st,STOPPED,flt,FALSE,up,TRUE,ig,0,o_pos,-279,o_hw,-279,o_i,755,o_up,TRUE,why,NONE
[2026-09-15T14:28:03.553] Cog0  BM-TS,seq,135,tid,1,k,121,lt,FALSE,pos,154,hw,154,i,-1,ph,-11,d,1_600,e,14,st,STOPPED,flt,FALSE,up,TRUE,ig,0,o_pos,-281,o_hw,-281,o_i,703,o_up,TRUE,why,NONE
[2026-09-15T14:28:03.556] Cog0  BM-TS,seq,136,tid,1,k,122,lt,FALSE,pos,154,hw,154,i,2,ph,-1,d,1_600,e,14,st,STOPPED,flt,FALSE,up,TRUE,ig,0,o_pos,-283,o_hw,-283,o_i,662,o_up,TRUE,why,NONE
[2026-09-15T14:28:03.557] Cog0  BM-TS,seq,137,tid,1,k,123,lt,FALSE,pos,154,hw,154,i,0,ph,-4,d,1_600,e,14,st,STOPPED,flt,FALSE,up,TRUE,ig,0,o_pos,-284,o_hw,-284,o_i,604,o_up,TRUE,why,NONE
[2026-09-15T14:28:03.559] Cog0  BM-TS,seq,138,tid,1,k,124,lt,FALSE,pos,154,hw,154,i,1,ph,-2,d,1_600,e,14,st,STOPPED,flt,FALSE,up,TRUE,ig,0,o_pos,-286,o_hw,-286,o_i,538,o_up,TRUE,why,NONE
[2026-09-15T14:28:03.561] Cog0  BM-TS,seq,139,tid,1,k,125,lt,FALSE,pos,154,hw,154,i,3,ph,2,d,1_600,e,14,st,STOPPED,flt,FALSE,up,TRUE,ig,0,o_pos,-287,o_hw,-287,o_i,494,o_up,TRUE,why,NONE
[2026-09-15T14:28:03.563] Cog0  BM-TS,seq,140,tid,1,k,126,lt,FALSE,pos,154,hw,154,i,4,ph,0,d,1_600,e,14,st,STOPPED,flt,FALSE,up,TRUE,ig,0,o_pos,-289,o_hw,-289,o_i,429,o_up,TRUE,why,NONE
[2026-09-15T14:28:03.565] Cog0  BM-TS,seq,141,tid,1,k,127,lt,FALSE,pos,154,hw,154,i,4,ph,5,d,1_600,e,14,st,STOPPED,flt,FALSE,up,TRUE,ig,0,o_pos,-290,o_hw,-290,o_i,353,o_up,TRUE,why,NONE
[2026-09-15T14:28:03.567] Cog0  BM-TS,seq,142,tid,1,k,128,lt,FALSE,pos,154,hw,154,i,4,ph,9,d,1_600,e,14,st,STOPPED,flt,FALSE,up,TRUE,ig,0,o_pos,-291,o_hw,-291,o_i,321,o_up,TRUE,why,NONE
[2026-09-15T14:28:03.569] Cog0  BM-TS,seq,143,tid,1,k,129,lt,FALSE,pos,154,hw,154,i,4,ph,7,d,1_600,e,14,st,STOPPED,flt,FALSE,up,TRUE,ig,0,o_pos,-292,o_hw,-292,o_i,281,o_up,TRUE,why,NONE
[2026-09-15T14:28:03.571] Cog0  BM-TS,seq,144,tid,1,k,130,lt,FALSE,pos,154,hw,154,i,4,ph,8,d,1_600,e,14,st,STOPPED,flt,FALSE,up,TRUE,ig,0,o_pos,-293,o_hw,-293,o_i,234,o_up,TRUE,why,NONE
[2026-09-15T14:28:03.573] Cog0  BM-TS,seq,145,tid,1,k,131,lt,FALSE,pos,154,hw,154,i,5,ph,12,d,1_600,e,14,st,STOPPED,flt,FALSE,up,TRUE,ig,0,o_pos,-294,o_hw,-294,o_i,180,o_up,TRUE,why,NONE
[2026-09-15T14:28:03.575] Cog0  BM-TS,seq,146,tid,1,k,132,lt,FALSE,pos,154,hw,154,i,7,ph,19,d,1_600,e,14,st,STOPPED,flt,FALSE,up,TRUE,ig,0,o_pos,-295,o_hw,-295,o_i,135,o_up,TRUE,why,NONE
[2026-09-15T14:28:03.577] Cog0  BM-TS,seq,147,tid,1,k,133,lt,FALSE,pos,154,hw,154,i,7,ph,14,d,1_600,e,14,st,STOPPED,flt,FALSE,up,TRUE,ig,0,o_pos,-296,o_hw,-296,o_i,103,o_up,TRUE,why,NONE
[2026-09-15T14:28:03.579] Cog0  BM-TS,seq,148,tid,1,k,134,lt,FALSE,pos,154,hw,154,i,8,ph,16,d,1_600,e,14,st,STOPPED,flt,FALSE,up,TRUE,ig,0,o_pos,-296,o_hw,-296,o_i,74,o_up,TRUE,why,NONE
[2026-09-15T14:28:03.581] Cog0  BM-TS,seq,149,tid,1,k,135,lt,FALSE,pos,154,hw,154,i,9,ph,24,d,1_600,e,14,st,STOPPED,flt,FALSE,up,TRUE,ig,0,o_pos,-297,o_hw,-297,o_i,47,o_up,TRUE,why,NONE
[2026-09-15T14:28:03.583] Cog0  BM-TS,seq,150,tid,1,k,136,lt,FALSE,pos,154,hw,154,i,9,ph,17,d,1_600,e,14,st,STOPPED,flt,FALSE,up,TRUE,ig,0,o_pos,-297,o_hw,-297,o_i,23,o_up,TRUE,why,NONE
[2026-09-15T14:28:03.585] Cog0  BM-TS,seq,151,tid,1,k,137,lt,FALSE,pos,154,hw,154,i,8,ph,23,d,1_600,e,14,st,STOPPED,flt,FALSE,up,TRUE,ig,0,o_pos,-298,o_hw,-298,o_i,18,o_up,TRUE,why,NONE
[2026-09-15T14:28:03.586] Cog0  BM-TS,seq,152,tid,1,k,138,lt,FALSE,pos,154,hw,154,i,7,ph,17,d,1_600,e,14,st,STOPPED,flt,FALSE,up,TRUE,ig,0,o_pos,-298,o_hw,-298,o_i,7,o_up,TRUE,why,NONE
[2026-09-15T14:28:03.589] Cog0  BM-TS,seq,153,tid,1,k,139,lt,FALSE,pos,154,hw,154,i,10,ph,23,d,1_600,e,14,st,STOPPED,flt,FALSE,up,TRUE,ig,0,o_pos,-298,o_hw,-298,o_i,8,o_up,TRUE,why,NONE
[2026-09-15T14:28:03.590] Cog0  BM-TRACE-END,seq,154,tid,1,stored,140,emitted,140,ksum,9_730,mark_k,1,late,0,skipped,0,lost_head,0,dropped,0,end,FROZEN,rest_k,119,ig_sum,0,o_ig_sum,0,hw_skip,0,stride,1,why,NONE
[2026-09-15T14:28:03.592] Cog0  BM-FLOOR,seq,155,tid,1,sid,1,motor,BOTH,power,50,dir,50,run_ms,2_010,answer,LEFT,input,MOUSE,l_rate_x10,671,r_rate_x10,-1_106,slower,LEFT,stop_by,TIMER,why,NONE
[2026-09-15T14:28:03.603] Cog0  BM-SEG,seq,156,seg,FLOOR,event,END,attended,TRUE,items,1,faults,0,unrecov,0,ms,17_223,why,NONE
[2026-09-15T14:28:03.605] Cog0  BM-INST,seq,157,event,STOP,cog,2,state,EXITED,ack_ms,5,samples,140,late,0,skipped,0,max_late_us,0,clamps,0,why,NONE
[2026-09-15T14:28:03.606] Cog0  SIGNOFF,sf,1,bin,DUAL,cell,R14-DUAL-NOSTALL-F,task,3508,motor,NONE,crit,ENDED_BY_COG0,measured,TRUE,lo,TRUE,hi,TRUE,units,BOOL,n,1,verdict,PASS
[2026-09-15T14:28:03.608] Cog0  SIGNOFF,sf,1,bin,DUAL,cell,R14-DUAL-DBGMASK-F,task,3508,motor,NONE,crit,QUIET_MASKS,measured,TRUE,lo,TRUE,hi,TRUE,units,BOOL,n,1,verdict,PASS
[2026-09-15T14:28:03.610] Cog0  SIGNOFF,sf,1,bin,DUAL,cell,R14-DUAL-FLOORANS-F,task,3508,motor,NONE,crit,OPERATOR_ANSWERED,measured,TRUE,lo,TRUE,hi,TRUE,units,BOOL,n,1,verdict,PASS
[2026-09-15T14:28:03.610] Cog0  BM-TRAP,seq,158,code,0,returned,TRUE
[2026-09-15T14:28:03.610] Cog0  BM-END,seq,159,exit,COMPLETE,part,FLOOR,segs,1,last_seg,FLOOR,records,159,trap_code,0,unrecov,0,why,NONE
[2026-09-15T14:28:03.626] Cog0  DEBUG_END_SESSION

=== Debug Logger Session Ended at 2026-09-15T14:28:03.629 ===
