=== Debug Logger Session Started at 2026-09-11T23:40:12.421 ===
PNut-Term-TS: v1.0.8
Program: debug
=====================================

[2026-09-11T23:40:12.319] [SYSTEM] BAUD_RATE_SET 2000000 baud (preferences/default)

=== Session ended - Download Started at 2026-09-11T23:40:12.548 ===
=== Debug Logger Session Started at 2026-09-11T23:40:12.550 ===
PNut-Term-TS: v1.0.8
Program: debug
=====================================

[2026-09-11T23:40:12.548] [SYSTEM] [DOWNLOAD TO RAM] File: test_bench_spin.bin | Size: 20865 bytes | Modified: 2026-09-12T05:40:11.559Z
[2026-09-11T23:40:12.550] [SYSTEM] Download Session Started
[2026-09-11T23:40:13.783] [SYSTEM] [DOWNLOAD SUCCESS] test_bench_spin.bin successfully downloaded to RAM
[2026-09-11T23:40:13.796] Cog0  INIT $0000_0000 $0000_0000 load
[2026-09-11T23:40:13.796] Cog0  INIT $0000_0FA8 $0000_3E34 jump
[2026-09-11T23:40:13.796] Cog0  * test_bench_spin -- WIRING CHECK. BOTH WHEELS WILL TURN AT 50% POWER.
[2026-09-11T23:40:13.796] Cog0  * LIFT OR SUPPORT THE PLATFORM. Panic = PHYSICAL BATTERY DISCONNECT.
[2026-09-11T23:40:13.796] Cog0  * left base=32 right base=16 forced Rev B
[2026-09-11T23:40:13.797] Cog0  MOT: fwdDegrees = 43, offset_fwd = $1E93_E93E
[2026-09-11T23:40:13.797] Cog0       revDegrees = 317, offset_rev = $E16C_16C1
[2026-09-11T23:40:13.797] Cog0   - Calc FRAME: frame_cnt = 6_136
[2026-09-11T23:40:13.797] Cog0  * init values dead_gap = 70, pwm_limit = 3_033, adc_fram = 6_136, duty_min = 1_600, duty_max = 24_264
[2026-09-11T23:40:13.797] Cog0  *      values duty_up = 18, duty_dn = 4, cfg_ctcks = 135_000
[2026-09-11T23:40:13.797] Cog0  *VAL* legalVoltage = 6
[2026-09-11T23:40:13.797] Cog0  * ENTRY CFG selectedPower = 6
[2026-09-11T23:40:13.798] Cog0  * EXIT 2 CFG eUserSelectedVolts = 6 maxFwdIncreAtPwr = 147_000_000 minFwdIncreAtPwr = 544_628
[2026-09-11T23:40:13.798] Cog0  -MOT- inincr = 0 nTgtIncr = $0000_0000 0 sync = 0
[2026-09-11T23:40:13.798] Cog0  * Motor COG #1
[2026-09-11T23:40:13.798] Cog1  INIT $0000_1D8A $0000_3A1F load
[2026-09-11T23:40:13.798] Cog0  MOT: fwdDegrees = 43, offset_fwd = $1E93_E93E
[2026-09-11T23:40:13.798] Cog0       revDegrees = 317, offset_rev = $E16C_16C1
[2026-09-11T23:40:13.798] Cog0   - Calc FRAME: frame_cnt = 6_136
[2026-09-11T23:40:13.799] Cog0  * init values dead_gap = 70, pwm_limit = 3_033, adc_fram = 6_136, duty_min = 1_600, duty_max = 24_264
[2026-09-11T23:40:13.799] Cog0  *      values duty_up = 18, duty_dn = 4, cfg_ctcks = 135_000
[2026-09-11T23:40:13.800] Cog0  *VAL* legalVoltage = 6
[2026-09-11T23:40:13.800] Cog0  * ENTRY CFG selectedPower = 6
[2026-09-11T23:40:13.800] Cog0  * EXIT 2 CFG eUserSelectedVolts = 6 maxFwdIncreAtPwr = 147_000_000 minFwdIncreAtPwr = 544_628
[2026-09-11T23:40:13.801] Cog0  -MOT- inincr = 0 nTgtIncr = $0000_0000 0 sync = 0
[2026-09-11T23:40:13.801] Cog0  * Motor COG #2
[2026-09-11T23:40:13.816] Cog2  INIT $0000_1D8A $0000_3D3F load
[2026-09-11T23:40:14.051] Cog0  SP-READY,left,4_294_967_295,right,4_294_967_295
[2026-09-11T23:40:14.051] Cog0  -MOT- driveAtPowerEx() limitPwr = 50, ramp_max = 200_000, ramp_min = 1_500
[2026-09-11T23:40:14.052] Cog0  -MOT- inincr = 73_032_631 nTgtIncr = $045A_63B7 0 sync = 0
[2026-09-11T23:40:14.052] Cog0  -MOT- driveAtPowerEx() limitPwr = 50, ramp_max = 200_000, ramp_min = 1_500
[2026-09-11T23:40:14.067] Cog0  -MOT- inincr = -73_032_631 nTgtIncr = $7BA5_9C49 0 sync = 0
[2026-09-11T23:40:17.053] Cog0  SP-PHASE,phase,FWD,wheel,LEFT,power,50,ticks,416,fault,0,verdict,MOVED
[2026-09-11T23:40:17.053] Cog0     LEFT FWD: MOVED  (ticks 416)
[2026-09-11T23:40:17.069] Cog0  SP-PHASE,phase,FWD,wheel,RIGHT,power,50,ticks,-416,fault,0,verdict,MOVED
[2026-09-11T23:40:17.069] Cog0     RIGHT FWD: MOVED  (ticks -416)
[2026-09-11T23:40:17.305] Cog0  -MOT- driveAtPowerEx() limitPwr = 0, ramp_max = 200_000, ramp_min = 1_500
[2026-09-11T23:40:17.306] Cog0  -MOT- inincr = 0 nTgtIncr = $0000_0000 0 sync = 0
[2026-09-11T23:40:17.306] Cog0  -MOT- driveAtPowerEx() limitPwr = 0, ramp_max = 200_000, ramp_min = 1_500
[2026-09-11T23:40:17.320] Cog0  -MOT- inincr = 0 nTgtIncr = $0000_0000 0 sync = 0
[2026-09-11T23:40:19.306] Cog0  SP-PHASE,phase,FWD-DOWN,wheel,LEFT,power,0,ticks,75,fault,0,verdict,stopped
[2026-09-11T23:40:19.306] Cog0     LEFT FWD-DOWN: stopped  (ticks 75)
[2026-09-11T23:40:19.321] Cog0  SP-PHASE,phase,FWD-DOWN,wheel,RIGHT,power,0,ticks,-75,fault,0,verdict,stopped
[2026-09-11T23:40:19.321] Cog0     RIGHT FWD-DOWN: stopped  (ticks -75)
[2026-09-11T23:40:19.557] Cog0  -MOT- driveAtPowerEx() limitPwr = -50, ramp_max = 200_000, ramp_min = 1_500
[2026-09-11T23:40:19.557] Cog0  -MOT- inincr = -73_032_631 nTgtIncr = $7BA5_9C49 0 sync = 0
[2026-09-11T23:40:19.558] Cog0  -MOT- driveAtPowerEx() limitPwr = -50, ramp_max = 200_000, ramp_min = 1_500
[2026-09-11T23:40:19.573] Cog0  -MOT- inincr = 73_032_631 nTgtIncr = $045A_63B7 0 sync = 0
[2026-09-11T23:40:22.558] Cog0  SP-PHASE,phase,REV,wheel,LEFT,power,-50,ticks,-416,fault,0,verdict,MOVED
[2026-09-11T23:40:22.558] Cog0     LEFT REV: MOVED  (ticks -416)
[2026-09-11T23:40:22.574] Cog0  SP-PHASE,phase,REV,wheel,RIGHT,power,-50,ticks,416,fault,0,verdict,MOVED
[2026-09-11T23:40:22.574] Cog0     RIGHT REV: MOVED  (ticks 416)
[2026-09-11T23:40:22.810] Cog0  -MOT- driveAtPowerEx() limitPwr = 0, ramp_max = 200_000, ramp_min = 1_500
[2026-09-11T23:40:22.810] Cog0  -MOT- inincr = 0 nTgtIncr = $0000_0000 0 sync = 0
[2026-09-11T23:40:22.810] Cog0  -MOT- driveAtPowerEx() limitPwr = 0, ramp_max = 200_000, ramp_min = 1_500
[2026-09-11T23:40:22.826] Cog0  -MOT- inincr = 0 nTgtIncr = $0000_0000 0 sync = 0
[2026-09-11T23:40:24.811] Cog0  SP-PHASE,phase,REV-DOWN,wheel,LEFT,power,0,ticks,-75,fault,0,verdict,stopped
[2026-09-11T23:40:24.811] Cog0     LEFT REV-DOWN: stopped  (ticks -75)
[2026-09-11T23:40:24.812] Cog0  SP-PHASE,phase,REV-DOWN,wheel,RIGHT,power,0,ticks,75,fault,0,verdict,stopped
[2026-09-11T23:40:24.827] Cog0     RIGHT REV-DOWN: stopped  (ticks 75)
[2026-09-11T23:40:25.062] Cog0  * WIRING CHECK COMPLETE -- read the SP-PHASE lines above.
[2026-09-11T23:40:25.078] Cog0  * A wheel whose ticks did not change in a powered phase did not turn.
[2026-09-11T23:40:25.129] `DEBUG_END_SESSION<CR><LF>

=== Debug Logger Session Ended at 2026-09-11T23:40:47.058 ===
