=== Debug Logger Session Started at 2026-09-17T17:29:13.256 ===
PNut-Term-TS: v1.0.8
Program: debug
=====================================

[2026-09-17T17:29:13.154] [SYSTEM] BAUD_RATE_SET 2000000 baud (preferences/default)

=== Session ended - Download Started at 2026-09-17T17:29:13.385 ===
=== Debug Logger Session Started at 2026-09-17T17:29:13.388 ===
PNut-Term-TS: v1.0.8
Program: debug
=====================================

[2026-09-17T17:29:13.385] [SYSTEM] [DOWNLOAD TO RAM] File: test_bench_t0.bin | Size: 40918 bytes | Modified: 2026-09-17T23:29:12.381Z
[2026-09-17T17:29:13.388] [SYSTEM] Download Session Started
[2026-09-17T17:29:14.750] [SYSTEM] [DOWNLOAD SUCCESS] test_bench_t0.bin successfully downloaded to RAM
[2026-09-17T17:29:14.760] Cog0  INIT $0000_0000 $0000_0000 load
[2026-09-17T17:29:14.760] Cog0  INIT $0000_0FA8 $0000_A1A0 jump
[2026-09-17T17:29:14.760] Cog0  * test_bench_t0 -- Tier 0: no motion -- src_rev 3
[2026-09-17T17:29:14.761] Cog0  * active config: motor_type_enum=0 base=16 voltage_enum=6 wheel_dia_x10=65
[2026-09-17T17:29:14.761] Cog0  * bench expects MOTOR_TYPE=MOTR_6_5_INCH (0) and wheel_dia_x10=65; with wheel_dia_x10=0 the T0-3/T0-6 distance conversions report unavailable rather than a tick count
[2026-09-17T17:29:14.761] Cog0  SIGNOFF-DECL,sf,1,bin,T0,cell,R8-T0-ZXS,task,3529
[2026-09-17T17:29:14.762] Cog0  SIGNOFF-DECL,sf,1,bin,T0,cell,R3-T0-STOPPED,task,3501
[2026-09-17T17:29:14.762] Cog0  SIGNOFF-DECL,sf,1,bin,T0,cell,R2-T0-REPEAT,task,3500
[2026-09-17T17:29:14.762] Cog0  SIGNOFF-DECL,sf,1,bin,T0,cell,R2-T0-DIRTY,task,3500
[2026-09-17T17:29:14.762] Cog0  SIGNOFF-DECL,sf,1,bin,T0,cell,R2-T0-EMPTY,task,3500
[2026-09-17T17:29:14.762] Cog0  SIGNOFF-DECL,sf,1,bin,T0,cell,R4-T0-1M-TICKS,task,3502
[2026-09-17T17:29:14.762] Cog0  SIGNOFF-DECL,sf,1,bin,T0,cell,R1-T0-START,task,3499
[2026-09-17T17:29:14.763] Cog0  SIGNOFF-DECL,sf,1,bin,T0,cell,R1-T0-RESTART,task,3499
[2026-09-17T17:29:14.763] Cog0  SIGNOFF-DECL,sf,1,bin,T0,cell,R10-T0-STOPREADY,task,3533
[2026-09-17T17:29:14.763] Cog0  SIGNOFF-DECL,sf,1,bin,T0,cell,R1-T0-EXHAUST,task,3499
[2026-09-17T17:29:14.763] Cog0  SIGNOFF-DECL,sf,1,bin,T0,cell,R16-T0-LIMKEEP,task,3554
[2026-09-17T17:29:14.763] Cog0  SIGNOFF-DECL,sf,1,bin,T0,cell,R16-T0-NOABORT,task,3554
[2026-09-17T17:29:14.763] Cog0  SIGNOFF-DECL,sf,1,bin,T0,cell,R16-T0-BADGROUP,task,3554
[2026-09-17T17:29:14.764] Cog0  SIGNOFF-DECL,sf,1,bin,T0,cell,R16-T0-PINSKEEP,task,3554
[2026-09-17T17:29:14.764] Cog0  SIGNOFF-DECL,sf,1,bin,T0,cell,R16-T0-STRNOTSTART,task,3555
[2026-09-17T17:29:14.764] Cog0  SIGNOFF-DECL,sf,1,bin,T0,cell,R16-T0-STEERCOGS,task,3513
[2026-09-17T17:29:14.765] Cog0  SIGNOFF-DECL,sf,1,bin,T0,cell,R16-T0-RESTZERO,task,3556
[2026-09-17T17:29:14.765] Cog0  SIGNOFF-DECL,sf,1,bin,T0,cell,R16-T0-NOBOARD,task,3556
[2026-09-17T17:29:14.768] Cog0  SIGNOFF-DECL,sf,1,bin,T0,cell,R16-T0-FRONTFAIL,task,3513
[2026-09-17T17:29:14.769] Cog0  T0-1,begin,clkfreq,270_000_000
[2026-09-17T17:29:14.769] Cog0  T0-1,consts,dead_gap,70,pwm_limit,3_033,duty_min,1_600,duty_max,24_264,adc_fram,6_136,frame_cnt,6_136
[2026-09-17T17:29:14.769] Cog0  T0-1,end,detected_board,22,rsense,150,boardstring,64010 Rev B
[2026-09-17T17:29:14.770] Cog0  T0-2,begin,requested,BRD_REV_A
[2026-09-17T17:29:14.770] Cog0  T0-2,end,detected_board,21,expect_forced,TRUE,boardstring,64010 Rev A -USER FORCED
[2026-09-17T17:29:14.772] Cog0  T0-3,begin
[2026-09-17T17:29:14.772] Cog1  INIT $0000_426A $0000_7323 load
[2026-09-17T17:29:14.788] Cog2  INIT $0000_0FA8 $0000_6EFF jump
[2026-09-17T17:29:15.775] Cog0  T0-3,start_return,1,ready,TRUE
[2026-09-17T17:29:15.777] Cog0  T0-3,ddu_m,1,status,0,ticks,173
[2026-09-17T17:29:15.777] Cog0  T0-3,ddu_cm,100,status,0,ticks,173
[2026-09-17T17:29:15.777] Cog0  T0-3,ddu_mm,1000,status,0,ticks,173
[2026-09-17T17:29:15.778] Cog0  T0-3,end,agree,TRUE
[2026-09-17T17:29:15.779] Cog0  SIGNOFF,sf,1,bin,T0,cell,R4-T0-1M-TICKS,task,3502,motor,NONE,crit,DDU_M_TICKS,measured,TRUE,lo,TRUE,hi,TRUE,units,BOOL,n,1,verdict,PASS
[2026-09-17T17:29:15.779] Cog0  ! ERROR: stopAfterRotation() rejected eError = -1_009, nRotationCount = 1, eRotationUnits = 99
[2026-09-17T17:29:15.779] Cog0  ! ERROR: stopAfterDistance() rejected eError = -1_009, nDistance = 1, eDistanceUnits = 99
[2026-09-17T17:29:15.779] Cog0  ! ERROR: stopAfterTime() rejected eError = -1_010, nTime = 0, eTimeUnits = 2
[2026-09-17T17:29:15.780] Cog0  T0-3,limkeep,armed,173,rot_status,-1_009,kept,173,dist_status,-1_009,kept,173,time_status,-1_010,kept,173
[2026-09-17T17:29:15.782] Cog0  SIGNOFF,sf,1,bin,T0,cell,R16-T0-LIMKEEP,task,3554,motor,RIGHT,crit,REJECT_KEEPS_LIMIT,measured,TRUE,lo,TRUE,hi,TRUE,units,BOOL,n,3,verdict,PASS
[2026-09-17T17:29:15.782] Cog0  T0-4,validate,pwr_enum,1,legal,TRUE
[2026-09-17T17:29:15.782] Cog0  T0-4,validate,pwr_enum,2,legal,TRUE
[2026-09-17T17:29:15.783] Cog0  T0-4,validate,pwr_enum,3,legal,TRUE
[2026-09-17T17:29:15.783] Cog0  T0-4,validate,pwr_enum,4,legal,TRUE
[2026-09-17T17:29:15.783] Cog0  T0-4,validate,pwr_enum,5,legal,TRUE
[2026-09-17T17:29:15.783] Cog0  T0-4,validate,pwr_enum,6,legal,TRUE
[2026-09-17T17:29:15.784] Cog0  T0-4,validate,pwr_enum,7,legal,TRUE
[2026-09-17T17:29:15.784] Cog0  T0-4,validate,pwr_enum,8,legal,TRUE
[2026-09-17T17:29:15.784] Cog0  T0-4,validate,pwr_enum,9,legal,FALSE
[2026-09-17T17:29:15.786] Cog0  T0-4,testsetup,begin,active_drive_voltage_enum,6
[2026-09-17T17:29:15.786] Cog0  T0-4,testsetup,end
[2026-09-17T17:29:15.787] Cog0  T0-5,accel,0,ramp_min,1_500,ramp_max,200_000,ramp_inc,0,ramp_down,50_000
[2026-09-17T17:29:15.787] Cog0  T0-5,accel,-1,ramp_min,1_500,ramp_max,200_000,ramp_inc,-1,ramp_down,50_000
[2026-09-17T17:29:15.787] Cog0  T0-5,accel,1,ramp_min,1_500,ramp_max,200_000,ramp_inc,1,ramp_down,50_000
[2026-09-17T17:29:15.788] Cog0  T0-5,accel,10000000,ramp_min,1_500,ramp_max,200_000,ramp_inc,10_000_000,ramp_down,50_000
[2026-09-17T17:29:15.788] Cog0  T0-6,call,getDistance_KM,result,0
[2026-09-17T17:29:15.788] Cog0  T0-6,call,getDistance_MI,result,0
[2026-09-17T17:29:15.789] Cog0  ! ERROR: invalid rotationUnits Value:eRotationUnits = 99
[2026-09-17T17:29:15.789] Cog0  T0-6,call,getRotationCount_99,result,0,error,-1_009
[2026-09-17T17:29:15.790] Cog0  ! ERROR: stopAfterDistance() rejected eError = -1_010, nDistance = 0, eDistanceUnits = 3
[2026-09-17T17:29:15.792] Cog0  T0-6,call,stopAfterDistance_0in,status,-1_010,error,-1_010
[2026-09-17T17:29:15.792] Cog0  T0-7,begin,left_base,P0_P15,right_base,P8_P23
[2026-09-17T17:29:15.792] Cog0  ! ERROR: pin base eMotorBasePin = 8 overlaps a pin range already in use by another motor instance
[2026-09-17T17:29:15.793] Cog0  T0-7,end,claim_status,0,overlap_status,-1_002,overlap_error,-1_002
[2026-09-17T17:29:15.794] Cog0  T0-7,nonoverlap,begin,held_base,P0_P15,new_base,P32_P47
[2026-09-17T17:29:15.795] Cog0  T0-7,nonoverlap,end,status,0
[2026-09-17T17:29:15.795] Cog0  SIGNOFF,sf,1,bin,T0,cell,R16-T0-NOABORT,task,3554,motor,NONE,crit,CODE_NOT_ABORT,measured,TRUE,lo,TRUE,hi,TRUE,units,BOOL,n,4,verdict,PASS
[2026-09-17T17:29:15.796] Cog0  T0-18,begin,steer_not_started
[2026-09-17T17:29:15.796] Cog0  ! ERROR: stopAfterDistance() rejected eError = -1_007, nDistance = 1, eDistanceUnits = 5
[2026-09-17T17:29:15.797] Cog0  ! ERROR: stopAfterTime() rejected eError = -1_007, nTime = 1, eTimeUnits = 2
[2026-09-17T17:29:15.797] Cog0  T0-18,end,dist_status,-1_007,time_status,-1_007,error,-1_007,left_error,0,right_error,0
[2026-09-17T17:29:15.800] Cog0  SIGNOFF,sf,1,bin,T0,cell,R16-T0-STRNOTSTART,task,3555,motor,BOTH,crit,LIMIT_REFUSED,measured,TRUE,lo,TRUE,hi,TRUE,units,BOOL,n,2,verdict,PASS
[2026-09-17T17:29:15.800] Cog0  T0-11,begin
[2026-09-17T17:29:15.815] Cog1  INIT $0000_426A $0000_7323 load
[2026-09-17T17:29:15.816] Cog2  INIT $0000_0FA8 $0000_6EFF jump
[2026-09-17T17:29:17.818] Cog0  T0-11,lifetime,0,mean_i_x10,7,mean_u_x10,68,mean_v_x10,28,mean_w_x10,48
[2026-09-17T17:29:18.307] Cog1  INIT $0000_426A $0000_7323 load
[2026-09-17T17:29:18.323] Cog2  INIT $0000_0FA8 $0000_6EFF jump
[2026-09-17T17:29:20.326] Cog0  T0-11,lifetime,1,mean_i_x10,9,mean_u_x10,63,mean_v_x10,35,mean_w_x10,44
[2026-09-17T17:29:20.814] Cog1  INIT $0000_426A $0000_7323 load
[2026-09-17T17:29:20.829] Cog2  INIT $0000_0FA8 $0000_6EFF jump
[2026-09-17T17:29:22.832] Cog0  T0-11,lifetime,2,mean_i_x10,16,mean_u_x10,61,mean_v_x10,27,mean_w_x10,52
[2026-09-17T17:29:23.321] Cog1  INIT $0000_426A $0000_7323 load
[2026-09-17T17:29:23.336] Cog2  INIT $0000_0FA8 $0000_6EFF jump
[2026-09-17T17:29:25.339] Cog0  T0-11,lifetime,3,mean_i_x10,9,mean_u_x10,59,mean_v_x10,32,mean_w_x10,48
[2026-09-17T17:29:25.828] Cog1  INIT $0000_426A $0000_7323 load
[2026-09-17T17:29:25.843] Cog2  INIT $0000_0FA8 $0000_6EFF jump
[2026-09-17T17:29:27.846] Cog0  T0-11,lifetime,4,mean_i_x10,0,mean_u_x10,57,mean_v_x10,29,mean_w_x10,49
[2026-09-17T17:29:28.333] Cog0  T0-11,end,valid_lifetimes,5
[2026-09-17T17:29:28.334] Cog0  SIGNOFF,sf,1,bin,T0,cell,R8-T0-ZXS,task,3529,motor,RIGHT,crit,ZXS_I,measured,16,lo,0,hi,50,units,MV_X10,n,5,verdict,PASS
[2026-09-17T17:29:28.334] Cog0  SIGNOFF,sf,1,bin,T0,cell,R8-T0-ZXS,task,3529,motor,RIGHT,crit,ZXS_U,measured,11,lo,0,hi,50,units,MV_X10,n,5,verdict,PASS
[2026-09-17T17:29:28.335] Cog0  SIGNOFF,sf,1,bin,T0,cell,R8-T0-ZXS,task,3529,motor,RIGHT,crit,ZXS_V,measured,8,lo,0,hi,50,units,MV_X10,n,5,verdict,PASS
[2026-09-17T17:29:28.335] Cog0  SIGNOFF,sf,1,bin,T0,cell,R8-T0-ZXS,task,3529,motor,RIGHT,crit,ZXS_W,measured,8,lo,0,hi,50,units,MV_X10,n,5,verdict,PASS
[2026-09-17T17:29:28.337] Cog0  T0-13,begin
[2026-09-17T17:29:28.337] Cog1  INIT $0000_426A $0000_7323 load
[2026-09-17T17:29:28.353] Cog2  INIT $0000_0FA8 $0000_6EFF jump
[2026-09-17T17:29:30.339] Cog0  T0-13,end,missed,0,illegal,0
[2026-09-17T17:29:30.340] Cog0  SIGNOFF,sf,1,bin,T0,cell,R3-T0-STOPPED,task,3501,motor,NONE,crit,STOPPED_COUNTS,measured,0,lo,0,hi,0,units,COUNT,n,1,verdict,PASS
[2026-09-17T17:29:30.356] Cog0  T0-14,begin,repeat
[2026-09-17T17:29:30.435] Cog0  T0-14a,base,16,not_revb_count,0
[2026-09-17T17:29:30.451] Cog0  SIGNOFF,sf,1,bin,T0,cell,R2-T0-REPEAT,task,3500,motor,RIGHT,crit,READS_NOT_REVB,measured,0,lo,0,hi,0,units,COUNT,n,32,verdict,PASS
[2026-09-17T17:29:30.531] Cog0  T0-14a,base,32,not_revb_count,0
[2026-09-17T17:29:30.531] Cog0  SIGNOFF,sf,1,bin,T0,cell,R2-T0-REPEAT,task,3500,motor,LEFT,crit,READS_NOT_REVB,measured,0,lo,0,hi,0,units,COUNT,n,32,verdict,PASS
[2026-09-17T17:29:30.536] Cog0  T0-14,begin,dirty
[2026-09-17T17:29:30.536] Cog0  T0-14b,base,16,dirty_read,22
[2026-09-17T17:29:30.536] Cog1  INIT $0000_426A $0000_7323 load
[2026-09-17T17:29:30.552] Cog2  INIT $0000_0FA8 $0000_6EFF jump
[2026-09-17T17:29:31.542] Cog1  INIT $0000_426A $0000_7ABF load
[2026-09-17T17:29:31.557] Cog2  INIT $0000_0FA8 $0000_769B jump
[2026-09-17T17:29:32.548] Cog0  T0-14b,base,16,poststart_read,22
[2026-09-17T17:29:32.551] Cog0  SIGNOFF,sf,1,bin,T0,cell,R2-T0-DIRTY,task,3500,motor,RIGHT,crit,POSTSTOP_REVB,measured,TRUE,lo,TRUE,hi,TRUE,units,BOOL,n,1,verdict,PASS
[2026-09-17T17:29:32.553] Cog0  T0-14b,base,32,dirty_read,22
[2026-09-17T17:29:32.569] Cog1  INIT $0000_426A $0000_7323 load
[2026-09-17T17:29:32.569] Cog2  INIT $0000_0FA8 $0000_6EFF jump
[2026-09-17T17:29:33.559] Cog1  INIT $0000_426A $0000_7ABF load
[2026-09-17T17:29:33.574] Cog2  INIT $0000_0FA8 $0000_769B jump
[2026-09-17T17:29:34.565] Cog0  T0-14b,base,32,poststart_read,22
[2026-09-17T17:29:34.565] Cog0  SIGNOFF,sf,1,bin,T0,cell,R2-T0-DIRTY,task,3500,motor,LEFT,crit,POSTSTOP_REVB,measured,TRUE,lo,TRUE,hi,TRUE,units,BOOL,n,1,verdict,PASS
[2026-09-17T17:29:34.569] Cog0  T0-14,begin,empty
[2026-09-17T17:29:34.569] Cog0  T0-14c,base,P0_P15,read,20
[2026-09-17T17:29:34.571] Cog0  SIGNOFF,sf,1,bin,T0,cell,R2-T0-EMPTY,task,3500,motor,NONE,crit,EMPTY_NODET,measured,TRUE,lo,TRUE,hi,TRUE,units,BOOL,n,1,verdict,PASS
[2026-09-17T17:29:34.571] Cog0  T0-15,begin,start
[2026-09-17T17:29:34.587] Cog1  INIT $0000_426A $0000_7323 load
[2026-09-17T17:29:34.587] Cog2  INIT $0000_0FA8 $0000_6EFF jump
[2026-09-17T17:29:35.573] Cog0  T0-15a,start_return,1,raw_motor_cog,2
[2026-09-17T17:29:35.577] Cog0  SIGNOFF,sf,1,bin,T0,cell,R1-T0-START,task,3499,motor,NONE,crit,RET_EQ_COG_M1,measured,TRUE,lo,TRUE,hi,TRUE,units,BOOL,n,1,verdict,PASS
[2026-09-17T17:29:35.577] Cog0  T0-15,begin,restart
[2026-09-17T17:29:35.593] Cog1Cog1  INIT $0000_426A $0000_7323 load
[2026-09-17T17:29:35.594] Cog2  INIT $0000_0FA8 $0000_6EFF jump
[2026-09-17T17:29:36.583] CogCog1  INIT $0000_426A $0000_7323 load
[2026-09-17T17:29:36.598] Cog2  INIT $0000_0FA8 $0000_6EFF jump
[2026-09-17T17:29:37.587] CogCog1Cog0  T0-15c,baseline,7,free1,5,start1,1,free2,5,start2,1,raw_motor_cog2,2,free3,7
[2026-09-17T17:29:37.587] Cog0  SIGNOFF,sf,1,bin,T0,cell,R1-T0-RESTART,task,3499,motor,NONE,crit,NO_ORPHAN,measured,TRUE,lo,TRUE,hi,TRUE,units,BOOL,n,1,verdict,PASS
[2026-09-17T17:29:37.587] Cog0  T0-15d,driver_state,0,ready,FALSE,stopped,FALSE,t0_15c_valid,TRUE
[2026-09-17T17:29:37.588] Cog0  SIGNOFF,sf,1,bin,T0,cell,R10-T0-STOPREADY,task,3533,motor,NONE,crit,STOP_NOT_READY,measured,TRUE,lo,TRUE,hi,TRUE,units,BOOL,n,1,verdict,PASS
[2026-09-17T17:29:37.588] Cog0  T0-16,begin,bad_group
[2026-09-17T17:29:37.589] Cog1Cog0  ! ERROR: start rejected eError = -1_001, eMotorBasePin = 99, eMotorVoltage = 6, eDetectionMode = 30
[2026-09-17T17:29:37.589] Cog1Cog0  T0-16,end,start_return,-1,error,-1_001,raw_motor_cog,0,baseline,7,free_after,7
[2026-09-17T17:29:37.592] Cog0  SIGNOFF,sf,1,bin,T0,cell,R16-T0-BADGROUP,task,3554,motor,NONE,crit,REJECT_NO_COG,measured,TRUE,lo,TRUE,hi,TRUE,units,BOOL,n,1,verdict,PASS
[2026-09-17T17:29:37.592] Cog0  T0-17,begin,pins_keep
[2026-09-17T17:29:37.592] Cog1  INIT $0000_426A $0000_89F7 load
[2026-09-17T17:29:37.607] Cog2  INIT $0000_0FA8 $0000_85D3 jump
[2026-09-17T17:29:38.596] Cog0  T0-17,end,legal_base,16,start_return,1,dir_before,$FF,dir_after,$FF
[2026-09-17T17:29:38.597] Cog0  SIGNOFF,sf,1,bin,T0,cell,R16-T0-PINSKEEP,task,3554,motor,RIGHT,crit,P8_P15_UNTOUCHED,measured,TRUE,lo,TRUE,hi,TRUE,units,BOOL,n,1,verdict,PASS
[2026-09-17T17:29:38.600] Cog0  T0-19,begin,steer_cogs
[2026-09-17T17:29:38.600] Cog1Cog1  INIT $0000_426A $0000_979F load
[2026-09-17T17:29:38.616] Cog2  INIT $0000_426A $0000_9F3B load
[2026-09-17T17:29:39.704] Cog3  INIT $0000_0FA8 $0000_8DF0 jump
[2026-09-17T17:29:39.705] [BINARY DATA: 80 bytes - displaying as hex]
[2026-09-17T17:29:39.705]   0000: 43 6F FF 43 6F 67 31 43 6F 67 30 20 20 54 30 2D  |Co.Cog1Cog0  T0-|
[2026-09-17T17:29:39.705]   0010: 31 39 2C 65 6E 64 2C 73 74 61 72 74 5F 72 65 74  |19,end,start_ret|
[2026-09-17T17:29:39.705]   0020: 75 72 6E 2C 33 2C 62 61 73 65 6C 69 6E 65 2C 37  |urn,3,baseline,7|
[2026-09-17T17:29:39.705]   0030: 2C 66 72 65 65 5F 72 75 6E 6E 69 6E 67 2C 34 2C  |,free_running,4,|
[2026-09-17T17:29:39.707]   0040: 66 72 65 65 5F 73 74 6F 70 70 65 64 2C 37 0D 0A  |free_stopped,7..|Cog0  SIGNOFF,sf,1,bin,T0,cell,R16-T0-STEERCOGS,task,3513,motor,BOTH,crit,THREE_COGS_RETURNED,measured,TRUE,lo,TRUE,hi,TRUE,units,BOOL,n,1,verdict,PASS
[2026-09-17T17:29:39.722] Cog1  INIT $0000_426A $0000_7323 load
[2026-09-17T17:29:39.722] Cog2  INIT $0000_0FA8 $0000_6EFF jump
[2026-09-17T17:29:41.709] Cog0  T0-20,base,16,mean_amps_x10k,65
[2026-09-17T17:29:41.712] Cog0  SIGNOFF,sf,1,bin,T0,cell,R16-T0-RESTZERO,task,3556,motor,RIGHT,crit,REST_AMPS_X10K,measured,65,lo,-100,hi,100,units,AMPS_X10K,n,50,verdict,PASS
[2026-09-17T17:29:41.712] Cog1  INIT $0000_426A $0000_7323 load
[2026-09-17T17:29:41.728] Cog2  INIT $0000_0FA8 $0000_6EFF jump
[2026-09-17T17:29:43.714] Cog0  T0-20,base,32,mean_amps_x10k,35
[2026-09-17T17:29:43.718] Cog0  SIGNOFF,sf,1,bin,T0,cell,R16-T0-RESTZERO,task,3556,motor,LEFT,crit,REST_AMPS_X10K,measured,35,lo,-100,hi,100,units,AMPS_X10K,n,50,verdict,PASS
[2026-09-17T17:29:43.718] Cog0  T0-21,begin,no_board
[2026-09-17T17:29:43.718] Cog0  T0-21,end,setup_status,0,amps,0,watts,0,error,-1_018
[2026-09-17T17:29:43.718] Cog0  SIGNOFF,sf,1,bin,T0,cell,R16-T0-NOBOARD,task,3556,motor,NONE,crit,ZERO_AND_CODE,measured,TRUE,lo,TRUE,hi,TRUE,units,BOOL,n,1,verdict,PASS
[2026-09-17T17:29:43.719] Cog0  T0-22,begin,front_fail
[2026-09-17T17:29:43.719] Cog1Cog1  INIT $0000_0FA8 $0000_6A3C jump
[2026-09-17T17:29:43.719] Cog2  INIT $0000_0FA8 $0000_6ABC jump
[2026-09-17T17:29:43.720] Cog3  INIT $0000_0FA8 $0000_6B3C jump
[2026-09-17T17:29:43.720] Cog4  INIT $0000_0FA8 $0000_6BBC jump
[2026-09-17T17:29:43.720] Cog5  INIT $0000_0FA8 $0000_6C3C jump
[2026-09-17T17:29:43.721] Cog6  INIT $0000_0FA8 $0000_6CBC jump
[2026-09-17T17:29:43.721] Cog7  INIT $0000_426A $0000_7323 load
[2026-09-17T17:29:43.722] Cog0  !! ERROR filed to start front cog
[2026-09-17T17:29:43.723] Cog1Cog0  T0-22,end,baseline,7,held,6,start_return,-1,error,-1_005,raw_motor_cog,0,free_after,7,claim_status,0
[2026-09-17T17:29:43.724] Cog0  SIGNOFF,sf,1,bin,T0,cell,R16-T0-FRONTFAIL,task,3513,motor,RIGHT,crit,UNDO_NO_LEAK,measured,TRUE,lo,TRUE,hi,TRUE,units,BOOL,n,1,verdict,PASS
[2026-09-17T17:29:43.726] Cog0  T0-10,begin,rail_must_be_on,TRUE
[2026-09-17T17:29:43.726] Cog1  INIT $0000_426A $0000_7323 load
[2026-09-17T17:29:43.741] Cog2  INIT $0000_0FA8 $0000_6EFF jump
[2026-09-17T17:29:44.743] Cog0  T0-10,start_return,1,raw_motor_cog,2,note,see_Motor_COG_line_above_for_whether_a_cog_actually_started
[2026-09-17T17:29:44.779] Cog0  T0-10,end,pin,19,x_node_counts,1_134
[2026-09-17T17:29:44.779] Cog0  T0-8,begin
[2026-09-17T17:29:44.780] Cog1  INIT $0000_0FA8 $0000_6A3C jump
[2026-09-17T17:29:44.780] Cog2  INIT $0000_0FA8 $0000_6ABC jump
[2026-09-17T17:29:44.780] Cog3  INIT $0000_0FA8 $0000_6B3C jump
[2026-09-17T17:29:44.780] Cog4  INIT $0000_0FA8 $0000_6BBC jump
[2026-09-17T17:29:44.780] Cog5  INIT $0000_0FA8 $0000_6C3C jump
[2026-09-17T17:29:44.780] Cog6  INIT $0000_0FA8 $0000_6CBC jump
[2026-09-17T17:29:44.781] Cog7  INIT $0000_0FA8 $0000_6D3C jump
[2026-09-17T17:29:44.781] Cog0  !! ERROR filed to start Motor Control task
[2026-09-17T17:29:44.781] Cog0  T0-8,end,cogs_occupied,7,start_return,-1
[2026-09-17T17:29:44.781] Cog0  T0-15,begin,exhaust
[2026-09-17T17:29:44.782] Cog1Cog1  INIT $0000_0FA8 $0000_6A3C jump
[2026-09-17T17:29:44.782] Cog2  INIT $0000_0FA8 $0000_6ABC jump
[2026-09-17T17:29:44.782] Cog3  INIT $0000_0FA8 $0000_6B3C jump
[2026-09-17T17:29:44.782] Cog4  INIT $0000_0FA8 $0000_6BBC jump
[2026-09-17T17:29:44.782] Cog5  INIT $0000_0FA8 $0000_6C3C jump
[2026-09-17T17:29:44.783] Cog6  INIT $0000_0FA8 $0000_6CBC jump
[2026-09-17T17:29:44.783] Cog7  INIT $0000_0FA8 $0000_6D3C jump
[2026-09-17T17:29:44.783] Cog0  !! ERROR filed to start Motor Control task
[2026-09-17T17:29:44.784] Cog1Cog0  T0-15b,cogs_occupied,7,start_return,-1,raw_motor_cog,0,baseline,7,free_after,7
[2026-09-17T17:29:44.784] Cog0  SIGNOFF,sf,1,bin,T0,cell,R1-T0-EXHAUST,task,3499,motor,NONE,crit,RET_NEG_NOLEAK,measured,TRUE,
[2026-09-17T17:29:44.784] Cog0  T0-TRAP,code,0
[2026-09-17T17:29:44.784] Cog0  * test_bench_t0 -- DONE
[2026-09-17T17:29:44.800] Cog0  DEBUG_END_SESSION

=== Debug Logger Session Ended at 2026-09-17T17:29:44.801 ===
