
================================================================================
USB Traffic Log Session Started: 2026-09-17T17:43:23.768
PNut-Term-TS: v1.0.8
================================================================================
[USB RECV 2026-09-17T17:43:25.651] Received 39 bytes
[USB RECV HEX/ASCII]:
  0000: $43 $6F $67 $30 $20 $20 $49 $4E  $49 $54 $20 $24 $30 $30 $30 $30  Cog0  INIT $0000
  0010: $5F $30 $30 $30 $30 $20 $24 $30  $30 $30 $30 $5F $30 $30 $30 $30  _0000 $0000_0000
  0020: $20 $6C $6F $61 $64 $0D $0A                                        load..
[USB RECV 2026-09-17T17:43:25.656] Received 62 bytes
[USB RECV HEX/ASCII]:
  0000: $43 $6F $67 $30 $20 $20 $49 $4E  $49 $54 $20 $24 $30 $30 $30 $30  Cog0  INIT $0000
  0010: $5F $30 $46 $41 $38 $20 $24 $30  $30 $30 $30 $5F $41 $31 $41 $30  _0FA8 $0000_A1A0
  0020: $20 $6A $75 $6D $70 $0D $0A $43  $6F $67 $30 $20 $20 $2A $20 $74   jump..Cog0  * t
  0030: $65 $73 $74 $5F $62 $65 $6E $63  $68 $5F $74 $30 $20 $2D          est_bench_t0 -
[USB RECV 2026-09-17T17:43:25.656] Received 62 bytes
[USB RECV HEX/ASCII]:
  0000: $2D $20 $54 $69 $65 $72 $20 $30  $3A $20 $6E $6F $20 $6D $6F $74  - Tier 0: no mot
  0010: $69 $6F $6E $20 $2D $2D $20 $73  $72 $63 $5F $72 $65 $76 $20 $33  ion -- src_rev 3
  0020: $0D $0A $43 $6F $67 $30 $20 $20  $2A $20 $61 $63 $74 $69 $76 $65  ..Cog0  * active
  0030: $20 $63 $6F $6E $66 $69 $67 $3A  $20 $6D $6F $74 $6F $72           config: motor
[USB RECV 2026-09-17T17:43:25.657] Received 62 bytes
[USB RECV HEX/ASCII]:
  0000: $5F $74 $79 $70 $65 $5F $65 $6E  $75 $6D $3D $30 $20 $62 $61 $73  _type_enum=0 bas
  0010: $65 $3D $31 $36 $20 $76 $6F $6C  $74 $61 $67 $65 $5F $65 $6E $75  e=16 voltage_enu
  0020: $6D $3D $36 $20 $77 $68 $65 $65  $6C $5F $64 $69 $61 $5F $78 $31  m=6 wheel_dia_x1
  0030: $30 $3D $36 $35 $0D $0A $43 $6F  $67 $30 $20 $20 $2A $20          0=65..Cog0  * 
[USB RECV 2026-09-17T17:43:25.657] Received 62 bytes
[USB RECV HEX/ASCII]:
  0000: $62 $65 $6E $63 $68 $20 $65 $78  $70 $65 $63 $74 $73 $20 $4D $4F  bench expects MO
  0010: $54 $4F $52 $5F $54 $59 $50 $45  $3D $4D $4F $54 $52 $5F $36 $5F  TOR_TYPE=MOTR_6_
  0020: $35 $5F $49 $4E $43 $48 $20 $28  $30 $29 $20 $61 $6E $64 $20 $77  5_INCH (0) and w
  0030: $68 $65 $65 $6C $5F $64 $69 $61  $5F $78 $31 $30 $3D $36          heel_dia_x10=6
[USB RECV 2026-09-17T17:43:25.657] Received 62 bytes
[USB RECV HEX/ASCII]:
  0000: $35 $3B $20 $77 $69 $74 $68 $20  $77 $68 $65 $65 $6C $5F $64 $69  5; with wheel_di
  0010: $61 $5F $78 $31 $30 $3D $30 $20  $74 $68 $65 $20 $54 $30 $2D $33  a_x10=0 the T0-3
  0020: $2F $54 $30 $2D $36 $20 $64 $69  $73 $74 $61 $6E $63 $65 $20 $63  /T0-6 distance c
  0030: $6F $6E $76 $65 $72 $73 $69 $6F  $6E $73 $20 $72 $65 $70          onversions rep
[USB RECV 2026-09-17T17:43:25.658] Received 62 bytes
[USB RECV HEX/ASCII]:
  0000: $6F $72 $74 $20 $75 $6E $61 $76  $61 $69 $6C $61 $62 $6C $65 $20  ort unavailable 
  0010: $72 $61 $74 $68 $65 $72 $20 $74  $68 $61 $6E $20 $61 $20 $74 $69  rather than a ti
  0020: $63 $6B $20 $63 $6F $75 $6E $74  $0D $0A $43 $6F $67 $30 $20 $20  ck count..Cog0  
  0030: $53 $49 $47 $4E $4F $46 $46 $2D  $44 $45 $43 $4C $2C $73          SIGNOFF-DECL,s
[USB RECV 2026-09-17T17:43:25.658] Received 62 bytes
[USB RECV HEX/ASCII]:
  0000: $66 $2C $31 $2C $62 $69 $6E $2C  $54 $30 $2C $63 $65 $6C $6C $2C  f,1,bin,T0,cell,
  0010: $52 $38 $2D $54 $30 $2D $5A $58  $53 $2C $74 $61 $73 $6B $2C $33  R8-T0-ZXS,task,3
  0020: $35 $32 $39 $0D $0A $43 $6F $67  $30 $20 $20 $53 $49 $47 $4E $4F  529..Cog0  SIGNO
  0030: $46 $46 $2D $44 $45 $43 $4C $2C  $73 $66 $2C $31 $2C $62          FF-DECL,sf,1,b
[USB RECV 2026-09-17T17:43:25.659] Received 62 bytes
[USB RECV HEX/ASCII]:
  0000: $69 $6E $2C $54 $30 $2C $63 $65  $6C $6C $2C $52 $33 $2D $54 $30  in,T0,cell,R3-T0
  0010: $2D $53 $54 $4F $50 $50 $45 $44  $2C $74 $61 $73 $6B $2C $33 $35  -STOPPED,task,35
  0020: $30 $31 $0D $0A $43 $6F $67 $30  $20 $20 $53 $49 $47 $4E $4F $46  01..Cog0  SIGNOF
  0030: $46 $2D $44 $45 $43 $4C $2C $73  $66 $2C $31 $2C $62 $69          F-DECL,sf,1,bi
[USB RECV 2026-09-17T17:43:25.659] Received 62 bytes
[USB RECV HEX/ASCII]:
  0000: $6E $2C $54 $30 $2C $63 $65 $6C  $6C $2C $52 $32 $2D $54 $30 $2D  n,T0,cell,R2-T0-
  0010: $52 $45 $50 $45 $41 $54 $2C $74  $61 $73 $6B $2C $33 $35 $30 $30  REPEAT,task,3500
  0020: $0D $0A $43 $6F $67 $30 $20 $20  $53 $49 $47 $4E $4F $46 $46 $2D  ..Cog0  SIGNOFF-
  0030: $44 $45 $43 $4C $2C $73 $66 $2C  $31 $2C $62 $69 $6E $2C          DECL,sf,1,bin,
[USB RECV 2026-09-17T17:43:25.659] Received 62 bytes
[USB RECV HEX/ASCII]:
  0000: $54 $30 $2C $63 $65 $6C $6C $2C  $52 $32 $2D $54 $30 $2D $44 $49  T0,cell,R2-T0-DI
  0010: $52 $54 $59 $2C $74 $61 $73 $6B  $2C $33 $35 $30 $30 $0D $0A $43  RTY,task,3500..C
  0020: $6F $67 $30 $20 $20 $53 $49 $47  $4E $4F $46 $46 $2D $44 $45 $43  og0  SIGNOFF-DEC
  0030: $4C $2C $73 $66 $2C $31 $2C $62  $69 $6E $2C $54 $30 $2C          L,sf,1,bin,T0,
[USB RECV 2026-09-17T17:43:25.659] Received 62 bytes
[USB RECV HEX/ASCII]:
  0000: $63 $65 $6C $6C $2C $52 $32 $2D  $54 $30 $2D $45 $4D $50 $54 $59  cell,R2-T0-EMPTY
  0010: $2C $74 $61 $73 $6B $2C $33 $35  $30 $30 $0D $0A $43 $6F $67 $30  ,task,3500..Cog0
  0020: $20 $20 $53 $49 $47 $4E $4F $46  $46 $2D $44 $45 $43 $4C $2C $73    SIGNOFF-DECL,s
  0030: $66 $2C $31 $2C $62 $69 $6E $2C  $54 $30 $2C $63 $65 $6C          f,1,bin,T0,cel
[USB RECV 2026-09-17T17:43:25.660] Received 62 bytes
[USB RECV HEX/ASCII]:
  0000: $6C $2C $52 $34 $2D $54 $30 $2D  $31 $4D $2D $54 $49 $43 $4B $53  l,R4-T0-1M-TICKS
  0010: $2C $74 $61 $73 $6B $2C $33 $35  $30 $32 $0D $0A $43 $6F $67 $30  ,task,3502..Cog0
  0020: $20 $20 $53 $49 $47 $4E $4F $46  $46 $2D $44 $45 $43 $4C $2C $73    SIGNOFF-DECL,s
  0030: $66 $2C $31 $2C $62 $69 $6E $2C  $54 $30 $2C $63 $65 $6C          f,1,bin,T0,cel
[USB RECV 2026-09-17T17:43:25.660] Received 62 bytes
[USB RECV HEX/ASCII]:
  0000: $6C $2C $52 $31 $2D $54 $30 $2D  $53 $54 $41 $52 $54 $2C $74 $61  l,R1-T0-START,ta
  0010: $73 $6B $2C $33 $34 $39 $39 $0D  $0A $43 $6F $67 $30 $20 $20 $53  sk,3499..Cog0  S
  0020: $49 $47 $4E $4F $46 $46 $2D $44  $45 $43 $4C $2C $73 $66 $2C $31  IGNOFF-DECL,sf,1
  0030: $2C $62 $69 $6E $2C $54 $30 $2C  $63 $65 $6C $6C $2C $52          ,bin,T0,cell,R
[USB RECV 2026-09-17T17:43:25.660] Received 62 bytes
[USB RECV HEX/ASCII]:
  0000: $31 $2D $54 $30 $2D $52 $45 $53  $54 $41 $52 $54 $2C $74 $61 $73  1-T0-RESTART,tas
  0010: $6B $2C $33 $34 $39 $39 $0D $0A  $43 $6F $67 $30 $20 $20 $53 $49  k,3499..Cog0  SI
  0020: $47 $4E $4F $46 $46 $2D $44 $45  $43 $4C $2C $73 $66 $2C $31 $2C  GNOFF-DECL,sf,1,
  0030: $62 $69 $6E $2C $54 $30 $2C $63  $65 $6C $6C $2C $52 $31          bin,T0,cell,R1
[USB RECV 2026-09-17T17:43:25.661] Received 62 bytes
[USB RECV HEX/ASCII]:
  0000: $30 $2D $54 $30 $2D $53 $54 $4F  $50 $52 $45 $41 $44 $59 $2C $74  0-T0-STOPREADY,t
  0010: $61 $73 $6B $2C $33 $35 $33 $33  $0D $0A $43 $6F $67 $30 $20 $20  ask,3533..Cog0  
  0020: $53 $49 $47 $4E $4F $46 $46 $2D  $44 $45 $43 $4C $2C $73 $66 $2C  SIGNOFF-DECL,sf,
  0030: $31 $2C $62 $69 $6E $2C $54 $30  $2C $63 $65 $6C $6C $2C          1,bin,T0,cell,
[USB RECV 2026-09-17T17:43:25.661] Received 62 bytes
[USB RECV HEX/ASCII]:
  0000: $52 $31 $2D $54 $30 $2D $45 $58  $48 $41 $55 $53 $54 $2C $74 $61  R1-T0-EXHAUST,ta
  0010: $73 $6B $2C $33 $34 $39 $39 $0D  $0A $43 $6F $67 $30 $20 $20 $53  sk,3499..Cog0  S
  0020: $49 $47 $4E $4F $46 $46 $2D $44  $45 $43 $4C $2C $73 $66 $2C $31  IGNOFF-DECL,sf,1
  0030: $2C $62 $69 $6E $2C $54 $30 $2C  $63 $65 $6C $6C $2C $52          ,bin,T0,cell,R
[USB RECV 2026-09-17T17:43:25.661] Received 62 bytes
[USB RECV HEX/ASCII]:
  0000: $31 $36 $2D $54 $30 $2D $4C $49  $4D $4B $45 $45 $50 $2C $74 $61  16-T0-LIMKEEP,ta
  0010: $73 $6B $2C $33 $35 $35 $34 $0D  $0A $43 $6F $67 $30 $20 $20 $53  sk,3554..Cog0  S
  0020: $49 $47 $4E $4F $46 $46 $2D $44  $45 $43 $4C $2C $73 $66 $2C $31  IGNOFF-DECL,sf,1
  0030: $2C $62 $69 $6E $2C $54 $30 $2C  $63 $65 $6C $6C $2C $52          ,bin,T0,cell,R
[USB RECV 2026-09-17T17:43:25.661] Received 62 bytes
[USB RECV HEX/ASCII]:
  0000: $31 $36 $2D $54 $30 $2D $4E $4F  $41 $42 $4F $52 $54 $2C $74 $61  16-T0-NOABORT,ta
  0010: $73 $6B $2C $33 $35 $35 $34 $0D  $0A $43 $6F $67 $30 $20 $20 $53  sk,3554..Cog0  S
  0020: $49 $47 $4E $4F $46 $46 $2D $44  $45 $43 $4C $2C $73 $66 $2C $31  IGNOFF-DECL,sf,1
  0030: $2C $62 $69 $6E $2C $54 $30 $2C  $63 $65 $6C $6C $2C $52          ,bin,T0,cell,R
[USB RECV 2026-09-17T17:43:25.662] Received 62 bytes
[USB RECV HEX/ASCII]:
  0000: $31 $36 $2D $54 $30 $2D $42 $41  $44 $47 $52 $4F $55 $50 $2C $74  16-T0-BADGROUP,t
  0010: $61 $73 $6B $2C $33 $35 $35 $34  $0D $0A $43 $6F $67 $30 $20 $20  ask,3554..Cog0  
  0020: $53 $49 $47 $4E $4F $46 $46 $2D  $44 $45 $43 $4C $2C $73 $66 $2C  SIGNOFF-DECL,sf,
  0030: $31 $2C $62 $69 $6E $2C $54 $30  $2C $63 $65 $6C $6C $2C          1,bin,T0,cell,
[USB RECV 2026-09-17T17:43:25.662] Received 62 bytes
[USB RECV HEX/ASCII]:
  0000: $52 $31 $36 $2D $54 $30 $2D $50  $49 $4E $53 $4B $45 $45 $50 $2C  R16-T0-PINSKEEP,
  0010: $74 $61 $73 $6B $2C $33 $35 $35  $34 $0D $0A $43 $6F $67 $30 $20  task,3554..Cog0 
  0020: $20 $53 $49 $47 $4E $4F $46 $46  $2D $44 $45 $43 $4C $2C $73 $66   SIGNOFF-DECL,sf
  0030: $2C $31 $2C $62 $69 $6E $2C $54  $30 $2C $63 $65 $6C $6C          ,1,bin,T0,cell
[USB RECV 2026-09-17T17:43:25.662] Received 62 bytes
[USB RECV HEX/ASCII]:
  0000: $2C $52 $31 $36 $2D $54 $30 $2D  $53 $54 $52 $4E $4F $54 $53 $54  ,R16-T0-STRNOTST
  0010: $41 $52 $54 $2C $74 $61 $73 $6B  $2C $33 $35 $35 $35 $0D $0A $43  ART,task,3555..C
  0020: $6F $67 $30 $20 $20 $53 $49 $47  $4E $4F $46 $46 $2D $44 $45 $43  og0  SIGNOFF-DEC
  0030: $4C $2C $73 $66 $2C $31 $2C $62  $69 $6E $2C $54 $30 $2C          L,sf,1,bin,T0,
[USB RECV 2026-09-17T17:43:25.663] Received 62 bytes
[USB RECV HEX/ASCII]:
  0000: $63 $65 $6C $6C $2C $52 $31 $36  $2D $54 $30 $2D $53 $54 $45 $45  cell,R16-T0-STEE
  0010: $52 $43 $4F $47 $53 $2C $74 $61  $73 $6B $2C $33 $35 $31 $33 $0D  RCOGS,task,3513.
  0020: $0A $43 $6F $67 $30 $20 $20 $53  $49 $47 $4E $4F $46 $46 $2D $44  .Cog0  SIGNOFF-D
  0030: $45 $43 $4C $2C $73 $66 $2C $31  $2C $62 $69 $6E $2C $54          ECL,sf,1,bin,T
[USB RECV 2026-09-17T17:43:25.663] Received 62 bytes
[USB RECV HEX/ASCII]:
  0000: $30 $2C $63 $65 $6C $6C $2C $52  $31 $36 $2D $54 $30 $2D $52 $45  0,cell,R16-T0-RE
  0010: $53 $54 $5A $45 $52 $4F $2C $74  $61 $73 $6B $2C $33 $35 $35 $36  STZERO,task,3556
  0020: $0D $0A $43 $6F $67 $30 $20 $20  $53 $49 $47 $4E $4F $46 $46 $2D  ..Cog0  SIGNOFF-
  0030: $44 $45 $43 $4C $2C $73 $66 $2C  $31 $2C $62 $69 $6E $2C          DECL,sf,1,bin,
[USB RECV 2026-09-17T17:43:25.663] Received 62 bytes
[USB RECV HEX/ASCII]:
  0000: $54 $30 $2C $63 $65 $6C $6C $2C  $52 $31 $36 $2D $54 $30 $2D $4E  T0,cell,R16-T0-N
  0010: $4F $42 $4F $41 $52 $44 $2C $74  $61 $73 $6B $2C $33 $35 $35 $36  OBOARD,task,3556
  0020: $0D $0A $43 $6F $67 $30 $20 $20  $53 $49 $47 $4E $4F $46 $46 $2D  ..Cog0  SIGNOFF-
  0030: $44 $45 $43 $4C $2C $73 $66 $2C  $31 $2C $62 $69 $6E $2C          DECL,sf,1,bin,
[USB RECV 2026-09-17T17:43:25.663] Received 62 bytes
[USB RECV HEX/ASCII]:
  0000: $54 $30 $2C $63 $65 $6C $6C $2C  $52 $31 $36 $2D $54 $30 $2D $46  T0,cell,R16-T0-F
  0010: $52 $4F $4E $54 $46 $41 $49 $4C  $2C $74 $61 $73 $6B $2C $33 $35  RONTFAIL,task,35
  0020: $31 $33 $0D $0A $43 $6F $67 $30  $20 $20 $54 $30 $2D $31 $2C $62  13..Cog0  T0-1,b
  0030: $65 $67 $69 $6E $2C $63 $6C $6B  $66 $72 $65 $71 $2C $32          egin,clkfreq,2
[USB RECV 2026-09-17T17:43:25.667] Received 62 bytes
[USB RECV HEX/ASCII]:
  0000: $37 $30 $5F $30 $30 $30 $5F $30  $30 $30 $0D $0A $43 $6F $67 $30  70_000_000..Cog0
  0010: $20 $20 $54 $30 $2D $31 $2C $63  $6F $6E $73 $74 $73 $2C $64 $65    T0-1,consts,de
  0020: $61 $64 $5F $67 $61 $70 $2C $37  $30 $2C $70 $77 $6D $5F $6C $69  ad_gap,70,pwm_li
  0030: $6D $69 $74 $2C $33 $5F $30 $33  $33 $2C $64 $75 $74 $79          mit,3_033,duty
[USB RECV 2026-09-17T17:43:25.667] Received 62 bytes
[USB RECV HEX/ASCII]:
  0000: $5F $6D $69 $6E $2C $31 $5F $36  $30 $30 $2C $64 $75 $74 $79 $5F  _min,1_600,duty_
  0010: $6D $61 $78 $2C $32 $34 $5F $32  $36 $34 $2C $61 $64 $63 $5F $66  max,24_264,adc_f
  0020: $72 $61 $6D $2C $36 $5F $31 $33  $36 $2C $66 $72 $61 $6D $65 $5F  ram,6_136,frame_
  0030: $63 $6E $74 $2C $36 $5F $31 $33  $36 $0D $0A $43 $6F $67          cnt,6_136..Cog
[USB RECV 2026-09-17T17:43:25.668] Received 62 bytes
[USB RECV HEX/ASCII]:
  0000: $30 $20 $20 $54 $30 $2D $31 $2C  $65 $6E $64 $2C $64 $65 $74 $65  0  T0-1,end,dete
  0010: $63 $74 $65 $64 $5F $62 $6F $61  $72 $64 $2C $32 $32 $2C $72 $73  cted_board,22,rs
  0020: $65 $6E $73 $65 $2C $31 $35 $30  $2C $62 $6F $61 $72 $64 $73 $74  ense,150,boardst
  0030: $72 $69 $6E $67 $2C $36 $34 $30  $31 $30 $20 $52 $65 $76          ring,64010 Rev
[USB RECV 2026-09-17T17:43:25.669] Received 62 bytes
[USB RECV HEX/ASCII]:
  0000: $20 $42 $0D $0A $43 $6F $67 $30  $20 $20 $54 $30 $2D $32 $2C $62   B..Cog0  T0-2,b
  0010: $65 $67 $69 $6E $2C $72 $65 $71  $75 $65 $73 $74 $65 $64 $2C $42  egin,requested,B
  0020: $52 $44 $5F $52 $45 $56 $5F $41  $0D $0A $43 $6F $67 $30 $20 $20  RD_REV_A..Cog0  
  0030: $54 $30 $2D $32 $2C $65 $6E $64  $2C $64 $65 $74 $65 $63          T0-2,end,detec
[USB RECV 2026-09-17T17:43:25.669] Received 62 bytes
[USB RECV HEX/ASCII]:
  0000: $74 $65 $64 $5F $62 $6F $61 $72  $64 $2C $32 $31 $2C $65 $78 $70  ted_board,21,exp
  0010: $65 $63 $74 $5F $66 $6F $72 $63  $65 $64 $2C $54 $52 $55 $45 $2C  ect_forced,TRUE,
  0020: $62 $6F $61 $72 $64 $73 $74 $72  $69 $6E $67 $2C $36 $34 $30 $31  boardstring,6401
  0030: $30 $20 $52 $65 $76 $20 $41 $20  $2D $55 $53 $45 $52 $20          0 Rev A -USER 
[USB RECV 2026-09-17T17:43:25.670] Received 62 bytes
[USB RECV HEX/ASCII]:
  0000: $46 $4F $52 $43 $45 $44 $0D $0A  $43 $6F $67 $30 $20 $20 $54 $30  FORCED..Cog0  T0
  0010: $2D $33 $2C $62 $65 $67 $69 $6E  $0D $0A $43 $6F $67 $31 $20 $20  -3,begin..Cog1  
  0020: $49 $4E $49 $54 $20 $24 $30 $30  $30 $30 $5F $34 $32 $36 $41 $20  INIT $0000_426A 
  0030: $24 $30 $30 $30 $30 $5F $37 $33  $32 $33 $20 $6C $6F $61          $0000_7323 loa
[USB RECV 2026-09-17T17:43:25.685] Received 42 bytes
[USB RECV HEX/ASCII]:
  0000: $64 $0D $0A $43 $6F $67 $32 $20  $20 $49 $4E $49 $54 $20 $24 $30  d..Cog2  INIT $0
  0010: $30 $30 $30 $5F $30 $46 $41 $38  $20 $24 $30 $30 $30 $30 $5F $36  000_0FA8 $0000_6
  0020: $45 $46 $46 $20 $6A $75 $6D $70  $0D $0A                          EFF jump..
[USB RECV 2026-09-17T17:43:26.673] Received 62 bytes
[USB RECV HEX/ASCII]:
  0000: $43 $6F $67 $30 $20 $20 $54 $30  $2D $33 $2C $73 $74 $61 $72 $74  Cog0  T0-3,start
  0010: $5F $72 $65 $74 $75 $72 $6E $2C  $31 $2C $72 $65 $61 $64 $79 $2C  _return,1,ready,
  0020: $54 $52 $55 $45 $0D $0A $43 $6F  $67 $30 $20 $20 $54 $30 $2D $33  TRUE..Cog0  T0-3
  0030: $2C $64 $64 $75 $5F $6D $2C $31  $2C $73 $74 $61 $74 $75          ,ddu_m,1,statu
[USB RECV 2026-09-17T17:43:26.675] Received 62 bytes
[USB RECV HEX/ASCII]:
  0000: $73 $2C $30 $2C $74 $69 $63 $6B  $73 $2C $31 $37 $33 $0D $0A $43  s,0,ticks,173..C
  0010: $6F $67 $30 $20 $20 $54 $30 $2D  $33 $2C $64 $64 $75 $5F $63 $6D  og0  T0-3,ddu_cm
  0020: $2C $31 $30 $30 $2C $73 $74 $61  $74 $75 $73 $2C $30 $2C $74 $69  ,100,status,0,ti
  0030: $63 $6B $73 $2C $31 $37 $33 $0D  $0A $43 $6F $67 $30 $20          cks,173..Cog0 
[USB RECV 2026-09-17T17:43:26.676] Received 62 bytes
[USB RECV HEX/ASCII]:
  0000: $20 $54 $30 $2D $33 $2C $64 $64  $75 $5F $6D $6D $2C $31 $30 $30   T0-3,ddu_mm,100
  0010: $30 $2C $73 $74 $61 $74 $75 $73  $2C $30 $2C $74 $69 $63 $6B $73  0,status,0,ticks
  0020: $2C $31 $37 $33 $0D $0A $43 $6F  $67 $30 $20 $20 $54 $30 $2D $33  ,173..Cog0  T0-3
  0030: $2C $65 $6E $64 $2C $61 $67 $72  $65 $65 $2C $54 $52 $55          ,end,agree,TRU
[USB RECV 2026-09-17T17:43:26.676] Received 62 bytes
[USB RECV HEX/ASCII]:
  0000: $45 $0D $0A $43 $6F $67 $30 $20  $20 $53 $49 $47 $4E $4F $46 $46  E..Cog0  SIGNOFF
  0010: $2C $73 $66 $2C $31 $2C $62 $69  $6E $2C $54 $30 $2C $63 $65 $6C  ,sf,1,bin,T0,cel
  0020: $6C $2C $52 $34 $2D $54 $30 $2D  $31 $4D $2D $54 $49 $43 $4B $53  l,R4-T0-1M-TICKS
  0030: $2C $74 $61 $73 $6B $2C $33 $35  $30 $32 $2C $6D $6F $74          ,task,3502,mot
[USB RECV 2026-09-17T17:43:26.676] Received 62 bytes
[USB RECV HEX/ASCII]:
  0000: $6F $72 $2C $4E $4F $4E $45 $2C  $63 $72 $69 $74 $2C $44 $44 $55  or,NONE,crit,DDU
  0010: $5F $4D $5F $54 $49 $43 $4B $53  $2C $6D $65 $61 $73 $75 $72 $65  _M_TICKS,measure
  0020: $64 $2C $54 $52 $55 $45 $2C $6C  $6F $2C $54 $52 $55 $45 $2C $68  d,TRUE,lo,TRUE,h
  0030: $69 $2C $54 $52 $55 $45 $2C $75  $6E $69 $74 $73 $2C $42          i,TRUE,units,B
[USB RECV 2026-09-17T17:43:26.676] Received 62 bytes
[USB RECV HEX/ASCII]:
  0000: $4F $4F $4C $2C $6E $2C $31 $2C  $76 $65 $72 $64 $69 $63 $74 $2C  OOL,n,1,verdict,
  0010: $50 $41 $53 $53 $0D $0A $43 $6F  $67 $30 $20 $20 $21 $20 $45 $52  PASS..Cog0  ! ER
  0020: $52 $4F $52 $3A $20 $73 $74 $6F  $70 $41 $66 $74 $65 $72 $52 $6F  ROR: stopAfterRo
  0030: $74 $61 $74 $69 $6F $6E $28 $29  $20 $72 $65 $6A $65 $63          tation() rejec
[USB RECV 2026-09-17T17:43:26.677] Received 62 bytes
[USB RECV HEX/ASCII]:
  0000: $74 $65 $64 $20 $65 $45 $72 $72  $6F $72 $20 $3D $20 $2D $31 $5F  ted eError = -1_
  0010: $30 $30 $39 $2C $20 $6E $52 $6F  $74 $61 $74 $69 $6F $6E $43 $6F  009, nRotationCo
  0020: $75 $6E $74 $20 $3D $20 $31 $2C  $20 $65 $52 $6F $74 $61 $74 $69  unt = 1, eRotati
  0030: $6F $6E $55 $6E $69 $74 $73 $20  $3D $20 $39 $39 $0D $0A          onUnits = 99..
[USB RECV 2026-09-17T17:43:26.677] Received 62 bytes
[USB RECV HEX/ASCII]:
  0000: $43 $6F $67 $30 $20 $20 $21 $20  $45 $52 $52 $4F $52 $3A $20 $73  Cog0  ! ERROR: s
  0010: $74 $6F $70 $41 $66 $74 $65 $72  $44 $69 $73 $74 $61 $6E $63 $65  topAfterDistance
  0020: $28 $29 $20 $72 $65 $6A $65 $63  $74 $65 $64 $20 $65 $45 $72 $72  () rejected eErr
  0030: $6F $72 $20 $3D $20 $2D $31 $5F  $30 $30 $39 $2C $20 $6E          or = -1_009, n
[USB RECV 2026-09-17T17:43:26.677] Received 62 bytes
[USB RECV HEX/ASCII]:
  0000: $44 $69 $73 $74 $61 $6E $63 $65  $20 $3D $20 $31 $2C $20 $65 $44  Distance = 1, eD
  0010: $69 $73 $74 $61 $6E $63 $65 $55  $6E $69 $74 $73 $20 $3D $20 $39  istanceUnits = 9
  0020: $39 $0D $0A $43 $6F $67 $30 $20  $20 $21 $20 $45 $52 $52 $4F $52  9..Cog0  ! ERROR
  0030: $3A $20 $73 $74 $6F $70 $41 $66  $74 $65 $72 $54 $69 $6D          : stopAfterTim
[USB RECV 2026-09-17T17:43:26.678] Received 62 bytes
[USB RECV HEX/ASCII]:
  0000: $65 $28 $29 $20 $72 $65 $6A $65  $63 $74 $65 $64 $20 $65 $45 $72  e() rejected eEr
  0010: $72 $6F $72 $20 $3D $20 $2D $31  $5F $30 $31 $30 $2C $20 $6E $54  ror = -1_010, nT
  0020: $69 $6D $65 $20 $3D $20 $30 $2C  $20 $65 $54 $69 $6D $65 $55 $6E  ime = 0, eTimeUn
  0030: $69 $74 $73 $20 $3D $20 $32 $0D  $0A $43 $6F $67 $30 $20          its = 2..Cog0 
[USB RECV 2026-09-17T17:43:26.678] Received 62 bytes
[USB RECV HEX/ASCII]:
  0000: $20 $54 $30 $2D $33 $2C $6C $69  $6D $6B $65 $65 $70 $2C $61 $72   T0-3,limkeep,ar
  0010: $6D $65 $64 $2C $31 $37 $33 $2C  $72 $6F $74 $5F $73 $74 $61 $74  med,173,rot_stat
  0020: $75 $73 $2C $2D $31 $5F $30 $30  $39 $2C $6B $65 $70 $74 $2C $31  us,-1_009,kept,1
  0030: $37 $33 $2C $64 $69 $73 $74 $5F  $73 $74 $61 $74 $75 $73          73,dist_status
[USB RECV 2026-09-17T17:43:26.678] Received 62 bytes
[USB RECV HEX/ASCII]:
  0000: $2C $2D $31 $5F $30 $30 $39 $2C  $6B $65 $70 $74 $2C $31 $37 $33  ,-1_009,kept,173
  0010: $2C $74 $69 $6D $65 $5F $73 $74  $61 $74 $75 $73 $2C $2D $31 $5F  ,time_status,-1_
  0020: $30 $31 $30 $2C $6B $65 $70 $74  $2C $31 $37 $33 $0D $0A $43 $6F  010,kept,173..Co
  0030: $67 $30 $20 $20 $53 $49 $47 $4E  $4F $46 $46 $2C $73 $66          g0  SIGNOFF,sf
[USB RECV 2026-09-17T17:43:26.679] Received 62 bytes
[USB RECV HEX/ASCII]:
  0000: $2C $31 $2C $62 $69 $6E $2C $54  $30 $2C $63 $65 $6C $6C $2C $52  ,1,bin,T0,cell,R
  0010: $31 $36 $2D $54 $30 $2D $4C $49  $4D $4B $45 $45 $50 $2C $74 $61  16-T0-LIMKEEP,ta
  0020: $73 $6B $2C $33 $35 $35 $34 $2C  $6D $6F $74 $6F $72 $2C $52 $49  sk,3554,motor,RI
  0030: $47 $48 $54 $2C $63 $72 $69 $74  $2C $52 $45 $4A $45 $43          GHT,crit,REJEC
[USB RECV 2026-09-17T17:43:26.679] Received 62 bytes
[USB RECV HEX/ASCII]:
  0000: $54 $5F $4B $45 $45 $50 $53 $5F  $4C $49 $4D $49 $54 $2C $6D $65  T_KEEPS_LIMIT,me
  0010: $61 $73 $75 $72 $65 $64 $2C $54  $52 $55 $45 $2C $6C $6F $2C $54  asured,TRUE,lo,T
  0020: $52 $55 $45 $2C $68 $69 $2C $54  $52 $55 $45 $2C $75 $6E $69 $74  RUE,hi,TRUE,unit
  0030: $73 $2C $42 $4F $4F $4C $2C $6E  $2C $33 $2C $76 $65 $72          s,BOOL,n,3,ver
[USB RECV 2026-09-17T17:43:26.680] Received 62 bytes
[USB RECV HEX/ASCII]:
  0000: $64 $69 $63 $74 $2C $50 $41 $53  $53 $0D $0A $43 $6F $67 $30 $20  dict,PASS..Cog0 
  0010: $20 $54 $30 $2D $34 $2C $76 $61  $6C $69 $64 $61 $74 $65 $2C $70   T0-4,validate,p
  0020: $77 $72 $5F $65 $6E $75 $6D $2C  $31 $2C $6C $65 $67 $61 $6C $2C  wr_enum,1,legal,
  0030: $54 $52 $55 $45 $0D $0A $43 $6F  $67 $30 $20 $20 $54 $30          TRUE..Cog0  T0
[USB RECV 2026-09-17T17:43:26.681] Received 62 bytes
[USB RECV HEX/ASCII]:
  0000: $2D $34 $2C $76 $61 $6C $69 $64  $61 $74 $65 $2C $70 $77 $72 $5F  -4,validate,pwr_
  0010: $65 $6E $75 $6D $2C $32 $2C $6C  $65 $67 $61 $6C $2C $54 $52 $55  enum,2,legal,TRU
  0020: $45 $0D $0A $43 $6F $67 $30 $20  $20 $54 $30 $2D $34 $2C $76 $61  E..Cog0  T0-4,va
  0030: $6C $69 $64 $61 $74 $65 $2C $70  $77 $72 $5F $65 $6E $75          lidate,pwr_enu
[USB RECV 2026-09-17T17:43:26.681] Received 62 bytes
[USB RECV HEX/ASCII]:
  0000: $6D $2C $33 $2C $6C $65 $67 $61  $6C $2C $54 $52 $55 $45 $0D $0A  m,3,legal,TRUE..
  0010: $43 $6F $67 $30 $20 $20 $54 $30  $2D $34 $2C $76 $61 $6C $69 $64  Cog0  T0-4,valid
  0020: $61 $74 $65 $2C $70 $77 $72 $5F  $65 $6E $75 $6D $2C $34 $2C $6C  ate,pwr_enum,4,l
  0030: $65 $67 $61 $6C $2C $54 $52 $55  $45 $0D $0A $43 $6F $67          egal,TRUE..Cog
[USB RECV 2026-09-17T17:43:26.681] Received 62 bytes
[USB RECV HEX/ASCII]:
  0000: $30 $20 $20 $54 $30 $2D $34 $2C  $76 $61 $6C $69 $64 $61 $74 $65  0  T0-4,validate
  0010: $2C $70 $77 $72 $5F $65 $6E $75  $6D $2C $35 $2C $6C $65 $67 $61  ,pwr_enum,5,lega
  0020: $6C $2C $54 $52 $55 $45 $0D $0A  $43 $6F $67 $30 $20 $20 $54 $30  l,TRUE..Cog0  T0
  0030: $2D $34 $2C $76 $61 $6C $69 $64  $61 $74 $65 $2C $70 $77          -4,validate,pw
[USB RECV 2026-09-17T17:43:26.682] Received 62 bytes
[USB RECV HEX/ASCII]:
  0000: $72 $5F $65 $6E $75 $6D $2C $36  $2C $6C $65 $67 $61 $6C $2C $54  r_enum,6,legal,T
  0010: $52 $55 $45 $0D $0A $43 $6F $67  $30 $20 $20 $54 $30 $2D $34 $2C  RUE..Cog0  T0-4,
  0020: $76 $61 $6C $69 $64 $61 $74 $65  $2C $70 $77 $72 $5F $65 $6E $75  validate,pwr_enu
  0030: $6D $2C $37 $2C $6C $65 $67 $61  $6C $2C $54 $52 $55 $45          m,7,legal,TRUE
[USB RECV 2026-09-17T17:43:26.682] Received 62 bytes
[USB RECV HEX/ASCII]:
  0000: $0D $0A $43 $6F $67 $30 $20 $20  $54 $30 $2D $34 $2C $76 $61 $6C  ..Cog0  T0-4,val
  0010: $69 $64 $61 $74 $65 $2C $70 $77  $72 $5F $65 $6E $75 $6D $2C $38  idate,pwr_enum,8
  0020: $2C $6C $65 $67 $61 $6C $2C $54  $52 $55 $45 $0D $0A $43 $6F $67  ,legal,TRUE..Cog
  0030: $30 $20 $20 $54 $30 $2D $34 $2C  $76 $61 $6C $69 $64 $61          0  T0-4,valida
[USB RECV 2026-09-17T17:43:26.682] Received 62 bytes
[USB RECV HEX/ASCII]:
  0000: $74 $65 $2C $70 $77 $72 $5F $65  $6E $75 $6D $2C $39 $2C $6C $65  te,pwr_enum,9,le
  0010: $67 $61 $6C $2C $46 $41 $4C $53  $45 $0D $0A $43 $6F $67 $30 $20  gal,FALSE..Cog0 
  0020: $20 $54 $30 $2D $34 $2C $74 $65  $73 $74 $73 $65 $74 $75 $70 $2C   T0-4,testsetup,
  0030: $62 $65 $67 $69 $6E $2C $61 $63  $74 $69 $76 $65 $5F $64          begin,active_d
[USB RECV 2026-09-17T17:43:26.684] Received 62 bytes
[USB RECV HEX/ASCII]:
  0000: $72 $69 $76 $65 $5F $76 $6F $6C  $74 $61 $67 $65 $5F $65 $6E $75  rive_voltage_enu
  0010: $6D $2C $36 $0D $0A $43 $6F $67  $30 $20 $20 $54 $30 $2D $34 $2C  m,6..Cog0  T0-4,
  0020: $74 $65 $73 $74 $73 $65 $74 $75  $70 $2C $65 $6E $64 $0D $0A $43  testsetup,end..C
  0030: $6F $67 $30 $20 $20 $54 $30 $2D  $35 $2C $61 $63 $63 $65          og0  T0-5,acce
[USB RECV 2026-09-17T17:43:26.685] Received 62 bytes
[USB RECV HEX/ASCII]:
  0000: $6C $2C $30 $2C $72 $61 $6D $70  $5F $6D $69 $6E $2C $31 $5F $35  l,0,ramp_min,1_5
  0010: $30 $30 $2C $72 $61 $6D $70 $5F  $6D $61 $78 $2C $32 $30 $30 $5F  00,ramp_max,200_
  0020: $30 $30 $30 $2C $72 $61 $6D $70  $5F $69 $6E $63 $2C $30 $2C $72  000,ramp_inc,0,r
  0030: $61 $6D $70 $5F $64 $6F $77 $6E  $2C $35 $30 $5F $30 $30          amp_down,50_00
[USB RECV 2026-09-17T17:43:26.685] Received 62 bytes
[USB RECV HEX/ASCII]:
  0000: $30 $0D $0A $43 $6F $67 $30 $20  $20 $54 $30 $2D $35 $2C $61 $63  0..Cog0  T0-5,ac
  0010: $63 $65 $6C $2C $2D $31 $2C $72  $61 $6D $70 $5F $6D $69 $6E $2C  cel,-1,ramp_min,
  0020: $31 $5F $35 $30 $30 $2C $72 $61  $6D $70 $5F $6D $61 $78 $2C $32  1_500,ramp_max,2
  0030: $30 $30 $5F $30 $30 $30 $2C $72  $61 $6D $70 $5F $69 $6E          00_000,ramp_in
[USB RECV 2026-09-17T17:43:26.685] Received 62 bytes
[USB RECV HEX/ASCII]:
  0000: $63 $2C $2D $31 $2C $72 $61 $6D  $70 $5F $64 $6F $77 $6E $2C $35  c,-1,ramp_down,5
  0010: $30 $5F $30 $30 $30 $0D $0A $43  $6F $67 $30 $20 $20 $54 $30 $2D  0_000..Cog0  T0-
  0020: $35 $2C $61 $63 $63 $65 $6C $2C  $31 $2C $72 $61 $6D $70 $5F $6D  5,accel,1,ramp_m
  0030: $69 $6E $2C $31 $5F $35 $30 $30  $2C $72 $61 $6D $70 $5F          in,1_500,ramp_
[USB RECV 2026-09-17T17:43:26.686] Received 62 bytes
[USB RECV HEX/ASCII]:
  0000: $6D $61 $78 $2C $32 $30 $30 $5F  $30 $30 $30 $2C $72 $61 $6D $70  max,200_000,ramp
  0010: $5F $69 $6E $63 $2C $31 $2C $72  $61 $6D $70 $5F $64 $6F $77 $6E  _inc,1,ramp_down
  0020: $2C $35 $30 $5F $30 $30 $30 $0D  $0A $43 $6F $67 $30 $20 $20 $54  ,50_000..Cog0  T
  0030: $30 $2D $35 $2C $61 $63 $63 $65  $6C $2C $31 $30 $30 $30          0-5,accel,1000
[USB RECV 2026-09-17T17:43:26.686] Received 62 bytes
[USB RECV HEX/ASCII]:
  0000: $30 $30 $30 $30 $2C $72 $61 $6D  $70 $5F $6D $69 $6E $2C $31 $5F  0000,ramp_min,1_
  0010: $35 $30 $30 $2C $72 $61 $6D $70  $5F $6D $61 $78 $2C $32 $30 $30  500,ramp_max,200
  0020: $5F $30 $30 $30 $2C $72 $61 $6D  $70 $5F $69 $6E $63 $2C $31 $30  _000,ramp_inc,10
  0030: $5F $30 $30 $30 $5F $30 $30 $30  $2C $72 $61 $6D $70 $5F          _000_000,ramp_
[USB RECV 2026-09-17T17:43:26.686] Received 62 bytes
[USB RECV HEX/ASCII]:
  0000: $64 $6F $77 $6E $2C $35 $30 $5F  $30 $30 $30 $0D $0A $43 $6F $67  down,50_000..Cog
  0010: $30 $20 $20 $54 $30 $2D $36 $2C  $63 $61 $6C $6C $2C $67 $65 $74  0  T0-6,call,get
  0020: $44 $69 $73 $74 $61 $6E $63 $65  $5F $4B $4D $2C $72 $65 $73 $75  Distance_KM,resu
  0030: $6C $74 $2C $30 $0D $0A $43 $6F  $67 $30 $20 $20 $54 $30          lt,0..Cog0  T0
[USB RECV 2026-09-17T17:43:26.686] Received 62 bytes
[USB RECV HEX/ASCII]:
  0000: $2D $36 $2C $63 $61 $6C $6C $2C  $67 $65 $74 $44 $69 $73 $74 $61  -6,call,getDista
  0010: $6E $63 $65 $5F $4D $49 $2C $72  $65 $73 $75 $6C $74 $2C $30 $0D  nce_MI,result,0.
  0020: $0A $43 $6F $67 $30 $20 $20 $21  $20 $45 $52 $52 $4F $52 $3A $20  .Cog0  ! ERROR: 
  0030: $69 $6E $76 $61 $6C $69 $64 $20  $72 $6F $74 $61 $74 $69          invalid rotati
[USB RECV 2026-09-17T17:43:26.687] Received 62 bytes
[USB RECV HEX/ASCII]:
  0000: $6F $6E $55 $6E $69 $74 $73 $20  $56 $61 $6C $75 $65 $3A $65 $52  onUnits Value:eR
  0010: $6F $74 $61 $74 $69 $6F $6E $55  $6E $69 $74 $73 $20 $3D $20 $39  otationUnits = 9
  0020: $39 $0D $0A $43 $6F $67 $30 $20  $20 $54 $30 $2D $36 $2C $63 $61  9..Cog0  T0-6,ca
  0030: $6C $6C $2C $67 $65 $74 $52 $6F  $74 $61 $74 $69 $6F $6E          ll,getRotation
[USB RECV 2026-09-17T17:43:26.687] Received 62 bytes
[USB RECV HEX/ASCII]:
  0000: $43 $6F $75 $6E $74 $5F $39 $39  $2C $72 $65 $73 $75 $6C $74 $2C  Count_99,result,
  0010: $30 $2C $65 $72 $72 $6F $72 $2C  $2D $31 $5F $30 $30 $39 $0D $0A  0,error,-1_009..
  0020: $43 $6F $67 $30 $20 $20 $21 $20  $45 $52 $52 $4F $52 $3A $20 $73  Cog0  ! ERROR: s
  0030: $74 $6F $70 $41 $66 $74 $65 $72  $44 $69 $73 $74 $61 $6E          topAfterDistan
[USB RECV 2026-09-17T17:43:26.688] Received 62 bytes
[USB RECV HEX/ASCII]:
  0000: $63 $65 $28 $29 $20 $72 $65 $6A  $65 $63 $74 $65 $64 $20 $65 $45  ce() rejected eE
  0010: $72 $72 $6F $72 $20 $3D $20 $2D  $31 $5F $30 $31 $30 $2C $20 $6E  rror = -1_010, n
  0020: $44 $69 $73 $74 $61 $6E $63 $65  $20 $3D $20 $30 $2C $20 $65 $44  Distance = 0, eD
  0030: $69 $73 $74 $61 $6E $63 $65 $55  $6E $69 $74 $73 $20 $3D          istanceUnits =
[USB RECV 2026-09-17T17:43:26.688] Received 62 bytes
[USB RECV HEX/ASCII]:
  0000: $20 $33 $0D $0A $43 $6F $67 $30  $20 $20 $54 $30 $2D $36 $2C $63   3..Cog0  T0-6,c
  0010: $61 $6C $6C $2C $73 $74 $6F $70  $41 $66 $74 $65 $72 $44 $69 $73  all,stopAfterDis
  0020: $74 $61 $6E $63 $65 $5F $30 $69  $6E $2C $73 $74 $61 $74 $75 $73  tance_0in,status
  0030: $2C $2D $31 $5F $30 $31 $30 $2C  $65 $72 $72 $6F $72 $2C          ,-1_010,error,
[USB RECV 2026-09-17T17:43:26.690] Received 62 bytes
[USB RECV HEX/ASCII]:
  0000: $2D $31 $5F $30 $31 $30 $0D $0A  $43 $6F $67 $30 $20 $20 $54 $30  -1_010..Cog0  T0
  0010: $2D $37 $2C $62 $65 $67 $69 $6E  $2C $6C $65 $66 $74 $5F $62 $61  -7,begin,left_ba
  0020: $73 $65 $2C $50 $30 $5F $50 $31  $35 $2C $72 $69 $67 $68 $74 $5F  se,P0_P15,right_
  0030: $62 $61 $73 $65 $2C $50 $38 $5F  $50 $32 $33 $0D $0A $43          base,P8_P23..C
[USB RECV 2026-09-17T17:43:26.690] Received 62 bytes
[USB RECV HEX/ASCII]:
  0000: $6F $67 $30 $20 $20 $21 $20 $45  $52 $52 $4F $52 $3A $20 $70 $69  og0  ! ERROR: pi
  0010: $6E $20 $62 $61 $73 $65 $20 $65  $4D $6F $74 $6F $72 $42 $61 $73  n base eMotorBas
  0020: $65 $50 $69 $6E $20 $3D $20 $38  $20 $6F $76 $65 $72 $6C $61 $70  ePin = 8 overlap
  0030: $73 $20 $61 $20 $70 $69 $6E $20  $72 $61 $6E $67 $65 $20          s a pin range 
[USB RECV 2026-09-17T17:43:26.690] Received 62 bytes
[USB RECV HEX/ASCII]:
  0000: $61 $6C $72 $65 $61 $64 $79 $20  $69 $6E $20 $75 $73 $65 $20 $62  already in use b
  0010: $79 $20 $61 $6E $6F $74 $68 $65  $72 $20 $6D $6F $74 $6F $72 $20  y another motor 
  0020: $69 $6E $73 $74 $61 $6E $63 $65  $0D $0A $43 $6F $67 $30 $20 $20  instance..Cog0  
  0030: $54 $30 $2D $37 $2C $65 $6E $64  $2C $63 $6C $61 $69 $6D          T0-7,end,claim
[USB RECV 2026-09-17T17:43:26.691] Received 62 bytes
[USB RECV HEX/ASCII]:
  0000: $5F $73 $74 $61 $74 $75 $73 $2C  $30 $2C $6F $76 $65 $72 $6C $61  _status,0,overla
  0010: $70 $5F $73 $74 $61 $74 $75 $73  $2C $2D $31 $5F $30 $30 $32 $2C  p_status,-1_002,
  0020: $6F $76 $65 $72 $6C $61 $70 $5F  $65 $72 $72 $6F $72 $2C $2D $31  overlap_error,-1
  0030: $5F $30 $30 $32 $0D $0A $43 $6F  $67 $30 $20 $20 $54 $30          _002..Cog0  T0
[USB RECV 2026-09-17T17:43:26.693] Received 62 bytes
[USB RECV HEX/ASCII]:
  0000: $2D $37 $2C $6E $6F $6E $6F $76  $65 $72 $6C $61 $70 $2C $62 $65  -7,nonoverlap,be
  0010: $67 $69 $6E $2C $68 $65 $6C $64  $5F $62 $61 $73 $65 $2C $50 $30  gin,held_base,P0
  0020: $5F $50 $31 $35 $2C $6E $65 $77  $5F $62 $61 $73 $65 $2C $50 $33  _P15,new_base,P3
  0030: $32 $5F $50 $34 $37 $0D $0A $43  $6F $67 $30 $20 $20 $54          2_P47..Cog0  T
[USB RECV 2026-09-17T17:43:26.693] Received 62 bytes
[USB RECV HEX/ASCII]:
  0000: $30 $2D $37 $2C $6E $6F $6E $6F  $76 $65 $72 $6C $61 $70 $2C $65  0-7,nonoverlap,e
  0010: $6E $64 $2C $73 $74 $61 $74 $75  $73 $2C $30 $0D $0A $43 $6F $67  nd,status,0..Cog
  0020: $30 $20 $20 $53 $49 $47 $4E $4F  $46 $46 $2C $73 $66 $2C $31 $2C  0  SIGNOFF,sf,1,
  0030: $62 $69 $6E $2C $54 $30 $2C $63  $65 $6C $6C $2C $52 $31          bin,T0,cell,R1
[USB RECV 2026-09-17T17:43:26.693] Received 62 bytes
[USB RECV HEX/ASCII]:
  0000: $36 $2D $54 $30 $2D $4E $4F $41  $42 $4F $52 $54 $2C $74 $61 $73  6-T0-NOABORT,tas
  0010: $6B $2C $33 $35 $35 $34 $2C $6D  $6F $74 $6F $72 $2C $4E $4F $4E  k,3554,motor,NON
  0020: $45 $2C $63 $72 $69 $74 $2C $43  $4F $44 $45 $5F $4E $4F $54 $5F  E,crit,CODE_NOT_
  0030: $41 $42 $4F $52 $54 $2C $6D $65  $61 $73 $75 $72 $65 $64          ABORT,measured
[USB RECV 2026-09-17T17:43:26.694] Received 62 bytes
[USB RECV HEX/ASCII]:
  0000: $2C $54 $52 $55 $45 $2C $6C $6F  $2C $54 $52 $55 $45 $2C $68 $69  ,TRUE,lo,TRUE,hi
  0010: $2C $54 $52 $55 $45 $2C $75 $6E  $69 $74 $73 $2C $42 $4F $4F $4C  ,TRUE,units,BOOL
  0020: $2C $6E $2C $34 $2C $76 $65 $72  $64 $69 $63 $74 $2C $50 $41 $53  ,n,4,verdict,PAS
  0030: $53 $0D $0A $43 $6F $67 $30 $20  $20 $54 $30 $2D $31 $38          S..Cog0  T0-18
[USB RECV 2026-09-17T17:43:26.694] Received 62 bytes
[USB RECV HEX/ASCII]:
  0000: $2C $62 $65 $67 $69 $6E $2C $73  $74 $65 $65 $72 $5F $6E $6F $74  ,begin,steer_not
  0010: $5F $73 $74 $61 $72 $74 $65 $64  $0D $0A $43 $6F $67 $30 $20 $20  _started..Cog0  
  0020: $21 $20 $45 $52 $52 $4F $52 $3A  $20 $73 $74 $6F $70 $41 $66 $74  ! ERROR: stopAft
  0030: $65 $72 $44 $69 $73 $74 $61 $6E  $63 $65 $28 $29 $20 $72          erDistance() r
[USB RECV 2026-09-17T17:43:26.694] Received 62 bytes
[USB RECV HEX/ASCII]:
  0000: $65 $6A $65 $63 $74 $65 $64 $20  $65 $45 $72 $72 $6F $72 $20 $3D  ejected eError =
  0010: $20 $2D $31 $5F $30 $30 $37 $2C  $20 $6E $44 $69 $73 $74 $61 $6E   -1_007, nDistan
  0020: $63 $65 $20 $3D $20 $31 $2C $20  $65 $44 $69 $73 $74 $61 $6E $63  ce = 1, eDistanc
  0030: $65 $55 $6E $69 $74 $73 $20 $3D  $20 $35 $0D $0A $43 $6F          eUnits = 5..Co
[USB RECV 2026-09-17T17:43:26.695] Received 62 bytes
[USB RECV HEX/ASCII]:
  0000: $67 $30 $20 $20 $21 $20 $45 $52  $52 $4F $52 $3A $20 $73 $74 $6F  g0  ! ERROR: sto
  0010: $70 $41 $66 $74 $65 $72 $54 $69  $6D $65 $28 $29 $20 $72 $65 $6A  pAfterTime() rej
  0020: $65 $63 $74 $65 $64 $20 $65 $45  $72 $72 $6F $72 $20 $3D $20 $2D  ected eError = -
  0030: $31 $5F $30 $30 $37 $2C $20 $6E  $54 $69 $6D $65 $20 $3D          1_007, nTime =
[USB RECV 2026-09-17T17:43:26.695] Received 62 bytes
[USB RECV HEX/ASCII]:
  0000: $20 $31 $2C $20 $65 $54 $69 $6D  $65 $55 $6E $69 $74 $73 $20 $3D   1, eTimeUnits =
  0010: $20 $32 $0D $0A $43 $6F $67 $30  $20 $20 $54 $30 $2D $31 $38 $2C   2..Cog0  T0-18,
  0020: $65 $6E $64 $2C $64 $69 $73 $74  $5F $73 $74 $61 $74 $75 $73 $2C  end,dist_status,
  0030: $2D $31 $5F $30 $30 $37 $2C $74  $69 $6D $65 $5F $73 $74          -1_007,time_st
[USB RECV 2026-09-17T17:43:26.695] Received 62 bytes
[USB RECV HEX/ASCII]:
  0000: $61 $74 $75 $73 $2C $2D $31 $5F  $30 $30 $37 $2C $65 $72 $72 $6F  atus,-1_007,erro
  0010: $72 $2C $2D $31 $5F $30 $30 $37  $2C $6C $65 $66 $74 $5F $65 $72  r,-1_007,left_er
  0020: $72 $6F $72 $2C $30 $2C $72 $69  $67 $68 $74 $5F $65 $72 $72 $6F  ror,0,right_erro
  0030: $72 $2C $30 $0D $0A $43 $6F $67  $30 $20 $20 $53 $49 $47          r,0..Cog0  SIG
[USB RECV 2026-09-17T17:43:26.696] Received 62 bytes
[USB RECV HEX/ASCII]:
  0000: $4E $4F $46 $46 $2C $73 $66 $2C  $31 $2C $62 $69 $6E $2C $54 $30  NOFF,sf,1,bin,T0
  0010: $2C $63 $65 $6C $6C $2C $52 $31  $36 $2D $54 $30 $2D $53 $54 $52  ,cell,R16-T0-STR
  0020: $4E $4F $54 $53 $54 $41 $52 $54  $2C $74 $61 $73 $6B $2C $33 $35  NOTSTART,task,35
  0030: $35 $35 $2C $6D $6F $74 $6F $72  $2C $42 $4F $54 $48 $2C          55,motor,BOTH,
[USB RECV 2026-09-17T17:43:26.696] Received 62 bytes
[USB RECV HEX/ASCII]:
  0000: $63 $72 $69 $74 $2C $4C $49 $4D  $49 $54 $5F $52 $45 $46 $55 $53  crit,LIMIT_REFUS
  0010: $45 $44 $2C $6D $65 $61 $73 $75  $72 $65 $64 $2C $54 $52 $55 $45  ED,measured,TRUE
  0020: $2C $6C $6F $2C $54 $52 $55 $45  $2C $68 $69 $2C $54 $52 $55 $45  ,lo,TRUE,hi,TRUE
  0030: $2C $75 $6E $69 $74 $73 $2C $42  $4F $4F $4C $2C $6E $2C          ,units,BOOL,n,
[USB RECV 2026-09-17T17:43:26.698] Received 62 bytes
[USB RECV HEX/ASCII]:
  0000: $32 $2C $76 $65 $72 $64 $69 $63  $74 $2C $50 $41 $53 $53 $0D $0A  2,verdict,PASS..
  0010: $43 $6F $67 $30 $20 $20 $54 $30  $2D $31 $31 $2C $62 $65 $67 $69  Cog0  T0-11,begi
  0020: $6E $0D $0A $43 $6F $67 $31 $20  $20 $49 $4E $49 $54 $20 $24 $30  n..Cog1  INIT $0
  0030: $30 $30 $30 $5F $34 $32 $36 $41  $20 $24 $30 $30 $30 $30          000_426A $0000
[USB RECV 2026-09-17T17:43:26.713] Received 51 bytes
[USB RECV HEX/ASCII]:
  0000: $5F $37 $33 $32 $33 $20 $6C $6F  $61 $64 $0D $0A $43 $6F $67 $32  _7323 load..Cog2
  0010: $20 $20 $49 $4E $49 $54 $20 $24  $30 $30 $30 $30 $5F $30 $46 $41    INIT $0000_0FA
  0020: $38 $20 $24 $30 $30 $30 $30 $5F  $36 $45 $46 $46 $20 $6A $75 $6D  8 $0000_6EFF jum
  0030: $70 $0D $0A                                                       p..
[USB RECV 2026-09-17T17:43:28.701] Received 62 bytes
[USB RECV HEX/ASCII]:
  0000: $43 $6F $67 $30 $20 $20 $54 $30  $2D $31 $31 $2C $6C $69 $66 $65  Cog0  T0-11,life
  0010: $74 $69 $6D $65 $2C $30 $2C $6D  $65 $61 $6E $5F $69 $5F $78 $31  time,0,mean_i_x1
  0020: $30 $2C $39 $2C $6D $65 $61 $6E  $5F $75 $5F $78 $31 $30 $2C $35  0,9,mean_u_x10,5
  0030: $34 $2C $6D $65 $61 $6E $5F $76  $5F $78 $31 $30 $2C $33          4,mean_v_x10,3
[USB RECV 2026-09-17T17:43:28.717] Received 17 bytes
[USB RECV HEX/ASCII]:
  0000: $32 $2C $6D $65 $61 $6E $5F $77  $5F $78 $31 $30 $2C $33 $30 $0D  2,mean_w_x10,30.
  0010: $0A                                                               .
[USB RECV 2026-09-17T17:43:29.205] Received 62 bytes
[USB RECV HEX/ASCII]:
  0000: $43 $6F $67 $31 $20 $20 $49 $4E  $49 $54 $20 $24 $30 $30 $30 $30  Cog1  INIT $0000
  0010: $5F $34 $32 $36 $41 $20 $24 $30  $30 $30 $30 $5F $37 $33 $32 $33  _426A $0000_7323
  0020: $20 $6C $6F $61 $64 $0D $0A $43  $6F $67 $32 $20 $20 $49 $4E $49   load..Cog2  INI
  0030: $54 $20 $24 $30 $30 $30 $30 $5F  $30 $46 $41 $38 $20 $24          T $0000_0FA8 $
[USB RECV 2026-09-17T17:43:29.220] Received 16 bytes
[USB RECV HEX/ASCII]:
  0000: $30 $30 $30 $30 $5F $36 $45 $46  $46 $20 $6A $75 $6D $70 $0D $0A  0000_6EFF jump..
[USB RECV 2026-09-17T17:43:31.208] Received 62 bytes
[USB RECV HEX/ASCII]:
  0000: $43 $6F $67 $30 $20 $20 $54 $30  $2D $31 $31 $2C $6C $69 $66 $65  Cog0  T0-11,life
  0010: $74 $69 $6D $65 $2C $31 $2C $6D  $65 $61 $6E $5F $69 $5F $78 $31  time,1,mean_i_x1
  0020: $30 $2C $31 $2C $6D $65 $61 $6E  $5F $75 $5F $78 $31 $30 $2C $35  0,1,mean_u_x10,5
  0030: $34 $2C $6D $65 $61 $6E $5F $76  $5F $78 $31 $30 $2C $33          4,mean_v_x10,3
[USB RECV 2026-09-17T17:43:31.223] Received 17 bytes
[USB RECV HEX/ASCII]:
  0000: $33 $2C $6D $65 $61 $6E $5F $77  $5F $78 $31 $30 $2C $34 $36 $0D  3,mean_w_x10,46.
  0010: $0A                                                               .
[USB RECV 2026-09-17T17:43:31.712] Received 62 bytes
[USB RECV HEX/ASCII]:
  0000: $43 $6F $67 $31 $20 $20 $49 $4E  $49 $54 $20 $24 $30 $30 $30 $30  Cog1  INIT $0000
  0010: $5F $34 $32 $36 $41 $20 $24 $30  $30 $30 $30 $5F $37 $33 $32 $33  _426A $0000_7323
  0020: $20 $6C $6F $61 $64 $0D $0A $43  $6F $67 $32 $20 $20 $49 $4E $49   load..Cog2  INI
  0030: $54 $20 $24 $30 $30 $30 $30 $5F  $30 $46 $41 $38 $20 $24          T $0000_0FA8 $
[USB RECV 2026-09-17T17:43:31.727] Received 16 bytes
[USB RECV HEX/ASCII]:
  0000: $30 $30 $30 $30 $5F $36 $45 $46  $46 $20 $6A $75 $6D $70 $0D $0A  0000_6EFF jump..
[USB RECV 2026-09-17T17:43:33.715] Received 62 bytes
[USB RECV HEX/ASCII]:
  0000: $43 $6F $67 $30 $20 $20 $54 $30  $2D $31 $31 $2C $6C $69 $66 $65  Cog0  T0-11,life
  0010: $74 $69 $6D $65 $2C $32 $2C $6D  $65 $61 $6E $5F $69 $5F $78 $31  time,2,mean_i_x1
  0020: $30 $2C $33 $2C $6D $65 $61 $6E  $5F $75 $5F $78 $31 $30 $2C $35  0,3,mean_u_x10,5
  0030: $32 $2C $6D $65 $61 $6E $5F $76  $5F $78 $31 $30 $2C $33          2,mean_v_x10,3
[USB RECV 2026-09-17T17:43:33.730] Received 17 bytes
[USB RECV HEX/ASCII]:
  0000: $39 $2C $6D $65 $61 $6E $5F $77  $5F $78 $31 $30 $2C $34 $33 $0D  9,mean_w_x10,43.
  0010: $0A                                                               .
[USB RECV 2026-09-17T17:43:34.219] Received 62 bytes
[USB RECV HEX/ASCII]:
  0000: $43 $6F $67 $31 $20 $20 $49 $4E  $49 $54 $20 $24 $30 $30 $30 $30  Cog1  INIT $0000
  0010: $5F $34 $32 $36 $41 $20 $24 $30  $30 $30 $30 $5F $37 $33 $32 $33  _426A $0000_7323
  0020: $20 $6C $6F $61 $64 $0D $0A $43  $6F $67 $32 $20 $20 $49 $4E $49   load..Cog2  INI
  0030: $54 $20 $24 $30 $30 $30 $30 $5F  $30 $46 $41 $38 $20 $24          T $0000_0FA8 $
[USB RECV 2026-09-17T17:43:34.235] Received 16 bytes
[USB RECV HEX/ASCII]:
  0000: $30 $30 $30 $30 $5F $36 $45 $46  $46 $20 $6A $75 $6D $70 $0D $0A  0000_6EFF jump..
[USB RECV 2026-09-17T17:43:36.222] Received 62 bytes
[USB RECV HEX/ASCII]:
  0000: $43 $6F $67 $30 $20 $20 $54 $30  $2D $31 $31 $2C $6C $69 $66 $65  Cog0  T0-11,life
  0010: $74 $69 $6D $65 $2C $33 $2C $6D  $65 $61 $6E $5F $69 $5F $78 $31  time,3,mean_i_x1
  0020: $30 $2C $30 $2C $6D $65 $61 $6E  $5F $75 $5F $78 $31 $30 $2C $36  0,0,mean_u_x10,6
  0030: $31 $2C $6D $65 $61 $6E $5F $76  $5F $78 $31 $30 $2C $33          1,mean_v_x10,3
[USB RECV 2026-09-17T17:43:36.238] Received 17 bytes
[USB RECV HEX/ASCII]:
  0000: $32 $2C $6D $65 $61 $6E $5F $77  $5F $78 $31 $30 $2C $34 $34 $0D  2,mean_w_x10,44.
  0010: $0A                                                               .
[USB RECV 2026-09-17T17:43:36.726] Received 62 bytes
[USB RECV HEX/ASCII]:
  0000: $43 $6F $67 $31 $20 $20 $49 $4E  $49 $54 $20 $24 $30 $30 $30 $30  Cog1  INIT $0000
  0010: $5F $34 $32 $36 $41 $20 $24 $30  $30 $30 $30 $5F $37 $33 $32 $33  _426A $0000_7323
  0020: $20 $6C $6F $61 $64 $0D $0A $43  $6F $67 $32 $20 $20 $49 $4E $49   load..Cog2  INI
  0030: $54 $20 $24 $30 $30 $30 $30 $5F  $30 $46 $41 $38 $20 $24          T $0000_0FA8 $
[USB RECV 2026-09-17T17:43:36.741] Received 16 bytes
[USB RECV HEX/ASCII]:
  0000: $30 $30 $30 $30 $5F $36 $45 $46  $46 $20 $6A $75 $6D $70 $0D $0A  0000_6EFF jump..
[USB RECV 2026-09-17T17:43:38.729] Received 62 bytes
[USB RECV HEX/ASCII]:
  0000: $43 $6F $67 $30 $20 $20 $54 $30  $2D $31 $31 $2C $6C $69 $66 $65  Cog0  T0-11,life
  0010: $74 $69 $6D $65 $2C $34 $2C $6D  $65 $61 $6E $5F $69 $5F $78 $31  time,4,mean_i_x1
  0020: $30 $2C $2D $34 $2C $6D $65 $61  $6E $5F $75 $5F $78 $31 $30 $2C  0,-4,mean_u_x10,
  0030: $37 $32 $2C $6D $65 $61 $6E $5F  $76 $5F $78 $31 $30 $2C          72,mean_v_x10,
[USB RECV 2026-09-17T17:43:38.744] Received 18 bytes
[USB RECV HEX/ASCII]:
  0000: $32 $36 $2C $6D $65 $61 $6E $5F  $77 $5F $78 $31 $30 $2C $34 $32  26,mean_w_x10,42
  0010: $0D $0A                                                           ..
[USB RECV 2026-09-17T17:43:39.231] Received 62 bytes
[USB RECV HEX/ASCII]:
  0000: $43 $6F $67 $30 $20 $20 $54 $30  $2D $31 $31 $2C $65 $6E $64 $2C  Cog0  T0-11,end,
  0010: $76 $61 $6C $69 $64 $5F $6C $69  $66 $65 $74 $69 $6D $65 $73 $2C  valid_lifetimes,
  0020: $35 $0D $0A $43 $6F $67 $30 $20  $20 $53 $49 $47 $4E $4F $46 $46  5..Cog0  SIGNOFF
  0030: $2C $73 $66 $2C $31 $2C $62 $69  $6E $2C $54 $30 $2C $63          ,sf,1,bin,T0,c
[USB RECV 2026-09-17T17:43:39.232] Received 62 bytes
[USB RECV HEX/ASCII]:
  0000: $65 $6C $6C $2C $52 $38 $2D $54  $30 $2D $5A $58 $53 $2C $74 $61  ell,R8-T0-ZXS,ta
  0010: $73 $6B $2C $33 $35 $32 $39 $2C  $6D $6F $74 $6F $72 $2C $52 $49  sk,3529,motor,RI
  0020: $47 $48 $54 $2C $63 $72 $69 $74  $2C $5A $58 $53 $5F $49 $2C $6D  GHT,crit,ZXS_I,m
  0030: $65 $61 $73 $75 $72 $65 $64 $2C  $31 $33 $2C $6C $6F $2C          easured,13,lo,
[USB RECV 2026-09-17T17:43:39.232] Received 62 bytes
[USB RECV HEX/ASCII]:
  0000: $30 $2C $68 $69 $2C $35 $30 $2C  $75 $6E $69 $74 $73 $2C $4D $56  0,hi,50,units,MV
  0010: $5F $58 $31 $30 $2C $6E $2C $35  $2C $76 $65 $72 $64 $69 $63 $74  _X10,n,5,verdict
  0020: $2C $50 $41 $53 $53 $0D $0A $43  $6F $67 $30 $20 $20 $53 $49 $47  ,PASS..Cog0  SIG
  0030: $4E $4F $46 $46 $2C $73 $66 $2C  $31 $2C $62 $69 $6E $2C          NOFF,sf,1,bin,
[USB RECV 2026-09-17T17:43:39.232] Received 62 bytes
[USB RECV HEX/ASCII]:
  0000: $54 $30 $2C $63 $65 $6C $6C $2C  $52 $38 $2D $54 $30 $2D $5A $58  T0,cell,R8-T0-ZX
  0010: $53 $2C $74 $61 $73 $6B $2C $33  $35 $32 $39 $2C $6D $6F $74 $6F  S,task,3529,moto
  0020: $72 $2C $52 $49 $47 $48 $54 $2C  $63 $72 $69 $74 $2C $5A $58 $53  r,RIGHT,crit,ZXS
  0030: $5F $55 $2C $6D $65 $61 $73 $75  $72 $65 $64 $2C $32 $30          _U,measured,20
[USB RECV 2026-09-17T17:43:39.232] Received 62 bytes
[USB RECV HEX/ASCII]:
  0000: $2C $6C $6F $2C $30 $2C $68 $69  $2C $35 $30 $2C $75 $6E $69 $74  ,lo,0,hi,50,unit
  0010: $73 $2C $4D $56 $5F $58 $31 $30  $2C $6E $2C $35 $2C $76 $65 $72  s,MV_X10,n,5,ver
  0020: $64 $69 $63 $74 $2C $50 $41 $53  $53 $0D $0A $43 $6F $67 $30 $20  dict,PASS..Cog0 
  0030: $20 $53 $49 $47 $4E $4F $46 $46  $2C $73 $66 $2C $31 $2C           SIGNOFF,sf,1,
[USB RECV 2026-09-17T17:43:39.233] Received 62 bytes
[USB RECV HEX/ASCII]:
  0000: $62 $69 $6E $2C $54 $30 $2C $63  $65 $6C $6C $2C $52 $38 $2D $54  bin,T0,cell,R8-T
  0010: $30 $2D $5A $58 $53 $2C $74 $61  $73 $6B $2C $33 $35 $32 $39 $2C  0-ZXS,task,3529,
  0020: $6D $6F $74 $6F $72 $2C $52 $49  $47 $48 $54 $2C $63 $72 $69 $74  motor,RIGHT,crit
  0030: $2C $5A $58 $53 $5F $56 $2C $6D  $65 $61 $73 $75 $72 $65          ,ZXS_V,measure
[USB RECV 2026-09-17T17:43:39.233] Received 62 bytes
[USB RECV HEX/ASCII]:
  0000: $64 $2C $31 $33 $2C $6C $6F $2C  $30 $2C $68 $69 $2C $35 $30 $2C  d,13,lo,0,hi,50,
  0010: $75 $6E $69 $74 $73 $2C $4D $56  $5F $58 $31 $30 $2C $6E $2C $35  units,MV_X10,n,5
  0020: $2C $76 $65 $72 $64 $69 $63 $74  $2C $50 $41 $53 $53 $0D $0A $43  ,verdict,PASS..C
  0030: $6F $67 $30 $20 $20 $53 $49 $47  $4E $4F $46 $46 $2C $73          og0  SIGNOFF,s
[USB RECV 2026-09-17T17:43:39.233] Received 62 bytes
[USB RECV HEX/ASCII]:
  0000: $66 $2C $31 $2C $62 $69 $6E $2C  $54 $30 $2C $63 $65 $6C $6C $2C  f,1,bin,T0,cell,
  0010: $52 $38 $2D $54 $30 $2D $5A $58  $53 $2C $74 $61 $73 $6B $2C $33  R8-T0-ZXS,task,3
  0020: $35 $32 $39 $2C $6D $6F $74 $6F  $72 $2C $52 $49 $47 $48 $54 $2C  529,motor,RIGHT,
  0030: $63 $72 $69 $74 $2C $5A $58 $53  $5F $57 $2C $6D $65 $61          crit,ZXS_W,mea
[USB RECV 2026-09-17T17:43:39.234] Received 62 bytes
[USB RECV HEX/ASCII]:
  0000: $73 $75 $72 $65 $64 $2C $31 $36  $2C $6C $6F $2C $30 $2C $68 $69  sured,16,lo,0,hi
  0010: $2C $35 $30 $2C $75 $6E $69 $74  $73 $2C $4D $56 $5F $58 $31 $30  ,50,units,MV_X10
  0020: $2C $6E $2C $35 $2C $76 $65 $72  $64 $69 $63 $74 $2C $50 $41 $53  ,n,5,verdict,PAS
  0030: $53 $0D $0A $43 $6F $67 $30 $20  $20 $54 $30 $2D $31 $33          S..Cog0  T0-13
[USB RECV 2026-09-17T17:43:39.236] Received 62 bytes
[USB RECV HEX/ASCII]:
  0000: $2C $62 $65 $67 $69 $6E $0D $0A  $43 $6F $67 $31 $20 $20 $49 $4E  ,begin..Cog1  IN
  0010: $49 $54 $20 $24 $30 $30 $30 $30  $5F $34 $32 $36 $41 $20 $24 $30  IT $0000_426A $0
  0020: $30 $30 $30 $5F $37 $33 $32 $33  $20 $6C $6F $61 $64 $0D $0A $43  000_7323 load..C
  0030: $6F $67 $32 $20 $20 $49 $4E $49  $54 $20 $24 $30 $30 $30          og2  INIT $000
[USB RECV 2026-09-17T17:43:39.251] Received 24 bytes
[USB RECV HEX/ASCII]:
  0000: $30 $5F $30 $46 $41 $38 $20 $24  $30 $30 $30 $30 $5F $36 $45 $46  0_0FA8 $0000_6EF
  0010: $46 $20 $6A $75 $6D $70 $0D $0A                                   F jump..
[USB RECV 2026-09-17T17:43:41.237] Received 62 bytes
[USB RECV HEX/ASCII]:
  0000: $43 $6F $67 $30 $20 $20 $54 $30  $2D $31 $33 $2C $65 $6E $64 $2C  Cog0  T0-13,end,
  0010: $6D $69 $73 $73 $65 $64 $2C $30  $2C $69 $6C $6C $65 $67 $61 $6C  missed,0,illegal
  0020: $2C $30 $0D $0A $43 $6F $67 $30  $20 $20 $53 $49 $47 $4E $4F $46  ,0..Cog0  SIGNOF
  0030: $46 $2C $73 $66 $2C $31 $2C $62  $69 $6E $2C $54 $30 $2C          F,sf,1,bin,T0,
[USB RECV 2026-09-17T17:43:41.237] Received 62 bytes
[USB RECV HEX/ASCII]:
  0000: $63 $65 $6C $6C $2C $52 $33 $2D  $54 $30 $2D $53 $54 $4F $50 $50  cell,R3-T0-STOPP
  0010: $45 $44 $2C $74 $61 $73 $6B $2C  $33 $35 $30 $31 $2C $6D $6F $74  ED,task,3501,mot
  0020: $6F $72 $2C $4E $4F $4E $45 $2C  $63 $72 $69 $74 $2C $53 $54 $4F  or,NONE,crit,STO
  0030: $50 $50 $45 $44 $5F $43 $4F $55  $4E $54 $53 $2C $6D $65          PPED_COUNTS,me
[USB RECV 2026-09-17T17:43:41.239] Received 62 bytes
[USB RECV HEX/ASCII]:
  0000: $61 $73 $75 $72 $65 $64 $2C $30  $2C $6C $6F $2C $30 $2C $68 $69  asured,0,lo,0,hi
  0010: $2C $30 $2C $75 $6E $69 $74 $73  $2C $43 $4F $55 $4E $54 $2C $6E  ,0,units,COUNT,n
  0020: $2C $31 $2C $76 $65 $72 $64 $69  $63 $74 $2C $50 $41 $53 $53 $0D  ,1,verdict,PASS.
  0030: $0A $43 $6F $67 $30 $20 $20 $54  $30 $2D $31 $34 $2C $62          .Cog0  T0-14,b
[USB RECV 2026-09-17T17:43:41.254] Received 13 bytes
[USB RECV HEX/ASCII]:
  0000: $65 $67 $69 $6E $2C $72 $65 $70  $65 $61 $74 $0D $0A              egin,repeat..
[USB RECV 2026-09-17T17:43:41.334] Received 62 bytes
[USB RECV HEX/ASCII]:
  0000: $43 $6F $67 $30 $20 $20 $54 $30  $2D $31 $34 $61 $2C $62 $61 $73  Cog0  T0-14a,bas
  0010: $65 $2C $31 $36 $2C $6E $6F $74  $5F $72 $65 $76 $62 $5F $63 $6F  e,16,not_revb_co
  0020: $75 $6E $74 $2C $30 $0D $0A $43  $6F $67 $30 $20 $20 $53 $49 $47  unt,0..Cog0  SIG
  0030: $4E $4F $46 $46 $2C $73 $66 $2C  $31 $2C $62 $69 $6E $2C          NOFF,sf,1,bin,
[USB RECV 2026-09-17T17:43:41.334] Received 62 bytes
[USB RECV HEX/ASCII]:
  0000: $54 $30 $2C $63 $65 $6C $6C $2C  $52 $32 $2D $54 $30 $2D $52 $45  T0,cell,R2-T0-RE
  0010: $50 $45 $41 $54 $2C $74 $61 $73  $6B $2C $33 $35 $30 $30 $2C $6D  PEAT,task,3500,m
  0020: $6F $74 $6F $72 $2C $52 $49 $47  $48 $54 $2C $63 $72 $69 $74 $2C  otor,RIGHT,crit,
  0030: $52 $45 $41 $44 $53 $5F $4E $4F  $54 $5F $52 $45 $56 $42          READS_NOT_REVB
[USB RECV 2026-09-17T17:43:41.349] Received 53 bytes
[USB RECV HEX/ASCII]:
  0000: $2C $6D $65 $61 $73 $75 $72 $65  $64 $2C $30 $2C $6C $6F $2C $30  ,measured,0,lo,0
  0010: $2C $68 $69 $2C $30 $2C $75 $6E  $69 $74 $73 $2C $43 $4F $55 $4E  ,hi,0,units,COUN
  0020: $54 $2C $6E $2C $33 $32 $2C $76  $65 $72 $64 $69 $63 $74 $2C $50  T,n,32,verdict,P
  0030: $41 $53 $53 $0D $0A                                               ASS..
[USB RECV 2026-09-17T17:43:41.429] Received 62 bytes
[USB RECV HEX/ASCII]:
  0000: $43 $6F $67 $30 $20 $20 $54 $30  $2D $31 $34 $61 $2C $62 $61 $73  Cog0  T0-14a,bas
  0010: $65 $2C $33 $32 $2C $6E $6F $74  $5F $72 $65 $76 $62 $5F $63 $6F  e,32,not_revb_co
  0020: $75 $6E $74 $2C $30 $0D $0A $43  $6F $67 $30 $20 $20 $53 $49 $47  unt,0..Cog0  SIG
  0030: $4E $4F $46 $46 $2C $73 $66 $2C  $31 $2C $62 $69 $6E $2C          NOFF,sf,1,bin,
[USB RECV 2026-09-17T17:43:41.429] Received 62 bytes
[USB RECV HEX/ASCII]:
  0000: $54 $30 $2C $63 $65 $6C $6C $2C  $52 $32 $2D $54 $30 $2D $52 $45  T0,cell,R2-T0-RE
  0010: $50 $45 $41 $54 $2C $74 $61 $73  $6B $2C $33 $35 $30 $30 $2C $6D  PEAT,task,3500,m
  0020: $6F $74 $6F $72 $2C $4C $45 $46  $54 $2C $63 $72 $69 $74 $2C $52  otor,LEFT,crit,R
  0030: $45 $41 $44 $53 $5F $4E $4F $54  $5F $52 $45 $56 $42 $2C          EADS_NOT_REVB,
[USB RECV 2026-09-17T17:43:41.429] Received 62 bytes
[USB RECV HEX/ASCII]:
  0000: $6D $65 $61 $73 $75 $72 $65 $64  $2C $30 $2C $6C $6F $2C $30 $2C  measured,0,lo,0,
  0010: $68 $69 $2C $30 $2C $75 $6E $69  $74 $73 $2C $43 $4F $55 $4E $54  hi,0,units,COUNT
  0020: $2C $6E $2C $33 $32 $2C $76 $65  $72 $64 $69 $63 $74 $2C $50 $41  ,n,32,verdict,PA
  0030: $53 $53 $0D $0A $43 $6F $67 $30  $20 $20 $54 $30 $2D $31          SS..Cog0  T0-1
[USB RECV 2026-09-17T17:43:41.434] Received 62 bytes
[USB RECV HEX/ASCII]:
  0000: $34 $2C $62 $65 $67 $69 $6E $2C  $64 $69 $72 $74 $79 $0D $0A $43  4,begin,dirty..C
  0010: $6F $67 $30 $20 $20 $54 $30 $2D  $31 $34 $62 $2C $62 $61 $73 $65  og0  T0-14b,base
  0020: $2C $31 $36 $2C $64 $69 $72 $74  $79 $5F $72 $65 $61 $64 $2C $32  ,16,dirty_read,2
  0030: $32 $0D $0A $43 $6F $67 $31 $20  $20 $49 $4E $49 $54 $20          2..Cog1  INIT 
[USB RECV 2026-09-17T17:43:41.435] Received 62 bytes
[USB RECV HEX/ASCII]:
  0000: $24 $30 $30 $30 $30 $5F $34 $32  $36 $41 $20 $24 $30 $30 $30 $30  $0000_426A $0000
  0010: $5F $37 $33 $32 $33 $20 $6C $6F  $61 $64 $0D $0A $43 $6F $67 $32  _7323 load..Cog2
  0020: $20 $20 $49 $4E $49 $54 $20 $24  $30 $30 $30 $30 $5F $30 $46 $41    INIT $0000_0FA
  0030: $38 $20 $24 $30 $30 $30 $30 $5F  $36 $45 $46 $46 $20 $6A          8 $0000_6EFF j
[USB RECV 2026-09-17T17:43:41.450] Received 5 bytes
[USB RECV HEX/ASCII]:
  0000: $75 $6D $70 $0D $0A                                               ump..
[USB RECV 2026-09-17T17:43:42.440] Received 62 bytes
[USB RECV HEX/ASCII]:
  0000: $43 $6F $67 $31 $20 $20 $49 $4E  $49 $54 $20 $24 $30 $30 $30 $30  Cog1  INIT $0000
  0010: $5F $34 $32 $36 $41 $20 $24 $30  $30 $30 $30 $5F $37 $41 $42 $46  _426A $0000_7ABF
  0020: $20 $6C $6F $61 $64 $0D $0A $43  $6F $67 $32 $20 $20 $49 $4E $49   load..Cog2  INI
  0030: $54 $20 $24 $30 $30 $30 $30 $5F  $30 $46 $41 $38 $20 $24          T $0000_0FA8 $
[USB RECV 2026-09-17T17:43:42.455] Received 16 bytes
[USB RECV HEX/ASCII]:
  0000: $30 $30 $30 $30 $5F $37 $36 $39  $42 $20 $6A $75 $6D $70 $0D $0A  0000_769B jump..
[USB RECV 2026-09-17T17:43:43.446] Received 62 bytes
[USB RECV HEX/ASCII]:
  0000: $43 $6F $67 $30 $20 $20 $54 $30  $2D $31 $34 $62 $2C $62 $61 $73  Cog0  T0-14b,bas
  0010: $65 $2C $31 $36 $2C $70 $6F $73  $74 $73 $74 $61 $72 $74 $5F $72  e,16,poststart_r
  0020: $65 $61 $64 $2C $32 $32 $0D $0A  $43 $6F $67 $30 $20 $20 $53 $49  ead,22..Cog0  SI
  0030: $47 $4E $4F $46 $46 $2C $73 $66  $2C $31 $2C $62 $69 $6E          GNOFF,sf,1,bin
[USB RECV 2026-09-17T17:43:43.446] Received 62 bytes
[USB RECV HEX/ASCII]:
  0000: $2C $54 $30 $2C $63 $65 $6C $6C  $2C $52 $32 $2D $54 $30 $2D $44  ,T0,cell,R2-T0-D
  0010: $49 $52 $54 $59 $2C $74 $61 $73  $6B $2C $33 $35 $30 $30 $2C $6D  IRTY,task,3500,m
  0020: $6F $74 $6F $72 $2C $52 $49 $47  $48 $54 $2C $63 $72 $69 $74 $2C  otor,RIGHT,crit,
  0030: $50 $4F $53 $54 $53 $54 $4F $50  $5F $52 $45 $56 $42 $2C          POSTSTOP_REVB,
[USB RECV 2026-09-17T17:43:43.449] Received 62 bytes
[USB RECV HEX/ASCII]:
  0000: $6D $65 $61 $73 $75 $72 $65 $64  $2C $54 $52 $55 $45 $2C $6C $6F  measured,TRUE,lo
  0010: $2C $54 $52 $55 $45 $2C $68 $69  $2C $54 $52 $55 $45 $2C $75 $6E  ,TRUE,hi,TRUE,un
  0020: $69 $74 $73 $2C $42 $4F $4F $4C  $2C $6E $2C $31 $2C $76 $65 $72  its,BOOL,n,1,ver
  0030: $64 $69 $63 $74 $2C $50 $41 $53  $53 $0D $0A $43 $6F $67          dict,PASS..Cog
[USB RECV 2026-09-17T17:43:43.451] Received 62 bytes
[USB RECV HEX/ASCII]:
  0000: $30 $20 $20 $54 $30 $2D $31 $34  $62 $2C $62 $61 $73 $65 $2C $33  0  T0-14b,base,3
  0010: $32 $2C $64 $69 $72 $74 $79 $5F  $72 $65 $61 $64 $2C $32 $32 $0D  2,dirty_read,22.
  0020: $0A $43 $6F $67 $31 $20 $20 $49  $4E $49 $54 $20 $24 $30 $30 $30  .Cog1  INIT $000
  0030: $30 $5F $34 $32 $36 $41 $20 $24  $30 $30 $30 $30 $5F $37          0_426A $0000_7
[USB RECV 2026-09-17T17:43:43.467] Received 49 bytes
[USB RECV HEX/ASCII]:
  0000: $33 $32 $33 $20 $6C $6F $61 $64  $0D $0A $43 $6F $67 $32 $20 $20  323 load..Cog2  
  0010: $49 $4E $49 $54 $20 $24 $30 $30  $30 $30 $5F $30 $46 $41 $38 $20  INIT $0000_0FA8 
  0020: $24 $30 $30 $30 $30 $5F $36 $45  $46 $46 $20 $6A $75 $6D $70 $0D  $0000_6EFF jump.
  0030: $0A                                                               .
[USB RECV 2026-09-17T17:43:44.457] Received 62 bytes
[USB RECV HEX/ASCII]:
  0000: $43 $6F $67 $31 $20 $20 $49 $4E  $49 $54 $20 $24 $30 $30 $30 $30  Cog1  INIT $0000
  0010: $5F $34 $32 $36 $41 $20 $24 $30  $30 $30 $30 $5F $37 $41 $42 $46  _426A $0000_7ABF
  0020: $20 $6C $6F $61 $64 $0D $0A $43  $6F $67 $32 $20 $20 $49 $4E $49   load..Cog2  INI
  0030: $54 $20 $24 $30 $30 $30 $30 $5F  $30 $46 $41 $38 $20 $24          T $0000_0FA8 $
[USB RECV 2026-09-17T17:43:44.472] Received 16 bytes
[USB RECV HEX/ASCII]:
  0000: $30 $30 $30 $30 $5F $37 $36 $39  $42 $20 $6A $75 $6D $70 $0D $0A  0000_769B jump..
[USB RECV 2026-09-17T17:43:45.463] Received 62 bytes
[USB RECV HEX/ASCII]:
  0000: $43 $6F $67 $30 $20 $20 $54 $30  $2D $31 $34 $62 $2C $62 $61 $73  Cog0  T0-14b,bas
  0010: $65 $2C $33 $32 $2C $70 $6F $73  $74 $73 $74 $61 $72 $74 $5F $72  e,32,poststart_r
  0020: $65 $61 $64 $2C $32 $32 $0D $0A  $43 $6F $67 $30 $20 $20 $53 $49  ead,22..Cog0  SI
  0030: $47 $4E $4F $46 $46 $2C $73 $66  $2C $31 $2C $62 $69 $6E          GNOFF,sf,1,bin
[USB RECV 2026-09-17T17:43:45.463] Received 62 bytes
[USB RECV HEX/ASCII]:
  0000: $2C $54 $30 $2C $63 $65 $6C $6C  $2C $52 $32 $2D $54 $30 $2D $44  ,T0,cell,R2-T0-D
  0010: $49 $52 $54 $59 $2C $74 $61 $73  $6B $2C $33 $35 $30 $30 $2C $6D  IRTY,task,3500,m
  0020: $6F $74 $6F $72 $2C $4C $45 $46  $54 $2C $63 $72 $69 $74 $2C $50  otor,LEFT,crit,P
  0030: $4F $53 $54 $53 $54 $4F $50 $5F  $52 $45 $56 $42 $2C $6D          OSTSTOP_REVB,m
[USB RECV 2026-09-17T17:43:45.464] Received 62 bytes
[USB RECV HEX/ASCII]:
  0000: $65 $61 $73 $75 $72 $65 $64 $2C  $54 $52 $55 $45 $2C $6C $6F $2C  easured,TRUE,lo,
  0010: $54 $52 $55 $45 $2C $68 $69 $2C  $54 $52 $55 $45 $2C $75 $6E $69  TRUE,hi,TRUE,uni
  0020: $74 $73 $2C $42 $4F $4F $4C $2C  $6E $2C $31 $2C $76 $65 $72 $64  ts,BOOL,n,1,verd
  0030: $69 $63 $74 $2C $50 $41 $53 $53  $0D $0A $43 $6F $67 $30          ict,PASS..Cog0
[USB RECV 2026-09-17T17:43:45.467] Received 62 bytes
[USB RECV HEX/ASCII]:
  0000: $20 $20 $54 $30 $2D $31 $34 $2C  $62 $65 $67 $69 $6E $2C $65 $6D    T0-14,begin,em
  0010: $70 $74 $79 $0D $0A $43 $6F $67  $30 $20 $20 $54 $30 $2D $31 $34  pty..Cog0  T0-14
  0020: $63 $2C $62 $61 $73 $65 $2C $50  $30 $5F $50 $31 $35 $2C $72 $65  c,base,P0_P15,re
  0030: $61 $64 $2C $32 $30 $0D $0A $43  $6F $67 $30 $20 $20 $53          ad,20..Cog0  S
[USB RECV 2026-09-17T17:43:45.467] Received 62 bytes
[USB RECV HEX/ASCII]:
  0000: $49 $47 $4E $4F $46 $46 $2C $73  $66 $2C $31 $2C $62 $69 $6E $2C  IGNOFF,sf,1,bin,
  0010: $54 $30 $2C $63 $65 $6C $6C $2C  $52 $32 $2D $54 $30 $2D $45 $4D  T0,cell,R2-T0-EM
  0020: $50 $54 $59 $2C $74 $61 $73 $6B  $2C $33 $35 $30 $30 $2C $6D $6F  PTY,task,3500,mo
  0030: $74 $6F $72 $2C $4E $4F $4E $45  $2C $63 $72 $69 $74 $2C          tor,NONE,crit,
[USB RECV 2026-09-17T17:43:45.467] Received 62 bytes
[USB RECV HEX/ASCII]:
  0000: $45 $4D $50 $54 $59 $5F $4E $4F  $44 $45 $54 $2C $6D $65 $61 $73  EMPTY_NODET,meas
  0010: $75 $72 $65 $64 $2C $54 $52 $55  $45 $2C $6C $6F $2C $54 $52 $55  ured,TRUE,lo,TRU
  0020: $45 $2C $68 $69 $2C $54 $52 $55  $45 $2C $75 $6E $69 $74 $73 $2C  E,hi,TRUE,units,
  0030: $42 $4F $4F $4C $2C $6E $2C $31  $2C $76 $65 $72 $64 $69          BOOL,n,1,verdi
[USB RECV 2026-09-17T17:43:45.469] Received 62 bytes
[USB RECV HEX/ASCII]:
  0000: $63 $74 $2C $50 $41 $53 $53 $0D  $0A $43 $6F $67 $30 $20 $20 $54  ct,PASS..Cog0  T
  0010: $30 $2D $31 $35 $2C $62 $65 $67  $69 $6E $2C $73 $74 $61 $72 $74  0-15,begin,start
  0020: $0D $0A $43 $6F $67 $31 $20 $20  $49 $4E $49 $54 $20 $24 $30 $30  ..Cog1  INIT $00
  0030: $30 $30 $5F $34 $32 $36 $41 $20  $24 $30 $30 $30 $30 $5F          00_426A $0000_
[USB RECV 2026-09-17T17:43:45.485] Received 50 bytes
[USB RECV HEX/ASCII]:
  0000: $37 $33 $32 $33 $20 $6C $6F $61  $64 $0D $0A $43 $6F $67 $32 $20  7323 load..Cog2 
  0010: $20 $49 $4E $49 $54 $20 $24 $30  $30 $30 $30 $5F $30 $46 $41 $38   INIT $0000_0FA8
  0020: $20 $24 $30 $30 $30 $30 $5F $36  $45 $46 $46 $20 $6A $75 $6D $70   $0000_6EFF jump
  0030: $0D $0A                                                           ..
[USB RECV 2026-09-17T17:43:46.471] Received 62 bytes
[USB RECV HEX/ASCII]:
  0000: $43 $6F $67 $30 $20 $20 $54 $30  $2D $31 $35 $61 $2C $73 $74 $61  Cog0  T0-15a,sta
  0010: $72 $74 $5F $72 $65 $74 $75 $72  $6E $2C $31 $2C $72 $61 $77 $5F  rt_return,1,raw_
  0020: $6D $6F $74 $6F $72 $5F $63 $6F  $67 $2C $32 $0D $0A $43 $6F $67  motor_cog,2..Cog
  0030: $30 $20 $20 $53 $49 $47 $4E $4F  $46 $46 $2C $73 $66 $2C          0  SIGNOFF,sf,
[USB RECV 2026-09-17T17:43:46.472] Received 62 bytes
[USB RECV HEX/ASCII]:
  0000: $31 $2C $62 $69 $6E $2C $54 $30  $2C $63 $65 $6C $6C $2C $52 $31  1,bin,T0,cell,R1
  0010: $2D $54 $30 $2D $53 $54 $41 $52  $54 $2C $74 $61 $73 $6B $2C $33  -T0-START,task,3
  0020: $34 $39 $39 $2C $6D $6F $74 $6F  $72 $2C $4E $4F $4E $45 $2C $63  499,motor,NONE,c
  0030: $72 $69 $74 $2C $52 $45 $54 $5F  $45 $51 $5F $43 $4F $47          rit,RET_EQ_COG
[USB RECV 2026-09-17T17:43:46.472] Received 62 bytes
[USB RECV HEX/ASCII]:
  0000: $5F $4D $31 $2C $6D $65 $61 $73  $75 $72 $65 $64 $2C $54 $52 $55  _M1,measured,TRU
  0010: $45 $2C $6C $6F $2C $54 $52 $55  $45 $2C $68 $69 $2C $54 $52 $55  E,lo,TRUE,hi,TRU
  0020: $45 $2C $75 $6E $69 $74 $73 $2C  $42 $4F $4F $4C $2C $6E $2C $31  E,units,BOOL,n,1
  0030: $2C $76 $65 $72 $64 $69 $63 $74  $2C $50 $41 $53 $53 $0D          ,verdict,PASS.
[USB RECV 2026-09-17T17:43:46.476] Received 62 bytes
[USB RECV HEX/ASCII]:
  0000: $0A $43 $6F $67 $30 $20 $20 $54  $30 $2D $31 $35 $2C $62 $65 $67  .Cog0  T0-15,beg
  0010: $69 $6E $2C $72 $65 $73 $74 $61  $72 $74 $0D $0A $43 $6F $67 $31  in,restart..Cog1
  0020: $43 $6F $67 $31 $20 $20 $49 $4E  $49 $54 $20 $24 $30 $30 $30 $30  Cog1  INIT $0000
  0030: $5F $34 $32 $36 $41 $20 $24 $30  $30 $30 $30 $5F $37 $33          _426A $0000_73
[USB RECV 2026-09-17T17:43:46.491] Received 48 bytes
[USB RECV HEX/ASCII]:
  0000: $32 $33 $20 $6C $6F $61 $64 $0D  $0A $43 $6F $67 $32 $20 $20 $49  23 load..Cog2  I
  0010: $4E $49 $54 $20 $24 $30 $30 $30  $30 $5F $30 $46 $41 $38 $20 $24  NIT $0000_0FA8 $
  0020: $30 $30 $30 $30 $5F $36 $45 $46  $46 $20 $6A $75 $6D $70 $0D $0A  0000_6EFF jump..
[USB RECV 2026-09-17T17:43:47.481] Received 62 bytes
[USB RECV HEX/ASCII]:
  0000: $43 $6F $67 $43 $6F $67 $31 $20  $20 $49 $4E $49 $54 $20 $24 $30  CogCog1  INIT $0
  0010: $30 $30 $30 $5F $34 $32 $36 $41  $20 $24 $30 $30 $30 $30 $5F $37  000_426A $0000_7
  0020: $33 $32 $33 $20 $6C $6F $61 $64  $0D $0A $43 $6F $67 $32 $20 $20  323 load..Cog2  
  0030: $49 $4E $49 $54 $20 $24 $30 $30  $30 $30 $5F $30 $46 $41          INIT $0000_0FA
[USB RECV 2026-09-17T17:43:47.496] Received 19 bytes
[USB RECV HEX/ASCII]:
  0000: $38 $20 $24 $30 $30 $30 $30 $5F  $36 $45 $46 $46 $20 $6A $75 $6D  8 $0000_6EFF jum
  0010: $70 $0D $0A                                                       p..
[USB RECV 2026-09-17T17:43:48.484] Received 62 bytes
[USB RECV HEX/ASCII]:
  0000: $43 $6F $67 $43 $6F $67 $31 $43  $6F $67 $30 $20 $20 $54 $30 $2D  CogCog1Cog0  T0-
  0010: $31 $35 $63 $2C $62 $61 $73 $65  $6C $69 $6E $65 $2C $37 $2C $66  15c,baseline,7,f
  0020: $72 $65 $65 $31 $2C $35 $2C $73  $74 $61 $72 $74 $31 $2C $31 $2C  ree1,5,start1,1,
  0030: $66 $72 $65 $65 $32 $2C $35 $2C  $73 $74 $61 $72 $74 $32          free2,5,start2
[USB RECV 2026-09-17T17:43:48.485] Received 62 bytes
[USB RECV HEX/ASCII]:
  0000: $2C $31 $2C $72 $61 $77 $5F $6D  $6F $74 $6F $72 $5F $63 $6F $67  ,1,raw_motor_cog
  0010: $32 $2C $32 $2C $66 $72 $65 $65  $33 $2C $37 $0D $0A $43 $6F $67  2,2,free3,7..Cog
  0020: $30 $20 $20 $53 $49 $47 $4E $4F  $46 $46 $2C $73 $66 $2C $31 $2C  0  SIGNOFF,sf,1,
  0030: $62 $69 $6E $2C $54 $30 $2C $63  $65 $6C $6C $2C $52 $31          bin,T0,cell,R1
[USB RECV 2026-09-17T17:43:48.485] Received 62 bytes
[USB RECV HEX/ASCII]:
  0000: $2D $54 $30 $2D $52 $45 $53 $54  $41 $52 $54 $2C $74 $61 $73 $6B  -T0-RESTART,task
  0010: $2C $33 $34 $39 $39 $2C $6D $6F  $74 $6F $72 $2C $4E $4F $4E $45  ,3499,motor,NONE
  0020: $2C $63 $72 $69 $74 $2C $4E $4F  $5F $4F $52 $50 $48 $41 $4E $2C  ,crit,NO_ORPHAN,
  0030: $6D $65 $61 $73 $75 $72 $65 $64  $2C $54 $52 $55 $45 $2C          measured,TRUE,
[USB RECV 2026-09-17T17:43:48.485] Received 62 bytes
[USB RECV HEX/ASCII]:
  0000: $6C $6F $2C $54 $52 $55 $45 $2C  $68 $69 $2C $54 $52 $55 $45 $2C  lo,TRUE,hi,TRUE,
  0010: $75 $6E $69 $74 $73 $2C $42 $4F  $4F $4C $2C $6E $2C $31 $2C $76  units,BOOL,n,1,v
  0020: $65 $72 $64 $69 $63 $74 $2C $50  $41 $53 $53 $0D $0A $43 $6F $67  erdict,PASS..Cog
  0030: $30 $20 $20 $54 $30 $2D $31 $35  $64 $2C $64 $72 $69 $76          0  T0-15d,driv
[USB RECV 2026-09-17T17:43:48.486] Received 62 bytes
[USB RECV HEX/ASCII]:
  0000: $65 $72 $5F $73 $74 $61 $74 $65  $2C $30 $2C $72 $65 $61 $64 $79  er_state,0,ready
  0010: $2C $46 $41 $4C $53 $45 $2C $73  $74 $6F $70 $70 $65 $64 $2C $46  ,FALSE,stopped,F
  0020: $41 $4C $53 $45 $2C $74 $30 $5F  $31 $35 $63 $5F $76 $61 $6C $69  ALSE,t0_15c_vali
  0030: $64 $2C $54 $52 $55 $45 $0D $0A  $43 $6F $67 $30 $20 $20          d,TRUE..Cog0  
[USB RECV 2026-09-17T17:43:48.486] Received 62 bytes
[USB RECV HEX/ASCII]:
  0000: $53 $49 $47 $4E $4F $46 $46 $2C  $73 $66 $2C $31 $2C $62 $69 $6E  SIGNOFF,sf,1,bin
  0010: $2C $54 $30 $2C $63 $65 $6C $6C  $2C $52 $31 $30 $2D $54 $30 $2D  ,T0,cell,R10-T0-
  0020: $53 $54 $4F $50 $52 $45 $41 $44  $59 $2C $74 $61 $73 $6B $2C $33  STOPREADY,task,3
  0030: $35 $33 $33 $2C $6D $6F $74 $6F  $72 $2C $4E $4F $4E $45          533,motor,NONE
[USB RECV 2026-09-17T17:43:48.486] Received 62 bytes
[USB RECV HEX/ASCII]:
  0000: $2C $63 $72 $69 $74 $2C $53 $54  $4F $50 $5F $4E $4F $54 $5F $52  ,crit,STOP_NOT_R
  0010: $45 $41 $44 $59 $2C $6D $65 $61  $73 $75 $72 $65 $64 $2C $54 $52  EADY,measured,TR
  0020: $55 $45 $2C $6C $6F $2C $54 $52  $55 $45 $2C $68 $69 $2C $54 $52  UE,lo,TRUE,hi,TR
  0030: $55 $45 $2C $75 $6E $69 $74 $73  $2C $42 $4F $4F $4C $2C          UE,units,BOOL,
[USB RECV 2026-09-17T17:43:48.486] Received 62 bytes
[USB RECV HEX/ASCII]:
  0000: $6E $2C $31 $2C $76 $65 $72 $64  $69 $63 $74 $2C $50 $41 $53 $53  n,1,verdict,PASS
  0010: $0D $0A $43 $6F $67 $30 $20 $20  $54 $30 $2D $31 $36 $2C $62 $65  ..Cog0  T0-16,be
  0020: $67 $69 $6E $2C $62 $61 $64 $5F  $67 $72 $6F $75 $70 $0D $0A $43  gin,bad_group..C
  0030: $6F $67 $31 $43 $6F $67 $30 $20  $20 $21 $20 $45 $52 $52          og1Cog0  ! ERR
[USB RECV 2026-09-17T17:43:48.487] Received 62 bytes
[USB RECV HEX/ASCII]:
  0000: $4F $52 $3A $20 $73 $74 $61 $72  $74 $20 $72 $65 $6A $65 $63 $74  OR: start reject
  0010: $65 $64 $20 $65 $45 $72 $72 $6F  $72 $20 $3D $20 $2D $31 $5F $30  ed eError = -1_0
  0020: $30 $31 $2C $20 $65 $4D $6F $74  $6F $72 $42 $61 $73 $65 $50 $69  01, eMotorBasePi
  0030: $6E $20 $3D $20 $39 $39 $2C $20  $65 $4D $6F $74 $6F $72          n = 99, eMotor
[USB RECV 2026-09-17T17:43:48.487] Received 62 bytes
[USB RECV HEX/ASCII]:
  0000: $56 $6F $6C $74 $61 $67 $65 $20  $3D $20 $36 $2C $20 $65 $44 $65  Voltage = 6, eDe
  0010: $74 $65 $63 $74 $69 $6F $6E $4D  $6F $64 $65 $20 $3D $20 $33 $30  tectionMode = 30
  0020: $0D $0A $43 $6F $67 $31 $43 $6F  $67 $30 $20 $20 $54 $30 $2D $31  ..Cog1Cog0  T0-1
  0030: $36 $2C $65 $6E $64 $2C $73 $74  $61 $72 $74 $5F $72 $65          6,end,start_re
[USB RECV 2026-09-17T17:43:48.487] Received 62 bytes
[USB RECV HEX/ASCII]:
  0000: $74 $75 $72 $6E $2C $2D $31 $2C  $65 $72 $72 $6F $72 $2C $2D $31  turn,-1,error,-1
  0010: $5F $30 $30 $31 $2C $72 $61 $77  $5F $6D $6F $74 $6F $72 $5F $63  _001,raw_motor_c
  0020: $6F $67 $2C $30 $2C $62 $61 $73  $65 $6C $69 $6E $65 $2C $37 $2C  og,0,baseline,7,
  0030: $66 $72 $65 $65 $5F $61 $66 $74  $65 $72 $2C $37 $0D $0A          free_after,7..
[USB RECV 2026-09-17T17:43:48.488] Received 62 bytes
[USB RECV HEX/ASCII]:
  0000: $43 $6F $67 $30 $20 $20 $53 $49  $47 $4E $4F $46 $46 $2C $73 $66  Cog0  SIGNOFF,sf
  0010: $2C $31 $2C $62 $69 $6E $2C $54  $30 $2C $63 $65 $6C $6C $2C $52  ,1,bin,T0,cell,R
  0020: $31 $36 $2D $54 $30 $2D $42 $41  $44 $47 $52 $4F $55 $50 $2C $74  16-T0-BADGROUP,t
  0030: $61 $73 $6B $2C $33 $35 $35 $34  $2C $6D $6F $74 $6F $72          ask,3554,motor
[USB RECV 2026-09-17T17:43:48.488] Received 62 bytes
[USB RECV HEX/ASCII]:
  0000: $2C $4E $4F $4E $45 $2C $63 $72  $69 $74 $2C $52 $45 $4A $45 $43  ,NONE,crit,REJEC
  0010: $54 $5F $4E $4F $5F $43 $4F $47  $2C $6D $65 $61 $73 $75 $72 $65  T_NO_COG,measure
  0020: $64 $2C $54 $52 $55 $45 $2C $6C  $6F $2C $54 $52 $55 $45 $2C $68  d,TRUE,lo,TRUE,h
  0030: $69 $2C $54 $52 $55 $45 $2C $75  $6E $69 $74 $73 $2C $42          i,TRUE,units,B
[USB RECV 2026-09-17T17:43:48.490] Received 62 bytes
[USB RECV HEX/ASCII]:
  0000: $4F $4F $4C $2C $6E $2C $31 $2C  $76 $65 $72 $64 $69 $63 $74 $2C  OOL,n,1,verdict,
  0010: $50 $41 $53 $53 $0D $0A $43 $6F  $67 $30 $20 $20 $54 $30 $2D $31  PASS..Cog0  T0-1
  0020: $37 $2C $62 $65 $67 $69 $6E $2C  $70 $69 $6E $73 $5F $6B $65 $65  7,begin,pins_kee
  0030: $70 $0D $0A $43 $6F $67 $31 $20  $20 $49 $4E $49 $54 $20          p..Cog1  INIT 
[USB RECV 2026-09-17T17:43:48.490] Received 62 bytes
[USB RECV HEX/ASCII]:
  0000: $24 $30 $30 $30 $30 $5F $34 $32  $36 $41 $20 $24 $30 $30 $30 $30  $0000_426A $0000
  0010: $5F $38 $39 $46 $37 $20 $6C $6F  $61 $64 $0D $0A $43 $6F $67 $32  _89F7 load..Cog2
  0020: $20 $20 $49 $4E $49 $54 $20 $24  $30 $30 $30 $30 $5F $30 $46 $41    INIT $0000_0FA
  0030: $38 $20 $24 $30 $30 $30 $30 $5F  $38 $35 $44 $33 $20 $6A          8 $0000_85D3 j
[USB RECV 2026-09-17T17:43:48.506] Received 5 bytes
[USB RECV HEX/ASCII]:
  0000: $75 $6D $70 $0D $0A                                               ump..
[USB RECV 2026-09-17T17:43:49.494] Received 62 bytes
[USB RECV HEX/ASCII]:
  0000: $43 $6F $67 $30 $20 $20 $54 $30  $2D $31 $37 $2C $65 $6E $64 $2C  Cog0  T0-17,end,
  0010: $6C $65 $67 $61 $6C $5F $62 $61  $73 $65 $2C $31 $36 $2C $73 $74  legal_base,16,st
  0020: $61 $72 $74 $5F $72 $65 $74 $75  $72 $6E $2C $31 $2C $64 $69 $72  art_return,1,dir
  0030: $5F $62 $65 $66 $6F $72 $65 $2C  $24 $46 $46 $2C $64 $69          _before,$FF,di
[USB RECV 2026-09-17T17:43:49.494] Received 62 bytes
[USB RECV HEX/ASCII]:
  0000: $72 $5F $61 $66 $74 $65 $72 $2C  $24 $46 $46 $0D $0A $43 $6F $67  r_after,$FF..Cog
  0010: $30 $20 $20 $53 $49 $47 $4E $4F  $46 $46 $2C $73 $66 $2C $31 $2C  0  SIGNOFF,sf,1,
  0020: $62 $69 $6E $2C $54 $30 $2C $63  $65 $6C $6C $2C $52 $31 $36 $2D  bin,T0,cell,R16-
  0030: $54 $30 $2D $50 $49 $4E $53 $4B  $45 $45 $50 $2C $74 $61          T0-PINSKEEP,ta
[USB RECV 2026-09-17T17:43:49.494] Received 62 bytes
[USB RECV HEX/ASCII]:
  0000: $73 $6B $2C $33 $35 $35 $34 $2C  $6D $6F $74 $6F $72 $2C $52 $49  sk,3554,motor,RI
  0010: $47 $48 $54 $2C $63 $72 $69 $74  $2C $50 $38 $5F $50 $31 $35 $5F  GHT,crit,P8_P15_
  0020: $55 $4E $54 $4F $55 $43 $48 $45  $44 $2C $6D $65 $61 $73 $75 $72  UNTOUCHED,measur
  0030: $65 $64 $2C $54 $52 $55 $45 $2C  $6C $6F $2C $54 $52 $55          ed,TRUE,lo,TRU
[USB RECV 2026-09-17T17:43:49.495] Received 62 bytes
[USB RECV HEX/ASCII]:
  0000: $45 $2C $68 $69 $2C $54 $52 $55  $45 $2C $75 $6E $69 $74 $73 $2C  E,hi,TRUE,units,
  0010: $42 $4F $4F $4C $2C $6E $2C $31  $2C $76 $65 $72 $64 $69 $63 $74  BOOL,n,1,verdict
  0020: $2C $50 $41 $53 $53 $0D $0A $43  $6F $67 $30 $20 $20 $54 $30 $2D  ,PASS..Cog0  T0-
  0030: $31 $39 $2C $62 $65 $67 $69 $6E  $2C $73 $74 $65 $65 $72          19,begin,steer
[USB RECV 2026-09-17T17:43:49.498] Received 62 bytes
[USB RECV HEX/ASCII]:
  0000: $5F $63 $6F $67 $73 $0D $0A $43  $6F $67 $31 $43 $6F $67 $31 $20  _cogs..Cog1Cog1 
  0010: $20 $49 $4E $49 $54 $20 $24 $30  $30 $30 $30 $5F $34 $32 $36 $41   INIT $0000_426A
  0020: $20 $24 $30 $30 $30 $30 $5F $39  $37 $39 $46 $20 $6C $6F $61 $64   $0000_979F load
  0030: $0D $0A $43 $6F $67 $32 $20 $20  $49 $4E $49 $54 $20 $24          ..Cog2  INIT $
[USB RECV 2026-09-17T17:43:49.513] Received 27 bytes
[USB RECV HEX/ASCII]:
  0000: $30 $30 $30 $30 $5F $34 $32 $36  $41 $20 $24 $30 $30 $30 $30 $5F  0000_426A $0000_
  0010: $39 $46 $33 $42 $20 $6C $6F $61  $64 $0D $0A                      9F3B load..
[USB RECV 2026-09-17T17:43:50.602] Received 42 bytes
[USB RECV HEX/ASCII]:
  0000: $43 $6F $67 $33 $20 $20 $49 $4E  $49 $54 $20 $24 $30 $30 $30 $30  Cog3  INIT $0000
  0010: $5F $30 $46 $41 $38 $20 $24 $30  $30 $30 $30 $5F $38 $44 $46 $30  _0FA8 $0000_8DF0
  0020: $20 $6A $75 $6D $70 $0D $0A $43  $6F $FF                           jump..Co.
[USB RECV 2026-09-17T17:43:50.602] Received 62 bytes
[USB RECV HEX/ASCII]:
  0000: $43 $6F $67 $31 $43 $6F $67 $30  $20 $20 $54 $30 $2D $31 $39 $2C  Cog1Cog0  T0-19,
  0010: $65 $6E $64 $2C $73 $74 $61 $72  $74 $5F $72 $65 $74 $75 $72 $6E  end,start_return
  0020: $2C $33 $2C $62 $61 $73 $65 $6C  $69 $6E $65 $2C $37 $2C $66 $72  ,3,baseline,7,fr
  0030: $65 $65 $5F $72 $75 $6E $6E $69  $6E $67 $2C $34 $2C $66          ee_running,4,f
[USB RECV 2026-09-17T17:43:50.603] Received 62 bytes
[USB RECV HEX/ASCII]:
  0000: $72 $65 $65 $5F $73 $74 $6F $70  $70 $65 $64 $2C $37 $0D $0A $43  ree_stopped,7..C
  0010: $6F $67 $30 $20 $20 $53 $49 $47  $4E $4F $46 $46 $2C $73 $66 $2C  og0  SIGNOFF,sf,
  0020: $31 $2C $62 $69 $6E $2C $54 $30  $2C $63 $65 $6C $6C $2C $52 $31  1,bin,T0,cell,R1
  0030: $36 $2D $54 $30 $2D $53 $54 $45  $45 $52 $43 $4F $47 $53          6-T0-STEERCOGS
[USB RECV 2026-09-17T17:43:50.603] Received 62 bytes
[USB RECV HEX/ASCII]:
  0000: $2C $74 $61 $73 $6B $2C $33 $35  $31 $33 $2C $6D $6F $74 $6F $72  ,task,3513,motor
  0010: $2C $42 $4F $54 $48 $2C $63 $72  $69 $74 $2C $54 $48 $52 $45 $45  ,BOTH,crit,THREE
  0020: $5F $43 $4F $47 $53 $5F $52 $45  $54 $55 $52 $4E $45 $44 $2C $6D  _COGS_RETURNED,m
  0030: $65 $61 $73 $75 $72 $65 $64 $2C  $54 $52 $55 $45 $2C $6C          easured,TRUE,l
[USB RECV 2026-09-17T17:43:50.605] Received 62 bytes
[USB RECV HEX/ASCII]:
  0000: $6F $2C $54 $52 $55 $45 $2C $68  $69 $2C $54 $52 $55 $45 $2C $75  o,TRUE,hi,TRUE,u
  0010: $6E $69 $74 $73 $2C $42 $4F $4F  $4C $2C $6E $2C $31 $2C $76 $65  nits,BOOL,n,1,ve
  0020: $72 $64 $69 $63 $74 $2C $50 $41  $53 $53 $0D $0A $43 $6F $67 $31  rdict,PASS..Cog1
  0030: $20 $20 $49 $4E $49 $54 $20 $24  $30 $30 $30 $30 $5F $34            INIT $0000_4
[USB RECV 2026-09-17T17:43:50.621] Received 60 bytes
[USB RECV HEX/ASCII]:
  0000: $32 $36 $41 $20 $24 $30 $30 $30  $30 $5F $37 $33 $32 $33 $20 $6C  26A $0000_7323 l
  0010: $6F $61 $64 $0D $0A $43 $6F $67  $32 $20 $20 $49 $4E $49 $54 $20  oad..Cog2  INIT 
  0020: $24 $30 $30 $30 $30 $5F $30 $46  $41 $38 $20 $24 $30 $30 $30 $30  $0000_0FA8 $0000
  0030: $5F $36 $45 $46 $46 $20 $6A $75  $6D $70 $0D $0A                  _6EFF jump..
[USB RECV 2026-09-17T17:43:52.607] Received 62 bytes
[USB RECV HEX/ASCII]:
  0000: $43 $6F $67 $30 $20 $20 $54 $30  $2D $32 $30 $2C $62 $61 $73 $65  Cog0  T0-20,base
  0010: $2C $31 $36 $2C $6D $65 $61 $6E  $5F $61 $6D $70 $73 $5F $78 $31  ,16,mean_amps_x1
  0020: $30 $6B $2C $2D $36 $0D $0A $43  $6F $67 $30 $20 $20 $53 $49 $47  0k,-6..Cog0  SIG
  0030: $4E $4F $46 $46 $2C $73 $66 $2C  $31 $2C $62 $69 $6E $2C          NOFF,sf,1,bin,
[USB RECV 2026-09-17T17:43:52.607] Received 62 bytes
[USB RECV HEX/ASCII]:
  0000: $54 $30 $2C $63 $65 $6C $6C $2C  $52 $31 $36 $2D $54 $30 $2D $52  T0,cell,R16-T0-R
  0010: $45 $53 $54 $5A $45 $52 $4F $2C  $74 $61 $73 $6B $2C $33 $35 $35  ESTZERO,task,355
  0020: $36 $2C $6D $6F $74 $6F $72 $2C  $52 $49 $47 $48 $54 $2C $63 $72  6,motor,RIGHT,cr
  0030: $69 $74 $2C $52 $45 $53 $54 $5F  $41 $4D $50 $53 $5F $58          it,REST_AMPS_X
[USB RECV 2026-09-17T17:43:52.608] Received 62 bytes
[USB RECV HEX/ASCII]:
  0000: $31 $30 $4B $2C $6D $65 $61 $73  $75 $72 $65 $64 $2C $2D $36 $2C  10K,measured,-6,
  0010: $6C $6F $2C $2D $31 $30 $30 $2C  $68 $69 $2C $31 $30 $30 $2C $75  lo,-100,hi,100,u
  0020: $6E $69 $74 $73 $2C $41 $4D $50  $53 $5F $58 $31 $30 $4B $2C $6E  nits,AMPS_X10K,n
  0030: $2C $35 $30 $2C $76 $65 $72 $64  $69 $63 $74 $2C $50 $41          ,50,verdict,PA
[USB RECV 2026-09-17T17:43:52.610] Received 62 bytes
[USB RECV HEX/ASCII]:
  0000: $53 $53 $0D $0A $43 $6F $67 $31  $20 $20 $49 $4E $49 $54 $20 $24  SS..Cog1  INIT $
  0010: $30 $30 $30 $30 $5F $34 $32 $36  $41 $20 $24 $30 $30 $30 $30 $5F  0000_426A $0000_
  0020: $37 $33 $32 $33 $20 $6C $6F $61  $64 $0D $0A $43 $6F $67 $32 $20  7323 load..Cog2 
  0030: $20 $49 $4E $49 $54 $20 $24 $30  $30 $30 $30 $5F $30 $46           INIT $0000_0F
[USB RECV 2026-09-17T17:43:52.626] Received 20 bytes
[USB RECV HEX/ASCII]:
  0000: $41 $38 $20 $24 $30 $30 $30 $30  $5F $36 $45 $46 $46 $20 $6A $75  A8 $0000_6EFF ju
  0010: $6D $70 $0D $0A                                                   mp..
[USB RECV 2026-09-17T17:43:54.613] Received 62 bytes
[USB RECV HEX/ASCII]:
  0000: $43 $6F $67 $30 $20 $20 $54 $30  $2D $32 $30 $2C $62 $61 $73 $65  Cog0  T0-20,base
  0010: $2C $33 $32 $2C $6D $65 $61 $6E  $5F $61 $6D $70 $73 $5F $78 $31  ,32,mean_amps_x1
  0020: $30 $6B $2C $35 $30 $0D $0A $43  $6F $67 $30 $20 $20 $53 $49 $47  0k,50..Cog0  SIG
  0030: $4E $4F $46 $46 $2C $73 $66 $2C  $31 $2C $62 $69 $6E $2C          NOFF,sf,1,bin,
[USB RECV 2026-09-17T17:43:54.613] Received 62 bytes
[USB RECV HEX/ASCII]:
  0000: $54 $30 $2C $63 $65 $6C $6C $2C  $52 $31 $36 $2D $54 $30 $2D $52  T0,cell,R16-T0-R
  0010: $45 $53 $54 $5A $45 $52 $4F $2C  $74 $61 $73 $6B $2C $33 $35 $35  ESTZERO,task,355
  0020: $36 $2C $6D $6F $74 $6F $72 $2C  $4C $45 $46 $54 $2C $63 $72 $69  6,motor,LEFT,cri
  0030: $74 $2C $52 $45 $53 $54 $5F $41  $4D $50 $53 $5F $58 $31          t,REST_AMPS_X1
[USB RECV 2026-09-17T17:43:54.613] Received 62 bytes
[USB RECV HEX/ASCII]:
  0000: $30 $4B $2C $6D $65 $61 $73 $75  $72 $65 $64 $2C $35 $30 $2C $6C  0K,measured,50,l
  0010: $6F $2C $2D $31 $30 $30 $2C $68  $69 $2C $31 $30 $30 $2C $75 $6E  o,-100,hi,100,un
  0020: $69 $74 $73 $2C $41 $4D $50 $53  $5F $58 $31 $30 $4B $2C $6E $2C  its,AMPS_X10K,n,
  0030: $35 $30 $2C $76 $65 $72 $64 $69  $63 $74 $2C $50 $41 $53          50,verdict,PAS
[USB RECV 2026-09-17T17:43:54.616] Received 62 bytes
[USB RECV HEX/ASCII]:
  0000: $53 $0D $0A $43 $6F $67 $30 $20  $20 $54 $30 $2D $32 $31 $2C $62  S..Cog0  T0-21,b
  0010: $65 $67 $69 $6E $2C $6E $6F $5F  $62 $6F $61 $72 $64 $0D $0A $43  egin,no_board..C
  0020: $6F $67 $30 $20 $20 $54 $30 $2D  $32 $31 $2C $65 $6E $64 $2C $73  og0  T0-21,end,s
  0030: $65 $74 $75 $70 $5F $73 $74 $61  $74 $75 $73 $2C $30 $2C          etup_status,0,
[USB RECV 2026-09-17T17:43:54.616] Received 62 bytes
[USB RECV HEX/ASCII]:
  0000: $61 $6D $70 $73 $2C $30 $2C $77  $61 $74 $74 $73 $2C $30 $2C $65  amps,0,watts,0,e
  0010: $72 $72 $6F $72 $2C $2D $31 $5F  $30 $31 $38 $0D $0A $43 $6F $67  rror,-1_018..Cog
  0020: $30 $20 $20 $53 $49 $47 $4E $4F  $46 $46 $2C $73 $66 $2C $31 $2C  0  SIGNOFF,sf,1,
  0030: $62 $69 $6E $2C $54 $30 $2C $63  $65 $6C $6C $2C $52 $31          bin,T0,cell,R1
[USB RECV 2026-09-17T17:43:54.616] Received 62 bytes
[USB RECV HEX/ASCII]:
  0000: $36 $2D $54 $30 $2D $4E $4F $42  $4F $41 $52 $44 $2C $74 $61 $73  6-T0-NOBOARD,tas
  0010: $6B $2C $33 $35 $35 $36 $2C $6D  $6F $74 $6F $72 $2C $4E $4F $4E  k,3556,motor,NON
  0020: $45 $2C $63 $72 $69 $74 $2C $5A  $45 $52 $4F $5F $41 $4E $44 $5F  E,crit,ZERO_AND_
  0030: $43 $4F $44 $45 $2C $6D $65 $61  $73 $75 $72 $65 $64 $2C          CODE,measured,
[USB RECV 2026-09-17T17:43:54.617] Received 62 bytes
[USB RECV HEX/ASCII]:
  0000: $54 $52 $55 $45 $2C $6C $6F $2C  $54 $52 $55 $45 $2C $68 $69 $2C  TRUE,lo,TRUE,hi,
  0010: $54 $52 $55 $45 $2C $75 $6E $69  $74 $73 $2C $42 $4F $4F $4C $2C  TRUE,units,BOOL,
  0020: $6E $2C $31 $2C $76 $65 $72 $64  $69 $63 $74 $2C $50 $41 $53 $53  n,1,verdict,PASS
  0030: $0D $0A $43 $6F $67 $30 $20 $20  $54 $30 $2D $32 $32 $2C          ..Cog0  T0-22,
[USB RECV 2026-09-17T17:43:54.617] Received 62 bytes
[USB RECV HEX/ASCII]:
  0000: $62 $65 $67 $69 $6E $2C $66 $72  $6F $6E $74 $5F $66 $61 $69 $6C  begin,front_fail
  0010: $0D $0A $43 $6F $67 $31 $43 $6F  $67 $31 $20 $20 $49 $4E $49 $54  ..Cog1Cog1  INIT
  0020: $20 $24 $30 $30 $30 $30 $5F $30  $46 $41 $38 $20 $24 $30 $30 $30   $0000_0FA8 $000
  0030: $30 $5F $36 $41 $33 $43 $20 $6A  $75 $6D $70 $0D $0A $43          0_6A3C jump..C
[USB RECV 2026-09-17T17:43:54.618] Received 62 bytes
[USB RECV HEX/ASCII]:
  0000: $6F $67 $32 $20 $20 $49 $4E $49  $54 $20 $24 $30 $30 $30 $30 $5F  og2  INIT $0000_
  0010: $30 $46 $41 $38 $20 $24 $30 $30  $30 $30 $5F $36 $41 $42 $43 $20  0FA8 $0000_6ABC 
  0020: $6A $75 $6D $70 $0D $0A $43 $6F  $67 $33 $20 $20 $49 $4E $49 $54  jump..Cog3  INIT
  0030: $20 $24 $30 $30 $30 $30 $5F $30  $46 $41 $38 $20 $24 $30           $0000_0FA8 $0
[USB RECV 2026-09-17T17:43:54.618] Received 62 bytes
[USB RECV HEX/ASCII]:
  0000: $30 $30 $30 $5F $36 $42 $33 $43  $20 $6A $75 $6D $70 $0D $0A $43  000_6B3C jump..C
  0010: $6F $67 $34 $20 $20 $49 $4E $49  $54 $20 $24 $30 $30 $30 $30 $5F  og4  INIT $0000_
  0020: $30 $46 $41 $38 $20 $24 $30 $30  $30 $30 $5F $36 $42 $42 $43 $20  0FA8 $0000_6BBC 
  0030: $6A $75 $6D $70 $0D $0A $43 $6F  $67 $35 $20 $20 $49 $4E          jump..Cog5  IN
[USB RECV 2026-09-17T17:43:54.618] Received 62 bytes
[USB RECV HEX/ASCII]:
  0000: $49 $54 $20 $24 $30 $30 $30 $30  $5F $30 $46 $41 $38 $20 $24 $30  IT $0000_0FA8 $0
  0010: $30 $30 $30 $5F $36 $43 $33 $43  $20 $6A $75 $6D $70 $0D $0A $43  000_6C3C jump..C
  0020: $6F $67 $36 $20 $20 $49 $4E $49  $54 $20 $24 $30 $30 $30 $30 $5F  og6  INIT $0000_
  0030: $30 $46 $41 $38 $20 $24 $30 $30  $30 $30 $5F $36 $43 $42          0FA8 $0000_6CB
[USB RECV 2026-09-17T17:43:54.619] Received 62 bytes
[USB RECV HEX/ASCII]:
  0000: $43 $20 $6A $75 $6D $70 $0D $0A  $43 $6F $67 $37 $20 $20 $49 $4E  C jump..Cog7  IN
  0010: $49 $54 $20 $24 $30 $30 $30 $30  $5F $34 $32 $36 $41 $20 $24 $30  IT $0000_426A $0
  0020: $30 $30 $30 $5F $37 $33 $32 $33  $20 $6C $6F $61 $64 $0D $0A $43  000_7323 load..C
  0030: $6F $67 $30 $20 $20 $21 $21 $20  $45 $52 $52 $4F $52 $20          og0  !! ERROR 
[USB RECV 2026-09-17T17:43:54.621] Received 62 bytes
[USB RECV HEX/ASCII]:
  0000: $66 $69 $6C $65 $64 $20 $74 $6F  $20 $73 $74 $61 $72 $74 $20 $66  filed to start f
  0010: $72 $6F $6E $74 $20 $63 $6F $67  $0D $0A $43 $6F $67 $31 $43 $6F  ront cog..Cog1Co
  0020: $67 $30 $20 $20 $54 $30 $2D $32  $32 $2C $65 $6E $64 $2C $62 $61  g0  T0-22,end,ba
  0030: $73 $65 $6C $69 $6E $65 $2C $37  $2C $68 $65 $6C $64 $2C          seline,7,held,
[USB RECV 2026-09-17T17:43:54.621] Received 62 bytes
[USB RECV HEX/ASCII]:
  0000: $36 $2C $73 $74 $61 $72 $74 $5F  $72 $65 $74 $75 $72 $6E $2C $2D  6,start_return,-
  0010: $31 $2C $65 $72 $72 $6F $72 $2C  $2D $31 $5F $30 $30 $35 $2C $72  1,error,-1_005,r
  0020: $61 $77 $5F $6D $6F $74 $6F $72  $5F $63 $6F $67 $2C $30 $2C $66  aw_motor_cog,0,f
  0030: $72 $65 $65 $5F $61 $66 $74 $65  $72 $2C $37 $2C $63 $6C          ree_after,7,cl
[USB RECV 2026-09-17T17:43:54.621] Received 62 bytes
[USB RECV HEX/ASCII]:
  0000: $61 $69 $6D $5F $73 $74 $61 $74  $75 $73 $2C $30 $0D $0A $43 $6F  aim_status,0..Co
  0010: $67 $30 $20 $20 $53 $49 $47 $4E  $4F $46 $46 $2C $73 $66 $2C $31  g0  SIGNOFF,sf,1
  0020: $2C $62 $69 $6E $2C $54 $30 $2C  $63 $65 $6C $6C $2C $52 $31 $36  ,bin,T0,cell,R16
  0030: $2D $54 $30 $2D $46 $52 $4F $4E  $54 $46 $41 $49 $4C $2C          -T0-FRONTFAIL,
[USB RECV 2026-09-17T17:43:54.622] Received 62 bytes
[USB RECV HEX/ASCII]:
  0000: $74 $61 $73 $6B $2C $33 $35 $31  $33 $2C $6D $6F $74 $6F $72 $2C  task,3513,motor,
  0010: $52 $49 $47 $48 $54 $2C $63 $72  $69 $74 $2C $55 $4E $44 $4F $5F  RIGHT,crit,UNDO_
  0020: $4E $4F $5F $4C $45 $41 $4B $2C  $6D $65 $61 $73 $75 $72 $65 $64  NO_LEAK,measured
  0030: $2C $54 $52 $55 $45 $2C $6C $6F  $2C $54 $52 $55 $45 $2C          ,TRUE,lo,TRUE,
[USB RECV 2026-09-17T17:43:54.622] Received 62 bytes
[USB RECV HEX/ASCII]:
  0000: $68 $69 $2C $54 $52 $55 $45 $2C  $75 $6E $69 $74 $73 $2C $42 $4F  hi,TRUE,units,BO
  0010: $4F $4C $2C $6E $2C $31 $2C $76  $65 $72 $64 $69 $63 $74 $2C $50  OL,n,1,verdict,P
  0020: $41 $53 $53 $0D $0A $43 $6F $67  $30 $20 $20 $54 $30 $2D $31 $30  ASS..Cog0  T0-10
  0030: $2C $62 $65 $67 $69 $6E $2C $72  $61 $69 $6C $5F $6D $75          ,begin,rail_mu
[USB RECV 2026-09-17T17:43:54.624] Received 62 bytes
[USB RECV HEX/ASCII]:
  0000: $73 $74 $5F $62 $65 $5F $6F $6E  $2C $54 $52 $55 $45 $0D $0A $43  st_be_on,TRUE..C
  0010: $6F $67 $31 $20 $20 $49 $4E $49  $54 $20 $24 $30 $30 $30 $30 $5F  og1  INIT $0000_
  0020: $34 $32 $36 $41 $20 $24 $30 $30  $30 $30 $5F $37 $33 $32 $33 $20  426A $0000_7323 
  0030: $6C $6F $61 $64 $0D $0A $43 $6F  $67 $32 $20 $20 $49 $4E          load..Cog2  IN
[USB RECV 2026-09-17T17:43:54.640] Received 31 bytes
[USB RECV HEX/ASCII]:
  0000: $49 $54 $20 $24 $30 $30 $30 $30  $5F $30 $46 $41 $38 $20 $24 $30  IT $0000_0FA8 $0
  0010: $30 $30 $30 $5F $36 $45 $46 $46  $20 $6A $75 $6D $70 $0D $0A      000_6EFF jump..
[USB RECV 2026-09-17T17:43:55.626] Received 62 bytes
[USB RECV HEX/ASCII]:
  0000: $43 $6F $67 $30 $20 $20 $54 $30  $2D $31 $30 $2C $73 $74 $61 $72  Cog0  T0-10,star
  0010: $74 $5F $72 $65 $74 $75 $72 $6E  $2C $31 $2C $72 $61 $77 $5F $6D  t_return,1,raw_m
  0020: $6F $74 $6F $72 $5F $63 $6F $67  $2C $32 $2C $6E $6F $74 $65 $2C  otor_cog,2,note,
  0030: $73 $65 $65 $5F $4D $6F $74 $6F  $72 $5F $43 $4F $47 $5F          see_Motor_COG_
[USB RECV 2026-09-17T17:43:55.641] Received 47 bytes
[USB RECV HEX/ASCII]:
  0000: $6C $69 $6E $65 $5F $61 $62 $6F  $76 $65 $5F $66 $6F $72 $5F $77  line_above_for_w
  0010: $68 $65 $74 $68 $65 $72 $5F $61  $5F $63 $6F $67 $5F $61 $63 $74  hether_a_cog_act
  0020: $75 $61 $6C $6C $79 $5F $73 $74  $61 $72 $74 $65 $64 $0D $0A      ually_started..
[USB RECV 2026-09-17T17:43:55.677] Received 62 bytes
[USB RECV HEX/ASCII]:
  0000: $43 $6F $67 $30 $20 $20 $54 $30  $2D $31 $30 $2C $65 $6E $64 $2C  Cog0  T0-10,end,
  0010: $70 $69 $6E $2C $31 $39 $2C $78  $5F $6E $6F $64 $65 $5F $63 $6F  pin,19,x_node_co
  0020: $75 $6E $74 $73 $2C $31 $5F $31  $33 $36 $0D $0A $43 $6F $67 $30  unts,1_136..Cog0
  0030: $20 $20 $54 $30 $2D $38 $2C $62  $65 $67 $69 $6E $0D $0A            T0-8,begin..
[USB RECV 2026-09-17T17:43:55.677] Received 62 bytes
[USB RECV HEX/ASCII]:
  0000: $43 $6F $67 $31 $20 $20 $49 $4E  $49 $54 $20 $24 $30 $30 $30 $30  Cog1  INIT $0000
  0010: $5F $30 $46 $41 $38 $20 $24 $30  $30 $30 $30 $5F $36 $41 $33 $43  _0FA8 $0000_6A3C
  0020: $20 $6A $75 $6D $70 $0D $0A $43  $6F $67 $32 $20 $20 $49 $4E $49   jump..Cog2  INI
  0030: $54 $20 $24 $30 $30 $30 $30 $5F  $30 $46 $41 $38 $20 $24          T $0000_0FA8 $
[USB RECV 2026-09-17T17:43:55.678] Received 62 bytes
[USB RECV HEX/ASCII]:
  0000: $30 $30 $30 $30 $5F $36 $41 $42  $43 $20 $6A $75 $6D $70 $0D $0A  0000_6ABC jump..
  0010: $43 $6F $67 $33 $20 $20 $49 $4E  $49 $54 $20 $24 $30 $30 $30 $30  Cog3  INIT $0000
  0020: $5F $30 $46 $41 $38 $20 $24 $30  $30 $30 $30 $5F $36 $42 $33 $43  _0FA8 $0000_6B3C
  0030: $20 $6A $75 $6D $70 $0D $0A $43  $6F $67 $34 $20 $20 $49           jump..Cog4  I
[USB RECV 2026-09-17T17:43:55.678] Received 62 bytes
[USB RECV HEX/ASCII]:
  0000: $4E $49 $54 $20 $24 $30 $30 $30  $30 $5F $30 $46 $41 $38 $20 $24  NIT $0000_0FA8 $
  0010: $30 $30 $30 $30 $5F $36 $42 $42  $43 $20 $6A $75 $6D $70 $0D $0A  0000_6BBC jump..
  0020: $43 $6F $67 $35 $20 $20 $49 $4E  $49 $54 $20 $24 $30 $30 $30 $30  Cog5  INIT $0000
  0030: $5F $30 $46 $41 $38 $20 $24 $30  $30 $30 $30 $5F $36 $43          _0FA8 $0000_6C
[USB RECV 2026-09-17T17:43:55.678] Received 62 bytes
[USB RECV HEX/ASCII]:
  0000: $33 $43 $20 $6A $75 $6D $70 $0D  $0A $43 $6F $67 $36 $20 $20 $49  3C jump..Cog6  I
  0010: $4E $49 $54 $20 $24 $30 $30 $30  $30 $5F $30 $46 $41 $38 $20 $24  NIT $0000_0FA8 $
  0020: $30 $30 $30 $30 $5F $36 $43 $42  $43 $20 $6A $75 $6D $70 $0D $0A  0000_6CBC jump..
  0030: $43 $6F $67 $37 $20 $20 $49 $4E  $49 $54 $20 $24 $30 $30          Cog7  INIT $00
[USB RECV 2026-09-17T17:43:55.679] Received 62 bytes
[USB RECV HEX/ASCII]:
  0000: $30 $30 $5F $30 $46 $41 $38 $20  $24 $30 $30 $30 $30 $5F $36 $44  00_0FA8 $0000_6D
  0010: $33 $43 $20 $6A $75 $6D $70 $0D  $0A $43 $6F $67 $30 $20 $20 $21  3C jump..Cog0  !
  0020: $21 $20 $45 $52 $52 $4F $52 $20  $66 $69 $6C $65 $64 $20 $74 $6F  ! ERROR filed to
  0030: $20 $73 $74 $61 $72 $74 $20 $4D  $6F $74 $6F $72 $20 $43           start Motor C
[USB RECV 2026-09-17T17:43:55.679] Received 62 bytes
[USB RECV HEX/ASCII]:
  0000: $6F $6E $74 $72 $6F $6C $20 $74  $61 $73 $6B $0D $0A $43 $6F $67  ontrol task..Cog
  0010: $30 $20 $20 $54 $30 $2D $38 $2C  $65 $6E $64 $2C $63 $6F $67 $73  0  T0-8,end,cogs
  0020: $5F $6F $63 $63 $75 $70 $69 $65  $64 $2C $37 $2C $73 $74 $61 $72  _occupied,7,star
  0030: $74 $5F $72 $65 $74 $75 $72 $6E  $2C $2D $31 $0D $0A $43          t_return,-1..C
[USB RECV 2026-09-17T17:43:55.679] Received 62 bytes
[USB RECV HEX/ASCII]:
  0000: $6F $67 $30 $20 $20 $54 $30 $2D  $31 $35 $2C $62 $65 $67 $69 $6E  og0  T0-15,begin
  0010: $2C $65 $78 $68 $61 $75 $73 $74  $0D $0A $43 $6F $67 $31 $43 $6F  ,exhaust..Cog1Co
  0020: $67 $31 $20 $20 $49 $4E $49 $54  $20 $24 $30 $30 $30 $30 $5F $30  g1  INIT $0000_0
  0030: $46 $41 $38 $20 $24 $30 $30 $30  $30 $5F $36 $41 $33 $43          FA8 $0000_6A3C
[USB RECV 2026-09-17T17:43:55.680] Received 62 bytes
[USB RECV HEX/ASCII]:
  0000: $20 $6A $75 $6D $70 $0D $0A $43  $6F $67 $32 $20 $20 $49 $4E $49   jump..Cog2  INI
  0010: $54 $20 $24 $30 $30 $30 $30 $5F  $30 $46 $41 $38 $20 $24 $30 $30  T $0000_0FA8 $00
  0020: $30 $30 $5F $36 $41 $42 $43 $20  $6A $75 $6D $70 $0D $0A $43 $6F  00_6ABC jump..Co
  0030: $67 $33 $20 $20 $49 $4E $49 $54  $20 $24 $30 $30 $30 $30          g3  INIT $0000
[USB RECV 2026-09-17T17:43:55.680] Received 62 bytes
[USB RECV HEX/ASCII]:
  0000: $5F $30 $46 $41 $38 $20 $24 $30  $30 $30 $30 $5F $36 $42 $33 $43  _0FA8 $0000_6B3C
  0010: $20 $6A $75 $6D $70 $0D $0A $43  $6F $67 $34 $20 $20 $49 $4E $49   jump..Cog4  INI
  0020: $54 $20 $24 $30 $30 $30 $30 $5F  $30 $46 $41 $38 $20 $24 $30 $30  T $0000_0FA8 $00
  0030: $30 $30 $5F $36 $42 $42 $43 $20  $6A $75 $6D $70 $0D $0A          00_6BBC jump..
[USB RECV 2026-09-17T17:43:55.680] Received 62 bytes
[USB RECV HEX/ASCII]:
  0000: $43 $6F $67 $35 $20 $20 $49 $4E  $49 $54 $20 $24 $30 $30 $30 $30  Cog5  INIT $0000
  0010: $5F $30 $46 $41 $38 $20 $24 $30  $30 $30 $30 $5F $36 $43 $33 $43  _0FA8 $0000_6C3C
  0020: $20 $6A $75 $6D $70 $0D $0A $43  $6F $67 $36 $20 $20 $49 $4E $49   jump..Cog6  INI
  0030: $54 $20 $24 $30 $30 $30 $30 $5F  $30 $46 $41 $38 $20 $24          T $0000_0FA8 $
[USB RECV 2026-09-17T17:43:55.681] Received 62 bytes
[USB RECV HEX/ASCII]:
  0000: $30 $30 $30 $30 $5F $36 $43 $42  $43 $20 $6A $75 $6D $70 $0D $0A  0000_6CBC jump..
  0010: $43 $6F $67 $37 $20 $20 $49 $4E  $49 $54 $20 $24 $30 $30 $30 $30  Cog7  INIT $0000
  0020: $5F $30 $46 $41 $38 $20 $24 $30  $30 $30 $30 $5F $36 $44 $33 $43  _0FA8 $0000_6D3C
  0030: $20 $6A $75 $6D $70 $0D $0A $43  $6F $67 $30 $20 $20 $21           jump..Cog0  !
[USB RECV 2026-09-17T17:43:55.681] Received 62 bytes
[USB RECV HEX/ASCII]:
  0000: $21 $20 $45 $52 $52 $4F $52 $20  $66 $69 $6C $65 $64 $20 $74 $6F  ! ERROR filed to
  0010: $20 $73 $74 $61 $72 $74 $20 $4D  $6F $74 $6F $72 $20 $43 $6F $6E   start Motor Con
  0020: $74 $72 $6F $6C $20 $74 $61 $73  $6B $0D $0A $43 $6F $67 $31 $43  trol task..Cog1C
  0030: $6F $67 $30 $20 $20 $54 $30 $2D  $31 $35 $62 $2C $63 $6F          og0  T0-15b,co
[USB RECV 2026-09-17T17:43:55.682] Received 62 bytes
[USB RECV HEX/ASCII]:
  0000: $67 $73 $5F $6F $63 $63 $75 $70  $69 $65 $64 $2C $37 $2C $73 $74  gs_occupied,7,st
  0010: $61 $72 $74 $5F $72 $65 $74 $75  $72 $6E $2C $2D $31 $2C $72 $61  art_return,-1,ra
  0020: $77 $5F $6D $6F $74 $6F $72 $5F  $63 $6F $67 $2C $30 $2C $62 $61  w_motor_cog,0,ba
  0030: $73 $65 $6C $69 $6E $65 $2C $37  $2C $66 $72 $65 $65 $5F          seline,7,free_
[USB RECV 2026-09-17T17:43:55.682] Received 62 bytes
[USB RECV HEX/ASCII]:
  0000: $61 $66 $74 $65 $72 $2C $37 $0D  $0A $43 $6F $67 $30 $20 $20 $53  after,7..Cog0  S
  0010: $49 $47 $4E $4F $46 $46 $2C $73  $66 $2C $31 $2C $62 $69 $6E $2C  IGNOFF,sf,1,bin,
  0020: $54 $30 $2C $63 $65 $6C $6C $2C  $52 $31 $2D $54 $30 $2D $45 $58  T0,cell,R1-T0-EX
  0030: $48 $41 $55 $53 $54 $2C $74 $61  $73 $6B $2C $33 $34 $39          HAUST,task,349
[USB RECV 2026-09-17T17:43:55.682] Received 62 bytes
[USB RECV HEX/ASCII]:
  0000: $39 $2C $6D $6F $74 $6F $72 $2C  $4E $4F $4E $45 $2C $63 $72 $69  9,motor,NONE,cri
  0010: $74 $2C $52 $45 $54 $5F $4E $45  $47 $5F $4E $4F $4C $45 $41 $4B  t,RET_NEG_NOLEAK
  0020: $2C $6D $65 $61 $73 $75 $72 $65  $64 $2C $54 $52 $55 $45 $2C $0D  ,measured,TRUE,.
  0030: $0A $43 $6F $67 $30 $20 $20 $54  $30 $2D $54 $52 $41 $50          .Cog0  T0-TRAP
[USB RECV 2026-09-17T17:43:55.683] Received 62 bytes
[USB RECV HEX/ASCII]:
  0000: $2C $63 $6F $64 $65 $2C $30 $0D  $0A $43 $6F $67 $30 $20 $20 $2A  ,code,0..Cog0  *
  0010: $20 $74 $65 $73 $74 $5F $62 $65  $6E $63 $68 $5F $74 $30 $20 $2D   test_bench_t0 -
  0020: $2D $20 $44 $4F $4E $45 $0D $0A  $43 $6F $67 $30 $20 $20 $44 $45  - DONE..Cog0  DE
  0030: $42 $55 $47 $5F $45 $4E $44 $5F  $53 $45 $53 $53 $49 $4F          BUG_END_SESSIO
[USB RECV 2026-09-17T17:43:55.698] Received 3 bytes
[USB RECV HEX/ASCII]:
  0000: $4E $0D $0A                                                       N..
