=== Debug Logger Session Started at 2026-09-14T11:45:23.392 ===
PNut-Term-TS: v1.0.8
Program: debug
=====================================

[2026-09-14T11:45:23.287] [SYSTEM] BAUD_RATE_SET 2000000 baud (preferences/default)

=== Session ended - Download Started at 2026-09-14T11:45:23.526 ===
=== Debug Logger Session Started at 2026-09-14T11:45:23.529 ===
PNut-Term-TS: v1.0.8
Program: debug
=====================================

[2026-09-14T11:45:23.527] [SYSTEM] [DOWNLOAD TO RAM] File: test_bench_scan.bin | Size: 48324 bytes | Modified: 2026-09-14T17:45:22.483Z
[2026-09-14T11:45:23.529] [SYSTEM] Download Session Started
[2026-09-14T11:45:24.939] Cog0  INIT $0000_0000 $0000_0000 load
[2026-09-14T11:45:24.939] [SYSTEM] [DOWNLOAD SUCCESS] test_bench_scan.bin successfully downloaded to RAM
[2026-09-14T11:45:24.942] Cog0  INIT $0000_0FA8 $0000_B8D0 jump
[2026-09-14T11:45:24.943] Cog1  INIT $0000_0FA8 $0000_B028 jump
[2026-09-14T11:45:24.943] Cog0  BS-WDSTART,started,TRUE,cog,1
[2026-09-14T11:45:24.944] Cog0  BS-BANNER,src_rev,9,fmt,9,cfg_id,BENCH,frame,MOTOR,clkfreq,270_000_000,left_base,32,right_base,16,voltage_enum,6,det_mode,30,motor_type,0,def_neg_deg,43,def_pos_deg,317
[2026-09-14T11:45:24.945] Cog0  BS-BUILD,wd_selftest,TRUE,sf,1,zxs_starts,5,zxs_max_mV_x10,50
[2026-09-14T11:45:24.945] Cog0  SIGNOFF-DECL,sf,1,bin,SCANWD,cell,R11-WDT-FIRES,task,3534
[2026-09-14T11:45:24.946] Cog0  SIGNOFF-DECL,sf,1,bin,SCANWD,cell,R11-WDT-CKPT,task,3534
[2026-09-14T11:45:24.947] Cog0  SIGNOFF-DECL,sf,1,bin,SCANWD,cell,R11-WDT-STOPPED,task,3534
[2026-09-14T11:45:24.948] Cog0  SIGNOFF-DECL,sf,1,bin,SCANWD,cell,R11-WDT-STACK,task,3534
[2026-09-14T11:45:24.950] Cog0  BS-DRIVE,ceiling_incre,147_000_000,qtr_incre,36_750_000,half_incre,73_500_000,preflight_incre,18_375_000,jog_incre,36_750_000
[2026-09-14T11:45:24.951] Cog0  BS-LIMITS,abs_abort_mV,1_500,abs_abort_samples,4,point_abort_x100,250,point_abort_samples,40,run_time_cap_s,1_800,run_charge_cap_mVs,432_000,run_fault_cap,24,run_abort_i_cap,6
[2026-09-14T11:45:24.953] Cog0  BS-LIMITS2,leg_fault_cap,3,side_fault_stop,2,hard_limit_deg,90,drift_flag_pct,8,imbalance_pct,10,fault_rise_pct,4,zero_spread_max_mV,10,zero_abs_max_mV,300
[2026-09-14T11:45:24.955] Cog0  BS-PLAN-T,sample_ms,5,settle_ms,1_000,steady_timeout_ms,4_000,stop_timeout_ms,3_000,rest_ms,500,fault_cool_ms,5_000,jog_ms,1_000,batch_ticks,30,win_ticks_coarse,180,win_ticks_fine,270,win_ticks_self,450,win_ticks_half,540
[2026-09-14T11:45:24.958] Cog0  BS-PLAN-S,coarse_step_deg,10,fine_step_deg,5,cliff_half_step_deg,2,fine_half_deg,20,extend_pts,4,confirm_half_deg,15,confirm_extend_pts,2,rise_pct,15,min_past,2,fit_min_pts,6,confirm_min_pts,5
[2026-09-14T11:45:24.959] Cog0  BS-BANDS,pos_qtr_lo_mV,68,pos_qtr_hi_mV,114,neg_qtr_lo_mV,127,neg_qtr_hi_mV,212,ratio_lo_x1000,1_550,ratio_hi_x1000,2_200,zero_lo_mV,-10,zero_hi_mV,30,rate_qtr_lo,90,rate_qtr_hi,106,rate_half_lo,182,rate_half_hi,212,pos_qtr_net_lo_mV,59,pos_qtr_net_hi_mV,105,neg_qtr_net_lo_mV,118,neg_qtr_net_hi_mV,203
[2026-09-14T11:45:24.961] Cog0  * PANIC PROCEDURE IS PHYSICAL BATTERY DISCONNECT ONLY -- emergencyCutoff() self-cancels in about 250 ms (finding S-4)
[2026-09-14T11:45:24.962] Cog0  --- pinSum = 95, 64010 Rev B, highTimeUs = 73
[2026-09-14T11:45:24.962] Cog0  MOT: fwdDegrees = 43, offset_fwd = $1E93_E93E
[2026-09-14T11:45:24.962] Cog0       revDegrees = 317, offset_rev = $E16C_16C1
[2026-09-14T11:45:24.962] Cog0   - Calc FRAME: frame_cnt = 6_136
[2026-09-14T11:45:24.963] Cog0  * init values dead_gap = 70, pwm_limit = 3_033, adc_fram = 6_136, duty_min = 1_600, duty_max = 24_264
[2026-09-14T11:45:24.964] Cog0  *      values duty_up = 18, duty_dn = 4, cfg_ctcks = 135_000
[2026-09-14T11:45:24.964] Cog0  *VAL* legalVoltage = 6
[2026-09-14T11:45:24.964] Cog0  * ENTRY CFG selectedPower = 6
[2026-09-14T11:45:24.964] Cog0  * EXIT 2 CFG eUserSelectedVolts = 6 maxFwdIncreAtPwr = 147_000_000 minFwdIncreAtPwr = 544_628
[2026-09-14T11:45:24.965] Cog0  -MOT- inincr = 0 nTgtIncr = $0000_0000 0 sync = 0
[2026-09-14T11:45:24.965] Cog0  * Motor COG #2
[2026-09-14T11:45:24.970] Cog2  INIT $0000_8622 $0000_B49B load
[2026-09-14T11:45:24.970] Cog0  BLDC: getBoardType() pinbase: ** NOT SET **
[2026-09-14T11:45:24.971] Cog0  BLDC: getBoardType() driver running, not measured; returning revision recorded at start 22
[2026-09-14T11:45:24.971] Cog0  MOT:  offset_fwd_degrees = 43, offset_fwd = $1E93_E93E
[2026-09-14T11:45:24.972] Cog0   (ind)offset_rev_degrees = 317, offset_rev = $E16C_16C1
[2026-09-14T11:45:24.974] Cog0  BS-START,motor,LEFT,base,32,cog,2,cog_ok,TRUE,board_rev,22,rev_b,TRUE,board_id,REV_B,init_neg_deg,43,init_pos_deg,317,neg_deg,43,pos_deg,317,offsets_ok,TRUE,missed,0,illegal,0,integ_ok,TRUE,result,OK
[2026-09-14T11:45:24.990] Cog0  -MOT- inincr = 18_375_000 nTgtIncr = $0118_6158 0 sync = 0
[2026-09-14T11:45:25.678] Cog0  -MOT- inincr = 0 nTgtIncr = $0000_0000 0 sync = 0
[2026-09-14T11:45:25.869] Cog0  BS-PREFLIGHT,motor,LEFT,base,32,ticks,13,moved,TRUE
[2026-09-14T11:45:25.869] Cog0  --- pinSum = 94, 64010 Rev B, highTimeUs = 72
[2026-09-14T11:45:25.869] Cog0  MOT: fwdDegrees = 43, offset_fwd = $1E93_E93E
[2026-09-14T11:45:25.869] Cog0       revDegrees = 317, offset_rev = $E16C_16C1
[2026-09-14T11:45:25.870] Cog0   - Calc FRAME: frame_cnt = 6_136
[2026-09-14T11:45:25.870] Cog0  * init values dead_gap = 70, pwm_limit = 3_033, adc_fram = 6_136, duty_min = 1_600, duty_max = 24_264
[2026-09-14T11:45:25.871] Cog0  *      values duty_up = 18, duty_dn = 4, cfg_ctcks = 135_000
[2026-09-14T11:45:25.871] Cog0  *VAL* legalVoltage = 6
[2026-09-14T11:45:25.871] Cog0  * ENTRY CFG selectedPower = 6
[2026-09-14T11:45:25.871] Cog0  * EXIT 2 CFG eUserSelectedVolts = 6 maxFwdIncreAtPwr = 147_000_000 minFwdIncreAtPwr = 544_628
[2026-09-14T11:45:25.872] Cog0  -MOT- inincr = 0 nTgtIncr = $0000_0000 0 sync = 0
[2026-09-14T11:45:25.877] Cog0  * Motor COG #2
[2026-09-14T11:45:25.877] Cog2  INIT $0000_8622 $0000_B7CB load
[2026-09-14T11:45:25.877] Cog0  BLDC: getBoardType() driver running, not measured; returning revision recorded at start 22
[2026-09-14T11:45:25.878] Cog0  BLDC: getBoardType() pinbase: ** NOT SET **
[2026-09-14T11:45:25.878] Cog0  MOT:  offset_fwd_degrees = 43, offset_fwd = $1E93_E93E
[2026-09-14T11:45:25.880] Cog0   (ind)offset_rev_degrees = 317, offset_rev = $E16C_16C1
[2026-09-14T11:45:25.881] Cog0  BS-START,motor,RIGHT,base,16,cog,2,cog_ok,TRUE,board_rev,22,rev_b,TRUE,board_id,REV_B,init_neg_deg,43,init_pos_deg,317,neg_deg,43,pos_deg,317,offsets_ok,TRUE,missed,0,illegal,0,integ_ok,TRUE,result,OK
[2026-09-14T11:45:25.896] Cog0  -MOT- inincr = 18_375_000 nTgtIncr = $0118_6158 0 sync = 0
[2026-09-14T11:45:26.584] Cog0  -MOT- inincr = 0 nTgtIncr = $0000_0000 0 sync = 0
[2026-09-14T11:45:26.775] Cog0  BS-PREFLIGHT,motor,RIGHT,base,16,ticks,13,moved,TRUE
[2026-09-14T11:45:26.790] Cog0  BS-WDTEST-ARM,l_cog,0,r_cog,3,checkpoint,34,checkpoint_tok,SELFTEST,stall_ms,4_000,poll_ms,250,backstop_ms,12_000
[2026-09-14T11:45:30.945] Cog1  BS-WATCHDOG,checkpoint,34,checkpoint_tok,SELFTEST,since_ms,4_000,heartbeat,2_354,seq,0,side,RIGHT,pt_result,OK,samp_state,1,fault_seen,FALSE,pt_abort,FALSE,no_cog,FALSE,reason,NONE
[2026-09-14T11:45:30.946] Cog1  BS-WATCHDOG2,l_cog,0,l_state,0,l_fault,FALSE,l_duty,1_600,l_err,26,l_sense_mV,8,l_ticks,18,r_cog,3,r_state,1,r_fault,FALSE,r_duty,1_600,r_err,26,r_sense_mV,0,r_ticks,18,stack_ok,TRUE
[2026-09-14T11:45:30.948] Cog1  SIGNOFF,sf,1,bin,SCANWD,cell,R11-WDT-FIRES,task,3534,motor,NONE,crit,STALL_MS,measured,4_000,lo,4_000,hi,4_500,units,MS,n,1,verdict,PASS
[2026-09-14T11:45:30.949] Cog1  SIGNOFF,sf,1,bin,SCANWD,cell,R11-WDT-CKPT,task,3534,motor,NONE,crit,CKPT_IS_SELFTEST,measured,TRUE,lo,TRUE,hi,TRUE,units,BOOL,n,1,verdict,PASS
[2026-09-14T11:45:30.951] Cog1  SIGNOFF,sf,1,bin,SCANWD,cell,R11-WDT-STOPPED,task,3534,motor,NONE,crit,WHEELS_STOPPED,measured,TRUE,lo,TRUE,hi,TRUE,units,BOOL,n,1,verdict,PASS
[2026-09-14T11:45:30.952] Cog1  SIGNOFF,sf,1,bin,SCANWD,cell,R11-WDT-STACK,task,3534,motor,NONE,crit,STACK_OK,measured,TRUE,lo,TRUE,hi,TRUE,units,BOOL,n,1,verdict,PASS
[2026-09-14T11:45:30.953] Cog1  BS-END,exit,ABORTED,reason,WATCHDOG,elapsed_s,6,points,0,faults,0,aborts_i,0,charge_mVs,21,left_done,FALSE,right_done,FALSE,lib_abort,FALSE
[2026-09-14T11:45:30.969] Cog1  DEBUG_END_SESSION

=== Debug Logger Session Ended at 2026-09-14T11:45:30.970 ===
