=== Debug Logger Session Started at 2026-09-14T12:01:26.602 ===
PNut-Term-TS: v1.0.8
Program: debug
=====================================

[2026-09-14T12:01:26.500] [SYSTEM] BAUD_RATE_SET 2000000 baud (preferences/default)

=== Session ended - Download Started at 2026-09-14T12:01:26.730 ===
=== Debug Logger Session Started at 2026-09-14T12:01:26.733 ===
PNut-Term-TS: v1.0.8
Program: debug
=====================================

[2026-09-14T12:01:26.731] [SYSTEM] [DOWNLOAD TO RAM] File: test_bench_t0.bin | Size: 30357 bytes | Modified: 2026-09-14T18:01:25.719Z
[2026-09-14T12:01:26.733] [SYSTEM] Download Session Started
[2026-09-14T12:01:28.016] [SYSTEM] [DOWNLOAD SUCCESS] test_bench_t0.bin successfully downloaded to RAM
[2026-09-14T12:01:28.030] Cog0  INIT $0000_0000 $0000_0000 load
[2026-09-14T12:01:28.030] Cog0  INIT $0000_0FA8 $0000_5138 jump
[2026-09-14T12:01:28.030] Cog0  * test_bench_t0 -- Tier 0: no motor, no motion, no risk (T0-10/11/13/14b/15 excepted)
[2026-09-14T12:01:28.030] Cog0  * active config: motor_type_enum=0 base=16 voltage_enum=6 wheel_dia_x10=65
[2026-09-14T12:01:28.031] Cog0  * bench expects MOTOR_TYPE=MOTR_6_5_INCH (0) and wheel_dia_x10=65; with wheel_dia_x10=0 the T0-3/T0-6 distance conversions report unavailable rather than a tick count
[2026-09-14T12:01:28.051] `PLOT bench TITLE 'T0-12 hand-rotation anchor' SIZE 320 100 POS 60 80 HIDEXY UPDATE<CR><LF>Cog0  T0-12,begin,prompt,press_any_key_then_turn_one_wheel_exactly_N_revolutions_one_direction_then_press_any_key
[2026-09-14T12:01:28.102] `bench PC_KEY<CR><LF>
[2026-09-14T12:01:28.305] `bench PC_KEY<CR><LF>
[2026-09-14T12:01:28.369] `bench PC_KEY<CR><LF>
[2026-09-14T12:01:28.436] `bench PC_KEY<CR><LF>
[2026-09-14T12:01:28.500] `bench PC_KEY<CR><LF>
[2026-09-14T12:01:28.561] `bench PC_KEY<CR><LF>
[2026-09-14T12:01:28.625] `bench PC_KEY<CR><LF>
[2026-09-14T12:01:28.690] `bench PC_KEY<CR><LF>
[2026-09-14T12:01:28.753] `bench PC_KEY<CR><LF>
[2026-09-14T12:01:28.817] `bench PC_KEY<CR><LF>
[2026-09-14T12:01:28.882] `bench PC_KEY<CR><LF>
[2026-09-14T12:01:28.945] `bench PC_KEY<CR><LF>
[2026-09-14T12:01:29.009] `bench PC_KEY<CR><LF>
[2026-09-14T12:01:29.076] `bench PC_KEY<CR><LF>
[2026-09-14T12:01:29.140] `bench PC_KEY<CR><LF>
[2026-09-14T12:01:29.202] `bench PC_KEY<CR><LF>
[2026-09-14T12:01:29.265] `bench PC_KEY<CR><LF>
[2026-09-14T12:01:29.333] `bench PC_KEY<CR><LF>
[2026-09-14T12:01:29.396] `bench PC_KEY<CR><LF>
[2026-09-14T12:01:29.457] `bench PC_KEY<CR><LF>
[2026-09-14T12:01:29.521] `bench PC_KEY<CR><LF>
[2026-09-14T12:01:29.585] `bench PC_KEY<CR><LF>
[2026-09-14T12:01:29.650] `bench PC_KEY<CR><LF>
[2026-09-14T12:01:29.715] `bench PC_KEY<CR><LF>
[2026-09-14T12:01:29.778] `bench PC_KEY<CR><LF>
[2026-09-14T12:01:29.843] `bench PC_KEY<CR><LF>
[2026-09-14T12:01:29.908] `bench PC_KEY<CR><LF>
[2026-09-14T12:01:29.973] `bench PC_KEY<CR><LF>
[2026-09-14T12:01:30.035] `bench PC_KEY<CR><LF>
[2026-09-14T12:01:30.098] `bench PC_KEY<CR><LF>
[2026-09-14T12:01:30.162] `bench PC_KEY<CR><LF>
[2026-09-14T12:01:30.226] `bench PC_KEY<CR><LF>
[2026-09-14T12:01:30.292] `bench PC_KEY<CR><LF>
[2026-09-14T12:01:30.355] `bench PC_KEY<CR><LF>
[2026-09-14T12:01:30.419] `bench PC_KEY<CR><LF>
[2026-09-14T12:01:30.482] `bench PC_KEY<CR><LF>
[2026-09-14T12:01:30.548] `bench PC_KEY<CR><LF>
[2026-09-14T12:01:30.612] `bench PC_KEY<CR><LF>
[2026-09-14T12:01:30.674] `bench PC_KEY<CR><LF>
[2026-09-14T12:01:30.739] `bench PC_KEY<CR><LF>
[2026-09-14T12:01:30.806] `bench PC_KEY<CR><LF>
[2026-09-14T12:01:30.867] `bench PC_KEY<CR><LF>
[2026-09-14T12:01:30.931] `bench PC_KEY<CR><LF>
[2026-09-14T12:01:30.995] `bench PC_KEY<CR><LF>
[2026-09-14T12:01:31.059] `bench PC_KEY<CR><LF>
[2026-09-14T12:01:31.122] `bench PC_KEY<CR><LF>
[2026-09-14T12:01:31.187] `bench PC_KEY<CR><LF>
[2026-09-14T12:01:31.251] `bench PC_KEY<CR><LF>
[2026-09-14T12:01:31.314] `bench PC_KEY<CR><LF>
[2026-09-14T12:01:31.379] `bench PC_KEY<CR><LF>
[2026-09-14T12:01:31.442] `bench PC_KEY<CR><LF>
[2026-09-14T12:01:31.509] `bench PC_KEY<CR><LF>
[2026-09-14T12:01:31.570] `bench PC_KEY<CR><LF>
[2026-09-14T12:01:31.634] `bench PC_KEY<CR><LF>
[2026-09-14T12:01:31.701] `bench PC_KEY<CR><LF>
[2026-09-14T12:01:31.764] `bench PC_KEY<CR><LF>
[2026-09-14T12:01:31.828] `bench PC_KEY<CR><LF>
[2026-09-14T12:01:31.893] `bench PC_KEY<CR><LF>
[2026-09-14T12:01:31.955] `bench PC_KEY<CR><LF>
[2026-09-14T12:01:32.019] `bench PC_KEY<CR><LF>
[2026-09-14T12:01:32.084] `bench PC_KEY<CR><LF>
[2026-09-14T12:01:32.147] `bench PC_KEY<CR><LF>
[2026-09-14T12:01:32.213] `bench PC_KEY<CR><LF>
[2026-09-14T12:01:32.275] `bench PC_KEY<CR><LF>
[2026-09-14T12:01:32.339] `bench PC_KEY<CR><LF>
[2026-09-14T12:01:32.404] `bench PC_KEY<CR><LF>
[2026-09-14T12:01:32.468] `bench PC_KEY<CR><LF>
[2026-09-14T12:01:32.532] `bench PC_KEY<CR><LF>
[2026-09-14T12:01:32.597] `bench PC_KEY<CR><LF>
[2026-09-14T12:01:32.661] `bench PC_KEY<CR><LF>
[2026-09-14T12:01:32.724] `bench PC_KEY<CR><LF>
[2026-09-14T12:01:32.787] `bench PC_KEY<CR><LF>
[2026-09-14T12:01:32.851] `bench PC_KEY<CR><LF>
[2026-09-14T12:01:32.915] `bench PC_KEY<CR><LF>
[2026-09-14T12:01:32.980] `bench PC_KEY<CR><LF>
[2026-09-14T12:01:33.044] `bench PC_KEY<CR><LF>
[2026-09-14T12:01:33.108] `bench PC_KEY<CR><LF>
[2026-09-14T12:01:33.172] `bench PC_KEY<CR><LF>
[2026-09-14T12:01:33.235] `bench PC_KEY<CR><LF>
[2026-09-14T12:01:33.301] `bench PC_KEY<CR><LF>
[2026-09-14T12:01:33.364] `bench PC_KEY<CR><LF>
[2026-09-14T12:01:33.429] `bench PC_KEY<CR><LF>
[2026-09-14T12:01:33.493] `bench PC_KEY<CR><LF>
[2026-09-14T12:01:33.560] `bench PC_KEY<CR><LF>
[2026-09-14T12:01:33.620] `bench PC_KEY<CR><LF>
[2026-09-14T12:01:33.684] `bench PC_KEY<CR><LF>
[2026-09-14T12:01:33.749] `bench PC_KEY<CR><LF>
[2026-09-14T12:01:33.812] `bench PC_KEY<CR><LF>
[2026-09-14T12:01:33.877] `bench PC_KEY<CR><LF>
[2026-09-14T12:01:33.942] `bench PC_KEY<CR><LF>
[2026-09-14T12:01:34.007] `bench PC_KEY<CR><LF>
[2026-09-14T12:01:34.068] `bench PC_KEY<CR><LF>
[2026-09-14T12:01:34.134] `bench PC_KEY<CR><LF>
[2026-09-14T12:01:34.197] `bench PC_KEY<CR><LF>
[2026-09-14T12:01:34.263] `bench PC_KEY<CR><LF>
[2026-09-14T12:01:34.326] `bench PC_KEY<CR><LF>
[2026-09-14T12:01:34.389] `bench PC_KEY<CR><LF>
[2026-09-14T12:01:34.452] `bench PC_KEY<CR><LF>
[2026-09-14T12:01:34.516] `bench PC_KEY<CR><LF>
[2026-09-14T12:01:34.584] `bench PC_KEY<CR><LF>
[2026-09-14T12:01:34.644] `bench PC_KEY<CR><LF>
[2026-09-14T12:01:34.708] `bench PC_KEY<CR><LF>
[2026-09-14T12:01:34.773] `bench PC_KEY<CR><LF>
[2026-09-14T12:01:34.837] `bench PC_KEY<CR><LF>
[2026-09-14T12:01:34.900] `bench PC_KEY<CR><LF>
[2026-09-14T12:01:34.964] `bench PC_KEY<CR><LF>
[2026-09-14T12:01:35.030] `bench PC_KEY<CR><LF>
[2026-09-14T12:01:35.093] `bench PC_KEY<CR><LF>
[2026-09-14T12:01:35.158] `bench PC_KEY<CR><LF>
[2026-09-14T12:01:35.223] `bench PC_KEY<CR><LF>
[2026-09-14T12:01:35.285] `bench PC_KEY<CR><LF>
[2026-09-14T12:01:35.350] `bench PC_KEY<CR><LF>
[2026-09-14T12:01:35.415] `bench PC_KEY<CR><LF>
[2026-09-14T12:01:35.480] `bench PC_KEY<CR><LF>
[2026-09-14T12:01:35.542] `bench PC_KEY<CR><LF>
[2026-09-14T12:01:35.607] `bench PC_KEY<CR><LF>
[2026-09-14T12:01:35.669] `bench PC_KEY<CR><LF>
[2026-09-14T12:01:35.735] `bench PC_KEY<CR><LF>
[2026-09-14T12:01:35.798] `bench PC_KEY<CR><LF>
[2026-09-14T12:01:35.861] `bench PC_KEY<CR><LF>
[2026-09-14T12:01:35.928] `bench PC_KEY<CR><LF>
[2026-09-14T12:01:35.990] `bench PC_KEY<CR><LF>
[2026-09-14T12:01:36.053] `bench PC_KEY<CR><LF>
[2026-09-14T12:01:36.117] `bench PC_KEY<CR><LF>
[2026-09-14T12:01:36.183] `bench PC_KEY<CR><LF>
[2026-09-14T12:01:36.245] `bench PC_KEY<CR><LF>
[2026-09-14T12:01:36.309] `bench PC_KEY<CR><LF>
[2026-09-14T12:01:36.374] `bench PC_KEY<CR><LF>
[2026-09-14T12:01:36.437] `bench PC_KEY<CR><LF>
[2026-09-14T12:01:36.501] `bench PC_KEY<CR><LF>
[2026-09-14T12:01:36.568] `bench PC_KEY<CR><LF>
[2026-09-14T12:01:36.631] `bench PC_KEY<CR><LF>
[2026-09-14T12:01:36.693] `bench PC_KEY<CR><LF>
[2026-09-14T12:01:36.757] `bench PC_KEY<CR><LF>
[2026-09-14T12:01:36.822] `bench PC_KEY<CR><LF>
[2026-09-14T12:01:36.886] `bench PC_KEY<CR><LF>
[2026-09-14T12:01:36.950] `bench PC_KEY<CR><LF>
[2026-09-14T12:01:37.015] `bench PC_KEY<CR><LF>
[2026-09-14T12:01:37.078] `bench PC_KEY<CR><LF>
[2026-09-14T12:01:37.142] `bench PC_KEY<CR><LF>
[2026-09-14T12:01:37.207] `bench PC_KEY<CR><LF>
[2026-09-14T12:01:37.271] `bench PC_KEY<CR><LF>
[2026-09-14T12:01:37.334] `bench PC_KEY<CR><LF>
[2026-09-14T12:01:37.398] `bench PC_KEY<CR><LF>
[2026-09-14T12:01:37.463] `bench PC_KEY<CR><LF>
[2026-09-14T12:01:37.528] `bench PC_KEY<CR><LF>
[2026-09-14T12:01:37.592] `bench PC_KEY<CR><LF>
[2026-09-14T12:01:37.656] `bench PC_KEY<CR><LF>
[2026-09-14T12:01:37.719] `bench PC_KEY<CR><LF>
[2026-09-14T12:01:37.782] `bench PC_KEY<CR><LF>
[2026-09-14T12:01:37.850] `bench PC_KEY<CR><LF>
[2026-09-14T12:01:37.911] `bench PC_KEY<CR><LF>
[2026-09-14T12:01:37.976] `bench PC_KEY<CR><LF>
[2026-09-14T12:01:38.038] `bench PC_KEY<CR><LF>
[2026-09-14T12:01:38.105] `bench PC_KEY<CR><LF>
[2026-09-14T12:01:38.166] `bench PC_KEY<CR><LF>
[2026-09-14T12:01:38.231] `bench PC_KEY<CR><LF>
[2026-09-14T12:01:38.294] `bench PC_KEY<CR><LF>
[2026-09-14T12:01:38.361] `bench PC_KEY<CR><LF>
[2026-09-14T12:01:38.422] `bench PC_KEY<CR><LF>
[2026-09-14T12:01:38.486] `bench PC_KEY<CR><LF>
[2026-09-14T12:01:38.553] `bench PC_KEY<CR><LF>
[2026-09-14T12:01:38.617] `bench PC_KEY<CR><LF>
[2026-09-14T12:01:38.679] `bench PC_KEY<CR><LF>
[2026-09-14T12:01:38.745] `bench PC_KEY<CR><LF>
[2026-09-14T12:01:38.808] `bench PC_KEY<CR><LF>
[2026-09-14T12:01:38.871] `bench PC_KEY<CR><LF>
[2026-09-14T12:01:38.934] `bench PC_KEY<CR><LF>
[2026-09-14T12:01:38.999] `bench PC_KEY<CR><LF>
[2026-09-14T12:01:39.063] `bench PC_KEY<CR><LF>
[2026-09-14T12:01:39.127] `bench PC_KEY<CR><LF>
[2026-09-14T12:01:39.191] `bench PC_KEY<CR><LF>
[2026-09-14T12:01:39.257] `bench PC_KEY<CR><LF>
[2026-09-14T12:01:39.322] `bench PC_KEY<CR><LF>
[2026-09-14T12:01:39.385] `bench PC_KEY<CR><LF>
[2026-09-14T12:01:39.448] `bench PC_KEY<CR><LF>
[2026-09-14T12:01:39.511] `bench PC_KEY<CR><LF>
[2026-09-14T12:01:39.575] `bench PC_KEY<CR><LF>
[2026-09-14T12:01:39.641] `bench PC_KEY<CR><LF>
[2026-09-14T12:01:39.704] `bench PC_KEY<CR><LF>
[2026-09-14T12:01:39.768] `bench PC_KEY<CR><LF>
[2026-09-14T12:01:39.831] `bench PC_KEY<CR><LF>
[2026-09-14T12:01:39.897] `bench PC_KEY<CR><LF>
[2026-09-14T12:01:39.960] `bench PC_KEY<CR><LF>
[2026-09-14T12:01:40.023] `bench PC_KEY<CR><LF>
[2026-09-14T12:01:40.087] `bench PC_KEY<CR><LF>
[2026-09-14T12:01:40.153] `bench PC_KEY<CR><LF>
[2026-09-14T12:01:40.217] `bench PC_KEY<CR><LF>
[2026-09-14T12:01:40.281] `bench PC_KEY<CR><LF>
[2026-09-14T12:01:40.346] `bench PC_KEY<CR><LF>
[2026-09-14T12:01:40.408] `bench PC_KEY<CR><LF>
[2026-09-14T12:01:40.472] `bench PC_KEY<CR><LF>
[2026-09-14T12:01:40.537] `bench PC_KEY<CR><LF>
[2026-09-14T12:01:40.601] `bench PC_KEY<CR><LF>
[2026-09-14T12:01:40.666] `bench PC_KEY<CR><LF>
[2026-09-14T12:01:40.729] `bench PC_KEY<CR><LF>
[2026-09-14T12:01:40.792] `bench PC_KEY<CR><LF>
[2026-09-14T12:01:40.859] `bench PC_KEY<CR><LF>
[2026-09-14T12:01:40.921] `bench PC_KEY<CR><LF>
[2026-09-14T12:01:40.984] `bench PC_KEY<CR><LF>
[2026-09-14T12:01:41.048] `bench PC_KEY<CR><LF>
[2026-09-14T12:01:41.112] `bench PC_KEY<CR><LF>
[2026-09-14T12:01:41.178] `bench PC_KEY<CR><LF>
[2026-09-14T12:01:41.241] `bench PC_KEY<CR><LF>
[2026-09-14T12:01:41.304] `bench PC_KEY<CR><LF>
[2026-09-14T12:01:41.369] `bench PC_KEY<CR><LF>
[2026-09-14T12:01:41.433] `bench PC_KEY<CR><LF>
[2026-09-14T12:01:41.496] `bench PC_KEY<CR><LF>
[2026-09-14T12:01:41.560] `bench PC_KEY<CR><LF>
[2026-09-14T12:01:41.624] `bench PC_KEY<CR><LF>
[2026-09-14T12:01:41.692] `bench PC_KEY<CR><LF>
[2026-09-14T12:01:41.752] `bench PC_KEY<CR><LF>
[2026-09-14T12:01:41.769] `bench PC_KEY<CR><LF>

=== Debug Logger Session Ended at 2026-09-14T12:01:41.769 ===
