=== Debug Logger Session Started at 2026-09-14T11:46:36.065 ===
PNut-Term-TS: v1.0.8
Program: debug
=====================================

[2026-09-14T11:46:36.063] [SYSTEM] [DOWNLOAD TO RAM] File: test_bench_t0.bin | Size: 30455 bytes | Modified: 2026-09-14T17:46:35.053Z
[2026-09-14T11:46:36.065] [SYSTEM] Download Session Started
[2026-09-14T11:46:37.365] [SYSTEM] [DOWNLOAD SUCCESS] test_bench_t0.bin successfully downloaded to RAM
[2026-09-14T11:46:37.367] Cog0  INIT $0000_0000 $0000_0000 load
[2026-09-14T11:46:37.368] Cog0  INIT $0000_0FA8 $0000_5104 jump
[2026-09-14T11:46:37.368] Cog0  * test_bench_t0 -- Tier 0: no motor, no motion, no risk (T0-10/11/13/14b/15 excepted)
[2026-09-14T11:46:37.368] Cog0  * active config: motor_type_enum=0 base=16 voltage_enum=6 wheel_dia_x10=65
[2026-09-14T11:46:37.369] Cog0  * bench expects MOTOR_TYPE=MOTR_6_5_INCH (0) and wheel_dia_x10=65; with wheel_dia_x10=0 the T0-3/T0-6 distance conversions report unavailable rather than a tick count
[2026-09-14T11:46:37.369] Cog0  SIGNOFF-DECL,sf,1,bin,T0,cell,R8-T0-ZXS,task,3529
[2026-09-14T11:46:37.369] Cog0  SIGNOFF-DECL,sf,1,bin,T0,cell,R3-T0-STOPPED,task,3501
[2026-09-14T11:46:37.369] Cog0  SIGNOFF-DECL,sf,1,bin,T0,cell,R2-T0-REPEAT,task,3500
[2026-09-14T11:46:37.370] Cog0  SIGNOFF-DECL,sf,1,bin,T0,cell,R2-T0-DIRTY,task,3500
[2026-09-14T11:46:37.370] Cog0  SIGNOFF-DECL,sf,1,bin,T0,cell,R2-T0-EMPTY,task,3500
[2026-09-14T11:46:37.370] Cog0  SIGNOFF-DECL,sf,1,bin,T0,cell,R4-T0-1M-TICKS,task,3502
[2026-09-14T11:46:37.370] Cog0  SIGNOFF-DECL,sf,1,bin,T0,cell,R1-T0-START,task,3499
[2026-09-14T11:46:37.370] Cog0  SIGNOFF-DECL,sf,1,bin,T0,cell,R1-T0-RESTART,task,3499
[2026-09-14T11:46:37.370] Cog0  SIGNOFF-DECL,sf,1,bin,T0,cell,R10-T0-STOPREADY,task,3533
[2026-09-14T11:46:37.371] Cog0  SIGNOFF-DECL,sf,1,bin,T0,cell,R1-T0-EXHAUST,task,3499
[2026-09-14T11:46:37.372] Cog0  T0-1,begin,clkfreq,270_000_000
[2026-09-14T11:46:37.373] Cog0  --- pinSum = 98, 64010 Rev B, highTimeUs = 72
[2026-09-14T11:46:37.373] Cog0  MOT: fwdDegrees = 43, offset_fwd = $1E93_E93E
[2026-09-14T11:46:37.373] Cog0       revDegrees = 317, offset_rev = $E16C_16C1
[2026-09-14T11:46:37.373] Cog0   - Calc FRAME: frame_cnt = 6_136
[2026-09-14T11:46:37.374] Cog0  * init values dead_gap = 70, pwm_limit = 3_033, adc_fram = 6_136, duty_min = 1_600, duty_max = 24_264
[2026-09-14T11:46:37.374] Cog0  *      values duty_up = 18, duty_dn = 4, cfg_ctcks = 135_000
[2026-09-14T11:46:37.375] Cog0  *VAL* legalVoltage = 6
[2026-09-14T11:46:37.375] Cog0  * ENTRY CFG selectedPower = 6
[2026-09-14T11:46:37.375] Cog0  * EXIT 2 CFG eUserSelectedVolts = 6 maxFwdIncreAtPwr = 147_000_000 minFwdIncreAtPwr = 544_628
[2026-09-14T11:46:37.377] Cog0  T0-1,testsetup,trapped_result,0
[2026-09-14T11:46:37.377] Cog0  --- pinSum = 97, 64010 Rev B, highTimeUs = 71
[2026-09-14T11:46:37.378] Cog0  T0-1,consts,dead_gap,70,pwm_limit,3_033,duty_min,1_600,duty_max,24_264,adc_fram,6_136,frame_cnt,6_136
[2026-09-14T11:46:37.378] Cog0  T0-1,end,detected_board,22,rsense,150,boardstring,64010 Rev B
[2026-09-14T11:46:37.378] Cog0  T0-2,begin,requested,BRD_REV_A
[2026-09-14T11:46:37.379] Cog0  MOT: fwdDegrees = 43, offset_fwd = $1E93_E93E
[2026-09-14T11:46:37.379] Cog0       revDegrees = 317, offset_rev = $E16C_16C1
[2026-09-14T11:46:37.379] Cog0   - Calc FRAME: frame_cnt = 6_136
[2026-09-14T11:46:37.380] Cog0  * init values dead_gap = 70, pwm_limit = 3_033, adc_fram = 6_136, duty_min = 1_600, duty_max = 24_264
[2026-09-14T11:46:37.380] Cog0  *      values duty_up = 18, duty_dn = 4, cfg_ctcks = 135_000
[2026-09-14T11:46:37.380] Cog0  *VAL* legalVoltage = 6
[2026-09-14T11:46:37.381] Cog0  * ENTRY CFG selectedPower = 6
[2026-09-14T11:46:37.381] Cog0  * EXIT 2 CFG eUserSelectedVolts = 6 maxFwdIncreAtPwr = 147_000_000 minFwdIncreAtPwr = 544_628
[2026-09-14T11:46:37.381] Cog0  T0-2,testsetup,trapped_result,0
[2026-09-14T11:46:37.382] Cog0  T0-2,end,detected_board,21,expect_forced,TRUE,boardstring,64010 Rev A -USER FORCED
[2026-09-14T11:46:37.382] Cog0  T0-3,begin
[2026-09-14T11:46:37.382] Cog0  T0-3,ddu_m,1,trapped_result,0,ticks,173,aborted,FALSE
[2026-09-14T11:46:37.382] Cog0  T0-3,ddu_cm,100,trapped_result,0,ticks,173,aborted,FALSE
[2026-09-14T11:46:37.383] Cog0  T0-3,ddu_mm,1000,trapped_result,0,ticks,173,aborted,FALSE
[2026-09-14T11:46:37.383] Cog0  T0-3,end,agree,TRUE
[2026-09-14T11:46:37.384] Cog0  SIGNOFF,sf,1,bin,T0,cell,R4-T0-1M-TICKS,task,3502,motor,NONE,crit,DDU_M_TICKS,measured,TRUE,lo,TRUE,hi,TRUE,units,BOOL,n,1,verdict,PASS
[2026-09-14T11:46:37.384] Cog0  *VAL* legalVoltage = 1
[2026-09-14T11:46:37.385] Cog0  T0-4,validate,pwr_enum,1,legal,TRUE
[2026-09-14T11:46:37.385] Cog0  *VAL* legalVoltage = 2
[2026-09-14T11:46:37.385] Cog0  T0-4,validate,pwr_enum,2,legal,TRUE
[2026-09-14T11:46:37.386] Cog0  *VAL* legalVoltage = 3
[2026-09-14T11:46:37.386] Cog0  T0-4,validate,pwr_enum,3,legal,TRUE
[2026-09-14T11:46:37.386] Cog0  *VAL* legalVoltage = 4
[2026-09-14T11:46:37.386] Cog0  T0-4,validate,pwr_enum,4,legal,TRUE
[2026-09-14T11:46:37.386] Cog0  *VAL* legalVoltage = 5
[2026-09-14T11:46:37.386] Cog0  T0-4,validate,pwr_enum,5,legal,TRUE
[2026-09-14T11:46:37.386] Cog0  *VAL* legalVoltage = 6
[2026-09-14T11:46:37.386] Cog0  T0-4,validate,pwr_enum,6,legal,TRUE
[2026-09-14T11:46:37.386] Cog0  *VAL* legalVoltage = 7
[2026-09-14T11:46:37.386] Cog0  T0-4,validate,pwr_enum,7,legal,TRUE
[2026-09-14T11:46:37.387] Cog0  *VAL* legalVoltage = 8
[2026-09-14T11:46:37.387] Cog0  T0-4,validate,pwr_enum,8,legal,TRUE
[2026-09-14T11:46:37.387] Cog0  *VAL* legalVoltage = 9
[2026-09-14T11:46:37.389] Cog0  T0-4,validate,pwr_enum,9,legal,TRUE
[2026-09-14T11:46:37.389] Cog0  T0-4,testsetup,begin,active_drive_voltage_enum,6
[2026-09-14T11:46:37.389] Cog0  --- pinSum = 98, 64010 Rev B, highTimeUs = 72
[2026-09-14T11:46:37.389] Cog0  MOT: fwdDegrees = 43, offset_fwd = $1E93_E93E
[2026-09-14T11:46:37.390] Cog0       revDegrees = 317, offset_rev = $E16C_16C1
[2026-09-14T11:46:37.390] Cog0   - Calc FRAME: frame_cnt = 6_136
[2026-09-14T11:46:37.390] Cog0  * init values dead_gap = 70, pwm_limit = 3_033, adc_fram = 6_136, duty_min = 1_600, duty_max = 24_264
[2026-09-14T11:46:37.391] Cog0  *      values duty_up = 18, duty_dn = 4, cfg_ctcks = 135_000
[2026-09-14T11:46:37.391] Cog0  *VAL* legalVoltage = 6
[2026-09-14T11:46:37.391] Cog0  * ENTRY CFG selectedPower = 6
[2026-09-14T11:46:37.392] Cog0  * EXIT 2 CFG eUserSelectedVolts = 6 maxFwdIncreAtPwr = 147_000_000 minFwdIncreAtPwr = 544_628
[2026-09-14T11:46:37.392] Cog0  T0-4,testsetup,end,trapped_result,0,note,zero_is_ambiguous_see_library_ERROR_line
[2026-09-14T11:46:37.393] Cog0  T0-5,accel,0,ramp_min,1_500,ramp_max,200_000,ramp_inc,0,ramp_down,50_000
[2026-09-14T11:46:37.393] Cog0  T0-5,accel,-1,ramp_min,1_500,ramp_max,200_000,ramp_inc,-1,ramp_down,50_000
[2026-09-14T11:46:37.394] Cog0  T0-5,accel,1,ramp_min,1_500,ramp_max,200_000,ramp_inc,1,ramp_down,50_000
[2026-09-14T11:46:37.394] Cog0  T0-5,accel,10000000,ramp_min,1_500,ramp_max,200_000,ramp_inc,10_000_000,ramp_down,50_000
[2026-09-14T11:46:37.394] Cog0  T0-6,call,getDistance_KM,trapped_result,0
[2026-09-14T11:46:37.395] Cog0  T0-6,call,getDistance_MI,trapped_result,0
[2026-09-14T11:46:37.395] Cog0  ! ERROR: invalid rotationUnits Value:eRotationUnits = 99
[2026-09-14T11:46:37.395] Cog0  T0-6,call,getRotationCount_99,trapped_result,0
[2026-09-14T11:46:37.395] Cog0  ! ERROR: invalid Distance Value:nDistance = 0 - must be > 0!
[2026-09-14T11:46:37.397] Cog0  T0-6,call,stopAfterDistance_0in,trapped_result,0
[2026-09-14T11:46:37.397] Cog0  T0-7,begin,left_base,P0_P15,right_base,P8_P23
[2026-09-14T11:46:37.398] Cog0  --- pinSum = 500, Board not detected!, highTimeUs = 370
[2026-09-14T11:46:37.398] Cog0  MOT: fwdDegrees = 43, offset_fwd = $1E93_E93E
[2026-09-14T11:46:37.398] Cog0       revDegrees = 317, offset_rev = $E16C_16C1
[2026-09-14T11:46:37.399] Cog0   - Calc FRAME: frame_cnt = 6_136
[2026-09-14T11:46:37.399] Cog0  * init values dead_gap = 70, pwm_limit = 3_033, adc_fram = 6_136, duty_min = 1_600, duty_max = 24_264
[2026-09-14T11:46:37.399] Cog0  *      values duty_up = 18, duty_dn = 4, cfg_ctcks = 135_000
[2026-09-14T11:46:37.400] Cog0  *VAL* legalVoltage = 6
[2026-09-14T11:46:37.400] Cog0  * ENTRY CFG selectedPower = 6
[2026-09-14T11:46:37.400] Cog0  * EXIT 2 CFG eUserSelectedVolts = 6 maxFwdIncreAtPwr = 147_000_000 minFwdIncreAtPwr = 544_628
[2026-09-14T11:46:37.401] Cog0  ! ERROR: validatePinBase() pin base eMotorBasePin = 8 overlaps a pin range already in use by another motor instance
[2026-09-14T11:46:37.401] Cog0  T0-7,end,harness_survived,TRUE,trapped_a,0,trapped_b,0
[2026-09-14T11:46:37.403] Cog0  T0-7,nonoverlap,begin,held_base,P0_P15,new_base,P32_P47
[2026-09-14T11:46:37.403] Cog0  --- pinSum = 99, 64010 Rev B, highTimeUs = 73
[2026-09-14T11:46:37.404] Cog0  MOT: fwdDegrees = 43, offset_fwd = $1E93_E93E
[2026-09-14T11:46:37.404] Cog0       revDegrees = 317, offset_rev = $E16C_16C1
[2026-09-14T11:46:37.404] Cog0   - Calc FRAME: frame_cnt = 6_136
[2026-09-14T11:46:37.404] Cog0  * init values dead_gap = 70, pwm_limit = 3_033, adc_fram = 6_136, duty_min = 1_600, duty_max = 24_264
[2026-09-14T11:46:37.405] Cog0  *      values duty_up = 18, duty_dn = 4, cfg_ctcks = 135_000
[2026-09-14T11:46:37.405] Cog0  *VAL* legalVoltage = 6
[2026-09-14T11:46:37.405] Cog0  * ENTRY CFG selectedPower = 6
[2026-09-14T11:46:37.406] Cog0  * EXIT 2 CFG eUserSelectedVolts = 6 maxFwdIncreAtPwr = 147_000_000 minFwdIncreAtPwr = 544_628
[2026-09-14T11:46:37.408] Cog0  T0-7,nonoverlap,end,trapped_c,0,note,no_ERROR_line_above_means_both_motors_coexist
[2026-09-14T11:46:37.408] Cog0  T0-11,begin
[2026-09-14T11:46:37.408] Cog0  --- pinSum = 99, 64010 Rev B, highTimeUs = 73
[2026-09-14T11:46:37.409] Cog0  MOT: fwdDegrees = 43, offset_fwd = $1E93_E93E
[2026-09-14T11:46:37.409] Cog0       revDegrees = 317, offset_rev = $E16C_16C1
[2026-09-14T11:46:37.409] Cog0   - Calc FRAME: frame_cnt = 6_136
[2026-09-14T11:46:37.410] Cog0  * init values dead_gap = 70, pwm_limit = 3_033, adc_fram = 6_136, duty_min = 1_600, duty_max = 24_264
[2026-09-14T11:46:37.410] Cog0  *      values duty_up = 18, duty_dn = 4, cfg_ctcks = 135_000
[2026-09-14T11:46:37.410] Cog0  *VAL* legalVoltage = 6
[2026-09-14T11:46:37.410] Cog0  * ENTRY CFG selectedPower = 6
[2026-09-14T11:46:37.411] Cog0  * EXIT 2 CFG eUserSelectedVolts = 6 maxFwdIncreAtPwr = 147_000_000 minFwdIncreAtPwr = 544_628
[2026-09-14T11:46:37.411] Cog0  -MOT- inincr = 0 nTgtIncr = $0000_0000 0 sync = 0
[2026-09-14T11:46:37.411] Cog0  * Motor COG #1
[2026-09-14T11:46:37.426] Cog1  INIT $0000_26E6 $0000_499F load
[2026-09-14T11:46:38.439] Cog0  T0-11,lifetime,0,mean_i_x10,16,mean_u_x10,66,mean_v_x10,27,mean_w_x10,51
[2026-09-14T11:46:38.925] Cog0  --- pinSum = 98, 64010 Rev B, highTimeUs = 72
[2026-09-14T11:46:38.925] Cog0  MOT: fwdDegrees = 43, offset_fwd = $1E93_E93E
[2026-09-14T11:46:38.925] Cog0       revDegrees = 317, offset_rev = $E16C_16C1
[2026-09-14T11:46:38.926] Cog0   - Calc FRAME: frame_cnt = 6_136
[2026-09-14T11:46:38.926] Cog0  * init values dead_gap = 70, pwm_limit = 3_033, adc_fram = 6_136, duty_min = 1_600, duty_max = 24_264
[2026-09-14T11:46:38.927] Cog0  *      values duty_up = 18, duty_dn = 4, cfg_ctcks = 135_000
[2026-09-14T11:46:38.927] Cog0  *VAL* legalVoltage = 6
[2026-09-14T11:46:38.927] Cog0  * ENTRY CFG selectedPower = 6
[2026-09-14T11:46:38.927] Cog0  * EXIT 2 CFG eUserSelectedVolts = 6 maxFwdIncreAtPwr = 147_000_000 minFwdIncreAtPwr = 544_628
[2026-09-14T11:46:38.928] Cog0  -MOT- inincr = 0 nTgtIncr = $0000_0000 0 sync = 0
[2026-09-14T11:46:38.943] Cog0  * Motor COG #1
[2026-09-14T11:46:38.943] Cog1  INIT $0000_26E6 $0000_499F load
[2026-09-14T11:46:39.956] Cog0  T0-11,lifetime,1,mean_i_x10,26,mean_u_x10,68,mean_v_x10,34,mean_w_x10,43
[2026-09-14T11:46:40.442] Cog0  --- pinSum = 98, 64010 Rev B, highTimeUs = 72
[2026-09-14T11:46:40.442] Cog0  MOT: fwdDegrees = 43, offset_fwd = $1E93_E93E
[2026-09-14T11:46:40.442] Cog0       revDegrees = 317, offset_rev = $E16C_16C1
[2026-09-14T11:46:40.443] Cog0   - Calc FRAME: frame_cnt = 6_136
[2026-09-14T11:46:40.443] Cog0  * init values dead_gap = 70, pwm_limit = 3_033, adc_fram = 6_136, duty_min = 1_600, duty_max = 24_264
[2026-09-14T11:46:40.443] Cog0  *      values duty_up = 18, duty_dn = 4, cfg_ctcks = 135_000
[2026-09-14T11:46:40.443] Cog0  *VAL* legalVoltage = 6
[2026-09-14T11:46:40.444] Cog0  * ENTRY CFG selectedPower = 6
[2026-09-14T11:46:40.444] Cog0  * EXIT 2 CFG eUserSelectedVolts = 6 maxFwdIncreAtPwr = 147_000_000 minFwdIncreAtPwr = 544_628
[2026-09-14T11:46:40.444] Cog0  -MOT- inincr = 0 nTgtIncr = $0000_0000 0 sync = 0
[2026-09-14T11:46:40.460] Cog0  * Motor COG #1
[2026-09-14T11:46:40.460] Cog1  INIT $0000_26E6 $0000_499F load
[2026-09-14T11:46:41.472] Cog0  T0-11,lifetime,2,mean_i_x10,4,mean_u_x10,57,mean_v_x10,37,mean_w_x10,56
[2026-09-14T11:46:41.958] Cog0  --- pinSum = 98, 64010 Rev B, highTimeUs = 72
[2026-09-14T11:46:41.959] Cog0  MOT: fwdDegrees = 43, offset_fwd = $1E93_E93E
[2026-09-14T11:46:41.959] Cog0       revDegrees = 317, offset_rev = $E16C_16C1
[2026-09-14T11:46:41.959] Cog0   - Calc FRAME: frame_cnt = 6_136
[2026-09-14T11:46:41.960] Cog0  * init values dead_gap = 70, pwm_limit = 3_033, adc_fram = 6_136, duty_min = 1_600, duty_max = 24_264
[2026-09-14T11:46:41.960] Cog0  *      values duty_up = 18, duty_dn = 4, cfg_ctcks = 135_000
[2026-09-14T11:46:41.960] Cog0  *VAL* legalVoltage = 6
[2026-09-14T11:46:41.960] Cog0  * ENTRY CFG selectedPower = 6
[2026-09-14T11:46:41.961] Cog0  * EXIT 2 CFG eUserSelectedVolts = 6 maxFwdIncreAtPwr = 147_000_000 minFwdIncreAtPwr = 544_628
[2026-09-14T11:46:41.961] Cog0  -MOT- inincr = 0 nTgtIncr = $0000_0000 0 sync = 0
[2026-09-14T11:46:41.977] Cog0  * Motor COG #1
[2026-09-14T11:46:41.977] Cog1  INIT $0000_26E6 $0000_499F load
[2026-09-14T11:46:42.989] Cog0  T0-11,lifetime,3,mean_i_x10,4,mean_u_x10,71,mean_v_x10,31,mean_w_x10,45
[2026-09-14T11:46:43.475] Cog0  --- pinSum = 97, 64010 Rev B, highTimeUs = 71
[2026-09-14T11:46:43.475] Cog0  MOT: fwdDegrees = 43, offset_fwd = $1E93_E93E
[2026-09-14T11:46:43.476] Cog0       revDegrees = 317, offset_rev = $E16C_16C1
[2026-09-14T11:46:43.476] Cog0   - Calc FRAME: frame_cnt = 6_136
[2026-09-14T11:46:43.476] Cog0  * init values dead_gap = 70, pwm_limit = 3_033, adc_fram = 6_136, duty_min = 1_600, duty_max = 24_264
[2026-09-14T11:46:43.477] Cog0  *      values duty_up = 18, duty_dn = 4, cfg_ctcks = 135_000
[2026-09-14T11:46:43.477] Cog0  *VAL* legalVoltage = 6
[2026-09-14T11:46:43.477] Cog0  * ENTRY CFG selectedPower = 6
[2026-09-14T11:46:43.478] Cog0  * EXIT 2 CFG eUserSelectedVolts = 6 maxFwdIncreAtPwr = 147_000_000 minFwdIncreAtPwr = 544_628
[2026-09-14T11:46:43.478] Cog0  -MOT- inincr = 0 nTgtIncr = $0000_0000 0 sync = 0
[2026-09-14T11:46:43.494] Cog0  * Motor COG #1
[2026-09-14T11:46:43.494] Cog1  INIT $0000_26E6 $0000_499F load
[2026-09-14T11:46:44.506] Cog0  T0-11,lifetime,4,mean_i_x10,8,mean_u_x10,58,mean_v_x10,35,mean_w_x10,47
[2026-09-14T11:46:44.991] Cog0  T0-11,end,valid_lifetimes,5,aborted,FALSE
[2026-09-14T11:46:44.991] Cog0  SIGNOFF,sf,1,bin,T0,cell,R8-T0-ZXS,task,3529,motor,RIGHT,crit,ZXS_I,measured,22,lo,0,hi,50,units,MV_X10,n,5,verdict,PASS
[2026-09-14T11:46:44.992] Cog0  SIGNOFF,sf,1,bin,T0,cell,R8-T0-ZXS,task,3529,motor,RIGHT,crit,ZXS_U,measured,14,lo,0,hi,50,units,MV_X10,n,5,verdict,PASS
[2026-09-14T11:46:44.992] Cog0  SIGNOFF,sf,1,bin,T0,cell,R8-T0-ZXS,task,3529,motor,RIGHT,crit,ZXS_V,measured,10,lo,0,hi,50,units,MV_X10,n,5,verdict,PASS
[2026-09-14T11:46:44.995] Cog0  SIGNOFF,sf,1,bin,T0,cell,R8-T0-ZXS,task,3529,motor,RIGHT,crit,ZXS_W,measured,13,lo,0,hi,50,units,MV_X10,n,5,verdict,PASS
[2026-09-14T11:46:44.995] Cog0  T0-13,begin
[2026-09-14T11:46:44.995] Cog0  --- pinSum = 98, 64010 Rev B, highTimeUs = 72
[2026-09-14T11:46:44.995] Cog0  MOT: fwdDegrees = 43, offset_fwd = $1E93_E93E
[2026-09-14T11:46:44.995] Cog0       revDegrees = 317, offset_rev = $E16C_16C1
[2026-09-14T11:46:44.996] Cog0   - Calc FRAME: frame_cnt = 6_136
[2026-09-14T11:46:44.996] Cog0  * init values dead_gap = 70, pwm_limit = 3_033, adc_fram = 6_136, duty_min = 1_600, duty_max = 24_264
[2026-09-14T11:46:44.997] Cog0  *      values duty_up = 18, duty_dn = 4, cfg_ctcks = 135_000
[2026-09-14T11:46:44.997] Cog0  *VAL* legalVoltage = 6
[2026-09-14T11:46:44.997] Cog0  * ENTRY CFG selectedPower = 6
[2026-09-14T11:46:44.997] Cog0  * EXIT 2 CFG eUserSelectedVolts = 6 maxFwdIncreAtPwr = 147_000_000 minFwdIncreAtPwr = 544_628
[2026-09-14T11:46:44.998] Cog0  -MOT- inincr = 0 nTgtIncr = $0000_0000 0 sync = 0
[2026-09-14T11:46:44.998] Cog0  * Motor COG #1
[2026-09-14T11:46:45.014] Cog1  INIT $0000_26E6 $0000_499F load
[2026-09-14T11:46:46.008] Cog0  T0-13,end,missed,0,illegal,0,aborted,FALSE
[2026-09-14T11:46:46.011] Cog0  SIGNOFF,sf,1,bin,T0,cell,R3-T0-STOPPED,task,3501,motor,NONE,crit,STOPPED_COUNTS,measured,0,lo,0,hi,0,units,COUNT,n,1,verdict,PASS
[2026-09-14T11:46:46.011] Cog0  T0-14,begin,repeat
[2026-09-14T11:46:46.011] Cog0  --- pinSum = 98, 64010 Rev B, highTimeUs = 72
[2026-09-14T11:46:46.011] Cog0  MOT: fwdDegrees = 43, offset_fwd = $1E93_E93E
[2026-09-14T11:46:46.011] Cog0       revDegrees = 317, offset_rev = $E16C_16C1
[2026-09-14T11:46:46.011] Cog0   - Calc FRAME: frame_cnt = 6_136
[2026-09-14T11:46:46.012] Cog0  * init values dead_gap = 70, pwm_limit = 3_033, adc_fram = 6_136, duty_min = 1_600, duty_max = 24_264
[2026-09-14T11:46:46.012] Cog0  *      values duty_up = 18, duty_dn = 4, cfg_ctcks = 135_000
[2026-09-14T11:46:46.013] Cog0  *VAL* legalVoltage = 6
[2026-09-14T11:46:46.013] Cog0  * ENTRY CFG selectedPower = 6
[2026-09-14T11:46:46.015] Cog0  * EXIT 2 CFG eUserSelectedVolts = 6 maxFwdIncreAtPwr = 147_000_000 minFwdIncreAtPwr = 544_628
[2026-09-14T11:46:46.016] Cog0  --- pinSum = 98, 64010 Rev B, highTimeUs = 72
[2026-09-14T11:46:46.017] Cog0  --- pinSum = 97, 64010 Rev B, highTimeUs = 71
[2026-09-14T11:46:46.017] Cog0  MOT: fwdDegrees = 43, offset_fwd = $1E93_E93E
[2026-09-14T11:46:46.017] Cog0       revDegrees = 317, offset_rev = $E16C_16C1
[2026-09-14T11:46:46.017] Cog0   - Calc FRAME: frame_cnt = 6_136
[2026-09-14T11:46:46.018] Cog0  * init values dead_gap = 70, pwm_limit = 3_033, adc_fram = 6_136, duty_min = 1_600, duty_max = 24_264
[2026-09-14T11:46:46.018] Cog0  *      values duty_up = 18, duty_dn = 4, cfg_ctcks = 135_000
[2026-09-14T11:46:46.018] Cog0  *VAL* legalVoltage = 6
[2026-09-14T11:46:46.019] Cog0  * ENTRY CFG selectedPower = 6
[2026-09-14T11:46:46.021] Cog0  * EXIT 2 CFG eUserSelectedVolts = 6 maxFwdIncreAtPwr = 147_000_000 minFwdIncreAtPwr = 544_628
[2026-09-14T11:46:46.022] Cog0  --- pinSum = 98, 64010 Rev B, highTimeUs = 72
[2026-09-14T11:46:46.023] Cog0  --- pinSum = 98, 64010 Rev B, highTimeUs = 72
[2026-09-14T11:46:46.023] Cog0  MOT: fwdDegrees = 43, offset_fwd = $1E93_E93E
[2026-09-14T11:46:46.023] Cog0       revDegrees = 317, offset_rev = $E16C_16C1
[2026-09-14T11:46:46.023] Cog0   - Calc FRAME: frame_cnt = 6_136
[2026-09-14T11:46:46.024] Cog0  * init values dead_gap = 70, pwm_limit = 3_033, adc_fram = 6_136, duty_min = 1_600, duty_max = 24_264
[2026-09-14T11:46:46.024] Cog0  *      values duty_up = 18, duty_dn = 4, cfg_ctcks = 135_000
[2026-09-14T11:46:46.025] Cog0  *VAL* legalVoltage = 6
[2026-09-14T11:46:46.025] Cog0  * ENTRY CFG selectedPower = 6
[2026-09-14T11:46:46.027] Cog0  * EXIT 2 CFG eUserSelectedVolts = 6 maxFwdIncreAtPwr = 147_000_000 minFwdIncreAtPwr = 544_628
[2026-09-14T11:46:46.028] Cog0  --- pinSum = 98, 64010 Rev B, highTimeUs = 72
[2026-09-14T11:46:46.029] Cog0  --- pinSum = 98, 64010 Rev B, highTimeUs = 72
[2026-09-14T11:46:46.029] Cog0  MOT: fwdDegrees = 43, offset_fwd = $1E93_E93E
[2026-09-14T11:46:46.029] Cog0       revDegrees = 317, offset_rev = $E16C_16C1
[2026-09-14T11:46:46.029] Cog0   - Calc FRAME: frame_cnt = 6_136
[2026-09-14T11:46:46.030] Cog0  * init values dead_gap = 70, pwm_limit = 3_033, adc_fram = 6_136, duty_min = 1_600, duty_max = 24_264
[2026-09-14T11:46:46.030] Cog0  *      values duty_up = 18, duty_dn = 4, cfg_ctcks = 135_000
[2026-09-14T11:46:46.030] Cog0  *VAL* legalVoltage = 6
[2026-09-14T11:46:46.031] Cog0  * ENTRY CFG selectedPower = 6
[2026-09-14T11:46:46.033] Cog0  * EXIT 2 CFG eUserSelectedVolts = 6 maxFwdIncreAtPwr = 147_000_000 minFwdIncreAtPwr = 544_628
[2026-09-14T11:46:46.034] Cog0  --- pinSum = 98, 64010 Rev B, highTimeUs = 72
[2026-09-14T11:46:46.034] Cog0  --- pinSum = 98, 64010 Rev B, highTimeUs = 72
[2026-09-14T11:46:46.035] Cog0  MOT: fwdDegrees = 43, offset_fwd = $1E93_E93E
[2026-09-14T11:46:46.035] Cog0       revDegrees = 317, offset_rev = $E16C_16C1
[2026-09-14T11:46:46.035] Cog0   - Calc FRAME: frame_cnt = 6_136
[2026-09-14T11:46:46.036] Cog0  * init values dead_gap = 70, pwm_limit = 3_033, adc_fram = 6_136, duty_min = 1_600, duty_max = 24_264
[2026-09-14T11:46:46.036] Cog0  *      values duty_up = 18, duty_dn = 4, cfg_ctcks = 135_000
[2026-09-14T11:46:46.036] Cog0  *VAL* legalVoltage = 6
[2026-09-14T11:46:46.037] Cog0  * ENTRY CFG selectedPower = 6
[2026-09-14T11:46:46.038] Cog0  * EXIT 2 CFG eUserSelectedVolts = 6 maxFwdIncreAtPwr = 147_000_000 minFwdIncreAtPwr = 544_628
[2026-09-14T11:46:46.040] Cog0  --- pinSum = 98, 64010 Rev B, highTimeUs = 72
[2026-09-14T11:46:46.041] Cog0  --- pinSum = 98, 64010 Rev B, highTimeUs = 72
[2026-09-14T11:46:46.041] Cog0  MOT: fwdDegrees = 43, offset_fwd = $1E93_E93E
[2026-09-14T11:46:46.041] Cog0       revDegrees = 317, offset_rev = $E16C_16C1
[2026-09-14T11:46:46.041] Cog0   - Calc FRAME: frame_cnt = 6_136
[2026-09-14T11:46:46.042] Cog0  * init values dead_gap = 70, pwm_limit = 3_033, adc_fram = 6_136, duty_min = 1_600, duty_max = 24_264
[2026-09-14T11:46:46.042] Cog0  *      values duty_up = 18, duty_dn = 4, cfg_ctcks = 135_000
[2026-09-14T11:46:46.043] Cog0  *VAL* legalVoltage = 6
[2026-09-14T11:46:46.043] Cog0  * ENTRY CFG selectedPower = 6
[2026-09-14T11:46:46.044] Cog0  * EXIT 2 CFG eUserSelectedVolts = 6 maxFwdIncreAtPwr = 147_000_000 minFwdIncreAtPwr = 544_628
[2026-09-14T11:46:46.046] Cog0  --- pinSum = 100, 64010 Rev B, highTimeUs = 74
[2026-09-14T11:46:46.046] Cog0  --- pinSum = 98, 64010 Rev B, highTimeUs = 72
[2026-09-14T11:46:46.047] Cog0  MOT: fwdDegrees = 43, offset_fwd = $1E93_E93E
[2026-09-14T11:46:46.047] Cog0       revDegrees = 317, offset_rev = $E16C_16C1
[2026-09-14T11:46:46.047] Cog0   - Calc FRAME: frame_cnt = 6_136
[2026-09-14T11:46:46.048] Cog0  * init values dead_gap = 70, pwm_limit = 3_033, adc_fram = 6_136, duty_min = 1_600, duty_max = 24_264
[2026-09-14T11:46:46.048] Cog0  *      values duty_up = 18, duty_dn = 4, cfg_ctcks = 135_000
[2026-09-14T11:46:46.048] Cog0  *VAL* legalVoltage = 6
[2026-09-14T11:46:46.048] Cog0  * ENTRY CFG selectedPower = 6
[2026-09-14T11:46:46.052] Cog0  * EXIT 2 CFG eUserSelectedVolts = 6 maxFwdIncreAtPwr = 147_000_000 minFwdIncreAtPwr = 544_628
[2026-09-14T11:46:46.052] Cog0  --- pinSum = 98, 64010 Rev B, highTimeUs = 72
[2026-09-14T11:46:46.052] Cog0  --- pinSum = 98, 64010 Rev B, highTimeUs = 72
[2026-09-14T11:46:46.053] Cog0  MOT: fwdDegrees = 43, offset_fwd = $1E93_E93E
[2026-09-14T11:46:46.053] Cog0       revDegrees = 317, offset_rev = $E16C_16C1
[2026-09-14T11:46:46.053] Cog0   - Calc FRAME: frame_cnt = 6_136
[2026-09-14T11:46:46.053] Cog0  * init values dead_gap = 70, pwm_limit = 3_033, adc_fram = 6_136, duty_min = 1_600, duty_max = 24_264
[2026-09-14T11:46:46.054] Cog0  *      values duty_up = 18, duty_dn = 4, cfg_ctcks = 135_000
[2026-09-14T11:46:46.054] Cog0  *VAL* legalVoltage = 6
[2026-09-14T11:46:46.054] Cog0  * ENTRY CFG selectedPower = 6
[2026-09-14T11:46:46.056] Cog0  * EXIT 2 CFG eUserSelectedVolts = 6 maxFwdIncreAtPwr = 147_000_000 minFwdIncreAtPwr = 544_628
[2026-09-14T11:46:46.058] Cog0  --- pinSum = 98, 64010 Rev B, highTimeUs = 72
[2026-09-14T11:46:46.058] Cog0  --- pinSum = 101, 64010 Rev B, highTimeUs = 74
[2026-09-14T11:46:46.059] Cog0  MOT: fwdDegrees = 43, offset_fwd = $1E93_E93E
[2026-09-14T11:46:46.059] Cog0       revDegrees = 317, offset_rev = $E16C_16C1
[2026-09-14T11:46:46.059] Cog0   - Calc FRAME: frame_cnt = 6_136
[2026-09-14T11:46:46.060] Cog0  * init values dead_gap = 70, pwm_limit = 3_033, adc_fram = 6_136, duty_min = 1_600, duty_max = 24_264
[2026-09-14T11:46:46.060] Cog0  *      values duty_up = 18, duty_dn = 4, cfg_ctcks = 135_000
[2026-09-14T11:46:46.060] Cog0  *VAL* legalVoltage = 6
[2026-09-14T11:46:46.060] Cog0  * ENTRY CFG selectedPower = 6
[2026-09-14T11:46:46.062] Cog0  * EXIT 2 CFG eUserSelectedVolts = 6 maxFwdIncreAtPwr = 147_000_000 minFwdIncreAtPwr = 544_628
[2026-09-14T11:46:46.064] Cog0  --- pinSum = 98, 64010 Rev B, highTimeUs = 72
[2026-09-14T11:46:46.064] Cog0  --- pinSum = 97, 64010 Rev B, highTimeUs = 71
[2026-09-14T11:46:46.064] Cog0  MOT: fwdDegrees = 43, offset_fwd = $1E93_E93E
[2026-09-14T11:46:46.065] Cog0       revDegrees = 317, offset_rev = $E16C_16C1
[2026-09-14T11:46:46.065] Cog0   - Calc FRAME: frame_cnt = 6_136
[2026-09-14T11:46:46.066] Cog0  * init values dead_gap = 70, pwm_limit = 3_033, adc_fram = 6_136, duty_min = 1_600, duty_max = 24_264
[2026-09-14T11:46:46.066] Cog0  *      values duty_up = 18, duty_dn = 4, cfg_ctcks = 135_000
[2026-09-14T11:46:46.066] Cog0  *VAL* legalVoltage = 6
[2026-09-14T11:46:46.066] Cog0  * ENTRY CFG selectedPower = 6
[2026-09-14T11:46:46.070] Cog0  * EXIT 2 CFG eUserSelectedVolts = 6 maxFwdIncreAtPwr = 147_000_000 minFwdIncreAtPwr = 544_628
[2026-09-14T11:46:46.070] Cog0  --- pinSum = 98, 64010 Rev B, highTimeUs = 72
[2026-09-14T11:46:46.070] Cog0  --- pinSum = 98, 64010 Rev B, highTimeUs = 72
[2026-09-14T11:46:46.071] Cog0  MOT: fwdDegrees = 43, offset_fwd = $1E93_E93E
[2026-09-14T11:46:46.071] Cog0       revDegrees = 317, offset_rev = $E16C_16C1
[2026-09-14T11:46:46.071] Cog0   - Calc FRAME: frame_cnt = 6_136
[2026-09-14T11:46:46.071] Cog0  * init values dead_gap = 70, pwm_limit = 3_033, adc_fram = 6_136, duty_min = 1_600, duty_max = 24_264
[2026-09-14T11:46:46.072] Cog0  *      values duty_up = 18, duty_dn = 4, cfg_ctcks = 135_000
[2026-09-14T11:46:46.072] Cog0  *VAL* legalVoltage = 6
[2026-09-14T11:46:46.072] Cog0  * ENTRY CFG selectedPower = 6
[2026-09-14T11:46:46.074] Cog0  * EXIT 2 CFG eUserSelectedVolts = 6 maxFwdIncreAtPwr = 147_000_000 minFwdIncreAtPwr = 544_628
[2026-09-14T11:46:46.076] Cog0  --- pinSum = 99, 64010 Rev B, highTimeUs = 73
[2026-09-14T11:46:46.076] Cog0  --- pinSum = 98, 64010 Rev B, highTimeUs = 72
[2026-09-14T11:46:46.076] Cog0  MOT: fwdDegrees = 43, offset_fwd = $1E93_E93E
[2026-09-14T11:46:46.077] Cog0       revDegrees = 317, offset_rev = $E16C_16C1
[2026-09-14T11:46:46.077] Cog0   - Calc FRAME: frame_cnt = 6_136
[2026-09-14T11:46:46.077] Cog0  * init values dead_gap = 70, pwm_limit = 3_033, adc_fram = 6_136, duty_min = 1_600, duty_max = 24_264
[2026-09-14T11:46:46.078] Cog0  *      values duty_up = 18, duty_dn = 4, cfg_ctcks = 135_000
[2026-09-14T11:46:46.078] Cog0  *VAL* legalVoltage = 6
[2026-09-14T11:46:46.078] Cog0  * ENTRY CFG selectedPower = 6
[2026-09-14T11:46:46.080] Cog0  * EXIT 2 CFG eUserSelectedVolts = 6 maxFwdIncreAtPwr = 147_000_000 minFwdIncreAtPwr = 544_628
[2026-09-14T11:46:46.082] Cog0  --- pinSum = 98, 64010 Rev B, highTimeUs = 72
[2026-09-14T11:46:46.082] Cog0  --- pinSum = 97, 64010 Rev B, highTimeUs = 71
[2026-09-14T11:46:46.082] Cog0  MOT: fwdDegrees = 43, offset_fwd = $1E93_E93E
[2026-09-14T11:46:46.083] Cog0       revDegrees = 317, offset_rev = $E16C_16C1
[2026-09-14T11:46:46.083] Cog0   - Calc FRAME: frame_cnt = 6_136
[2026-09-14T11:46:46.083] Cog0  * init values dead_gap = 70, pwm_limit = 3_033, adc_fram = 6_136, duty_min = 1_600, duty_max = 24_264
[2026-09-14T11:46:46.084] Cog0  *      values duty_up = 18, duty_dn = 4, cfg_ctcks = 135_000
[2026-09-14T11:46:46.084] Cog0  *VAL* legalVoltage = 6
[2026-09-14T11:46:46.084] Cog0  * ENTRY CFG selectedPower = 6
[2026-09-14T11:46:46.084] Cog0  * EXIT 2 CFG eUserSelectedVolts = 6 maxFwdIncreAtPwr = 147_000_000 minFwdIncreAtPwr = 544_628
[2026-09-14T11:46:46.088] Cog0  --- pinSum = 98, 64010 Rev B, highTimeUs = 72
[2026-09-14T11:46:46.088] Cog0  --- pinSum = 98, 64010 Rev B, highTimeUs = 72
[2026-09-14T11:46:46.088] Cog0  MOT: fwdDegrees = 43, offset_fwd = $1E93_E93E
[2026-09-14T11:46:46.089] Cog0       revDegrees = 317, offset_rev = $E16C_16C1
[2026-09-14T11:46:46.089] Cog0   - Calc FRAME: frame_cnt = 6_136
[2026-09-14T11:46:46.089] Cog0  * init values dead_gap = 70, pwm_limit = 3_033, adc_fram = 6_136, duty_min = 1_600, duty_max = 24_264
[2026-09-14T11:46:46.090] Cog0  *      values duty_up = 18, duty_dn = 4, cfg_ctcks = 135_000
[2026-09-14T11:46:46.090] Cog0  *VAL* legalVoltage = 6
[2026-09-14T11:46:46.090] Cog0  * ENTRY CFG selectedPower = 6
[2026-09-14T11:46:46.092] Cog0  * EXIT 2 CFG eUserSelectedVolts = 6 maxFwdIncreAtPwr = 147_000_000 minFwdIncreAtPwr = 544_628
[2026-09-14T11:46:46.094] Cog0  --- pinSum = 98, 64010 Rev B, highTimeUs = 72
[2026-09-14T11:46:46.094] Cog0  --- pinSum = 98, 64010 Rev B, highTimeUs = 72
[2026-09-14T11:46:46.094] Cog0  MOT: fwdDegrees = 43, offset_fwd = $1E93_E93E
[2026-09-14T11:46:46.095] Cog0       revDegrees = 317, offset_rev = $E16C_16C1
[2026-09-14T11:46:46.095] Cog0   - Calc FRAME: frame_cnt = 6_136
[2026-09-14T11:46:46.095] Cog0  * init values dead_gap = 70, pwm_limit = 3_033, adc_fram = 6_136, duty_min = 1_600, duty_max = 24_264
[2026-09-14T11:46:46.096] Cog0  *      values duty_up = 18, duty_dn = 4, cfg_ctcks = 135_000
[2026-09-14T11:46:46.096] Cog0  *VAL* legalVoltage = 6
[2026-09-14T11:46:46.096] Cog0  * ENTRY CFG selectedPower = 6
[2026-09-14T11:46:46.098] Cog0  * EXIT 2 CFG eUserSelectedVolts = 6 maxFwdIncreAtPwr = 147_000_000 minFwdIncreAtPwr = 544_628
[2026-09-14T11:46:46.100] Cog0  --- pinSum = 98, 64010 Rev B, highTimeUs = 72
[2026-09-14T11:46:46.100] Cog0  --- pinSum = 98, 64010 Rev B, highTimeUs = 72
[2026-09-14T11:46:46.100] Cog0  MOT: fwdDegrees = 43, offset_fwd = $1E93_E93E
[2026-09-14T11:46:46.100] Cog0       revDegrees = 317, offset_rev = $E16C_16C1
[2026-09-14T11:46:46.101] Cog0   - Calc FRAME: frame_cnt = 6_136
[2026-09-14T11:46:46.101] Cog0  * init values dead_gap = 70, pwm_limit = 3_033, adc_fram = 6_136, duty_min = 1_600, duty_max = 24_264
[2026-09-14T11:46:46.102] Cog0  *      values duty_up = 18, duty_dn = 4, cfg_ctcks = 135_000
[2026-09-14T11:46:46.102] Cog0  *VAL* legalVoltage = 6
[2026-09-14T11:46:46.102] Cog0  * ENTRY CFG selectedPower = 6
[2026-09-14T11:46:46.104] Cog0  * EXIT 2 CFG eUserSelectedVolts = 6 maxFwdIncreAtPwr = 147_000_000 minFwdIncreAtPwr = 544_628
[2026-09-14T11:46:46.105] Cog0  --- pinSum = 98, 64010 Rev B, highTimeUs = 72
[2026-09-14T11:46:46.106] Cog0  --- pinSum = 98, 64010 Rev B, highTimeUs = 72
[2026-09-14T11:46:46.106] Cog0  MOT: fwdDegrees = 43, offset_fwd = $1E93_E93E
[2026-09-14T11:46:46.106] Cog0       revDegrees = 317, offset_rev = $E16C_16C1
[2026-09-14T11:46:46.107] Cog0   - Calc FRAME: frame_cnt = 6_136
[2026-09-14T11:46:46.107] Cog0  * init values dead_gap = 70, pwm_limit = 3_033, adc_fram = 6_136, duty_min = 1_600, duty_max = 24_264
[2026-09-14T11:46:46.108] Cog0  *      values duty_up = 18, duty_dn = 4, cfg_ctcks = 135_000
[2026-09-14T11:46:46.108] Cog0  *VAL* legalVoltage = 6
[2026-09-14T11:46:46.108] Cog0  * ENTRY CFG selectedPower = 6
[2026-09-14T11:46:46.110] Cog0  * EXIT 2 CFG eUserSelectedVolts = 6 maxFwdIncreAtPwr = 147_000_000 minFwdIncreAtPwr = 544_628
[2026-09-14T11:46:46.112] Cog0  --- pinSum = 101, 64010 Rev B, highTimeUs = 74
[2026-09-14T11:46:46.112] Cog0  --- pinSum = 98, 64010 Rev B, highTimeUs = 72
[2026-09-14T11:46:46.112] Cog0  MOT: fwdDegrees = 43, offset_fwd = $1E93_E93E
[2026-09-14T11:46:46.113] Cog0       revDegrees = 317, offset_rev = $E16C_16C1
[2026-09-14T11:46:46.113] Cog0   - Calc FRAME: frame_cnt = 6_136
[2026-09-14T11:46:46.113] Cog0  * init values dead_gap = 70, pwm_limit = 3_033, adc_fram = 6_136, duty_min = 1_600, duty_max = 24_264
[2026-09-14T11:46:46.114] Cog0  *      values duty_up = 18, duty_dn = 4, cfg_ctcks = 135_000
[2026-09-14T11:46:46.114] Cog0  *VAL* legalVoltage = 6
[2026-09-14T11:46:46.114] Cog0  * ENTRY CFG selectedPower = 6
[2026-09-14T11:46:46.116] Cog0  * EXIT 2 CFG eUserSelectedVolts = 6 maxFwdIncreAtPwr = 147_000_000 minFwdIncreAtPwr = 544_628
[2026-09-14T11:46:46.118] Cog0  --- pinSum = 97, 64010 Rev B, highTimeUs = 71
[2026-09-14T11:46:46.118] Cog0  --- pinSum = 98, 64010 Rev B, highTimeUs = 72
[2026-09-14T11:46:46.118] Cog0  MOT: fwdDegrees = 43, offset_fwd = $1E93_E93E
[2026-09-14T11:46:46.118] Cog0       revDegrees = 317, offset_rev = $E16C_16C1
[2026-09-14T11:46:46.119] Cog0   - Calc FRAME: frame_cnt = 6_136
[2026-09-14T11:46:46.119] Cog0  * init values dead_gap = 70, pwm_limit = 3_033, adc_fram = 6_136, duty_min = 1_600, duty_max = 24_264
[2026-09-14T11:46:46.120] Cog0  *      values duty_up = 18, duty_dn = 4, cfg_ctcks = 135_000
[2026-09-14T11:46:46.120] Cog0  *VAL* legalVoltage = 6
[2026-09-14T11:46:46.120] Cog0  * ENTRY CFG selectedPower = 6
[2026-09-14T11:46:46.122] Cog0  * EXIT 2 CFG eUserSelectedVolts = 6 maxFwdIncreAtPwr = 147_000_000 minFwdIncreAtPwr = 544_628
[2026-09-14T11:46:46.123] Cog0  --- pinSum = 98, 64010 Rev B, highTimeUs = 72
[2026-09-14T11:46:46.124] Cog0  --- pinSum = 98, 64010 Rev B, highTimeUs = 72
[2026-09-14T11:46:46.124] Cog0  MOT: fwdDegrees = 43, offset_fwd = $1E93_E93E
[2026-09-14T11:46:46.125] Cog0       revDegrees = 317, offset_rev = $E16C_16C1
[2026-09-14T11:46:46.125] Cog0   - Calc FRAME: frame_cnt = 6_136
[2026-09-14T11:46:46.125] Cog0  * init values dead_gap = 70, pwm_limit = 3_033, adc_fram = 6_136, duty_min = 1_600, duty_max = 24_264
[2026-09-14T11:46:46.125] Cog0  *      values duty_up = 18, duty_dn = 4, cfg_ctcks = 135_000
[2026-09-14T11:46:46.126] Cog0  *VAL* legalVoltage = 6
[2026-09-14T11:46:46.126] Cog0  * ENTRY CFG selectedPower = 6
[2026-09-14T11:46:46.128] Cog0  * EXIT 2 CFG eUserSelectedVolts = 6 maxFwdIncreAtPwr = 147_000_000 minFwdIncreAtPwr = 544_628
[2026-09-14T11:46:46.129] Cog0  --- pinSum = 98, 64010 Rev B, highTimeUs = 72
[2026-09-14T11:46:46.130] Cog0  --- pinSum = 98, 64010 Rev B, highTimeUs = 72
[2026-09-14T11:46:46.130] Cog0  MOT: fwdDegrees = 43, offset_fwd = $1E93_E93E
[2026-09-14T11:46:46.130] Cog0       revDegrees = 317, offset_rev = $E16C_16C1
[2026-09-14T11:46:46.130] Cog0   - Calc FRAME: frame_cnt = 6_136
[2026-09-14T11:46:46.131] Cog0  * init values dead_gap = 70, pwm_limit = 3_033, adc_fram = 6_136, duty_min = 1_600, duty_max = 24_264
[2026-09-14T11:46:46.131] Cog0  *      values duty_up = 18, duty_dn = 4, cfg_ctcks = 135_000
[2026-09-14T11:46:46.131] Cog0  *VAL* legalVoltage = 6
[2026-09-14T11:46:46.132] Cog0  * ENTRY CFG selectedPower = 6
[2026-09-14T11:46:46.134] Cog0  * EXIT 2 CFG eUserSelectedVolts = 6 maxFwdIncreAtPwr = 147_000_000 minFwdIncreAtPwr = 544_628
[2026-09-14T11:46:46.136] Cog0  --- pinSum = 98, 64010 Rev B, highTimeUs = 72
[2026-09-14T11:46:46.136] Cog0  --- pinSum = 100, 64010 Rev B, highTimeUs = 74
[2026-09-14T11:46:46.136] Cog0  MOT: fwdDegrees = 43, offset_fwd = $1E93_E93E
[2026-09-14T11:46:46.136] Cog0       revDegrees = 317, offset_rev = $E16C_16C1
[2026-09-14T11:46:46.136] Cog0   - Calc FRAME: frame_cnt = 6_136
[2026-09-14T11:46:46.137] Cog0  * init values dead_gap = 70, pwm_limit = 3_033, adc_fram = 6_136, duty_min = 1_600, duty_max = 24_264
[2026-09-14T11:46:46.138] Cog0  *      values duty_up = 18, duty_dn = 4, cfg_ctcks = 135_000
[2026-09-14T11:46:46.138] Cog0  *VAL* legalVoltage = 6
[2026-09-14T11:46:46.138] Cog0  * ENTRY CFG selectedPower = 6
[2026-09-14T11:46:46.139] Cog0  * EXIT 2 CFG eUserSelectedVolts = 6 maxFwdIncreAtPwr = 147_000_000 minFwdIncreAtPwr = 544_628
[2026-09-14T11:46:46.141] Cog0  --- pinSum = 98, 64010 Rev B, highTimeUs = 72
[2026-09-14T11:46:46.142] Cog0  --- pinSum = 97, 64010 Rev B, highTimeUs = 71
[2026-09-14T11:46:46.142] Cog0  MOT: fwdDegrees = 43, offset_fwd = $1E93_E93E
[2026-09-14T11:46:46.142] Cog0       revDegrees = 317, offset_rev = $E16C_16C1
[2026-09-14T11:46:46.142] Cog0   - Calc FRAME: frame_cnt = 6_136
[2026-09-14T11:46:46.143] Cog0  * init values dead_gap = 70, pwm_limit = 3_033, adc_fram = 6_136, duty_min = 1_600, duty_max = 24_264
[2026-09-14T11:46:46.143] Cog0  *      values duty_up = 18, duty_dn = 4, cfg_ctcks = 135_000
[2026-09-14T11:46:46.144] Cog0  *VAL* legalVoltage = 6
[2026-09-14T11:46:46.144] Cog0  * ENTRY CFG selectedPower = 6
[2026-09-14T11:46:46.146] Cog0  * EXIT 2 CFG eUserSelectedVolts = 6 maxFwdIncreAtPwr = 147_000_000 minFwdIncreAtPwr = 544_628
[2026-09-14T11:46:46.147] Cog0  --- pinSum = 98, 64010 Rev B, highTimeUs = 72
[2026-09-14T11:46:46.148] Cog0  --- pinSum = 97, 64010 Rev B, highTimeUs = 71
[2026-09-14T11:46:46.148] Cog0  MOT: fwdDegrees = 43, offset_fwd = $1E93_E93E
[2026-09-14T11:46:46.148] Cog0       revDegrees = 317, offset_rev = $E16C_16C1
[2026-09-14T11:46:46.148] Cog0   - Calc FRAME: frame_cnt = 6_136
[2026-09-14T11:46:46.149] Cog0  * init values dead_gap = 70, pwm_limit = 3_033, adc_fram = 6_136, duty_min = 1_600, duty_max = 24_264
[2026-09-14T11:46:46.149] Cog0  *      values duty_up = 18, duty_dn = 4, cfg_ctcks = 135_000
[2026-09-14T11:46:46.149] Cog0  *VAL* legalVoltage = 6
[2026-09-14T11:46:46.150] Cog0  * ENTRY CFG selectedPower = 6
[2026-09-14T11:46:46.153] Cog0  * EXIT 2 CFG eUserSelectedVolts = 6 maxFwdIncreAtPwr = 147_000_000 minFwdIncreAtPwr = 544_628
[2026-09-14T11:46:46.153] Cog0  --- pinSum = 98, 64010 Rev B, highTimeUs = 72
[2026-09-14T11:46:46.154] Cog0  --- pinSum = 98, 64010 Rev B, highTimeUs = 72
[2026-09-14T11:46:46.154] Cog0  MOT: fwdDegrees = 43, offset_fwd = $1E93_E93E
[2026-09-14T11:46:46.154] Cog0       revDegrees = 317, offset_rev = $E16C_16C1
[2026-09-14T11:46:46.154] Cog0   - Calc FRAME: frame_cnt = 6_136
[2026-09-14T11:46:46.155] Cog0  * init values dead_gap = 70, pwm_limit = 3_033, adc_fram = 6_136, duty_min = 1_600, duty_max = 24_264
[2026-09-14T11:46:46.155] Cog0  *      values duty_up = 18, duty_dn = 4, cfg_ctcks = 135_000
[2026-09-14T11:46:46.155] Cog0  *VAL* legalVoltage = 6
[2026-09-14T11:46:46.156] Cog0  * ENTRY CFG selectedPower = 6
[2026-09-14T11:46:46.157] Cog0  * EXIT 2 CFG eUserSelectedVolts = 6 maxFwdIncreAtPwr = 147_000_000 minFwdIncreAtPwr = 544_628
[2026-09-14T11:46:46.159] Cog0  --- pinSum = 98, 64010 Rev B, highTimeUs = 72
[2026-09-14T11:46:46.159] Cog0  --- pinSum = 97, 64010 Rev B, highTimeUs = 71
[2026-09-14T11:46:46.160] Cog0  MOT: fwdDegrees = 43, offset_fwd = $1E93_E93E
[2026-09-14T11:46:46.160] Cog0       revDegrees = 317, offset_rev = $E16C_16C1
[2026-09-14T11:46:46.160] Cog0   - Calc FRAME: frame_cnt = 6_136
[2026-09-14T11:46:46.161] Cog0  * init values dead_gap = 70, pwm_limit = 3_033, adc_fram = 6_136, duty_min = 1_600, duty_max = 24_264
[2026-09-14T11:46:46.161] Cog0  *      values duty_up = 18, duty_dn = 4, cfg_ctcks = 135_000
[2026-09-14T11:46:46.161] Cog0  *VAL* legalVoltage = 6
[2026-09-14T11:46:46.161] Cog0  * ENTRY CFG selectedPower = 6
[2026-09-14T11:46:46.163] Cog0  * EXIT 2 CFG eUserSelectedVolts = 6 maxFwdIncreAtPwr = 147_000_000 minFwdIncreAtPwr = 544_628
[2026-09-14T11:46:46.165] Cog0  --- pinSum = 98, 64010 Rev B, highTimeUs = 72
[2026-09-14T11:46:46.165] Cog0  --- pinSum = 97, 64010 Rev B, highTimeUs = 71
[2026-09-14T11:46:46.165] Cog0  MOT: fwdDegrees = 43, offset_fwd = $1E93_E93E
[2026-09-14T11:46:46.166] Cog0       revDegrees = 317, offset_rev = $E16C_16C1
[2026-09-14T11:46:46.166] Cog0   - Calc FRAME: frame_cnt = 6_136
[2026-09-14T11:46:46.167] Cog0  * init values dead_gap = 70, pwm_limit = 3_033, adc_fram = 6_136, duty_min = 1_600, duty_max = 24_264
[2026-09-14T11:46:46.167] Cog0  *      values duty_up = 18, duty_dn = 4, cfg_ctcks = 135_000
[2026-09-14T11:46:46.167] Cog0  *VAL* legalVoltage = 6
[2026-09-14T11:46:46.167] Cog0  * ENTRY CFG selectedPower = 6
[2026-09-14T11:46:46.171] Cog0  * EXIT 2 CFG eUserSelectedVolts = 6 maxFwdIncreAtPwr = 147_000_000 minFwdIncreAtPwr = 544_628
[2026-09-14T11:46:46.171] Cog0  --- pinSum = 98, 64010 Rev B, highTimeUs = 72
[2026-09-14T11:46:46.172] Cog0  --- pinSum = 98, 64010 Rev B, highTimeUs = 72
[2026-09-14T11:46:46.172] Cog0  MOT: fwdDegrees = 43, offset_fwd = $1E93_E93E
[2026-09-14T11:46:46.172] Cog0       revDegrees = 317, offset_rev = $E16C_16C1
[2026-09-14T11:46:46.172] Cog0   - Calc FRAME: frame_cnt = 6_136
[2026-09-14T11:46:46.172] Cog0  * init values dead_gap = 70, pwm_limit = 3_033, adc_fram = 6_136, duty_min = 1_600, duty_max = 24_264
[2026-09-14T11:46:46.173] Cog0  *      values duty_up = 18, duty_dn = 4, cfg_ctcks = 135_000
[2026-09-14T11:46:46.173] Cog0  *VAL* legalVoltage = 6
[2026-09-14T11:46:46.173] Cog0  * ENTRY CFG selectedPower = 6
[2026-09-14T11:46:46.175] Cog0  * EXIT 2 CFG eUserSelectedVolts = 6 maxFwdIncreAtPwr = 147_000_000 minFwdIncreAtPwr = 544_628
[2026-09-14T11:46:46.177] Cog0  --- pinSum = 98, 64010 Rev B, highTimeUs = 72
[2026-09-14T11:46:46.177] Cog0  --- pinSum = 98, 64010 Rev B, highTimeUs = 72
[2026-09-14T11:46:46.178] Cog0  MOT: fwdDegrees = 43, offset_fwd = $1E93_E93E
[2026-09-14T11:46:46.178] Cog0       revDegrees = 317, offset_rev = $E16C_16C1
[2026-09-14T11:46:46.178] Cog0   - Calc FRAME: frame_cnt = 6_136
[2026-09-14T11:46:46.179] Cog0  * init values dead_gap = 70, pwm_limit = 3_033, adc_fram = 6_136, duty_min = 1_600, duty_max = 24_264
[2026-09-14T11:46:46.179] Cog0  *      values duty_up = 18, duty_dn = 4, cfg_ctcks = 135_000
[2026-09-14T11:46:46.179] Cog0  *VAL* legalVoltage = 6
[2026-09-14T11:46:46.179] Cog0  * ENTRY CFG selectedPower = 6
[2026-09-14T11:46:46.181] Cog0  * EXIT 2 CFG eUserSelectedVolts = 6 maxFwdIncreAtPwr = 147_000_000 minFwdIncreAtPwr = 544_628
[2026-09-14T11:46:46.183] Cog0  --- pinSum = 98, 64010 Rev B, highTimeUs = 72
[2026-09-14T11:46:46.183] Cog0  --- pinSum = 98, 64010 Rev B, highTimeUs = 72
[2026-09-14T11:46:46.183] Cog0  MOT: fwdDegrees = 43, offset_fwd = $1E93_E93E
[2026-09-14T11:46:46.184] Cog0       revDegrees = 317, offset_rev = $E16C_16C1
[2026-09-14T11:46:46.184] Cog0   - Calc FRAME: frame_cnt = 6_136
[2026-09-14T11:46:46.185] Cog0  * init values dead_gap = 70, pwm_limit = 3_033, adc_fram = 6_136, duty_min = 1_600, duty_max = 24_264
[2026-09-14T11:46:46.185] Cog0  *      values duty_up = 18, duty_dn = 4, cfg_ctcks = 135_000
[2026-09-14T11:46:46.185] Cog0  *VAL* legalVoltage = 6
[2026-09-14T11:46:46.185] Cog0  * ENTRY CFG selectedPower = 6
[2026-09-14T11:46:46.186] Cog0  * EXIT 2 CFG eUserSelectedVolts = 6 maxFwdIncreAtPwr = 147_000_000 minFwdIncreAtPwr = 544_628
[2026-09-14T11:46:46.189] Cog0  --- pinSum = 98, 64010 Rev B, highTimeUs = 72
[2026-09-14T11:46:46.189] Cog0  --- pinSum = 98, 64010 Rev B, highTimeUs = 72
[2026-09-14T11:46:46.189] Cog0  MOT: fwdDegrees = 43, offset_fwd = $1E93_E93E
[2026-09-14T11:46:46.190] Cog0       revDegrees = 317, offset_rev = $E16C_16C1
[2026-09-14T11:46:46.190] Cog0   - Calc FRAME: frame_cnt = 6_136
[2026-09-14T11:46:46.190] Cog0  * init values dead_gap = 70, pwm_limit = 3_033, adc_fram = 6_136, duty_min = 1_600, duty_max = 24_264
[2026-09-14T11:46:46.191] Cog0  *      values duty_up = 18, duty_dn = 4, cfg_ctcks = 135_000
[2026-09-14T11:46:46.191] Cog0  *VAL* legalVoltage = 6
[2026-09-14T11:46:46.191] Cog0  * ENTRY CFG selectedPower = 6
[2026-09-14T11:46:46.193] Cog0  * EXIT 2 CFG eUserSelectedVolts = 6 maxFwdIncreAtPwr = 147_000_000 minFwdIncreAtPwr = 544_628
[2026-09-14T11:46:46.195] Cog0  --- pinSum = 101, 64010 Rev B, highTimeUs = 74
[2026-09-14T11:46:46.195] Cog0  --- pinSum = 98, 64010 Rev B, highTimeUs = 72
[2026-09-14T11:46:46.195] Cog0  MOT: fwdDegrees = 43, offset_fwd = $1E93_E93E
[2026-09-14T11:46:46.196] Cog0       revDegrees = 317, offset_rev = $E16C_16C1
[2026-09-14T11:46:46.196] Cog0   - Calc FRAME: frame_cnt = 6_136
[2026-09-14T11:46:46.196] Cog0  * init values dead_gap = 70, pwm_limit = 3_033, adc_fram = 6_136, duty_min = 1_600, duty_max = 24_264
[2026-09-14T11:46:46.197] Cog0  *      values duty_up = 18, duty_dn = 4, cfg_ctcks = 135_000
[2026-09-14T11:46:46.197] Cog0  *VAL* legalVoltage = 6
[2026-09-14T11:46:46.198] Cog0  * ENTRY CFG selectedPower = 6
[2026-09-14T11:46:46.199] Cog0  * EXIT 2 CFG eUserSelectedVolts = 6 maxFwdIncreAtPwr = 147_000_000 minFwdIncreAtPwr = 544_628
[2026-09-14T11:46:46.200] Cog0  --- pinSum = 97, 64010 Rev B, highTimeUs = 71
[2026-09-14T11:46:46.200] Cog0  T0-14a,base,16,not_revb_count,0,aborted,FALSE
[2026-09-14T11:46:46.202] Cog0  SIGNOFF,sf,1,bin,T0,cell,R2-T0-REPEAT,task,3500,motor,RIGHT,crit,READS_NOT_REVB,measured,0,lo,0,hi,0,units,COUNT,n,32,verdict,PASS
[2026-09-14T11:46:46.202] Cog0  --- pinSum = 98, 64010 Rev B, highTimeUs = 72
[2026-09-14T11:46:46.202] Cog0  MOT: fwdDegrees = 43, offset_fwd = $1E93_E93E
[2026-09-14T11:46:46.202] Cog0       revDegrees = 317, offset_rev = $E16C_16C1
[2026-09-14T11:46:46.203] Cog0   - Calc FRAME: frame_cnt = 6_136
[2026-09-14T11:46:46.204] Cog0  * init values dead_gap = 70, pwm_limit = 3_033, adc_fram = 6_136, duty_min = 1_600, duty_max = 24_264
[2026-09-14T11:46:46.204] Cog0  *      values duty_up = 18, duty_dn = 4, cfg_ctcks = 135_000
[2026-09-14T11:46:46.204] Cog0  *VAL* legalVoltage = 6
[2026-09-14T11:46:46.204] Cog0  * ENTRY CFG selectedPower = 6
[2026-09-14T11:46:46.208] Cog0  * EXIT 2 CFG eUserSelectedVolts = 6 maxFwdIncreAtPwr = 147_000_000 minFwdIncreAtPwr = 544_628
[2026-09-14T11:46:46.208] Cog0  --- pinSum = 98, 64010 Rev B, highTimeUs = 72
[2026-09-14T11:46:46.208] Cog0  --- pinSum = 99, 64010 Rev B, highTimeUs = 73
[2026-09-14T11:46:46.208] Cog0  MOT: fwdDegrees = 43, offset_fwd = $1E93_E93E
[2026-09-14T11:46:46.209] Cog0       revDegrees = 317, offset_rev = $E16C_16C1
[2026-09-14T11:46:46.209] Cog0   - Calc FRAME: frame_cnt = 6_136
[2026-09-14T11:46:46.209] Cog0  * init values dead_gap = 70, pwm_limit = 3_033, adc_fram = 6_136, duty_min = 1_600, duty_max = 24_264
[2026-09-14T11:46:46.210] Cog0  *      values duty_up = 18, duty_dn = 4, cfg_ctcks = 135_000
[2026-09-14T11:46:46.210] Cog0  *VAL* legalVoltage = 6
[2026-09-14T11:46:46.210] Cog0  * ENTRY CFG selectedPower = 6
[2026-09-14T11:46:46.212] Cog0  * EXIT 2 CFG eUserSelectedVolts = 6 maxFwdIncreAtPwr = 147_000_000 minFwdIncreAtPwr = 544_628
[2026-09-14T11:46:46.214] Cog0  --- pinSum = 99, 64010 Rev B, highTimeUs = 73
[2026-09-14T11:46:46.214] Cog0  --- pinSum = 100, 64010 Rev B, highTimeUs = 74
[2026-09-14T11:46:46.214] Cog0  MOT: fwdDegrees = 43, offset_fwd = $1E93_E93E
[2026-09-14T11:46:46.215] Cog0       revDegrees = 317, offset_rev = $E16C_16C1
[2026-09-14T11:46:46.215] Cog0   - Calc FRAME: frame_cnt = 6_136
[2026-09-14T11:46:46.215] Cog0  * init values dead_gap = 70, pwm_limit = 3_033, adc_fram = 6_136, duty_min = 1_600, duty_max = 24_264
[2026-09-14T11:46:46.215] Cog0  *      values duty_up = 18, duty_dn = 4, cfg_ctcks = 135_000
[2026-09-14T11:46:46.216] Cog0  *VAL* legalVoltage = 6
[2026-09-14T11:46:46.216] Cog0  * ENTRY CFG selectedPower = 6
[2026-09-14T11:46:46.218] Cog0  * EXIT 2 CFG eUserSelectedVolts = 6 maxFwdIncreAtPwr = 147_000_000 minFwdIncreAtPwr = 544_628
[2026-09-14T11:46:46.220] Cog0  --- pinSum = 101, 64010 Rev B, highTimeUs = 74
[2026-09-14T11:46:46.220] Cog0  --- pinSum = 98, 64010 Rev B, highTimeUs = 72
[2026-09-14T11:46:46.220] Cog0  MOT: fwdDegrees = 43, offset_fwd = $1E93_E93E
[2026-09-14T11:46:46.220] Cog0       revDegrees = 317, offset_rev = $E16C_16C1
[2026-09-14T11:46:46.221] Cog0   - Calc FRAME: frame_cnt = 6_136
[2026-09-14T11:46:46.221] Cog0  * init values dead_gap = 70, pwm_limit = 3_033, adc_fram = 6_136, duty_min = 1_600, duty_max = 24_264
[2026-09-14T11:46:46.222] Cog0  *      values duty_up = 18, duty_dn = 4, cfg_ctcks = 135_000
[2026-09-14T11:46:46.222] Cog0  *VAL* legalVoltage = 6
[2026-09-14T11:46:46.222] Cog0  * ENTRY CFG selectedPower = 6
[2026-09-14T11:46:46.222] Cog0  * EXIT 2 CFG eUserSelectedVolts = 6 maxFwdIncreAtPwr = 147_000_000 minFwdIncreAtPwr = 544_628
[2026-09-14T11:46:46.225] Cog0  --- pinSum = 98, 64010 Rev B, highTimeUs = 72
[2026-09-14T11:46:46.226] Cog0  --- pinSum = 99, 64010 Rev B, highTimeUs = 73
[2026-09-14T11:46:46.226] Cog0  MOT: fwdDegrees = 43, offset_fwd = $1E93_E93E
[2026-09-14T11:46:46.227] Cog0       revDegrees = 317, offset_rev = $E16C_16C1
[2026-09-14T11:46:46.227] Cog0   - Calc FRAME: frame_cnt = 6_136
[2026-09-14T11:46:46.227] Cog0  * init values dead_gap = 70, pwm_limit = 3_033, adc_fram = 6_136, duty_min = 1_600, duty_max = 24_264
[2026-09-14T11:46:46.227] Cog0  *      values duty_up = 18, duty_dn = 4, cfg_ctcks = 135_000
[2026-09-14T11:46:46.228] Cog0  *VAL* legalVoltage = 6
[2026-09-14T11:46:46.228] Cog0  * ENTRY CFG selectedPower = 6
[2026-09-14T11:46:46.230] Cog0  * EXIT 2 CFG eUserSelectedVolts = 6 maxFwdIncreAtPwr = 147_000_000 minFwdIncreAtPwr = 544_628
[2026-09-14T11:46:46.231] Cog0  --- pinSum = 99, 64010 Rev B, highTimeUs = 73
[2026-09-14T11:46:46.232] Cog0  --- pinSum = 102, 64010 Rev B, highTimeUs = 75
[2026-09-14T11:46:46.232] Cog0  MOT: fwdDegrees = 43, offset_fwd = $1E93_E93E
[2026-09-14T11:46:46.232] Cog0       revDegrees = 317, offset_rev = $E16C_16C1
[2026-09-14T11:46:46.232] Cog0   - Calc FRAME: frame_cnt = 6_136
[2026-09-14T11:46:46.233] Cog0  * init values dead_gap = 70, pwm_limit = 3_033, adc_fram = 6_136, duty_min = 1_600, duty_max = 24_264
[2026-09-14T11:46:46.233] Cog0  *      values duty_up = 18, duty_dn = 4, cfg_ctcks = 135_000
[2026-09-14T11:46:46.234] Cog0  *VAL* legalVoltage = 6
[2026-09-14T11:46:46.234] Cog0  * ENTRY CFG selectedPower = 6
[2026-09-14T11:46:46.236] Cog0  * EXIT 2 CFG eUserSelectedVolts = 6 maxFwdIncreAtPwr = 147_000_000 minFwdIncreAtPwr = 544_628
[2026-09-14T11:46:46.238] Cog0  --- pinSum = 100, 64010 Rev B, highTimeUs = 74
[2026-09-14T11:46:46.238] Cog0  --- pinSum = 97, 64010 Rev B, highTimeUs = 71
[2026-09-14T11:46:46.238] Cog0  MOT: fwdDegrees = 43, offset_fwd = $1E93_E93E
[2026-09-14T11:46:46.238] Cog0       revDegrees = 317, offset_rev = $E16C_16C1
[2026-09-14T11:46:46.239] Cog0   - Calc FRAME: frame_cnt = 6_136
[2026-09-14T11:46:46.239] Cog0  * init values dead_gap = 70, pwm_limit = 3_033, adc_fram = 6_136, duty_min = 1_600, duty_max = 24_264
[2026-09-14T11:46:46.240] Cog0  *      values duty_up = 18, duty_dn = 4, cfg_ctcks = 135_000
[2026-09-14T11:46:46.240] Cog0  *VAL* legalVoltage = 6
[2026-09-14T11:46:46.240] Cog0  * ENTRY CFG selectedPower = 6
[2026-09-14T11:46:46.242] Cog0  * EXIT 2 CFG eUserSelectedVolts = 6 maxFwdIncreAtPwr = 147_000_000 minFwdIncreAtPwr = 544_628
[2026-09-14T11:46:46.243] Cog0  --- pinSum = 97, 64010 Rev B, highTimeUs = 71
[2026-09-14T11:46:46.244] Cog0  --- pinSum = 99, 64010 Rev B, highTimeUs = 73
[2026-09-14T11:46:46.244] Cog0  MOT: fwdDegrees = 43, offset_fwd = $1E93_E93E
[2026-09-14T11:46:46.244] Cog0       revDegrees = 317, offset_rev = $E16C_16C1
[2026-09-14T11:46:46.245] Cog0   - Calc FRAME: frame_cnt = 6_136
[2026-09-14T11:46:46.245] Cog0  * init values dead_gap = 70, pwm_limit = 3_033, adc_fram = 6_136, duty_min = 1_600, duty_max = 24_264
[2026-09-14T11:46:46.245] Cog0  *      values duty_up = 18, duty_dn = 4, cfg_ctcks = 135_000
[2026-09-14T11:46:46.246] Cog0  *VAL* legalVoltage = 6
[2026-09-14T11:46:46.246] Cog0  * ENTRY CFG selectedPower = 6
[2026-09-14T11:46:46.248] Cog0  * EXIT 2 CFG eUserSelectedVolts = 6 maxFwdIncreAtPwr = 147_000_000 minFwdIncreAtPwr = 544_628
[2026-09-14T11:46:46.249] Cog0  --- pinSum = 99, 64010 Rev B, highTimeUs = 73
[2026-09-14T11:46:46.250] Cog0  --- pinSum = 101, 64010 Rev B, highTimeUs = 74
[2026-09-14T11:46:46.250] Cog0  MOT: fwdDegrees = 43, offset_fwd = $1E93_E93E
[2026-09-14T11:46:46.250] Cog0       revDegrees = 317, offset_rev = $E16C_16C1
[2026-09-14T11:46:46.250] Cog0   - Calc FRAME: frame_cnt = 6_136
[2026-09-14T11:46:46.251] Cog0  * init values dead_gap = 70, pwm_limit = 3_033, adc_fram = 6_136, duty_min = 1_600, duty_max = 24_264
[2026-09-14T11:46:46.251] Cog0  *      values duty_up = 18, duty_dn = 4, cfg_ctcks = 135_000
[2026-09-14T11:46:46.252] Cog0  *VAL* legalVoltage = 6
[2026-09-14T11:46:46.252] Cog0  * ENTRY CFG selectedPower = 6
[2026-09-14T11:46:46.254] Cog0  * EXIT 2 CFG eUserSelectedVolts = 6 maxFwdIncreAtPwr = 147_000_000 minFwdIncreAtPwr = 544_628
[2026-09-14T11:46:46.255] Cog0  --- pinSum = 98, 64010 Rev B, highTimeUs = 72
[2026-09-14T11:46:46.255] Cog0  --- pinSum = 98, 64010 Rev B, highTimeUs = 72
[2026-09-14T11:46:46.256] Cog0  MOT: fwdDegrees = 43, offset_fwd = $1E93_E93E
[2026-09-14T11:46:46.256] Cog0       revDegrees = 317, offset_rev = $E16C_16C1
[2026-09-14T11:46:46.257] Cog0   - Calc FRAME: frame_cnt = 6_136
[2026-09-14T11:46:46.257] Cog0  * init values dead_gap = 70, pwm_limit = 3_033, adc_fram = 6_136, duty_min = 1_600, duty_max = 24_264
[2026-09-14T11:46:46.257] Cog0  *      values duty_up = 18, duty_dn = 4, cfg_ctcks = 135_000
[2026-09-14T11:46:46.257] Cog0  *VAL* legalVoltage = 6
[2026-09-14T11:46:46.258] Cog0  * ENTRY CFG selectedPower = 6
[2026-09-14T11:46:46.259] Cog0  * EXIT 2 CFG eUserSelectedVolts = 6 maxFwdIncreAtPwr = 147_000_000 minFwdIncreAtPwr = 544_628
[2026-09-14T11:46:46.261] Cog0  --- pinSum = 98, 64010 Rev B, highTimeUs = 72
[2026-09-14T11:46:46.261] Cog0  --- pinSum = 99, 64010 Rev B, highTimeUs = 73
[2026-09-14T11:46:46.262] Cog0  MOT: fwdDegrees = 43, offset_fwd = $1E93_E93E
[2026-09-14T11:46:46.262] Cog0       revDegrees = 317, offset_rev = $E16C_16C1
[2026-09-14T11:46:46.262] Cog0   - Calc FRAME: frame_cnt = 6_136
[2026-09-14T11:46:46.263] Cog0  * init values dead_gap = 70, pwm_limit = 3_033, adc_fram = 6_136, duty_min = 1_600, duty_max = 24_264
[2026-09-14T11:46:46.263] Cog0  *      values duty_up = 18, duty_dn = 4, cfg_ctcks = 135_000
[2026-09-14T11:46:46.263] Cog0  *VAL* legalVoltage = 6
[2026-09-14T11:46:46.263] Cog0  * ENTRY CFG selectedPower = 6
[2026-09-14T11:46:46.266] Cog0  * EXIT 2 CFG eUserSelectedVolts = 6 maxFwdIncreAtPwr = 147_000_000 minFwdIncreAtPwr = 544_628
[2026-09-14T11:46:46.267] Cog0  --- pinSum = 99, 64010 Rev B, highTimeUs = 73
[2026-09-14T11:46:46.268] Cog0  --- pinSum = 99, 64010 Rev B, highTimeUs = 73
[2026-09-14T11:46:46.268] Cog0  MOT: fwdDegrees = 43, offset_fwd = $1E93_E93E
[2026-09-14T11:46:46.268] Cog0       revDegrees = 317, offset_rev = $E16C_16C1
[2026-09-14T11:46:46.268] Cog0   - Calc FRAME: frame_cnt = 6_136
[2026-09-14T11:46:46.269] Cog0  * init values dead_gap = 70, pwm_limit = 3_033, adc_fram = 6_136, duty_min = 1_600, duty_max = 24_264
[2026-09-14T11:46:46.269] Cog0  *      values duty_up = 18, duty_dn = 4, cfg_ctcks = 135_000
[2026-09-14T11:46:46.269] Cog0  *VAL* legalVoltage = 6
[2026-09-14T11:46:46.270] Cog0  * ENTRY CFG selectedPower = 6
[2026-09-14T11:46:46.272] Cog0  * EXIT 2 CFG eUserSelectedVolts = 6 maxFwdIncreAtPwr = 147_000_000 minFwdIncreAtPwr = 544_628
[2026-09-14T11:46:46.273] Cog0  --- pinSum = 99, 64010 Rev B, highTimeUs = 73
[2026-09-14T11:46:46.273] Cog0  --- pinSum = 98, 64010 Rev B, highTimeUs = 72
[2026-09-14T11:46:46.274] Cog0  MOT: fwdDegrees = 43, offset_fwd = $1E93_E93E
[2026-09-14T11:46:46.274] Cog0       revDegrees = 317, offset_rev = $E16C_16C1
[2026-09-14T11:46:46.274] Cog0   - Calc FRAME: frame_cnt = 6_136
[2026-09-14T11:46:46.275] Cog0  * init values dead_gap = 70, pwm_limit = 3_033, adc_fram = 6_136, duty_min = 1_600, duty_max = 24_264
[2026-09-14T11:46:46.275] Cog0  *      values duty_up = 18, duty_dn = 4, cfg_ctcks = 135_000
[2026-09-14T11:46:46.275] Cog0  *VAL* legalVoltage = 6
[2026-09-14T11:46:46.276] Cog0  * ENTRY CFG selectedPower = 6
[2026-09-14T11:46:46.277] Cog0  * EXIT 2 CFG eUserSelectedVolts = 6 maxFwdIncreAtPwr = 147_000_000 minFwdIncreAtPwr = 544_628
[2026-09-14T11:46:46.279] Cog0  --- pinSum = 98, 64010 Rev B, highTimeUs = 72
[2026-09-14T11:46:46.279] Cog0  --- pinSum = 97, 64010 Rev B, highTimeUs = 71
[2026-09-14T11:46:46.280] Cog0  MOT: fwdDegrees = 43, offset_fwd = $1E93_E93E
[2026-09-14T11:46:46.280] Cog0       revDegrees = 317, offset_rev = $E16C_16C1
[2026-09-14T11:46:46.280] Cog0   - Calc FRAME: frame_cnt = 6_136
[2026-09-14T11:46:46.281] Cog0  * init values dead_gap = 70, pwm_limit = 3_033, adc_fram = 6_136, duty_min = 1_600, duty_max = 24_264
[2026-09-14T11:46:46.281] Cog0  *      values duty_up = 18, duty_dn = 4, cfg_ctcks = 135_000
[2026-09-14T11:46:46.281] Cog0  *VAL* legalVoltage = 6
[2026-09-14T11:46:46.281] Cog0  * ENTRY CFG selectedPower = 6
[2026-09-14T11:46:46.283] Cog0  * EXIT 2 CFG eUserSelectedVolts = 6 maxFwdIncreAtPwr = 147_000_000 minFwdIncreAtPwr = 544_628
[2026-09-14T11:46:46.285] Cog0  --- pinSum = 98, 64010 Rev B, highTimeUs = 72
[2026-09-14T11:46:46.285] Cog0  --- pinSum = 99, 64010 Rev B, highTimeUs = 73
[2026-09-14T11:46:46.286] Cog0  MOT: fwdDegrees = 43, offset_fwd = $1E93_E93E
[2026-09-14T11:46:46.286] Cog0       revDegrees = 317, offset_rev = $E16C_16C1
[2026-09-14T11:46:46.286] Cog0   - Calc FRAME: frame_cnt = 6_136
[2026-09-14T11:46:46.287] Cog0  * init values dead_gap = 70, pwm_limit = 3_033, adc_fram = 6_136, duty_min = 1_600, duty_max = 24_264
[2026-09-14T11:46:46.287] Cog0  *      values duty_up = 18, duty_dn = 4, cfg_ctcks = 135_000
[2026-09-14T11:46:46.287] Cog0  *VAL* legalVoltage = 6
[2026-09-14T11:46:46.287] Cog0  * ENTRY CFG selectedPower = 6
[2026-09-14T11:46:46.289] Cog0  * EXIT 2 CFG eUserSelectedVolts = 6 maxFwdIncreAtPwr = 147_000_000 minFwdIncreAtPwr = 544_628
[2026-09-14T11:46:46.289] Cog0  --- pinSum = 99, 64010 Rev B, highTimeUs = 73
[2026-09-14T11:46:46.291] Cog0  --- pinSum = 100, 64010 Rev B, highTimeUs = 74
[2026-09-14T11:46:46.291] Cog0  MOT: fwdDegrees = 43, offset_fwd = $1E93_E93E
[2026-09-14T11:46:46.292] Cog0       revDegrees = 317, offset_rev = $E16C_16C1
[2026-09-14T11:46:46.292] Cog0   - Calc FRAME: frame_cnt = 6_136
[2026-09-14T11:46:46.292] Cog0  * init values dead_gap = 70, pwm_limit = 3_033, adc_fram = 6_136, duty_min = 1_600, duty_max = 24_264
[2026-09-14T11:46:46.293] Cog0  *      values duty_up = 18, duty_dn = 4, cfg_ctcks = 135_000
[2026-09-14T11:46:46.293] Cog0  *VAL* legalVoltage = 6
[2026-09-14T11:46:46.293] Cog0  * ENTRY CFG selectedPower = 6
[2026-09-14T11:46:46.295] Cog0  * EXIT 2 CFG eUserSelectedVolts = 6 maxFwdIncreAtPwr = 147_000_000 minFwdIncreAtPwr = 544_628
[2026-09-14T11:46:46.297] Cog0  --- pinSum = 98, 64010 Rev B, highTimeUs = 72
[2026-09-14T11:46:46.297] Cog0  --- pinSum = 97, 64010 Rev B, highTimeUs = 71
[2026-09-14T11:46:46.298] Cog0  MOT: fwdDegrees = 43, offset_fwd = $1E93_E93E
[2026-09-14T11:46:46.298] Cog0       revDegrees = 317, offset_rev = $E16C_16C1
[2026-09-14T11:46:46.298] Cog0   - Calc FRAME: frame_cnt = 6_136
[2026-09-14T11:46:46.298] Cog0  * init values dead_gap = 70, pwm_limit = 3_033, adc_fram = 6_136, duty_min = 1_600, duty_max = 24_264
[2026-09-14T11:46:46.299] Cog0  *      values duty_up = 18, duty_dn = 4, cfg_ctcks = 135_000
[2026-09-14T11:46:46.299] Cog0  *VAL* legalVoltage = 6
[2026-09-14T11:46:46.299] Cog0  * ENTRY CFG selectedPower = 6
[2026-09-14T11:46:46.301] Cog0  * EXIT 2 CFG eUserSelectedVolts = 6 maxFwdIncreAtPwr = 147_000_000 minFwdIncreAtPwr = 544_628
[2026-09-14T11:46:46.303] Cog0  --- pinSum = 97, 64010 Rev B, highTimeUs = 71
[2026-09-14T11:46:46.303] Cog0  --- pinSum = 99, 64010 Rev B, highTimeUs = 73
[2026-09-14T11:46:46.304] Cog0  MOT: fwdDegrees = 43, offset_fwd = $1E93_E93E
[2026-09-14T11:46:46.304] Cog0       revDegrees = 317, offset_rev = $E16C_16C1
[2026-09-14T11:46:46.304] Cog0   - Calc FRAME: frame_cnt = 6_136
[2026-09-14T11:46:46.305] Cog0  * init values dead_gap = 70, pwm_limit = 3_033, adc_fram = 6_136, duty_min = 1_600, duty_max = 24_264
[2026-09-14T11:46:46.305] Cog0  *      values duty_up = 18, duty_dn = 4, cfg_ctcks = 135_000
[2026-09-14T11:46:46.305] Cog0  *VAL* legalVoltage = 6
[2026-09-14T11:46:46.305] Cog0  * ENTRY CFG selectedPower = 6
[2026-09-14T11:46:46.309] Cog0  * EXIT 2 CFG eUserSelectedVolts = 6 maxFwdIncreAtPwr = 147_000_000 minFwdIncreAtPwr = 544_628
[2026-09-14T11:46:46.309] Cog0  --- pinSum = 99, 64010 Rev B, highTimeUs = 73
[2026-09-14T11:46:46.309] Cog0  --- pinSum = 101, 64010 Rev B, highTimeUs = 74
[2026-09-14T11:46:46.309] Cog0  MOT: fwdDegrees = 43, offset_fwd = $1E93_E93E
[2026-09-14T11:46:46.310] Cog0       revDegrees = 317, offset_rev = $E16C_16C1
[2026-09-14T11:46:46.310] Cog0   - Calc FRAME: frame_cnt = 6_136
[2026-09-14T11:46:46.310] Cog0  * init values dead_gap = 70, pwm_limit = 3_033, adc_fram = 6_136, duty_min = 1_600, duty_max = 24_264
[2026-09-14T11:46:46.311] Cog0  *      values duty_up = 18, duty_dn = 4, cfg_ctcks = 135_000
[2026-09-14T11:46:46.311] Cog0  *VAL* legalVoltage = 6
[2026-09-14T11:46:46.311] Cog0  * ENTRY CFG selectedPower = 6
[2026-09-14T11:46:46.313] Cog0  * EXIT 2 CFG eUserSelectedVolts = 6 maxFwdIncreAtPwr = 147_000_000 minFwdIncreAtPwr = 544_628
[2026-09-14T11:46:46.315] Cog0  --- pinSum = 98, 64010 Rev B, highTimeUs = 72
[2026-09-14T11:46:46.315] Cog0  --- pinSum = 98, 64010 Rev B, highTimeUs = 72
[2026-09-14T11:46:46.315] Cog0  MOT: fwdDegrees = 43, offset_fwd = $1E93_E93E
[2026-09-14T11:46:46.316] Cog0       revDegrees = 317, offset_rev = $E16C_16C1
[2026-09-14T11:46:46.316] Cog0   - Calc FRAME: frame_cnt = 6_136
[2026-09-14T11:46:46.316] Cog0  * init values dead_gap = 70, pwm_limit = 3_033, adc_fram = 6_136, duty_min = 1_600, duty_max = 24_264
[2026-09-14T11:46:46.317] Cog0  *      values duty_up = 18, duty_dn = 4, cfg_ctcks = 135_000
[2026-09-14T11:46:46.317] Cog0  *VAL* legalVoltage = 6
[2026-09-14T11:46:46.317] Cog0  * ENTRY CFG selectedPower = 6
[2026-09-14T11:46:46.319] Cog0  * EXIT 2 CFG eUserSelectedVolts = 6 maxFwdIncreAtPwr = 147_000_000 minFwdIncreAtPwr = 544_628
[2026-09-14T11:46:46.321] Cog0  --- pinSum = 98, 64010 Rev B, highTimeUs = 72
[2026-09-14T11:46:46.321] Cog0  --- pinSum = 99, 64010 Rev B, highTimeUs = 73
[2026-09-14T11:46:46.321] Cog0  MOT: fwdDegrees = 43, offset_fwd = $1E93_E93E
[2026-09-14T11:46:46.322] Cog0       revDegrees = 317, offset_rev = $E16C_16C1
[2026-09-14T11:46:46.322] Cog0   - Calc FRAME: frame_cnt = 6_136
[2026-09-14T11:46:46.322] Cog0  * init values dead_gap = 70, pwm_limit = 3_033, adc_fram = 6_136, duty_min = 1_600, duty_max = 24_264
[2026-09-14T11:46:46.323] Cog0  *      values duty_up = 18, duty_dn = 4, cfg_ctcks = 135_000
[2026-09-14T11:46:46.323] Cog0  *VAL* legalVoltage = 6
[2026-09-14T11:46:46.323] Cog0  * ENTRY CFG selectedPower = 6
[2026-09-14T11:46:46.327] Cog0  * EXIT 2 CFG eUserSelectedVolts = 6 maxFwdIncreAtPwr = 147_000_000 minFwdIncreAtPwr = 544_628
[2026-09-14T11:46:46.327] Cog0  --- pinSum = 99, 64010 Rev B, highTimeUs = 73
[2026-09-14T11:46:46.327] Cog0  --- pinSum = 100, 64010 Rev B, highTimeUs = 74
[2026-09-14T11:46:46.327] Cog0  MOT: fwdDegrees = 43, offset_fwd = $1E93_E93E
[2026-09-14T11:46:46.328] Cog0       revDegrees = 317, offset_rev = $E16C_16C1
[2026-09-14T11:46:46.328] Cog0   - Calc FRAME: frame_cnt = 6_136
[2026-09-14T11:46:46.328] Cog0  * init values dead_gap = 70, pwm_limit = 3_033, adc_fram = 6_136, duty_min = 1_600, duty_max = 24_264
[2026-09-14T11:46:46.329] Cog0  *      values duty_up = 18, duty_dn = 4, cfg_ctcks = 135_000
[2026-09-14T11:46:46.329] Cog0  *VAL* legalVoltage = 6
[2026-09-14T11:46:46.329] Cog0  * ENTRY CFG selectedPower = 6
[2026-09-14T11:46:46.331] Cog0  * EXIT 2 CFG eUserSelectedVolts = 6 maxFwdIncreAtPwr = 147_000_000 minFwdIncreAtPwr = 544_628
[2026-09-14T11:46:46.333] Cog0  --- pinSum = 101, 64010 Rev B, highTimeUs = 74
[2026-09-14T11:46:46.333] Cog0  --- pinSum = 98, 64010 Rev B, highTimeUs = 72
[2026-09-14T11:46:46.333] Cog0  MOT: fwdDegrees = 43, offset_fwd = $1E93_E93E
[2026-09-14T11:46:46.334] Cog0       revDegrees = 317, offset_rev = $E16C_16C1
[2026-09-14T11:46:46.334] Cog0   - Calc FRAME: frame_cnt = 6_136
[2026-09-14T11:46:46.334] Cog0  * init values dead_gap = 70, pwm_limit = 3_033, adc_fram = 6_136, duty_min = 1_600, duty_max = 24_264
[2026-09-14T11:46:46.335] Cog0  *      values duty_up = 18, duty_dn = 4, cfg_ctcks = 135_000
[2026-09-14T11:46:46.335] Cog0  *VAL* legalVoltage = 6
[2026-09-14T11:46:46.335] Cog0  * ENTRY CFG selectedPower = 6
[2026-09-14T11:46:46.337] Cog0  * EXIT 2 CFG eUserSelectedVolts = 6 maxFwdIncreAtPwr = 147_000_000 minFwdIncreAtPwr = 544_628
[2026-09-14T11:46:46.339] Cog0  --- pinSum = 98, 64010 Rev B, highTimeUs = 72
[2026-09-14T11:46:46.339] Cog0  --- pinSum = 99, 64010 Rev B, highTimeUs = 73
[2026-09-14T11:46:46.339] Cog0  MOT: fwdDegrees = 43, offset_fwd = $1E93_E93E
[2026-09-14T11:46:46.339] Cog0       revDegrees = 317, offset_rev = $E16C_16C1
[2026-09-14T11:46:46.340] Cog0   - Calc FRAME: frame_cnt = 6_136
[2026-09-14T11:46:46.340] Cog0  * init values dead_gap = 70, pwm_limit = 3_033, adc_fram = 6_136, duty_min = 1_600, duty_max = 24_264
[2026-09-14T11:46:46.341] Cog0  *      values duty_up = 18, duty_dn = 4, cfg_ctcks = 135_000
[2026-09-14T11:46:46.341] Cog0  *VAL* legalVoltage = 6
[2026-09-14T11:46:46.341] Cog0  * ENTRY CFG selectedPower = 6
[2026-09-14T11:46:46.344] Cog0  * EXIT 2 CFG eUserSelectedVolts = 6 maxFwdIncreAtPwr = 147_000_000 minFwdIncreAtPwr = 544_628
[2026-09-14T11:46:46.344] Cog0  --- pinSum = 99, 64010 Rev B, highTimeUs = 73
[2026-09-14T11:46:46.345] Cog0  --- pinSum = 99, 64010 Rev B, highTimeUs = 73
[2026-09-14T11:46:46.345] Cog0  MOT: fwdDegrees = 43, offset_fwd = $1E93_E93E
[2026-09-14T11:46:46.345] Cog0       revDegrees = 317, offset_rev = $E16C_16C1
[2026-09-14T11:46:46.346] Cog0   - Calc FRAME: frame_cnt = 6_136
[2026-09-14T11:46:46.346] Cog0  * init values dead_gap = 70, pwm_limit = 3_033, adc_fram = 6_136, duty_min = 1_600, duty_max = 24_264
[2026-09-14T11:46:46.346] Cog0  *      values duty_up = 18, duty_dn = 4, cfg_ctcks = 135_000
[2026-09-14T11:46:46.347] Cog0  *VAL* legalVoltage = 6
[2026-09-14T11:46:46.347] Cog0  * ENTRY CFG selectedPower = 6
[2026-09-14T11:46:46.349] Cog0  * EXIT 2 CFG eUserSelectedVolts = 6 maxFwdIncreAtPwr = 147_000_000 minFwdIncreAtPwr = 544_628
[2026-09-14T11:46:46.350] Cog0  --- pinSum = 99, 64010 Rev B, highTimeUs = 73
[2026-09-14T11:46:46.351] Cog0  --- pinSum = 98, 64010 Rev B, highTimeUs = 72
[2026-09-14T11:46:46.351] Cog0  MOT: fwdDegrees = 43, offset_fwd = $1E93_E93E
[2026-09-14T11:46:46.351] Cog0       revDegrees = 317, offset_rev = $E16C_16C1
[2026-09-14T11:46:46.352] Cog0   - Calc FRAME: frame_cnt = 6_136
[2026-09-14T11:46:46.352] Cog0  * init values dead_gap = 70, pwm_limit = 3_033, adc_fram = 6_136, duty_min = 1_600, duty_max = 24_264
[2026-09-14T11:46:46.352] Cog0  *      values duty_up = 18, duty_dn = 4, cfg_ctcks = 135_000
[2026-09-14T11:46:46.353] Cog0  *VAL* legalVoltage = 6
[2026-09-14T11:46:46.353] Cog0  * ENTRY CFG selectedPower = 6
[2026-09-14T11:46:46.355] Cog0  * EXIT 2 CFG eUserSelectedVolts = 6 maxFwdIncreAtPwr = 147_000_000 minFwdIncreAtPwr = 544_628
[2026-09-14T11:46:46.357] Cog0  --- pinSum = 98, 64010 Rev B, highTimeUs = 72
[2026-09-14T11:46:46.357] Cog0  --- pinSum = 98, 64010 Rev B, highTimeUs = 72
[2026-09-14T11:46:46.357] Cog0  MOT: fwdDegrees = 43, offset_fwd = $1E93_E93E
[2026-09-14T11:46:46.357] Cog0       revDegrees = 317, offset_rev = $E16C_16C1
[2026-09-14T11:46:46.358] Cog0   - Calc FRAME: frame_cnt = 6_136
[2026-09-14T11:46:46.358] Cog0  * init values dead_gap = 70, pwm_limit = 3_033, adc_fram = 6_136, duty_min = 1_600, duty_max = 24_264
[2026-09-14T11:46:46.359] Cog0  *      values duty_up = 18, duty_dn = 4, cfg_ctcks = 135_000
[2026-09-14T11:46:46.359] Cog0  *VAL* legalVoltage = 6
[2026-09-14T11:46:46.359] Cog0  * ENTRY CFG selectedPower = 6
[2026-09-14T11:46:46.361] Cog0  * EXIT 2 CFG eUserSelectedVolts = 6 maxFwdIncreAtPwr = 147_000_000 minFwdIncreAtPwr = 544_628
[2026-09-14T11:46:46.362] Cog0  --- pinSum = 98, 64010 Rev B, highTimeUs = 72
[2026-09-14T11:46:46.363] Cog0  --- pinSum = 99, 64010 Rev B, highTimeUs = 73
[2026-09-14T11:46:46.363] Cog0  MOT: fwdDegrees = 43, offset_fwd = $1E93_E93E
[2026-09-14T11:46:46.363] Cog0       revDegrees = 317, offset_rev = $E16C_16C1
[2026-09-14T11:46:46.364] Cog0   - Calc FRAME: frame_cnt = 6_136
[2026-09-14T11:46:46.364] Cog0  * init values dead_gap = 70, pwm_limit = 3_033, adc_fram = 6_136, duty_min = 1_600, duty_max = 24_264
[2026-09-14T11:46:46.364] Cog0  *      values duty_up = 18, duty_dn = 4, cfg_ctcks = 135_000
[2026-09-14T11:46:46.365] Cog0  *VAL* legalVoltage = 6
[2026-09-14T11:46:46.365] Cog0  * ENTRY CFG selectedPower = 6
[2026-09-14T11:46:46.367] Cog0  * EXIT 2 CFG eUserSelectedVolts = 6 maxFwdIncreAtPwr = 147_000_000 minFwdIncreAtPwr = 544_628
[2026-09-14T11:46:46.368] Cog0  --- pinSum = 99, 64010 Rev B, highTimeUs = 73
[2026-09-14T11:46:46.369] Cog0  --- pinSum = 101, 64010 Rev B, highTimeUs = 74
[2026-09-14T11:46:46.369] Cog0  MOT: fwdDegrees = 43, offset_fwd = $1E93_E93E
[2026-09-14T11:46:46.369] Cog0       revDegrees = 317, offset_rev = $E16C_16C1
[2026-09-14T11:46:46.369] Cog0   - Calc FRAME: frame_cnt = 6_136
[2026-09-14T11:46:46.370] Cog0  * init values dead_gap = 70, pwm_limit = 3_033, adc_fram = 6_136, duty_min = 1_600, duty_max = 24_264
[2026-09-14T11:46:46.370] Cog0  *      values duty_up = 18, duty_dn = 4, cfg_ctcks = 135_000
[2026-09-14T11:46:46.371] Cog0  *VAL* legalVoltage = 6
[2026-09-14T11:46:46.371] Cog0  * ENTRY CFG selectedPower = 6
[2026-09-14T11:46:46.373] Cog0  * EXIT 2 CFG eUserSelectedVolts = 6 maxFwdIncreAtPwr = 147_000_000 minFwdIncreAtPwr = 544_628
[2026-09-14T11:46:46.374] Cog0  --- pinSum = 98, 64010 Rev B, highTimeUs = 72
[2026-09-14T11:46:46.374] Cog0  --- pinSum = 98, 64010 Rev B, highTimeUs = 72
[2026-09-14T11:46:46.375] Cog0  MOT: fwdDegrees = 43, offset_fwd = $1E93_E93E
[2026-09-14T11:46:46.375] Cog0       revDegrees = 317, offset_rev = $E16C_16C1
[2026-09-14T11:46:46.376] Cog0   - Calc FRAME: frame_cnt = 6_136
[2026-09-14T11:46:46.376] Cog0  * init values dead_gap = 70, pwm_limit = 3_033, adc_fram = 6_136, duty_min = 1_600, duty_max = 24_264
[2026-09-14T11:46:46.376] Cog0  *      values duty_up = 18, duty_dn = 4, cfg_ctcks = 135_000
[2026-09-14T11:46:46.376] Cog0  *VAL* legalVoltage = 6
[2026-09-14T11:46:46.377] Cog0  * ENTRY CFG selectedPower = 6
[2026-09-14T11:46:46.378] Cog0  * EXIT 2 CFG eUserSelectedVolts = 6 maxFwdIncreAtPwr = 147_000_000 minFwdIncreAtPwr = 544_628
[2026-09-14T11:46:46.380] Cog0  --- pinSum = 98, 64010 Rev B, highTimeUs = 72
[2026-09-14T11:46:46.380] Cog0  --- pinSum = 99, 64010 Rev B, highTimeUs = 73
[2026-09-14T11:46:46.381] Cog0  MOT: fwdDegrees = 43, offset_fwd = $1E93_E93E
[2026-09-14T11:46:46.381] Cog0       revDegrees = 317, offset_rev = $E16C_16C1
[2026-09-14T11:46:46.381] Cog0   - Calc FRAME: frame_cnt = 6_136
[2026-09-14T11:46:46.382] Cog0  * init values dead_gap = 70, pwm_limit = 3_033, adc_fram = 6_136, duty_min = 1_600, duty_max = 24_264
[2026-09-14T11:46:46.382] Cog0  *      values duty_up = 18, duty_dn = 4, cfg_ctcks = 135_000
[2026-09-14T11:46:46.382] Cog0  *VAL* legalVoltage = 6
[2026-09-14T11:46:46.382] Cog0  * ENTRY CFG selectedPower = 6
[2026-09-14T11:46:46.385] Cog0  * EXIT 2 CFG eUserSelectedVolts = 6 maxFwdIncreAtPwr = 147_000_000 minFwdIncreAtPwr = 544_628
[2026-09-14T11:46:46.386] Cog0  --- pinSum = 99, 64010 Rev B, highTimeUs = 73
[2026-09-14T11:46:46.387] Cog0  --- pinSum = 99, 64010 Rev B, highTimeUs = 73
[2026-09-14T11:46:46.387] Cog0  MOT: fwdDegrees = 43, offset_fwd = $1E93_E93E
[2026-09-14T11:46:46.387] Cog0       revDegrees = 317, offset_rev = $E16C_16C1
[2026-09-14T11:46:46.387] Cog0   - Calc FRAME: frame_cnt = 6_136
[2026-09-14T11:46:46.388] Cog0  * init values dead_gap = 70, pwm_limit = 3_033, adc_fram = 6_136, duty_min = 1_600, duty_max = 24_264
[2026-09-14T11:46:46.388] Cog0  *      values duty_up = 18, duty_dn = 4, cfg_ctcks = 135_000
[2026-09-14T11:46:46.388] Cog0  *VAL* legalVoltage = 6
[2026-09-14T11:46:46.389] Cog0  * ENTRY CFG selectedPower = 6
[2026-09-14T11:46:46.391] Cog0  * EXIT 2 CFG eUserSelectedVolts = 6 maxFwdIncreAtPwr = 147_000_000 minFwdIncreAtPwr = 544_628
[2026-09-14T11:46:46.391] Cog0  --- pinSum = 102, 64010 Rev B, highTimeUs = 75
[2026-09-14T11:46:46.391] Cog0  T0-14a,base,32,not_revb_count,0,aborted,FALSE
[2026-09-14T11:46:46.393] Cog0  SIGNOFF,sf,1,bin,T0,cell,R2-T0-REPEAT,task,3500,motor,LEFT,crit,READS_NOT_REVB,measured,0,lo,0,hi,0,units,COUNT,n,32,verdict,PASS
[2026-09-14T11:46:46.393] Cog0  T0-14,begin,dirty
[2026-09-14T11:46:46.394] Cog0  --- pinSum = 98, 64010 Rev B, highTimeUs = 72
[2026-09-14T11:46:46.394] Cog0  MOT: fwdDegrees = 43, offset_fwd = $1E93_E93E
[2026-09-14T11:46:46.394] Cog0       revDegrees = 317, offset_rev = $E16C_16C1
[2026-09-14T11:46:46.394] Cog0   - Calc FRAME: frame_cnt = 6_136
[2026-09-14T11:46:46.395] Cog0  * init values dead_gap = 70, pwm_limit = 3_033, adc_fram = 6_136, duty_min = 1_600, duty_max = 24_264
[2026-09-14T11:46:46.395] Cog0  *      values duty_up = 18, duty_dn = 4, cfg_ctcks = 135_000
[2026-09-14T11:46:46.396] Cog0  *VAL* legalVoltage = 6
[2026-09-14T11:46:46.396] Cog0  * ENTRY CFG selectedPower = 6
[2026-09-14T11:46:46.398] Cog0  * EXIT 2 CFG eUserSelectedVolts = 6 maxFwdIncreAtPwr = 147_000_000 minFwdIncreAtPwr = 544_628
[2026-09-14T11:46:46.399] Cog0  --- pinSum = 98, 64010 Rev B, highTimeUs = 72
[2026-09-14T11:46:46.400] Cog0  T0-14b,base,16,dirty_read,22,aborted,FALSE
[2026-09-14T11:46:46.400] Cog0  --- pinSum = 98, 64010 Rev B, highTimeUs = 72
[2026-09-14T11:46:46.400] Cog0  MOT: fwdDegrees = 43, offset_fwd = $1E93_E93E
[2026-09-14T11:46:46.400] Cog0       revDegrees = 317, offset_rev = $E16C_16C1
[2026-09-14T11:46:46.401] Cog0   - Calc FRAME: frame_cnt = 6_136
[2026-09-14T11:46:46.401] Cog0  * init values dead_gap = 70, pwm_limit = 3_033, adc_fram = 6_136, duty_min = 1_600, duty_max = 24_264
[2026-09-14T11:46:46.402] Cog0  *      values duty_up = 18, duty_dn = 4, cfg_ctcks = 135_000
[2026-09-14T11:46:46.402] Cog0  *VAL* legalVoltage = 6
[2026-09-14T11:46:46.402] Cog0  * ENTRY CFG selectedPower = 6
[2026-09-14T11:46:46.402] Cog0  * EXIT 2 CFG eUserSelectedVolts = 6 maxFwdIncreAtPwr = 147_000_000 minFwdIncreAtPwr = 544_628
[2026-09-14T11:46:46.403] Cog0  -MOT- inincr = 0 nTgtIncr = $0000_0000 0 sync = 0
[2026-09-14T11:46:46.414] Cog0  * Motor COG #1
[2026-09-14T11:46:46.414] Cog1  INIT $0000_26E6 $0000_499F load
[2026-09-14T11:46:46.415] Cog0  --- pinSum = 98, 64010 Rev B, highTimeUs = 72
[2026-09-14T11:46:46.415] Cog0  MOT: fwdDegrees = 43, offset_fwd = $1E93_E93E
[2026-09-14T11:46:46.415] Cog0       revDegrees = 317, offset_rev = $E16C_16C1
[2026-09-14T11:46:46.415] Cog0   - Calc FRAME: frame_cnt = 6_136
[2026-09-14T11:46:46.416] Cog0  * init values dead_gap = 70, pwm_limit = 3_033, adc_fram = 6_136, duty_min = 1_600, duty_max = 24_264
[2026-09-14T11:46:46.416] Cog0  *      values duty_up = 18, duty_dn = 4, cfg_ctcks = 135_000
[2026-09-14T11:46:46.416] Cog0  *VAL* legalVoltage = 6
[2026-09-14T11:46:46.416] Cog0  * ENTRY CFG selectedPower = 6
[2026-09-14T11:46:46.417] Cog0  * EXIT 2 CFG eUserSelectedVolts = 6 maxFwdIncreAtPwr = 147_000_000 minFwdIncreAtPwr = 544_628
[2026-09-14T11:46:46.417] Cog0  -MOT- inincr = 0 nTgtIncr = $0000_0000 0 sync = 0
[2026-09-14T11:46:46.418] Cog0  * Motor COG #1
[2026-09-14T11:46:46.429] Cog1  INIT $0000_26E6 $0000_4CCF load
[2026-09-14T11:46:46.429] Cog0  --- pinSum = 98, 64010 Rev B, highTimeUs = 72
[2026-09-14T11:46:46.430] Cog0  MOT: fwdDegrees = 43, offset_fwd = $1E93_E93E
[2026-09-14T11:46:46.430] Cog0       revDegrees = 317, offset_rev = $E16C_16C1
[2026-09-14T11:46:46.430] Cog0   - Calc FRAME: frame_cnt = 6_136
[2026-09-14T11:46:46.431] Cog0  * init values dead_gap = 70, pwm_limit = 3_033, adc_fram = 6_136, duty_min = 1_600, duty_max = 24_264
[2026-09-14T11:46:46.431] Cog0  *      values duty_up = 18, duty_dn = 4, cfg_ctcks = 135_000
[2026-09-14T11:46:46.431] Cog0  *VAL* legalVoltage = 6
[2026-09-14T11:46:46.431] Cog0  * ENTRY CFG selectedPower = 6
[2026-09-14T11:46:46.433] Cog0  * EXIT 2 CFG eUserSelectedVolts = 6 maxFwdIncreAtPwr = 147_000_000 minFwdIncreAtPwr = 544_628
[2026-09-14T11:46:46.434] Cog0  --- pinSum = 98, 64010 Rev B, highTimeUs = 72
[2026-09-14T11:46:46.434] Cog0  T0-14b,base,16,poststart_read,22
[2026-09-14T11:46:46.436] Cog0  SIGNOFF,sf,1,bin,T0,cell,R2-T0-DIRTY,task,3500,motor,RIGHT,crit,POSTSTOP_REVB,measured,TRUE,lo,TRUE,hi,TRUE,units,BOOL,n,1,verdict,PASS
[2026-09-14T11:46:46.436] Cog0  --- pinSum = 99, 64010 Rev B, highTimeUs = 73
[2026-09-14T11:46:46.436] Cog0  MOT: fwdDegrees = 43, offset_fwd = $1E93_E93E
[2026-09-14T11:46:46.437] Cog0       revDegrees = 317, offset_rev = $E16C_16C1
[2026-09-14T11:46:46.437] Cog0   - Calc FRAME: frame_cnt = 6_136
[2026-09-14T11:46:46.437] Cog0  * init values dead_gap = 70, pwm_limit = 3_033, adc_fram = 6_136, duty_min = 1_600, duty_max = 24_264
[2026-09-14T11:46:46.438] Cog0  *      values duty_up = 18, duty_dn = 4, cfg_ctcks = 135_000
[2026-09-14T11:46:46.438] Cog0  *VAL* legalVoltage = 6
[2026-09-14T11:46:46.438] Cog0  * ENTRY CFG selectedPower = 6
[2026-09-14T11:46:46.440] Cog0  * EXIT 2 CFG eUserSelectedVolts = 6 maxFwdIncreAtPwr = 147_000_000 minFwdIncreAtPwr = 544_628
[2026-09-14T11:46:46.440] Cog0  --- pinSum = 99, 64010 Rev B, highTimeUs = 73
[2026-09-14T11:46:46.442] Cog0  T0-14b,base,32,dirty_read,22,aborted,FALSE
[2026-09-14T11:46:46.442] Cog0  --- pinSum = 98, 64010 Rev B, highTimeUs = 72
[2026-09-14T11:46:46.443] Cog0  MOT: fwdDegrees = 43, offset_fwd = $1E93_E93E
[2026-09-14T11:46:46.443] Cog0       revDegrees = 317, offset_rev = $E16C_16C1
[2026-09-14T11:46:46.443] Cog0   - Calc FRAME: frame_cnt = 6_136
[2026-09-14T11:46:46.444] Cog0  * init values dead_gap = 70, pwm_limit = 3_033, adc_fram = 6_136, duty_min = 1_600, duty_max = 24_264
[2026-09-14T11:46:46.444] Cog0  *      values duty_up = 18, duty_dn = 4, cfg_ctcks = 135_000
[2026-09-14T11:46:46.444] Cog0  *VAL* legalVoltage = 6
[2026-09-14T11:46:46.444] Cog0  * ENTRY CFG selectedPower = 6
[2026-09-14T11:46:46.445] Cog0  * EXIT 2 CFG eUserSelectedVolts = 6 maxFwdIncreAtPwr = 147_000_000 minFwdIncreAtPwr = 544_628
[2026-09-14T11:46:46.446] Cog0  -MOT- inincr = 0 nTgtIncr = $0000_0000 0 sync = 0
[2026-09-14T11:46:46.446] Cog0  * Motor COG #1
[2026-09-14T11:46:46.457] Cog1  INIT $0000_26E6 $0000_499F load
[2026-09-14T11:46:46.457] Cog0  --- pinSum = 98, 64010 Rev B, highTimeUs = 72
[2026-09-14T11:46:46.457] Cog0  MOT: fwdDegrees = 43, offset_fwd = $1E93_E93E
[2026-09-14T11:46:46.458] Cog0       revDegrees = 317, offset_rev = $E16C_16C1
[2026-09-14T11:46:46.458] Cog0   - Calc FRAME: frame_cnt = 6_136
[2026-09-14T11:46:46.459] Cog0  * init values dead_gap = 70, pwm_limit = 3_033, adc_fram = 6_136, duty_min = 1_600, duty_max = 24_264
[2026-09-14T11:46:46.459] Cog0  *      values duty_up = 18, duty_dn = 4, cfg_ctcks = 135_000
[2026-09-14T11:46:46.459] Cog0  *VAL* legalVoltage = 6
[2026-09-14T11:46:46.459] Cog0  * ENTRY CFG selectedPower = 6
[2026-09-14T11:46:46.460] Cog0  * EXIT 2 CFG eUserSelectedVolts = 6 maxFwdIncreAtPwr = 147_000_000 minFwdIncreAtPwr = 544_628
[2026-09-14T11:46:46.460] Cog0  -MOT- inincr = 0 nTgtIncr = $0000_0000 0 sync = 0
[2026-09-14T11:46:46.472] Cog0  * Motor COG #1
[2026-09-14T11:46:46.472] Cog1  INIT $0000_26E6 $0000_4CCF load
[2026-09-14T11:46:46.472] Cog0  --- pinSum = 98, 64010 Rev B, highTimeUs = 72
[2026-09-14T11:46:46.472] Cog0  MOT: fwdDegrees = 43, offset_fwd = $1E93_E93E
[2026-09-14T11:46:46.472] Cog0       revDegrees = 317, offset_rev = $E16C_16C1
[2026-09-14T11:46:46.473] Cog0   - Calc FRAME: frame_cnt = 6_136
[2026-09-14T11:46:46.473] Cog0  * init values dead_gap = 70, pwm_limit = 3_033, adc_fram = 6_136, duty_min = 1_600, duty_max = 24_264
[2026-09-14T11:46:46.473] Cog0  *      values duty_up = 18, duty_dn = 4, cfg_ctcks = 135_000
[2026-09-14T11:46:46.474] Cog0  *VAL* legalVoltage = 6
[2026-09-14T11:46:46.474] Cog0  * ENTRY CFG selectedPower = 6
[2026-09-14T11:46:46.476] Cog0  * EXIT 2 CFG eUserSelectedVolts = 6 maxFwdIncreAtPwr = 147_000_000 minFwdIncreAtPwr = 544_628
[2026-09-14T11:46:46.476] Cog0  --- pinSum = 98, 64010 Rev B, highTimeUs = 72
[2026-09-14T11:46:46.477] Cog0  T0-14b,base,32,poststart_read,22
[2026-09-14T11:46:46.478] Cog0  SIGNOFF,sf,1,bin,T0,cell,R2-T0-DIRTY,task,3500,motor,LEFT,crit,POSTSTOP_REVB,measured,TRUE,lo,TRUE,hi,TRUE,units,BOOL,n,1,verdict,PASS
[2026-09-14T11:46:46.479] Cog0  T0-14,begin,empty
[2026-09-14T11:46:46.479] Cog0  --- pinSum = 500, Board not detected!, highTimeUs = 370
[2026-09-14T11:46:46.479] Cog0  MOT: fwdDegrees = 43, offset_fwd = $1E93_E93E
[2026-09-14T11:46:46.479] Cog0       revDegrees = 317, offset_rev = $E16C_16C1
[2026-09-14T11:46:46.480] Cog0   - Calc FRAME: frame_cnt = 6_136
[2026-09-14T11:46:46.480] Cog0  * init values dead_gap = 70, pwm_limit = 3_033, adc_fram = 6_136, duty_min = 1_600, duty_max = 24_264
[2026-09-14T11:46:46.481] Cog0  *      values duty_up = 18, duty_dn = 4, cfg_ctcks = 135_000
[2026-09-14T11:46:46.481] Cog0  *VAL* legalVoltage = 6
[2026-09-14T11:46:46.481] Cog0  * ENTRY CFG selectedPower = 6
[2026-09-14T11:46:46.483] Cog0  * EXIT 2 CFG eUserSelectedVolts = 6 maxFwdIncreAtPwr = 147_000_000 minFwdIncreAtPwr = 544_628
[2026-09-14T11:46:46.483] Cog0  --- pinSum = 500, Board not detected!, highTimeUs = 370
[2026-09-14T11:46:46.483] Cog0  T0-14c,base,P0_P15,read,20,aborted,FALSE
[2026-09-14T11:46:46.484] Cog0  SIGNOFF,sf,1,bin,T0,cell,R2-T0-EMPTY,task,3500,motor,NONE,crit,EMPTY_NODET,measured,TRUE,lo,TRUE,hi,TRUE,units,BOOL,n,1,verdict,PASS
[2026-09-14T11:46:46.486] Cog0  T0-15,begin,start
[2026-09-14T11:46:46.486] Cog0  --- pinSum = 98, 64010 Rev B, highTimeUs = 72
[2026-09-14T11:46:46.486] Cog0  MOT: fwdDegrees = 43, offset_fwd = $1E93_E93E
[2026-09-14T11:46:46.486] Cog0       revDegrees = 317, offset_rev = $E16C_16C1
[2026-09-14T11:46:46.487] Cog0   - Calc FRAME: frame_cnt = 6_136
[2026-09-14T11:46:46.487] Cog0  * init values dead_gap = 70, pwm_limit = 3_033, adc_fram = 6_136, duty_min = 1_600, duty_max = 24_264
[2026-09-14T11:46:46.488] Cog0  *      values duty_up = 18, duty_dn = 4, cfg_ctcks = 135_000
[2026-09-14T11:46:46.488] Cog0  *VAL* legalVoltage = 6
[2026-09-14T11:46:46.488] Cog0  * ENTRY CFG selectedPower = 6
[2026-09-14T11:46:46.489] Cog0  * EXIT 2 CFG eUserSelectedVolts = 6 maxFwdIncreAtPwr = 147_000_000 minFwdIncreAtPwr = 544_628
[2026-09-14T11:46:46.489] Cog0  -MOT- inincr = 0 nTgtIncr = $0000_0000 0 sync = 0
[2026-09-14T11:46:46.489] Cog0  * Motor COG #1
[2026-09-14T11:46:46.489] Cog1  INIT $0000_26E6 $0000_499F load
[2026-09-14T11:46:46.489] Cog0  T0-15a,start_return,0,raw_motor_cog,2,aborted,FALSE
[2026-09-14T11:46:46.492] Cog0  SIGNOFF,sf,1,bin,T0,cell,R1-T0-START,task,3499,motor,NONE,crit,RET_EQ_COG_M1,measured,FALSE,lo,TRUE,hi,TRUE,units,BOOL,n,1,verdict,FAIL
[2026-09-14T11:46:46.492] Cog0  T0-15,begin,restart
[2026-09-14T11:46:46.492] Cog1Cog0  --- pinSum = 97, 64010 Rev B, highTimeUs = 71
[2026-09-14T11:46:46.493] Cog0  MOT: fwdDegrees = 43, offset_fwd = $1E93_E93E
[2026-09-14T11:46:46.493] Cog0       revDegrees = 317, offset_rev = $E16C_16C1
[2026-09-14T11:46:46.493] Cog0   - Calc FRAME: frame_cnt = 6_136
[2026-09-14T11:46:46.494] Cog0  * init values dead_gap = 70, pwm_limit = 3_033, adc_fram = 6_136, duty_min = 1_600, duty_max = 24_264
[2026-09-14T11:46:46.494] Cog0  *      values duty_up = 18, duty_dn = 4, cfg_ctcks = 135_000
[2026-09-14T11:46:46.494] Cog0  *VAL* legalVoltage = 6
[2026-09-14T11:46:46.494] Cog0  * ENTRY CFG selectedPower = 6
[2026-09-14T11:46:46.495] Cog0  * EXIT 2 CFG eUserSelectedVolts = 6 maxFwdIncreAtPwr = 147_000_000 minFwdIncreAtPwr = 544_628
[2026-09-14T11:46:46.497] Cog0  -MOT- inincr = 0 nTgtIncr = $0000_0000 0 sync = 0
[2026-09-14T11:46:46.497] Cog0  * Motor COG #1
[2026-09-14T11:46:46.497] Cog1  INCog0  --- pinSum = 98, 64010 Rev B, highTimeUs = 72
[2026-09-14T11:46:46.497] Cog0  MOT: fwdDegrees = 43, offset_fwd = $1E93_E93E
[2026-09-14T11:46:46.497] Cog0       revDegrees = 317, offset_rev = $E16C_16C1
[2026-09-14T11:46:46.498] Cog0   - Calc FRAME: frame_cnt = 6_136
[2026-09-14T11:46:46.498] Cog0  * init values dead_gap = 70, pwm_limit = 3_033, adc_fram = 6_136, duty_min = 1_600, duty_max = 24_264
[2026-09-14T11:46:46.498] Cog0  *      values duty_up = 18, duty_dn = 4, cfg_ctcks = 135_000
[2026-09-14T11:46:46.499] Cog0  *VAL* legalVoltage = 6
[2026-09-14T11:46:46.499] Cog0  * ENTRY CFG selectedPower = 6
[2026-09-14T11:46:46.499] Cog0  * EXIT 2 CFG eUserSelectedVolts = 6 maxFwdIncreAtPwr = 147_000_000 minFwdIncreAtPwr = 544_628
[2026-09-14T11:46:46.500] Cog0  -MOT- inincr = 0 nTgtIncr = $0000_0000 0 sync = 0
[2026-09-14T11:46:46.500] Cog0  * Motor COG #1
[2026-09-14T11:46:46.501] [ROUTING ERROR: Binary data in COG message]
[2026-09-14T11:46:46.501] [BINARY DATA: 108 bytes - displaying as hex]
[2026-09-14T11:46:46.501]   0000: 43 6F 67 31 20 20 F9 43 6F 67 31 43 6F 67 30 20  |Cog1  .Cog1Cog0 |
[2026-09-14T11:46:46.501]   0010: 20 54 30 2D 31 35 63 2C 62 61 73 65 6C 69 6E 65  | T0-15c,baseline|
[2026-09-14T11:46:46.501]   0020: 2C 37 2C 66 72 65 65 31 2C 36 2C 73 74 61 72 74  |,7,free1,6,start|
[2026-09-14T11:46:46.501]   0030: 31 2C 30 2C 66 72 65 65 32 2C 36 2C 73 74 61 72  |1,0,free2,6,star|
[2026-09-14T11:46:46.501]   0040: 74 32 2C 30 2C 66 72 65 65 33 2C 37 2C 61 62 6F  |t2,0,free3,7,abo|
[2026-09-14T11:46:46.501]   0050: 72 74 65 64 31 2C 46 41 4C 53 45 2C 61 62 6F 72  |rted1,FALSE,abor|
[2026-09-14T11:46:46.501]   0060: 74 65 64 32 2C 46 41 4C 53 45 0D 0A              |ted2,FALSE..    |Cog0  SIGNOFF,sf,1,bin,T0,cell,R1-T0-RESTART,task,3499,motor,NONE,crit,NO_ORPHAN,measured,TRUE,lo,TRUE,hi,TRUE,units,BOOL,n,1,verdict,PASS
[2026-09-14T11:46:46.502] Cog0  T0-15d,driver_state,0,ready,FALSE,stopped,FALSE,t0_15c_aborted,FALSE
[2026-09-14T11:46:46.502] Cog0  SIGNOFF,sf,1,bin,T0,cell,R10-T0-STOPREADY,task,3533,motor,NONE,crit,STOP_NOT_READY,measured,TRUE,lo,TRUE,hi,TRUE,units,BOOL,n,1,verdict,PASS
[2026-09-14T11:46:46.504] Cog0  T0-10,begin,rail_must_be_on,TRUE
[2026-09-14T11:46:46.504] Cog0  --- pinSum = 98, 64010 Rev B, highTimeUs = 72
[2026-09-14T11:46:46.505] Cog0  MOT: fwdDegrees = 43, offset_fwd = $1E93_E93E
[2026-09-14T11:46:46.505] Cog0       revDegrees = 317, offset_rev = $E16C_16C1
[2026-09-14T11:46:46.505] Cog0   - Calc FRAME: frame_cnt = 6_136
[2026-09-14T11:46:46.506] Cog0  * init values dead_gap = 70, pwm_limit = 3_033, adc_fram = 6_136, duty_min = 1_600, duty_max = 24_264
[2026-09-14T11:46:46.506] Cog0  *      values duty_up = 18, duty_dn = 4, cfg_ctcks = 135_000
[2026-09-14T11:46:46.506] Cog0  *VAL* legalVoltage = 6
[2026-09-14T11:46:46.506] Cog0  * ENTRY CFG selectedPower = 6
[2026-09-14T11:46:46.507] Cog0  * EXIT 2 CFG eUserSelectedVolts = 6 maxFwdIncreAtPwr = 147_000_000 minFwdIncreAtPwr = 544_628
[2026-09-14T11:46:46.507] Cog0  -MOT- inincr = 0 nTgtIncr = $0000_0000 0 sync = 0
[2026-09-14T11:46:46.507] Cog0  * Motor COG #1
[2026-09-14T11:46:46.507] Cog1  INIT $0000_26E6 $0000_499F load
[2026-09-14T11:46:46.524] Cog0  T0-10,start_return,0,raw_motor_cog,2,note,see_Motor_COG_line_above_for_whether_a_cog_actually_started
[2026-09-14T11:46:46.559] Cog0  T0-10,end,pin,19,x_node_counts,1_132
[2026-09-14T11:46:46.559] Cog0  T0-8,begin
[2026-09-14T11:46:46.559] Cog1  INIT $0000_0FA8 $0000_43E8 jump
[2026-09-14T11:46:46.559] Cog2  INIT $0000_0FA8 $0000_4468 jump
[2026-09-14T11:46:46.559] Cog3  INIT $0000_0FA8 $0000_44E8 jump
[2026-09-14T11:46:46.559] Cog4  INIT $0000_0FA8 $0000_4568 jump
[2026-09-14T11:46:46.560] Cog5  INIT $0000_0FA8 $0000_45E8 jump
[2026-09-14T11:46:46.560] Cog6  INIT $0000_0FA8 $0000_4668 jump
[2026-09-14T11:46:46.560] Cog7  INIT $0000_0FA8 $0000_46E8 jump
[2026-09-14T11:46:46.560] Cog0  --- pinSum = 98, 64010 Rev B, highTimeUs = 72
[2026-09-14T11:46:46.561] Cog0  MOT: fwdDegrees = 43, offset_fwd = $1E93_E93E
[2026-09-14T11:46:46.561] Cog0       revDegrees = 317, offset_rev = $E16C_16C1
[2026-09-14T11:46:46.561] Cog0   - Calc FRAME: frame_cnt = 6_136
[2026-09-14T11:46:46.562] Cog0  * init values dead_gap = 70, pwm_limit = 3_033, adc_fram = 6_136, duty_min = 1_600, duty_max = 24_264
[2026-09-14T11:46:46.562] Cog0  *      values duty_up = 18, duty_dn = 4, cfg_ctcks = 135_000
[2026-09-14T11:46:46.562] Cog0  *VAL* legalVoltage = 6
[2026-09-14T11:46:46.562] Cog0  * ENTRY CFG selectedPower = 6
[2026-09-14T11:46:46.563] Cog0  * EXIT 2 CFG eUserSelectedVolts = 6 maxFwdIncreAtPwr = 147_000_000 minFwdIncreAtPwr = 544_628
[2026-09-14T11:46:46.563] Cog0  -MOT- inincr = 0 nTgtIncr = $0000_0000 0 sync = 0
[2026-09-14T11:46:46.563] Cog0  !! ERROR filed to start Motor Control task
[2026-09-14T11:46:46.564] Cog0  T0-8,end,cogs_occupied,7,start_return,0
[2026-09-14T11:46:46.564] Cog0  T0-15,begin,exhaust
[2026-09-14T11:46:46.564] Cog1Cog1  INIT $0000_0FA8 $0000_43E8 jump
[2026-09-14T11:46:46.564] Cog2  INIT $0000_0FA8 $0000_4468 jump
[2026-09-14T11:46:46.565] Cog3  INIT $0000_0FA8 $0000_44E8 jump
[2026-09-14T11:46:46.565] Cog4  INIT $0000_0FA8 $0000_4568 jump
[2026-09-14T11:46:46.565] Cog5  INIT $0000_0FA8 $0000_45E8 jump
[2026-09-14T11:46:46.565] Cog6  INIT $0000_0FA8 $0000_4668 jump
[2026-09-14T11:46:46.565] Cog7  INIT $0000_0FA8 $0000_46E8 jump
[2026-09-14T11:46:46.565] Cog0  --- pinSum = 100, 64010 Rev B, highTimeUs = 74
[2026-09-14T11:46:46.566] Cog0  MOT: fwdDegrees = 43, offset_fwd = $1E93_E93E
[2026-09-14T11:46:46.566] Cog0       revDegrees = 317, offset_rev = $E16C_16C1
[2026-09-14T11:46:46.566] Cog0   - Calc FRAME: frame_cnt = 6_136
[2026-09-14T11:46:46.567] Cog0  * init values dead_gap = 70, pwm_limit = 3_033, adc_fram = 6_136, duty_min = 1_600, duty_max = 24_264
[2026-09-14T11:46:46.567] Cog0  *      values duty_up = 18, duty_dn = 4, cfg_ctcks = 135_000
[2026-09-14T11:46:46.567] Cog0  *VAL* legalVoltage = 6
[2026-09-14T11:46:46.568] Cog0  * ENTRY CFG selectedPower = 6
[2026-09-14T11:46:46.568] Cog0  * EXIT 2 CFG eUserSelectedVolts = 6 maxFwdIncreAtPwr = 147_000_000 minFwdIncreAtPwr = 544_628
[2026-09-14T11:46:46.568] Cog0  -MOT- inincr = 0 nTgtIncr = $0000_0000 0 sync = 0
[2026-09-14T11:46:46.569] Cog0  !! ERROR filed to start Motor Control task
[2026-09-14T11:46:46.569] Cog1Cog0  T0-15b,cogs_occupied,7,start_return,0,raw_motor_cog,0,baseline,7,free_after,7,aborted,FALSE
[2026-09-14T11:46:46.570] Cog0  SIGNOFF,sf,1,bin,T0,cell,R1-T0-EXHAUST,task,3499,motor,NONE,crit,RET_NEG_NOLEAK,measured,FALSE,lo,TRUE,hi,TRUE,units,BOOL,n,1,verdict,FAIL
[2026-09-14T11:46:46.570] Cog0  * test_bench_t0 -- DONE
[2026-09-14T11:46:46.586] Cog0  DEBUG_END_SESSION

=== Debug Logger Session Ended at 2026-09-14T11:46:46.593 ===
