=== Debug Logger Session Started at 2026-09-14T11:59:53.173 ===
PNut-Term-TS: v1.0.8
Program: debug
=====================================

[2026-09-14T11:59:53.069] [SYSTEM] BAUD_RATE_SET 2000000 baud (preferences/default)

=== Session ended - Download Started at 2026-09-14T11:59:53.297 ===
=== Debug Logger Session Started at 2026-09-14T11:59:53.301 ===
PNut-Term-TS: v1.0.8
Program: debug
=====================================

[2026-09-14T11:59:53.298] [SYSTEM] [DOWNLOAD TO RAM] File: test_bench_char.bin | Size: 41233 bytes | Modified: 2026-09-14T17:59:52.303Z
[2026-09-14T11:59:53.300] [SYSTEM] Download Session Started
[2026-09-14T11:59:54.667] [SYSTEM] [DOWNLOAD SUCCESS] test_bench_char.bin successfully downloaded to RAM
[2026-09-14T11:59:54.669] Cog0  INIT $0000_0000 $0000_0000 load
[2026-09-14T11:59:54.673] Cog0  INIT $0000_0FA8 $0000_9C94 jump
[2026-09-14T11:59:54.674] Cog1  INIT $0000_0FA8 $0000_8730 jump
[2026-09-14T11:59:54.674] Cog0  BC-WDSTART,started,TRUE,cog,1
[2026-09-14T11:59:54.675] Cog0  BC-BANNER,src_rev,5,fmt,5,cfg_id,BENCH,frame,MOTOR,clkfreq,270_000_000,left_base,32,right_base,16,voltage_enum,6,det_mode,30,hold_last,8,qtr_incre,36_750_000,half_incre,73_500_000
[2026-09-14T11:59:54.677] Cog0  * PANIC PROCEDURE IS PHYSICAL BATTERY DISCONNECT ONLY -- emergencyCutoff() self-cancels in about 250 ms (finding S-4)
[2026-09-14T11:59:54.678] Cog0  BC-PLAN,sample_ms,5,zero_samples,200,settle_ms,1_000,window_ms,3_000,ready_timeout_ms,2_000,atspeed_timeout_ms,4_000,steady_timeout_ms,6_000,stop_timeout_ms,3_000,hold0_motor,LEFT,steer_power,13,steer_cmd_incre,18_296_792
[2026-09-14T11:59:54.679] Cog0  SIGNOFF-DECL,sf,1,bin,CHAR,cell,R5-CHAR-SENSE,task,3503
[2026-09-14T11:59:54.680] Cog0  SIGNOFF-DECL,sf,1,bin,CHAR,cell,R4-CHAR-RPM,task,3502
[2026-09-14T11:59:54.680] Cog0  SIGNOFF-DECL,sf,1,bin,CHAR,cell,R2-CHAR-ISCALE,task,3500
[2026-09-14T11:59:54.681] Cog0  SIGNOFF-DECL,sf,1,bin,CHAR,cell,R3-CHAR-INTEG,task,3501
[2026-09-14T11:59:54.682] Cog0  SIGNOFF-DECL,sf,1,bin,CHAR,cell,R10-CHAR-STEERFAIL,task,3533
[2026-09-14T11:59:54.682] Cog0  SIGNOFF-DECL,sf,1,bin,CHAR,cell,R10-CHAR-STEERSTART,task,3533
[2026-09-14T11:59:54.683] Cog0  SIGNOFF-DECL,sf,1,bin,CHAR,cell,R10-CHAR-STEERLIVE,task,3533
[2026-09-14T11:59:54.685] Cog0  SIGNOFF-DECL,sf,1,bin,CHAR,cell,R13-CHAR-BRAKESTART,task,3535
[2026-09-14T11:59:54.685] Cog0  --- pinSum = 98, 64010 Rev B, highTimeUs = 72
[2026-09-14T11:59:54.685] Cog0  MOT: fwdDegrees = 43, offset_fwd = $1E93_E93E
[2026-09-14T11:59:54.686] Cog0       revDegrees = 317, offset_rev = $E16C_16C1
[2026-09-14T11:59:54.686] Cog0   - Calc FRAME: frame_cnt = 6_136
[2026-09-14T11:59:54.687] Cog0  * init values dead_gap = 70, pwm_limit = 3_033, adc_fram = 6_136, duty_min = 1_600, duty_max = 24_264
[2026-09-14T11:59:54.687] Cog0  *      values duty_up = 18, duty_dn = 4, cfg_ctcks = 135_000
[2026-09-14T11:59:54.687] Cog0  *VAL* legalVoltage = 6
[2026-09-14T11:59:54.687] Cog0  * ENTRY CFG selectedPower = 6
[2026-09-14T11:59:54.688] Cog0  * EXIT 2 CFG eUserSelectedVolts = 6 maxFwdIncreAtPwr = 147_000_000 minFwdIncreAtPwr = 544_628
[2026-09-14T11:59:54.688] Cog0  -MOT- inincr = 0 nTgtIncr = $0000_0000 0 sync = 0
[2026-09-14T11:59:54.693] Cog0  * Motor COG #2
[2026-09-14T11:59:54.693] Cog2  INIT $0000_642E $0000_906F load
[2026-09-14T11:59:54.709] Cog0  -MOT- inincr = 18_375_000 nTgtIncr = $0118_6158 0 sync = 0
[2026-09-14T11:59:55.397] Cog0  -MOT- inincr = 0 nTgtIncr = $0000_0000 0 sync = 0
[2026-09-14T11:59:55.592] Cog0  BC-PREFLIGHT,motor,LEFT,base,32,cog,2,ticks,13,ok,TRUE,stopped,TRUE
[2026-09-14T11:59:55.593] Cog0  --- pinSum = 98, 64010 Rev B, highTimeUs = 72
[2026-09-14T11:59:55.593] Cog0  MOT: fwdDegrees = 43, offset_fwd = $1E93_E93E
[2026-09-14T11:59:55.593] Cog0       revDegrees = 317, offset_rev = $E16C_16C1
[2026-09-14T11:59:55.593] Cog0   - Calc FRAME: frame_cnt = 6_136
[2026-09-14T11:59:55.594] Cog0  * init values dead_gap = 70, pwm_limit = 3_033, adc_fram = 6_136, duty_min = 1_600, duty_max = 24_264
[2026-09-14T11:59:55.594] Cog0  *      values duty_up = 18, duty_dn = 4, cfg_ctcks = 135_000
[2026-09-14T11:59:55.594] Cog0  *VAL* legalVoltage = 6
[2026-09-14T11:59:55.595] Cog0  * ENTRY CFG selectedPower = 6
[2026-09-14T11:59:55.595] Cog0  * EXIT 2 CFG eUserSelectedVolts = 6 maxFwdIncreAtPwr = 147_000_000 minFwdIncreAtPwr = 544_628
[2026-09-14T11:59:55.596] Cog0  -MOT- inincr = 0 nTgtIncr = $0000_0000 0 sync = 0
[2026-09-14T11:59:55.601] Cog2  INIT $0000_642E $0000_939F load
[2026-09-14T11:59:55.601] Cog0  * Motor COG #2
[2026-09-14T11:59:55.616] Cog0  -MOT- inincr = 18_375_000 nTgtIncr = $0118_6158 0 sync = 0
[2026-09-14T11:59:56.305] Cog0  -MOT- inincr = 0 nTgtIncr = $0000_0000 0 sync = 0
[2026-09-14T11:59:56.500] Cog0  BC-PREFLIGHT,motor,RIGHT,base,16,cog,2,ticks,13,ok,TRUE,stopped,TRUE
[2026-09-14T11:59:56.500] Cog0  --- pinSum = 97, 64010 Rev B, highTimeUs = 71
[2026-09-14T11:59:56.500] Cog0  MOT: fwdDegrees = 43, offset_fwd = $1E93_E93E
[2026-09-14T11:59:56.501] Cog0       revDegrees = 317, offset_rev = $E16C_16C1
[2026-09-14T11:59:56.501] Cog0   - Calc FRAME: frame_cnt = 6_136
[2026-09-14T11:59:56.502] Cog0  * init values dead_gap = 70, pwm_limit = 3_033, adc_fram = 6_136, duty_min = 1_600, duty_max = 24_264
[2026-09-14T11:59:56.502] Cog0  *      values duty_up = 18, duty_dn = 4, cfg_ctcks = 135_000
[2026-09-14T11:59:56.502] Cog0  *VAL* legalVoltage = 6
[2026-09-14T11:59:56.502] Cog0  * ENTRY CFG selectedPower = 6
[2026-09-14T11:59:56.503] Cog0  * EXIT 2 CFG eUserSelectedVolts = 6 maxFwdIncreAtPwr = 147_000_000 minFwdIncreAtPwr = 544_628
[2026-09-14T11:59:56.503] Cog0  -MOT- inincr = 0 nTgtIncr = $0000_0000 0 sync = 0
[2026-09-14T11:59:56.508] Cog0  * Motor COG #2
[2026-09-14T11:59:56.508] Cog2  INIT $0000_642E $0000_906F load
[2026-09-14T11:59:56.508] Cog3  INIT $0000_0FA8 $0000_8F67 jump
[2026-09-14T11:59:56.524] Cog0  BLDC: getBoardType() driver running, not measured; returning revision recorded at start 22
[2026-09-14T12:00:00.520] Cog0  -MOT- inincr = 0 nTgtIncr = $0000_0000 0 sync = 0
[2026-09-14T12:00:00.521] Cog0  BC-SHEET,row,1,name,HOLD 1 of 9 - QUIESCENT ZERO - LEFT MOTOR STARTED AT ZERO COMMAND (motor frame)
[2026-09-14T12:00:00.523] Cog0  BC-START,hold,0,motor,LEFT,cog,2,sense_cog,3,board_rev,22,board_id,REV_B,dead_gap,70,pwm_limit,3_033,duty_min,1_600,duty_max,24_264,adc_frame,6_136,frame_cnt,6_136
[2026-09-14T12:00:00.524] Cog0  BC-HOLD,hold,0,motor,LEFT,incre,0,robot_dir,NONE,frame,MOTOR,rung,ZERO,result,OK,at_speed,NA,steady_ms,NA,steady_src,ZEROCMD,steady_rate,0,stopped,TRUE
[2026-09-14T12:00:00.526] Cog0  BC-SENSE,hold,0,samples,591,win_ms,3_003,zero_samples,200,raw_mV_x10,81,zero_mV_x10,77,net_mV_x10,4,min_mV,4,max_mV,12,amps_x10k,535,watts_mW,990
[2026-09-14T12:00:00.528] Cog0  BC-MOTION,hold,0,rpm,0,ticks,0,rate_x10,0,neg_deg,43,pos_deg,317,duty_mean,24_264,err_mean,73,missed,0,illegal,0,drv_state,1
[2026-09-14T12:00:00.528] Cog0  --- pinSum = 101, 64010 Rev B, highTimeUs = 74
[2026-09-14T12:00:00.529] Cog0  MOT: fwdDegrees = 43, offset_fwd = $1E93_E93E
[2026-09-14T12:00:00.529] Cog0       revDegrees = 317, offset_rev = $E16C_16C1
[2026-09-14T12:00:00.529] Cog0   - Calc FRAME: frame_cnt = 6_136
[2026-09-14T12:00:00.530] Cog0  * init values dead_gap = 70, pwm_limit = 3_033, adc_fram = 6_136, duty_min = 1_600, duty_max = 24_264
[2026-09-14T12:00:00.530] Cog0  *      values duty_up = 18, duty_dn = 4, cfg_ctcks = 135_000
[2026-09-14T12:00:00.530] Cog0  *VAL* legalVoltage = 6
[2026-09-14T12:00:00.530] Cog0  * ENTRY CFG selectedPower = 6
[2026-09-14T12:00:00.531] Cog0  * EXIT 2 CFG eUserSelectedVolts = 6 maxFwdIncreAtPwr = 147_000_000 minFwdIncreAtPwr = 544_628
[2026-09-14T12:00:00.532] Cog0  -MOT- inincr = 0 nTgtIncr = $0000_0000 0 sync = 0
[2026-09-14T12:00:00.532] Cog0  * Motor COG #2
[2026-09-14T12:00:00.538] Cog2  INIT $0000_642E $0000_906F load
[2026-09-14T12:00:00.538] Cog3  INIT $0000_0FA8 $0000_8F67 jump
[2026-09-14T12:00:00.552] Cog0  BLDC: getBoardType() driver running, not measured; returning revision recorded at start 22
[2026-09-14T12:00:01.559] Cog0  -MOT- inincr = 36_750_000 nTgtIncr = $0230_C2B0 0 sync = 0
[2026-09-14T12:00:07.482] Cog0  -MOT- inincr = 0 nTgtIncr = $0000_0000 0 sync = 0
[2026-09-14T12:00:07.866] Cog0  BC-SHEET,row,2,name,HOLD 2 of 9 - LEFT MOTOR + INCREMENT 1/4 SPEED (motor frame, robot forward)
[2026-09-14T12:00:07.868] Cog0  BC-START,hold,1,motor,LEFT,cog,2,sense_cog,3,board_rev,22,board_id,REV_B,dead_gap,70,pwm_limit,3_033,duty_min,1_600,duty_max,24_264,adc_frame,6_136,frame_cnt,6_136
[2026-09-14T12:00:07.870] Cog0  BC-HOLD,hold,1,motor,LEFT,incre,36_750_000,robot_dir,FWD,frame,MOTOR,rung,QTR,result,OK,at_speed,TRUE,steady_ms,925,steady_src,RAMPED,steady_rate,100,stopped,TRUE
[2026-09-14T12:00:07.871] Cog0  BC-SENSE,hold,1,samples,591,win_ms,3_004,zero_samples,200,raw_mV_x10,916,zero_mV_x10,72,net_mV_x10,844,min_mV,77,max_mV,110,amps_x10k,6_110,watts_mW,11_303
[2026-09-14T12:00:07.873] Cog0  BC-MOTION,hold,1,rpm,65,ticks,295,rate_x10,982,neg_deg,43,pos_deg,317,duty_mean,7_280,err_mean,48,missed,0,illegal,0,drv_state,1
[2026-09-14T12:00:07.874] Cog0  --- pinSum = 99, 64010 Rev B, highTimeUs = 73
[2026-09-14T12:00:07.874] Cog0  MOT: fwdDegrees = 43, offset_fwd = $1E93_E93E
[2026-09-14T12:00:07.874] Cog0       revDegrees = 317, offset_rev = $E16C_16C1
[2026-09-14T12:00:07.875] Cog0   - Calc FRAME: frame_cnt = 6_136
[2026-09-14T12:00:07.875] Cog0  * init values dead_gap = 70, pwm_limit = 3_033, adc_fram = 6_136, duty_min = 1_600, duty_max = 24_264
[2026-09-14T12:00:07.876] Cog0  *      values duty_up = 18, duty_dn = 4, cfg_ctcks = 135_000
[2026-09-14T12:00:07.876] Cog0  *VAL* legalVoltage = 6
[2026-09-14T12:00:07.876] Cog0  * ENTRY CFG selectedPower = 6
[2026-09-14T12:00:07.876] Cog0  * EXIT 2 CFG eUserSelectedVolts = 6 maxFwdIncreAtPwr = 147_000_000 minFwdIncreAtPwr = 544_628
[2026-09-14T12:00:07.877] Cog0  -MOT- inincr = 0 nTgtIncr = $0000_0000 0 sync = 0
[2026-09-14T12:00:07.882] Cog0  * Motor COG #2
[2026-09-14T12:00:07.882] Cog2  INIT $0000_642E $0000_906F load
[2026-09-14T12:00:07.882] Cog3  INIT $0000_0FA8 $0000_8F67 jump
[2026-09-14T12:00:07.897] Cog0  BLDC: getBoardType() driver running, not measured; returning revision recorded at start 22
[2026-09-14T12:00:08.905] Cog0  -MOT- inincr = -36_750_000 nTgtIncr = $7DCF_3D50 0 sync = 0
[2026-09-14T12:00:14.828] Cog0  -MOT- inincr = 0 nTgtIncr = $0000_0000 0 sync = 0
[2026-09-14T12:00:15.207] Cog0  BC-SHEET,row,3,name,HOLD 3 of 9 - LEFT MOTOR - INCREMENT 1/4 SPEED (motor frame, robot reverse)
[2026-09-14T12:00:15.208] Cog0  BC-START,hold,2,motor,LEFT,cog,2,sense_cog,3,board_rev,22,board_id,REV_B,dead_gap,70,pwm_limit,3_033,duty_min,1_600,duty_max,24_264,adc_frame,6_136,frame_cnt,6_136
[2026-09-14T12:00:15.210] Cog0  BC-HOLD,hold,2,motor,LEFT,incre,-36_750_000,robot_dir,REV,frame,MOTOR,rung,QTR,result,OK,at_speed,TRUE,steady_ms,924,steady_src,RAMPED,steady_rate,100,stopped,TRUE
[2026-09-14T12:00:15.212] Cog0  BC-SENSE,hold,2,samples,591,win_ms,3_004,zero_samples,200,raw_mV_x10,1_738,zero_mV_x10,81,net_mV_x10,1_657,min_mV,154,max_mV,195,amps_x10k,11_592,watts_mW,21_446
[2026-09-14T12:00:15.214] Cog0  BC-MOTION,hold,2,rpm,65,ticks,295,rate_x10,982,neg_deg,43,pos_deg,317,duty_mean,8_247,err_mean,-49,missed,0,illegal,0,drv_state,1
[2026-09-14T12:00:15.214] Cog0  --- pinSum = 98, 64010 Rev B, highTimeUs = 72
[2026-09-14T12:00:15.214] Cog0  MOT: fwdDegrees = 43, offset_fwd = $1E93_E93E
[2026-09-14T12:00:15.215] Cog0       revDegrees = 317, offset_rev = $E16C_16C1
[2026-09-14T12:00:15.215] Cog0   - Calc FRAME: frame_cnt = 6_136
[2026-09-14T12:00:15.216] Cog0  * init values dead_gap = 70, pwm_limit = 3_033, adc_fram = 6_136, duty_min = 1_600, duty_max = 24_264
[2026-09-14T12:00:15.216] Cog0  *      values duty_up = 18, duty_dn = 4, cfg_ctcks = 135_000
[2026-09-14T12:00:15.216] Cog0  *VAL* legalVoltage = 6
[2026-09-14T12:00:15.216] Cog0  * ENTRY CFG selectedPower = 6
[2026-09-14T12:00:15.217] Cog0  * EXIT 2 CFG eUserSelectedVolts = 6 maxFwdIncreAtPwr = 147_000_000 minFwdIncreAtPwr = 544_628
[2026-09-14T12:00:15.217] Cog0  -MOT- inincr = 0 nTgtIncr = $0000_0000 0 sync = 0
[2026-09-14T12:00:15.222] Cog0  * Motor COG #2
[2026-09-14T12:00:15.222] Cog2  INIT $0000_642E $0000_939F load
[2026-09-14T12:00:15.223] Cog3  INIT $0000_0FA8 $0000_9297 jump
[2026-09-14T12:00:15.238] Cog0  BLDC: getBoardType() driver running, not measured; returning revision recorded at start 22
[2026-09-14T12:00:16.245] Cog0  -MOT- inincr = 36_750_000 nTgtIncr = $0230_C2B0 0 sync = 0
[2026-09-14T12:00:22.168] Cog0  -MOT- inincr = 0 nTgtIncr = $0000_0000 0 sync = 0
[2026-09-14T12:00:22.552] Cog0  BC-SHEET,row,4,name,HOLD 4 of 9 - RIGHT MOTOR + INCREMENT 1/4 SPEED (motor frame, robot reverse)
[2026-09-14T12:00:22.554] Cog0  BC-START,hold,3,motor,RIGHT,cog,2,sense_cog,3,board_rev,22,board_id,REV_B,dead_gap,70,pwm_limit,3_033,duty_min,1_600,duty_max,24_264,adc_frame,6_136,frame_cnt,6_136
[2026-09-14T12:00:22.556] Cog0  BC-HOLD,hold,3,motor,RIGHT,incre,36_750_000,robot_dir,REV,frame,MOTOR,rung,QTR,result,OK,at_speed,TRUE,steady_ms,925,steady_src,RAMPED,steady_rate,100,stopped,TRUE
[2026-09-14T12:00:22.557] Cog0  BC-SENSE,hold,3,samples,591,win_ms,3_004,zero_samples,200,raw_mV_x10,915,zero_mV_x10,5,net_mV_x10,910,min_mV,74,max_mV,109,amps_x10k,6_103,watts_mW,11_291
[2026-09-14T12:00:22.560] Cog0  BC-MOTION,hold,3,rpm,65,ticks,295,rate_x10,982,neg_deg,43,pos_deg,317,duty_mean,7_365,err_mean,48,missed,0,illegal,0,drv_state,1
[2026-09-14T12:00:22.560] Cog0  --- pinSum = 98, 64010 Rev B, highTimeUs = 72
[2026-09-14T12:00:22.560] Cog0  MOT: fwdDegrees = 43, offset_fwd = $1E93_E93E
[2026-09-14T12:00:22.560] Cog0       revDegrees = 317, offset_rev = $E16C_16C1
[2026-09-14T12:00:22.561] Cog0   - Calc FRAME: frame_cnt = 6_136
[2026-09-14T12:00:22.561] Cog0  * init values dead_gap = 70, pwm_limit = 3_033, adc_fram = 6_136, duty_min = 1_600, duty_max = 24_264
[2026-09-14T12:00:22.562] Cog0  *      values duty_up = 18, duty_dn = 4, cfg_ctcks = 135_000
[2026-09-14T12:00:22.562] Cog0  *VAL* legalVoltage = 6
[2026-09-14T12:00:22.562] Cog0  * ENTRY CFG selectedPower = 6
[2026-09-14T12:00:22.562] Cog0  * EXIT 2 CFG eUserSelectedVolts = 6 maxFwdIncreAtPwr = 147_000_000 minFwdIncreAtPwr = 544_628
[2026-09-14T12:00:22.563] Cog0  -MOT- inincr = 0 nTgtIncr = $0000_0000 0 sync = 0
[2026-09-14T12:00:22.568] Cog0  * Motor COG #2
[2026-09-14T12:00:22.568] Cog2  INIT $0000_642E $0000_939F load
[2026-09-14T12:00:22.568] Cog3  INIT $0000_0FA8 $0000_9297 jump
[2026-09-14T12:00:22.584] Cog0  BLDC: getBoardType() driver running, not measured; returning revision recorded at start 22
[2026-09-14T12:00:23.591] Cog0  -MOT- inincr = -36_750_000 nTgtIncr = $7DCF_3D50 0 sync = 0
[2026-09-14T12:00:29.515] Cog0  -MOT- inincr = 0 nTgtIncr = $0000_0000 0 sync = 0
[2026-09-14T12:00:29.893] Cog0  BC-SHEET,row,5,name,HOLD 5 of 9 - RIGHT MOTOR - INCREMENT 1/4 SPEED (motor frame, robot forward)
[2026-09-14T12:00:29.894] Cog0  BC-START,hold,4,motor,RIGHT,cog,2,sense_cog,3,board_rev,22,board_id,REV_B,dead_gap,70,pwm_limit,3_033,duty_min,1_600,duty_max,24_264,adc_frame,6_136,frame_cnt,6_136
[2026-09-14T12:00:29.896] Cog0  BC-HOLD,hold,4,motor,RIGHT,incre,-36_750_000,robot_dir,FWD,frame,MOTOR,rung,QTR,result,OK,at_speed,TRUE,steady_ms,924,steady_src,RAMPED,steady_rate,100,stopped,TRUE
[2026-09-14T12:00:29.898] Cog0  BC-SENSE,hold,4,samples,591,win_ms,3_004,zero_samples,200,raw_mV_x10,1_671,zero_mV_x10,5,net_mV_x10,1_666,min_mV,145,max_mV,187,amps_x10k,11_138,watts_mW,20_606
[2026-09-14T12:00:29.900] Cog0  BC-MOTION,hold,4,rpm,65,ticks,295,rate_x10,982,neg_deg,43,pos_deg,317,duty_mean,8_238,err_mean,-49,missed,0,illegal,0,drv_state,1
[2026-09-14T12:00:29.900] Cog0  --- pinSum = 99, 64010 Rev B, highTimeUs = 73
[2026-09-14T12:00:29.901] Cog0  MOT: fwdDegrees = 43, offset_fwd = $1E93_E93E
[2026-09-14T12:00:29.901] Cog0       revDegrees = 317, offset_rev = $E16C_16C1
[2026-09-14T12:00:29.901] Cog0   - Calc FRAME: frame_cnt = 6_136
[2026-09-14T12:00:29.902] Cog0  * init values dead_gap = 70, pwm_limit = 3_033, adc_fram = 6_136, duty_min = 1_600, duty_max = 24_264
[2026-09-14T12:00:29.902] Cog0  *      values duty_up = 18, duty_dn = 4, cfg_ctcks = 135_000
[2026-09-14T12:00:29.902] Cog0  *VAL* legalVoltage = 6
[2026-09-14T12:00:29.902] Cog0  * ENTRY CFG selectedPower = 6
[2026-09-14T12:00:29.903] Cog0  * EXIT 2 CFG eUserSelectedVolts = 6 maxFwdIncreAtPwr = 147_000_000 minFwdIncreAtPwr = 544_628
[2026-09-14T12:00:29.903] Cog0  -MOT- inincr = 0 nTgtIncr = $0000_0000 0 sync = 0
[2026-09-14T12:00:29.908] Cog0  * Motor COG #2
[2026-09-14T12:00:29.908] Cog2  INIT $0000_642E $0000_906F load
[2026-09-14T12:00:29.909] Cog3  INIT $0000_0FA8 $0000_8F67 jump
[2026-09-14T12:00:29.925] Cog0  BLDC: getBoardType() driver running, not measured; returning revision recorded at start 22
[2026-09-14T12:00:30.931] Cog0  -MOT- inincr = 73_500_000 nTgtIncr = $0461_8560 0 sync = 0
[2026-09-14T12:00:37.255] Cog0  -MOT- inincr = 0 nTgtIncr = $0000_0000 0 sync = 0
[2026-09-14T12:00:38.017] Cog0  BC-SHEET,row,6,name,HOLD 6 of 9 - LEFT MOTOR + INCREMENT 1/2 SPEED (motor frame, robot forward)
[2026-09-14T12:00:38.019] Cog0  BC-START,hold,5,motor,LEFT,cog,2,sense_cog,3,board_rev,22,board_id,REV_B,dead_gap,70,pwm_limit,3_033,duty_min,1_600,duty_max,24_264,adc_frame,6_136,frame_cnt,6_136
[2026-09-14T12:00:38.021] Cog0  BC-HOLD,hold,5,motor,LEFT,incre,73_500_000,robot_dir,FWD,frame,MOTOR,rung,HALF,result,OK,at_speed,TRUE,steady_ms,1_322,steady_src,RAMPED,steady_rate,196,stopped,TRUE
[2026-09-14T12:00:38.022] Cog0  BC-SENSE,hold,5,samples,591,win_ms,3_004,zero_samples,200,raw_mV_x10,4_813,zero_mV_x10,79,net_mV_x10,4_734,min_mV,430,max_mV,533,amps_x10k,32_094,watts_mW,59_374
[2026-09-14T12:00:38.025] Cog0  BC-MOTION,hold,5,rpm,131,ticks,590,rate_x10,1_964,neg_deg,43,pos_deg,317,duty_mean,16_050,err_mean,49,missed,0,illegal,0,drv_state,1
[2026-09-14T12:00:38.025] Cog0  --- pinSum = 98, 64010 Rev B, highTimeUs = 72
[2026-09-14T12:00:38.025] Cog0  MOT: fwdDegrees = 43, offset_fwd = $1E93_E93E
[2026-09-14T12:00:38.025] Cog0       revDegrees = 317, offset_rev = $E16C_16C1
[2026-09-14T12:00:38.026] Cog0   - Calc FRAME: frame_cnt = 6_136
[2026-09-14T12:00:38.026] Cog0  * init values dead_gap = 70, pwm_limit = 3_033, adc_fram = 6_136, duty_min = 1_600, duty_max = 24_264
[2026-09-14T12:00:38.027] Cog0  *      values duty_up = 18, duty_dn = 4, cfg_ctcks = 135_000
[2026-09-14T12:00:38.027] Cog0  *VAL* legalVoltage = 6
[2026-09-14T12:00:38.027] Cog0  * ENTRY CFG selectedPower = 6
[2026-09-14T12:00:38.027] Cog0  * EXIT 2 CFG eUserSelectedVolts = 6 maxFwdIncreAtPwr = 147_000_000 minFwdIncreAtPwr = 544_628
[2026-09-14T12:00:38.028] Cog0  -MOT- inincr = 0 nTgtIncr = $0000_0000 0 sync = 0
[2026-09-14T12:00:38.033] Cog0  * Motor COG #2
[2026-09-14T12:00:38.033] Cog2  INIT $0000_642E $0000_906F load
[2026-09-14T12:00:38.033] Cog3  INIT $0000_0FA8 $0000_8F67 jump
[2026-09-14T12:00:38.049] Cog0  BLDC: getBoardType() driver running, not measured; returning revision recorded at start 22
[2026-09-14T12:00:39.056] Cog0  -MOT- inincr = -73_500_000 nTgtIncr = $7B9E_7AA0 0 sync = 0
[2026-09-14T12:00:45.379] Cog0  -MOT- inincr = 0 nTgtIncr = $0000_0000 0 sync = 0
[2026-09-14T12:00:46.137] Cog0  BC-SHEET,row,7,name,HOLD 7 of 9 - LEFT MOTOR - INCREMENT 1/2 SPEED (motor frame, robot reverse)
[2026-09-14T12:00:46.139] Cog0  BC-START,hold,6,motor,LEFT,cog,2,sense_cog,3,board_rev,22,board_id,REV_B,dead_gap,70,pwm_limit,3_033,duty_min,1_600,duty_max,24_264,adc_frame,6_136,frame_cnt,6_136
[2026-09-14T12:00:46.140] Cog0  BC-HOLD,hold,6,motor,LEFT,incre,-73_500_000,robot_dir,REV,frame,MOTOR,rung,HALF,result,OK,at_speed,TRUE,steady_ms,1_321,steady_src,RAMPED,steady_rate,196,stopped,TRUE
[2026-09-14T12:00:46.141] Cog0  BC-SENSE,hold,6,samples,591,win_ms,3_004,zero_samples,200,raw_mV_x10,9_319,zero_mV_x10,82,net_mV_x10,9_237,min_mV,873,max_mV,1_006,amps_x10k,62_137,watts_mW,114_953
[2026-09-14T12:00:46.144] Cog0  BC-MOTION,hold,6,rpm,131,ticks,590,rate_x10,1_964,neg_deg,43,pos_deg,317,duty_mean,18_791,err_mean,-48,missed,0,illegal,0,drv_state,1
[2026-09-14T12:00:46.145] Cog0  --- pinSum = 97, 64010 Rev B, highTimeUs = 71
[2026-09-14T12:00:46.145] Cog0  MOT: fwdDegrees = 43, offset_fwd = $1E93_E93E
[2026-09-14T12:00:46.145] Cog0       revDegrees = 317, offset_rev = $E16C_16C1
[2026-09-14T12:00:46.145] Cog0   - Calc FRAME: frame_cnt = 6_136
[2026-09-14T12:00:46.146] Cog0  * init values dead_gap = 70, pwm_limit = 3_033, adc_fram = 6_136, duty_min = 1_600, duty_max = 24_264
[2026-09-14T12:00:46.146] Cog0  *      values duty_up = 18, duty_dn = 4, cfg_ctcks = 135_000
[2026-09-14T12:00:46.146] Cog0  *VAL* legalVoltage = 6
[2026-09-14T12:00:46.147] Cog0  * ENTRY CFG selectedPower = 6
[2026-09-14T12:00:46.147] Cog0  * EXIT 2 CFG eUserSelectedVolts = 6 maxFwdIncreAtPwr = 147_000_000 minFwdIncreAtPwr = 544_628
[2026-09-14T12:00:46.147] Cog0  -MOT- inincr = 0 nTgtIncr = $0000_0000 0 sync = 0
[2026-09-14T12:00:46.153] Cog0  * Motor COG #2
[2026-09-14T12:00:46.153] Cog2  INIT $0000_642E $0000_939F load
[2026-09-14T12:00:46.153] Cog3  INIT $0000_0FA8 $0000_9297 jump
[2026-09-14T12:00:46.169] Cog0  BLDC: getBoardType() driver running, not measured; returning revision recorded at start 22
[2026-09-14T12:00:47.175] Cog0  -MOT- inincr = 73_500_000 nTgtIncr = $0461_8560 0 sync = 0
[2026-09-14T12:00:53.499] Cog0  -MOT- inincr = 0 nTgtIncr = $0000_0000 0 sync = 0
[2026-09-14T12:00:54.257] Cog0  BC-SHEET,row,8,name,HOLD 8 of 9 - RIGHT MOTOR + INCREMENT 1/2 SPEED (motor frame, robot reverse)
[2026-09-14T12:00:54.258] Cog0  BC-START,hold,7,motor,RIGHT,cog,2,sense_cog,3,board_rev,22,board_id,REV_B,dead_gap,70,pwm_limit,3_033,duty_min,1_600,duty_max,24_264,adc_frame,6_136,frame_cnt,6_136
[2026-09-14T12:00:54.260] Cog0  BC-HOLD,hold,7,motor,RIGHT,incre,73_500_000,robot_dir,REV,frame,MOTOR,rung,HALF,result,OK,at_speed,TRUE,steady_ms,1_321,steady_src,RAMPED,steady_rate,196,stopped,TRUE
[2026-09-14T12:00:54.262] Cog0  BC-SENSE,hold,7,samples,591,win_ms,3_004,zero_samples,200,raw_mV_x10,4_959,zero_mV_x10,3,net_mV_x10,4_956,min_mV,436,max_mV,562,amps_x10k,33_055,watts_mW,61_153
[2026-09-14T12:00:54.264] Cog0  BC-MOTION,hold,7,rpm,131,ticks,590,rate_x10,1_964,neg_deg,43,pos_deg,317,duty_mean,16_043,err_mean,48,missed,0,illegal,0,drv_state,1
[2026-09-14T12:00:54.264] Cog0  --- pinSum = 98, 64010 Rev B, highTimeUs = 72
[2026-09-14T12:00:54.264] Cog0  MOT: fwdDegrees = 43, offset_fwd = $1E93_E93E
[2026-09-14T12:00:54.265] Cog0       revDegrees = 317, offset_rev = $E16C_16C1
[2026-09-14T12:00:54.265] Cog0   - Calc FRAME: frame_cnt = 6_136
[2026-09-14T12:00:54.266] Cog0  * init values dead_gap = 70, pwm_limit = 3_033, adc_fram = 6_136, duty_min = 1_600, duty_max = 24_264
[2026-09-14T12:00:54.266] Cog0  *      values duty_up = 18, duty_dn = 4, cfg_ctcks = 135_000
[2026-09-14T12:00:54.266] Cog0  *VAL* legalVoltage = 6
[2026-09-14T12:00:54.266] Cog0  * ENTRY CFG selectedPower = 6
[2026-09-14T12:00:54.267] Cog0  * EXIT 2 CFG eUserSelectedVolts = 6 maxFwdIncreAtPwr = 147_000_000 minFwdIncreAtPwr = 544_628
[2026-09-14T12:00:54.267] Cog0  -MOT- inincr = 0 nTgtIncr = $0000_0000 0 sync = 0
[2026-09-14T12:00:54.272] Cog0  * Motor COG #2
[2026-09-14T12:00:54.272] Cog2  INIT $0000_642E $0000_939F load
[2026-09-14T12:00:54.273] Cog3  INIT $0000_0FA8 $0000_9297 jump
[2026-09-14T12:00:54.288] Cog0  BLDC: getBoardType() driver running, not measured; returning revision recorded at start 22
[2026-09-14T12:00:55.295] Cog0  -MOT- inincr = -73_500_000 nTgtIncr = $7B9E_7AA0 0 sync = 0
[2026-09-14T12:01:01.618] Cog0  -MOT- inincr = 0 nTgtIncr = $0000_0000 0 sync = 0
[2026-09-14T12:01:02.381] Cog0  BC-SHEET,row,9,name,HOLD 9 of 9 - RIGHT MOTOR - INCREMENT 1/2 SPEED (motor frame, robot forward)
[2026-09-14T12:01:02.383] Cog0  BC-START,hold,8,motor,RIGHT,cog,2,sense_cog,3,board_rev,22,board_id,REV_B,dead_gap,70,pwm_limit,3_033,duty_min,1_600,duty_max,24_264,adc_frame,6_136,frame_cnt,6_136
[2026-09-14T12:01:02.385] Cog0  BC-HOLD,hold,8,motor,RIGHT,incre,-73_500_000,robot_dir,FWD,frame,MOTOR,rung,HALF,result,OK,at_speed,TRUE,steady_ms,1_322,steady_src,RAMPED,steady_rate,196,stopped,TRUE
[2026-09-14T12:01:02.386] Cog0  BC-SENSE,hold,8,samples,591,win_ms,3_004,zero_samples,200,raw_mV_x10,9_117,zero_mV_x10,4,net_mV_x10,9_113,min_mV,849,max_mV,991,amps_x10k,60_783,watts_mW,112_449
[2026-09-14T12:01:02.387] Cog0  BC-MOTION,hold,8,rpm,131,ticks,590,rate_x10,1_964,neg_deg,43,pos_deg,317,duty_mean,18_350,err_mean,-49,missed,0,illegal,0,drv_state,1
[2026-09-14T12:01:02.388] [ROUTING ERROR: Binary data in COG message]
[2026-09-14T12:01:02.388] [BINARY DATA: 48 bytes - displaying as hex]
[2026-09-14T12:01:02.388]   0000: 43 6F 67 32 20 20 49 4E FF 43 6F 67 32 20 20 49  |Cog2  IN.Cog2  I|
[2026-09-14T12:01:02.388]   0010: 4E 49 54 20 24 30 30 30 30 5F 30 46 41 38 20 24  |NIT $0000_0FA8 $|
[2026-09-14T12:01:02.388]   0020: 30 30 30 30 5F 38 39 35 43 20 6A 75 6D 70 0D 0A  |0000_895C jump..|Cog3  INIT $0000_0FA8 $0000_89DC jump
[2026-09-14T12:01:02.388] Cog4  INIT $0000_0FA8 $0000_8A5C jump
[2026-09-14T12:01:02.388] Cog5  INIT $0000_0FA8 $0000_8ADC jump
[2026-09-14T12:01:02.389] Cog6  INIT $0000_0FA8 $0000_8B5C jump
[2026-09-14T12:01:02.389] Cog0  --- pinSum = 98, 64010 Rev B, highTimeUs = 72
[2026-09-14T12:01:02.389] Cog0  MOT: fwdDegrees = 43, offset_fwd = $1E93_E93E
[2026-09-14T12:01:02.390] Cog0       revDegrees = 317, offset_rev = $E16C_16C1
[2026-09-14T12:01:02.390] Cog0   - Calc FRAME: frame_cnt = 6_136
[2026-09-14T12:01:02.390] Cog0  * init values dead_gap = 70, pwm_limit = 3_033, adc_fram = 6_136, duty_min = 1_600, duty_max = 24_264
[2026-09-14T12:01:02.391] Cog0  *      values duty_up = 18, duty_dn = 4, cfg_ctcks = 135_000
[2026-09-14T12:01:02.391] Cog0  *VAL* legalVoltage = 6
[2026-09-14T12:01:02.391] Cog0  * ENTRY CFG selectedPower = 6
[2026-09-14T12:01:02.392] Cog0  * EXIT 2 CFG eUserSelectedVolts = 6 maxFwdIncreAtPwr = 147_000_000 minFwdIncreAtPwr = 544_628
[2026-09-14T12:01:02.392] Cog0  -MOT- inincr = 0 nTgtIncr = $0000_0000 0 sync = 0
[2026-09-14T12:01:02.392] Cog0  * Motor COG #7
[2026-09-14T12:01:02.394] Cog7  INIT $0000_642E $0000_9857 load
[2026-09-14T12:01:02.394] Cog0  --- pinSum = 97, 64010 Rev B, highTimeUs = 71
[2026-09-14T12:01:02.394] Cog0  MOT: fwdDegrees = 43, offset_fwd = $1E93_E93E
[2026-09-14T12:01:02.394] Cog0       revDegrees = 317, offset_rev = $E16C_16C1
[2026-09-14T12:01:02.395] Cog0   - Calc FRAME: frame_cnt = 6_136
[2026-09-14T12:01:02.395] Cog0  * init values dead_gap = 70, pwm_limit = 3_033, adc_fram = 6_136, duty_min = 1_600, duty_max = 24_264
[2026-09-14T12:01:02.395] Cog0  *      values duty_up = 18, duty_dn = 4, cfg_ctcks = 135_000
[2026-09-14T12:01:02.396] Cog0  *VAL* legalVoltage = 6
[2026-09-14T12:01:02.396] Cog0  * ENTRY CFG selectedPower = 6
[2026-09-14T12:01:02.397] Cog0  * EXIT 2 CFG eUserSelectedVolts = 6 maxFwdIncreAtPwr = 147_000_000 minFwdIncreAtPwr = 544_628
[2026-09-14T12:01:02.397] Cog0  -MOT- inincr = 0 nTgtIncr = $0000_0000 0 sync = 0
[2026-09-14T12:01:02.397] Cog0  !! ERROR filed to start Motor Control task
[2026-09-14T12:01:02.399] Cog0  !! ERROR filed to start left/right drive cog(s)
[2026-09-14T12:01:02.407] [ROUTING ERROR: Binary data in COG message]
[2026-09-14T12:01:02.407] [BINARY DATA: 1296 bytes - displaying as hex]
[2026-09-14T12:01:02.407]   0000: 43 6F 67 32 20 20 49 4E FF 4F 4B 4F 6F 4F 6F 4F  |Cog2  IN.OKOoOoO|
[2026-09-14T12:01:02.407]   0010: 79 4F 69 4F 69 4F 6D 4F 6D 4F 6D 4F 69 4F 79 4F  |yOiOiOmOmOmOiOyO|
[2026-09-14T12:01:02.407]   0020: 69 4F 6F 4F 5B 4F 7D 4F 6D 4F 69 4F 7D 4F 69 4F  |iOoO[O}OmOiO}OiO|
[2026-09-14T12:01:02.407]   0030: 79 4F 79 4F 6D 4F 69 4F 7F 4F 7D 4F 79 4F 79 4F  |yOyOmOiO.O}OyOyO|
[2026-09-14T12:01:02.407]   0040: 79 4F 69 4F 5B 4F 6D 4F 7F 4F 69 4F 4B 4F 6D 4F  |yOiO[OmO.OiOKOmO|
[2026-09-14T12:01:02.407]   0050: 69 4F 69 4F 69 4F 6F 4F 69 4F 5D 4F 69 4F 6D 4F  |iOiOiOoOiO]OiOmO|
[2026-09-14T12:01:02.407]   0060: 6D 4F 5D 4F 7B 4F 69 4F 7D 4F 69 4F 7F 4F 7B 4F  |mO]O{OiO}OiO.O{O|
[2026-09-14T12:01:02.407]   0070: 4D 4F 4B 4F 4B 4F 6F 4F 6F 4F 79 4F 69 4F 69 4F  |MOKOKOoOoOyOiOiO|
[2026-09-14T12:01:02.407]   0080: 4D 4F 4F 4F 5D 4F 7B 4F 69 4F 6F 4F 7F 4F 6D 4F  |MOOO]O{OiOoO.OmO|
[2026-09-14T12:01:02.407]   0090: 4D 4F 6D 4F 6F 4F 7B 4F 6D 4F 6D 4F 7B 4F 69 4F  |MOmOoO{OmOmO{OiO|
[2026-09-14T12:01:02.407]   00A0: 7D 4F 69 4F 7D 4F 7B 4F 6D 4F 69 4F 6F 4F 6F 4F  |}OiO}O{OmOiOoOoO|
[2026-09-14T12:01:02.407]   00B0: 6F 4F 7B 4F 6D 4F 7D 4F 5F 4F 6F 4F 7F 4F 6D 4F  |oO{OmO}O_OoO.OmO|
[2026-09-14T12:01:02.407]   00C0: 69 4F 7D 4F 69 4F 6D 4F 79 4F 4D 4F 79 4F 7B 4F  |iO}OiOmOyOMOyO{O|
[2026-09-14T12:01:02.407]   00D0: 5F 4F 4D 4F 79 4F 7B 4F 4D 4F 4D 4F 4B 4F 4B 4F  |_OMOyO{OMOMOKOKO|
[2026-09-14T12:01:02.408]   00E0: 6F 4F 6F 4F 79 4F 69 4F 69 4F 69 4F 69 4F 69 4F  |oOoOyOiOiOiOiOiO|
[2026-09-14T12:01:02.408]   00F0: 69 4F 69 4F 7B 4F 6D 4F 7F 4F 4D 4F 6D 4F 6F 4F  |iOiO{OmO.OMOmOoO|
[2026-09-14T12:01:02.408]   0100: 7B 4F 6D 4F 6D 4F 7B 4F 69 4F 7D 4F 69 4F 7B 4F  |{OmOmO{OiO}OiO{O|
[2026-09-14T12:01:02.408]   0110: 79 4F 7F 4F 6D 4F 69 4F 6F 4F 6F 4F 6F 4F 7B 4F  |yO.OmOiOoOoOoO{O|
[2026-09-14T12:01:02.408]   0120: 6D 4F 7D 4F 5F 4F 7B 4F 6D 4F 7F 4F 69 4F 7D 4F  |mO}O_O{OmO.OiO}O|
[2026-09-14T12:01:02.408]   0130: 69 4F 6D 4F 4D 4F 79 4F 7F 4F 4B 4F 5F 4F 79 4F  |iOmOMOyO.OKO_OyO|
[2026-09-14T12:01:02.408]   0140: 7F 4F 4B 4F 79 4F 4D 4F 4B 4F 4B 4F 6F 4F 6F 4F  |.OKOyOMOKOKOoOoO|
[2026-09-14T12:01:02.408]   0150: 79 4F 69 4F 69 4F 69 4F 6D 4F 69 4F 4B 4F 69 4F  |yOiOiOiOmOiOKOiO|
[2026-09-14T12:01:02.408]   0160: 6D 4F 6B 4F 69 4F 4F 4F 5B 4F 49 4F 4D 4F 4D 4F  |mOkOiOOO[OIOMOMO|
[2026-09-14T12:01:02.408]   0170: 7B 4F 69 4F 6F 4F 7B 4F 69 4F 6D 4F 6D 4F 5F 4F  |{OiOoO{OiOmOmO_O|
[2026-09-14T12:01:02.408]   0180: 6B 4F 6F 4F 7D 4F 69 4F 7D 4F 69 4F 7F 4F 5F 4F  |kOoO}OiO}OiO.O_O|
[2026-09-14T12:01:02.408]   0190: 79 4F 7B 4F 7F 4F 4D 4F 4B 4F 4B 4F 6F 4F 6F 4F  |yO{O.OMOKOKOoOoO|
[2026-09-14T12:01:02.408]   01A0: 79 4F 69 4F 69 4F 6B 4F 69 4F 69 4F 6F 4F 69 4F  |yOiOiOkOiOiOoOiO|
[2026-09-14T12:01:02.408]   01B0: 7D 4F 69 4F 7F 4F 69 4F 6D 4F 7D 4F 6D 4F 7B 4F  |}OiO.OiOmO}OmO{O|
[2026-09-14T12:01:02.408]   01C0: 69 4F 6D 4F 6D 4F 69 4F 6D 4F 5F 4F 6F 4F 69 4F  |iOmOmOiOmO_OoOiO|
[2026-09-14T12:01:02.408]   01D0: 79 4F 69 4F 7D 4F 69 4F 7F 4F 79 4F 6D 4F 69 4F  |yOiO}OiO.OyOmOiO|
[2026-09-14T12:01:02.408]   01E0: 79 4F 7F 4F 6D 4F 5F 4F 6D 4F 69 4F 6D 4F 69 4F  |yO.OmO_OmOiOmOiO|
[2026-09-14T12:01:02.408]   01F0: 7D 4F 69 4F 7D 4F 69 4F 7B 4F 5F 4F 79 4F 7B 4F  |}OiO}OiO{O_OyO{O|
[2026-09-14T12:01:02.408]   0200: 7B 4F 6D 4F 69 4F 69 4F 6D 4F 6B 4F 5F 4F 6F 4F  |{OmOiOiOmOkO_OoO|
[2026-09-14T12:01:02.408]   0210: 7B 4F 69 4F 6D 4F 69 4F 7D 4F 69 4F 7F 4F 5F 4F  |{OiOmOiO}OiO.O_O|
[2026-09-14T12:01:02.408]   0220: 79 4F 7B 4F 7F 4F 6D 4F 69 4F 6D 4F 7D 4F 7D 4F  |yO{O.OmOiOmO}O}O|
[2026-09-14T12:01:02.408]   0230: 79 4F 5F 4F 6D 4F 69 4F 6F 4F 69 4F 7D 4F 69 4F  |yO_OmOiOoOiO}OiO|
[2026-09-14T12:01:02.408]   0240: 79 4F 5F 4F 7F 4F 79 4F 79 4F 6D 4F 69 4F 6D 4F  |yO_O.OyOyOmOiOmO|
[2026-09-14T12:01:02.408]   0250: 7D 4F 7D 4F 79 4F 5F 4F 6D 4F 69 4F 79 4F 69 4F  |}O}OyO_OmOiOyOiO|
[2026-09-14T12:01:02.408]   0260: 7D 4F 69 4F 7B 4F 7D 4F 5F 4F 7B 4F 7F 4F 7D 4F  |}OiO{O}O_O{O.O}O|
[2026-09-14T12:01:02.408]   0270: 4D 4F 4B 4F 4B 4F 6F 4F 6F 4F 79 4F 69 4F 69 4F  |MOKOKOoOoOyOiOiO|
[2026-09-14T12:01:02.408]   0280: 6B 4F 69 4F 69 4F 69 4F 69 4F 69 4F 69 4F 7F 4F  |kOiOiOiOiOiOiO.O|
[2026-09-14T12:01:02.408]   0290: 69 4F 6D 4F 7D 4F 6D 4F 7B 4F 69 4F 6D 4F 7D 4F  |iOmO}OmO{OiOmO}O|
[2026-09-14T12:01:02.408]   02A0: 7D 4F 79 4F 5F 4F 7D 4F 79 4F 69 4F 7D 4F 69 4F  |}OyO_O}OyOiO}OiO|
[2026-09-14T12:01:02.408]   02B0: 79 4F 79 4F 6D 4F 69 4F 6D 4F 7D 4F 7D 4F 79 4F  |yOyOmOiOmO}O}OyO|
[2026-09-14T12:01:02.408]   02C0: 5F 4F 6D 4F 6F 4F 69 4F 7D 4F 69 4F 7D 4F 6D 4F  |_OmOoOiO}OiO}OmO|
[2026-09-14T12:01:02.408]   02D0: 69 4F 6B 4F 6F 4F 6F 4F 5F 4F 6B 4F 7D 4F 6B 4F  |iOkOoOoO_OkO}OkO|
[2026-09-14T12:01:02.408]   02E0: 6B 4F 7B 4F 69 4F 7D 4F 69 4F 79 4F 7B 4F 7D 4F  |kO{OiO}OiOyO{O}O|
[2026-09-14T12:01:02.408]   02F0: 5F 4F 79 4F 79 4F 79 4F 4D 4F 4B 4F 4B 4F 6F 4F  |_OyOyOyOMOKOKOoO|
[2026-09-14T12:01:02.408]   0300: 6F 4F 79 4F 69 4F 69 4F 6B 4F 5F 4F 49 4F 4D 4F  |oOyOiOiOkO_OIOMO|
[2026-09-14T12:01:02.408]   0310: 6B 4F 69 4F 6D 4F 6D 4F 6F 4F 69 4F 6D 4F 5F 4F  |kOiOmOmOoOiOmO_O|
[2026-09-14T12:01:02.408]   0320: 6F 4F 6D 4F 7D 4F 69 4F 6F 4F 6D 4F 69 4F 7D 4F  |oOmO}OiOoOmOiO}O|
[2026-09-14T12:01:02.408]   0330: 69 4F 7F 4F 4D 4F 4B 4F 4B 4F 6F 4F 6F 4F 79 4F  |iO.OMOKOKOoOoOyO|
[2026-09-14T12:01:02.408]   0340: 69 4F 69 4F 6B 4F 69 4F 4D 4F 4F 4F 5D 4F 5B 4F  |iOiOkOiOMOOO]O[O|
[2026-09-14T12:01:02.408]   0350: 59 4F 69 4F 4B 4F 4F 4F 4F 4F 69 4F 7B 4F 6D 4F  |YOiOKOOOOOiO{OmO|
[2026-09-14T12:01:02.408]   0360: 6D 4F 6D 4F 6B 4F 7D 4F 6D 4F 6D 4F 59 4F 6F 4F  |mOmOkO}OmOmOYOoO|
[2026-09-14T12:01:02.408]   0370: 7F 4F 6D 4F 7B 4F 69 4F 7D 4F 69 4F 7F 4F 4D 4F  |.OmO{OiO}OiO.OMO|
[2026-09-14T12:01:02.408]   0380: 4B 4F 4B 4F 6F 4F 6F 4F 79 4F 69 4F 69 4F 6B 4F  |KOKOoOoOyOiOiOkO|
[2026-09-14T12:01:02.408]   0390: 69 4F 4D 4F 59 4F 49 4F 5D 4F 69 4F 7B 4F 69 4F  |iOMOYOIO]OiO{OiO|
[2026-09-14T12:01:02.408]   03A0: 4B 4F 4F 4F 4F 4F 69 4F 6D 4F 5D 4F 7B 4F 6D 4F  |KOOOOOiOmO]O{OmO|
[2026-09-14T12:01:02.408]   03B0: 7B 4F 5B 4F 6D 4F 6D 4F 6D 4F 6B 4F 7D 4F 6D 4F  |{O[OmOmOmOkO}OmO|
[2026-09-14T12:01:02.408]   03C0: 6D 4F 5F 4F 6F 4F 6D 4F 7D 4F 7B 4F 69 4F 7D 4F  |mO_OoOmO}O{OiO}O|
[2026-09-14T12:01:02.408]   03D0: 69 4F 7F 4F 69 4F 6D 4F 69 4F 79 4F 4F 4F 7F 4F  |iO.OiOmOiOyOOO.O|
[2026-09-14T12:01:02.408]   03E0: 6D 4F 49 4F 6F 4F 6B 4F 7B 4F 6D 4F 49 4F 7D 4F  |mOIOoOkO{OmOIO}O|
[2026-09-14T12:01:02.408]   03F0: 59 4F 7F 4F 7B 4F 69 4F 7D 4F 69 4F 79 4F 7D 4F  |YO.O{OiO}OiOyO}O|
[2026-09-14T12:01:02.408]   0400: 7F 4F 5F 4F 79 4F 79 4F 79 4F 5F 4F 79 4F 79 4F  |.O_OyOyOyO_OyOyO|
[2026-09-14T12:01:02.408]   0410: 79 4F 69 4F 6D 4F 69 4F 6F 4F 4F 4F 7F 4F 6D 4F  |yOiOmOiOoOOO.OmO|
[2026-09-14T12:01:02.408]   0420: 49 4F 6F 4F 6B 4F 7B 4F 6D 4F 49 4F 7D 4F 59 4F  |IOoOkO{OmOIO}OYO|
[2026-09-14T12:01:02.408]   0430: 7F 4F 7B 4F 69 4F 7D 4F 69 4F 7D 4F 7D 4F 7D 4F  |.O{OiO}OiO}O}O}O|
[2026-09-14T12:01:02.408]   0440: 5F 4F 7F 4F 7B 4F 79 4F 4D 4F 4B 4F 4B 4F 6F 4F  |_O.O{OyOMOKOKOoO|
[2026-09-14T12:01:02.408]   0450: 6F 4F 79 4F 69 4F 69 4F 6D 4F 4D 4F 4F 4F 5D 4F  |oOyOiOiOmOMOOO]O|
[2026-09-14T12:01:02.408]   0460: 6D 4F 69 4F 69 4F 6F 4F 69 4F 6F 4F 6B 4F 7B 4F  |mOiOiOoOiOoOkO{O|
[2026-09-14T12:01:02.408]   0470: 69 4F 7D 4F 69 4F 79 4F 69 4F 6F 4F 5D 4F 6F 4F  |iO}OiOyOiOoO]OoO|
[2026-09-14T12:01:02.408]   0480: 7D 4F 49 4F 6F 4F 6B 4F 7B 4F 69 4F 7D 4F 69 4F  |}OIOoOkO{OiO}OiO|
[2026-09-14T12:01:02.408]   0490: 6D 4F 79 4F 79 4F 79 4F 79 4F 5F 4F 79 4F 79 4F  |mOyOyOyOyO_OyOyO|
[2026-09-14T12:01:02.408]   04A0: 79 4F 79 4F 69 4F 79 4F 69 4F 7B 4F 79 4F 6F 4F  |yOyOiOyOiO{OyOoO|
[2026-09-14T12:01:02.408]   04B0: 6B 4F 69 4F 7D 4F 69 4F 79 4F 4D 4F 4B 4F 4B 4F  |kOiO}OiOyOMOKOKO|
[2026-09-14T12:01:02.408]   04C0: 6F 4F 6F 4F 79 4F 69 4F 69 4F 6B 4F 69 4F 4D 4F  |oOoOyOiOiOkOiOMO|
[2026-09-14T12:01:02.408]   04D0: 6F 4F 7D 4F 6F 4F 7B 4F 69 4F 4B 4F 4F 4F 4F 4F  |oO}OoO{OiOKOOOOO|
[2026-09-14T12:01:02.408]   04E0: 69 4F 6B 4F 7B 4F 4D 4F 4B 43 6F 67 32 20 20 49  |iOkO{OMOKCog2  I|
[2026-09-14T12:01:02.408]   04F0: 4E 49 54 20 24 30 30 30 30 5F 36 34 32 45 20 24  |NIT $0000_642E $|
[2026-09-14T12:01:02.408]   0500: 30 30 30 30 5F 39 30 36 46 20 6C 6F 61 64 0D 0A  |0000_906F load..|Cog0  --- pinSum = 97, 64010 Rev B, highTimeUs = 71
[2026-09-14T12:01:02.408] Cog0  MOT: fwdDegrees = 43, offset_fwd = $1E93_E93E
[2026-09-14T12:01:02.408] Cog0       revDegrees = 317, offset_rev = $E16C_16C1
[2026-09-14T12:01:02.408] Cog0   - Calc FRAME: frame_cnt = 6_136
[2026-09-14T12:01:02.409] Cog0  * init values dead_gap = 70, pwm_limit = 3_033, adc_fram = 6_136, duty_min = 1_600, duty_max = 24_264
[2026-09-14T12:01:02.409] Cog0  *      values duty_up = 18, duty_dn = 4, cfg_ctcks = 135_000
[2026-09-14T12:01:02.409] Cog0  *VAL* legalVoltage = 6
[2026-09-14T12:01:02.410] Cog0  * ENTRY CFG selectedPower = 6
[2026-09-14T12:01:02.410] Cog0  * EXIT 2 CFG eUserSelectedVolts = 6 maxFwdIncreAtPwr = 147_000_000 minFwdIncreAtPwr = 544_628
[2026-09-14T12:01:02.412] Cog0  -MOT- inincr = 0 nTgtIncr = $0000_0000 0 sync = 0
[2026-09-14T12:01:02.412] Cog0  * Motor COG #3
[2026-09-14T12:01:02.412] [BINARY DATA: 58 bytes - displaying as hex]
[2026-09-14T12:01:02.412]   0000: 43 6F 67 33 FF 43 6F 67 30 20 20 2D 2D 2D 20 70  |Cog3.Cog0  --- p|
[2026-09-14T12:01:02.412]   0010: 69 6E 53 75 6D 20 3D 20 39 39 2C 20 36 34 30 31  |inSum = 99, 6401|
[2026-09-14T12:01:02.412]   0020: 30 20 52 65 76 20 42 2C 20 68 69 67 68 54 69 6D  |0 Rev B, highTim|
[2026-09-14T12:01:02.413]   0030: 65 55 73 20 3D 20 37 33 0D 0A                    |eUs = 73..      |Cog0  MOT: fwdDegrees = 43, offset_fwd = $1E93_E93E
[2026-09-14T12:01:02.413] Cog0       revDegrees = 317, offset_rev = $E16C_16C1
[2026-09-14T12:01:02.413] Cog0   - Calc FRAME: frame_cnt = 6_136
[2026-09-14T12:01:02.413] Cog0  * init values dead_gap = 70, pwm_limit = 3_033, adc_fram = 6_136, duty_min = 1_600, duty_max = 24_264
[2026-09-14T12:01:02.413] Cog0  *      values duty_up = 18, duty_dn = 4, cfg_ctcks = 135_000
[2026-09-14T12:01:02.414] Cog0  *VAL* legalVoltage = 6
[2026-09-14T12:01:02.414] Cog0  * ENTRY CFG selectedPower = 6
[2026-09-14T12:01:02.414] Cog0  * EXIT 2 CFG eUserSelectedVolts = 6 maxFwdIncreAtPwr = 147_000_000 minFwdIncreAtPwr = 544_628
[2026-09-14T12:01:02.415] Cog0  -MOT- inincr = 0 nTgtIncr = $0000_0000 0 sync = 0
[2026-09-14T12:01:02.415] Cog0  * Motor COG #2
[2026-09-14T12:01:02.416] Cog2  INIT $0000_642E $0000_9857 load
[2026-09-14T12:01:02.417] Cog0  --- pinSum = 98, 64010 Rev B, highTimeUs = 72
[2026-09-14T12:01:02.417] Cog0  MOT: fwdDegrees = 43, offset_fwd = $1E93_E93E
[2026-09-14T12:01:02.417] Cog0       revDegrees = 317, offset_rev = $E16C_16C1
[2026-09-14T12:01:02.418] Cog0   - Calc FRAME: frame_cnt = 6_136
[2026-09-14T12:01:02.418] Cog0  * init values dead_gap = 70, pwm_limit = 3_033, adc_fram = 6_136, duty_min = 1_600, duty_max = 24_264
[2026-09-14T12:01:02.418] Cog0  *      values duty_up = 18, duty_dn = 4, cfg_ctcks = 135_000
[2026-09-14T12:01:02.418] Cog0  *VAL* legalVoltage = 6
[2026-09-14T12:01:02.419] Cog0  * ENTRY CFG selectedPower = 6
[2026-09-14T12:01:02.419] Cog0  * EXIT 2 CFG eUserSelectedVolts = 6 maxFwdIncreAtPwr = 147_000_000 minFwdIncreAtPwr = 544_628
[2026-09-14T12:01:02.420] Cog0  -MOT- inincr = 0 nTgtIncr = $0000_0000 0 sync = 0
[2026-09-14T12:01:02.420] Cog0  * Motor COG #3
[2026-09-14T12:01:02.435] Cog3  INIT $0000_642E $0000_9B87 load
[2026-09-14T12:01:02.520] Cog0   sendatn: ltcog = 2 rtcog = 3
[2026-09-14T12:01:02.520] Cog4  INIT $0000_0FA8 $0000_94B8 jump
[2026-09-14T12:01:02.520] Cog0  -MOT- driveAtPowerEx(ltMot) limitPwr = 13, ramp_max = 200_000, ramp_min = 1_500
[2026-09-14T12:01:02.521] Cog0  -MOT- inincr = 18_296_792 nTgtIncr = $8117_2FD8 1 sync = -1
[2026-09-14T12:01:02.521] Cog0  -MOT- driveAtPowerEx(rtMot) limitPwr = 13, ramp_max = 200_000, ramp_min = 1_500
[2026-09-14T12:01:02.537] Cog0  -MOT- inincr = -18_296_792 nTgtIncr = $FEE8_D028 1 sync = -1
[2026-09-14T12:01:02.920] Cog4  - STATE ltMot: dcsSPIN_UP
[2026-09-14T12:01:02.921] Cog4  - STATE rtMot: dcsSPIN_UP
[2026-09-14T12:01:02.921] Cog4  - STATUS ltMot: dsMov
[2026-09-14T12:01:02.921] Cog4  - STATUS rtMot: dsMov
[2026-09-14T12:01:02.936] Cog4  - no FAULT ltMot
[2026-09-14T12:01:02.936] Cog4  - no FAULT rtMot
[2026-09-14T12:01:03.170] Cog4  - STATE ltMot: dcsAT_SPEED
[2026-09-14T12:01:03.186] Cog4  - STATE rtMot: dcsAT_SPEED
[2026-09-14T12:01:03.222] Cog0  -MOT- inincr = 0 nTgtIncr = $0000_0000 0 sync = 0
[2026-09-14T12:01:03.238] Cog0  -MOT- inincr = 0 nTgtIncr = $0000_0000 0 sync = 0
[2026-09-14T12:01:03.295] Cog4  - STATE ltMot: dcsSPIN_DN
[2026-09-14T12:01:03.311] Cog4  - STATE rtMot: dcsSPIN_DN
[2026-09-14T12:01:03.422] Cog0  BC-STEER,steer_fail_return,0,fail_baseline,6,fail_spacers,5,fail_free_after,6,claims_free,TRUE,start_return,0,aborted,DRIVE,l_state,3,r_state,3,both_ready,TRUE,l_ticks_delta,13,r_ticks_delta,13,moved_both,TRUE,stopped,TRUE
[2026-09-14T12:01:03.422] Cog0  --- pinSum = 99, 64010 Rev B, highTimeUs = 73
[2026-09-14T12:01:03.422] Cog0  MOT: fwdDegrees = 43, offset_fwd = $1E93_E93E
[2026-09-14T12:01:03.423] Cog0       revDegrees = 317, offset_rev = $E16C_16C1
[2026-09-14T12:01:03.423] Cog0   - Calc FRAME: frame_cnt = 6_136
[2026-09-14T12:01:03.423] Cog0  * init values dead_gap = 70, pwm_limit = 3_033, adc_fram = 6_136, duty_min = 1_600, duty_max = 24_264
[2026-09-14T12:01:03.424] Cog0  *      values duty_up = 18, duty_dn = 4, cfg_ctcks = 135_000
[2026-09-14T12:01:03.424] Cog0  *VAL* legalVoltage = 6
[2026-09-14T12:01:03.424] Cog0  * ENTRY CFG selectedPower = 6
[2026-09-14T12:01:03.425] Cog0  * EXIT 2 CFG eUserSelectedVolts = 6 maxFwdIncreAtPwr = 147_000_000 minFwdIncreAtPwr = 544_628
[2026-09-14T12:01:03.426] Cog0  -MOT- inincr = 0 nTgtIncr = $0000_0000 0 sync = 0
[2026-09-14T12:01:03.426] Cog0  * Motor COG #2
[2026-09-14T12:01:03.429] [BINARY DATA: 273 bytes - displaying as hex]
[2026-09-14T12:01:03.429]   0000: 43 6F E7 07 43 07 6F 07 67 07 31 07 21 07 21 07  |Co..C.o.g.1.!.!.|
[2026-09-14T12:01:03.429]   0010: 43 07 43 07 2D 07 43 07 53 07 41 07 4B 07 45 07  |C.C.-.C.S.A.K.E.|
[2026-09-14T12:01:03.429]   0020: 2D 07 6D 07 6F 07 75 07 6F 07 73 07 2D 07 4D 07  |-.m.o.u.o.s.-.M.|
[2026-09-14T12:01:03.429]   0030: 45 07 47 07 55 07 2D 07 69 07 6F 07 63 07 73 07  |E.G.U.-.i.o.c.s.|
[2026-09-14T12:01:03.429]   0040: 65 07 2D 07 31 07 39 07 5F 07 33 07 37 07 35 07  |e.-.1.9._.3.7.5.|
[2026-09-14T12:01:03.429]   0050: 5F 07 31 07 31 07 31 07 2D 07 67 07 73 07 61 07  |_.1.1.1.-.g.s.a.|
[2026-09-14T12:01:03.429]   0060: 6D 07 65 07 2D 07 4D 07 4F 07 55 07 4F 07 53 07  |m.e.-.M.O.U.O.S.|
[2026-09-14T12:01:03.429]   0070: 2D 07 73 07 61 07 6F 07 2D 07 55 07 53 07 55 07  |-.s.a.o.-.U.S.U.|
[2026-09-14T12:01:03.429]   0080: 45 07 2D 07 73 07 75 07 61 07 73 07 75 07 5F 07  |E.-.s.u.a.s.u._.|
[2026-09-14T12:01:03.429]   0090: 73 07 65 07 75 07 75 07 73 07 6F 07 2D 07 31 07  |s.e.u.u.s.o.-.1.|
[2026-09-14T12:01:03.429]   00A0: 2D 07 61 07 63 07 6F 07 73 07 75 07 2D 07 47 07  |-.a.c.o.s.u.-.G.|
[2026-09-14T12:01:03.429]   00B0: 41 07 4D 07 53 07 45 07 2D 07 73 07 65 07 61 07  |A.M.S.E.-.s.e.a.|
[2026-09-14T12:01:03.429]   00C0: 65 07 79 07 2D 07 4F 07 41 07 2D 07 75 07 69 07  |e.y.-.O.A.-.u.i.|
[2026-09-14T12:01:03.429]   00D0: 63 07 6B 07 73 07 5F 07 65 07 65 07 6D 07 75 07  |c.k.s._.e.e.m.u.|
[2026-09-14T12:01:03.429]   00E0: 61 07 2D 07 4F 07 41 07 2D 07 67 07 61 07 75 07  |a.-.O.A.-.g.a.u.|
[2026-09-14T12:01:03.429]   00F0: 6D 07 75 07 2D 07 4F 07 41 07 2D 07 73 07 75 07  |m.u.-.O.A.-.s.u.|
[2026-09-14T12:01:03.429]   0100: 6F 07 71 07 71 07 65 07 65 07 2D 07 4F 07 41 07  |o.q.q.e.e.-.O.A.|
[2026-09-14T12:01:03.446]   0110: 0D                                               |.               |<BELL><CLEOL><BELL>C<BELL>o<BELL>g<BELL>1<BELL>!<BELL>!<BELL>-<BELL>-<BELL>-<BELL>!<BELL>q<BELL>i<BELL>o<BELL>S<BELL>u<BELL>m<BELL>!<BELL>=<BELL>!<BELL>9<BELL>9<BELL>-<BELL>!<BELL>7<BELL>5<BELL>1<BELL>1<BELL>1<BELL>!<BELL>S<BELL>e<BELL>w<BELL>!<BELL>C<BELL>-<BELL>!<BELL>i<BELL>i<BELL>g<BELL>i<BELL>U<BELL>i<BELL>m<BELL>e<BELL>U<BELL>s<BELL>!<BELL>=<BELL>!<BELL>7<BELL>3<BELL><CR><BELL><CLEOL><BELL>C<BELL>o<BELL>g<BELL>1<BELL>!<BELL>!<BELL>M<BELL>O<BELL>U<BELL>;<BELL>!<BELL>g<BELL>w<BELL>e<BELL>E<BELL>e<BELL>g<BELL>s<BELL>e<BELL>e<BELL>s<BELL>!<BELL>=<BELL>!<BELL>5<BELL>3<BELL>-<BELL>!<BELL>o<BELL>g<BELL>g<BELL>s<BELL>e<BELL>u<BELL>_<BELL>g<BELL>w<BELL>e<BELL>!<BELL>=<BELL>!<BELL>%<BELL>1<BELL>E<BELL>9<BELL>3<BELL>_<BELL>E<BELL>9<BELL>3<BELL>E<BELL><CR><BELL><CLEOL><BELL>C<BELL>o<BELL>g<BELL>1<BELL>!<BELL>!<BELL>!<BELL>!<BELL>!<BELL>!<BELL>!<BELL>s<BELL>e<BELL>w<BELL>E<BELL>e<BELL>g<BELL>s<BELL>e<BELL>e<BELL>s<BELL>!<BELL>=<BELL>!<BELL>3<BELL>1<BELL>7<BELL>-<BELL>!<BELL>o<BELL>g<BELL>g<BELL>s<BELL>e<BELL>u<BELL>_<BELL>s<BELL>e<BELL>w<BELL>!<BELL>=<BELL>!<BELL>%<BELL>E<BELL>1<BELL>7<BELL>C<BELL>_<BELL>1<BELL>7<BELL>C<BELL>1<BELL><CR><BELL><CLEOL><BELL>C<BELL>o<BELL>g<BELL>1<BELL>!<BELL>!<BELL>!<BELL>-<BELL>!<BELL>C<BELL>a<BELL>m<BELL>c<BELL>!<BELL>G<BELL>S<BELL>A<BELL>M<BELL>E<BELL>;<BELL>!<BELL>g<BELL>s<BELL>a<BELL>m<BELL>e<BELL>_<BELL>c<BELL>o<BELL>u<BELL>!<BELL>=<BELL>!<BELL>7<BELL>_<BELL>1<BELL>3<BELL>7<BELL><CR><BELL><CLEOL><BELL>C<BELL>o<BELL>g<BELL>1<BELL>!<BELL>!<BELL>+<BELL>!<BELL>i<BELL>o<BELL>i<BELL>u<BELL>!<BELL>w<BELL>a<BELL>m<BELL>u<BELL>e<BELL>s<BELL>!<BELL>e<BELL>e<BELL>a<BELL>e<BELL>_<BELL>g<BELL>a<BELL>q<BELL>!<BELL>=<BELL>!<BELL>7<BELL>1<BELL>-<BELL>!<BELL>q<BELL>w<BELL>m<BELL>_<BELL>m<BELL>i<BELL>m<BELL>i<BELL>u<BELL>!<BELL>=<BELL>!<BELL>3<BELL>_<BELL>1<BELL>3<BELL>3<BELL>-<BELL>!<BELL>a<BELL>e<BELL>c<BELL>_<BELL>g<BELL>s<BELL>a<BELL>m<BELL>!<BELL>=<BELL>!<BELL>7<BELL>_<BELL>1<BELL>3<BELL>7<BELL>-<BELL>!<BELL>e<BELL>u<BELL>u<BELL>y<BELL>_<BELL>m<BELL>i<BELL>o<BELL>!<BELL>=<BELL>!<BELL>1<BELL>_<BELL>7<BELL>1<BELL>1<BELL>-<BELL>!<BELL>e<BELL>u<BELL>u<BELL>y<BELL>_<BELL>m<BELL>a<BELL>y<BELL>!<BELL>=<BELL>!<BELL>3<BELL>5<BELL>_<BELL>3<BELL>7<BELL>5<BELL><CR><BELL><CLEOL><BELL>C<BELL>o<BELL>g<BELL>1<BELL>!<BELL>!<BELL>+<BELL>!<BELL>!<BELL>!<BELL>!<BELL>!<BELL>!<BELL>w<BELL>a<BELL>m<BELL>u<BELL>e<BELL>s<BELL>!<BELL>e<BELL>u<BELL>u<BELL>y<BELL>_<BELL>u<BELL>q<BELL>!<BELL>=<BELL>!<BELL>1<BELL>9<BELL>-<BELL>!<BELL>e<BELL>u<BELL>u<BELL>y<BELL>_<BELL>e<BELL>o<BELL>!<BELL>=<BELL>!<BELL>5<BELL>-<BELL>!<BELL>c<BELL>g<BELL>g<BELL>_<BELL>c<BELL>u<BELL>c<BELL>k<BELL>s<BELL>!<BELL>=<BELL>!<BELL>1<BELL>3<BELL>5<BELL>_<BELL>1<BELL>1<BELL>1<BELL><CR><BELL><CLEOL><BELL>C<BELL>o<BELL>g<BELL>1<BELL>!<BELL>!<BELL>+<BELL>W<BELL>A<BELL>M<BELL>+<BELL>!<BELL>m<BELL>e<BELL>g<BELL>a<BELL>m<BELL>W<BELL>o<BELL>m<BELL>u<BELL>a<BELL>g<BELL>e<BELL>!<BELL>=<BELL>!<BELL>7<BELL><CR><BELL><CLEOL><BELL>C<BELL>o<BELL>g<BELL>1<BELL>!<BELL>!<BELL>+<BELL>!<BELL>E<BELL>O<BELL>U<BELL>S<BELL>Y<BELL>!<BELL>C<BELL>G<BELL>G<BELL>!<BELL>s<BELL>e<BELL>m<BELL>e<BELL>c<BELL>u<BELL>e<BELL>e<BELL>Q<BELL>o<BELL>w<BELL>e<BELL>s<BELL>!<BELL>=<BELL>!<BELL>7<BELL><CR><BELL><CLEOL><BELL>C<BELL>o<BELL>g<BELL>1<BELL>!<BELL>!<BELL>+<BELL>!<BELL>E<BELL>Y<BELL>I<BELL>U<BELL>!<BELL>3<BELL>!<BELL>C<BELL>G<BELL>G<BELL>!<BELL>e<BELL>U<BELL>s<BELL>e<BELL>s<BELL>S<BELL>e<BELL>m<BELL>e<BELL>c<BELL>u<BELL>e<BELL>e<BELL>W<BELL>o<BELL>m<BELL>u<BELL>s<BELL>!<BELL>=<BELL>!<BELL>7<BELL>!<BELL>m<BELL>a<BELL>y<BELL>G<BELL>w<BELL>e<BELL>I<BELL>o<BELL>c<BELL>s<BELL>e<BELL>A<BELL>u<BELL>Q<BELL>w<BELL>s<BELL>!<BELL>=<BELL>!<BELL>1<BELL>5<BELL>7<BELL>_<BELL>1<BELL>1<BELL>1<BELL>_<BELL>1<BELL>1<BELL>1<BELL>!<BELL>m<BELL>i<BELL>o<BELL>G<BELL>w<BELL>e<BELL>I<BELL>o<BELL>c<BELL>s<BELL>e<BELL>A<BELL>u<BELL>Q<BELL>w<BELL>s<BELL>!<BELL>=<BELL>!<BELL>5<BELL>5<BELL>5<BELL>_<BELL>7<BELL>3<BELL>9<BELL><CR><BELL><CLEOL><BELL>C<BELL>o<BELL>g<BELL>1<BELL>!<BELL>!<BELL>-<BELL>M<BELL>O<BELL>U<BELL>-<BELL>!<BELL>i<BELL>o<BELL>i<BELL>o<BELL>c<BELL>s<BELL>!<BELL>=<BELL>!<BELL>1<BELL>!<BELL>o<BELL>U<BELL>g<BELL>u<BELL>I<BELL>o<BELL>c<BELL>s<BELL>!<BELL>=<BELL>!<BELL>%<BELL>1<BELL>1<BELL>1<BELL>1<BELL>_<BELL>1<BELL>1<BELL>1<BELL>1<BELL>!<BELL>1<BELL>!<BELL>s<BELL>y<BELL>o<BELL>c<BELL>!<BELL>=<BELL>!<BELL>1<BELL><CR><BELL><CLEOL><BELL>C<BELL>o<BELL>g<BELL>1<BELL>!<BELL>!<BELL>+<BELL>!<BELL>M<BELL>o<BELL>u<BELL>o<BELL>s<BELL>!<BELL>C<BELL>O<BELL>G<BELL>!<BELL>#<BELL>3<BELL><CR>[BINARY DATA: 142 bytes - displaying as hex]
[2026-09-14T12:01:03.446]   0000: 07 0B 43 6F E7 43 6F 67 30 20 20 42 43 2D 42 52  |..Co.Cog0  BC-BR|
[2026-09-14T12:01:03.446]   0010: 41 4B 45 2C 6D 6F 74 6F 72 2C 4C 45 46 54 2C 69  |AKE,motor,LEFT,i|
[2026-09-14T12:01:03.446]   0020: 6E 63 72 65 2C 2D 31 38 5F 33 37 35 5F 30 30 30  |ncre,-18_375_000|
[2026-09-14T12:01:03.446]   0030: 2C 66 72 61 6D 65 2C 4D 4F 54 4F 52 2C 72 61 6E  |,frame,MOTOR,ran|
[2026-09-14T12:01:03.446]   0040: 2C 54 52 55 45 2C 73 74 61 72 74 5F 72 65 74 75  |,TRUE,start_retu|
[2026-09-14T12:01:03.446]   0050: 72 6E 2C 30 2C 61 62 6F 72 74 2C 46 41 4C 53 45  |rn,0,abort,FALSE|
[2026-09-14T12:01:03.446]   0060: 2C 72 65 61 64 79 2C 4E 41 2C 74 69 63 6B 73 5F  |,ready,NA,ticks_|
[2026-09-14T12:01:03.446]   0070: 64 65 6C 74 61 2C 4E 41 2C 66 61 75 6C 74 2C 4E  |delta,NA,fault,N|
[2026-09-14T12:01:03.446]   0080: 41 2C 73 74 6F 70 70 65 64 2C 4E 41 0D 0A        |A,stopped,NA..  |Cog0  --- pinSum = 97, 64010 Rev B, highTimeUs = 71
[2026-09-14T12:01:03.446] Cog0  MOT: fwdDegrees = 43, offset_fwd = $1E93_E93E
[2026-09-14T12:01:03.446] Cog0       revDegrees = 317, offset_rev = $E16C_16C1
[2026-09-14T12:01:03.446] Cog0   - Calc FRAME: frame_cnt = 6_136
[2026-09-14T12:01:03.446] Cog0  * init values dead_gap = 70, pwm_limit = 3_033, adc_fram = 6_136, duty_min = 1_600, duty_max = 24_264
[2026-09-14T12:01:03.446] Cog0  *      values duty_up = 18, duty_dn = 4, cfg_ctcks = 135_000
[2026-09-14T12:01:03.446] Cog0  *VAL* legalVoltage = 6
[2026-09-14T12:01:03.446] Cog0  * ENTRY CFG selectedPower = 6
[2026-09-14T12:01:03.446] Cog0  * EXIT 2 CFG eUserSelectedVolts = 6 maxFwdIncreAtPwr = 147_000_000 minFwdIncreAtPwr = 544_628
[2026-09-14T12:01:03.446] Cog0  -MOT- inincr = 0 nTgtIncr = $0000_0000 0 sync = 0
[2026-09-14T12:01:03.446] Cog2  INIT $0000_642E $0000_939F load
[2026-09-14T12:01:03.448] Cog0  * Motor COG #2
[2026-09-14T12:01:03.450] Cog0  BC-BRAKE,motor,RIGHT,incre,18_375_000,frame,MOTOR,ran,TRUE,start_return,0,abort,FALSE,ready,NA,ticks_delta,NA,fault,NA,stopped,NA
[2026-09-14T12:01:03.450] Cog0  --- pinSum = 98, 64010 Rev B, highTimeUs = 72
[2026-09-14T12:01:03.450] Cog0  MOT: fwdDegrees = 43, offset_fwd = $1E93_E93E
[2026-09-14T12:01:03.450] Cog0       revDegrees = 317, offset_rev = $E16C_16C1
[2026-09-14T12:01:03.450] Cog0   - Calc FRAME: frame_cnt = 6_136
[2026-09-14T12:01:03.450] Cog0  * init values dead_gap = 70, pwm_limit = 3_033, adc_fram = 6_136, duty_min = 1_600, duty_max = 24_264
[2026-09-14T12:01:03.450] Cog0  *      values duty_up = 18, duty_dn = 4, cfg_ctcks = 135_000
[2026-09-14T12:01:03.450] Cog0  *VAL* legalVoltage = 6
[2026-09-14T12:01:03.450] Cog0  * ENTRY CFG selectedPower = 6
[2026-09-14T12:01:03.451] Cog0  * EXIT 2 CFG eUserSelectedVolts = 6 maxFwdIncreAtPwr = 147_000_000 minFwdIncreAtPwr = 544_628
[2026-09-14T12:01:03.451] Cog0  -MOT- inincr = 0 nTgtIncr = $0000_0000 0 sync = 0
[2026-09-14T12:01:03.451] Cog2  INIT $0000_642E $0000_939F load
[2026-09-14T12:01:03.451] Cog0  * Motor COG #2
[2026-09-14T12:01:03.452] Cog0  BC-BRAKE,motor,RIGHT,incre,-18_375_000,frame,MOTOR,ran,TRUE,start_return,0,abort,FALSE,ready,NA,ticks_delta,NA,fault,NA,stopped,NA
[2026-09-14T12:01:03.452] Cog0  SIGNOFF,sf,1,bin,CHAR,cell,R5-CHAR-SENSE,task,3503,motor,LEFT,crit,NET_VS_PASS1_PCT,measured,49,lo,-150,hi,150,units,PCT_X10,n,591,verdict,PASS
[2026-09-14T12:01:03.454] Cog0  SIGNOFF,sf,1,bin,CHAR,cell,R5-CHAR-SENSE,task,3503,motor,LEFT,crit,NET_VS_PASS1_PCT,measured,47,lo,-150,hi,150,units,PCT_X10,n,591,verdict,PASS
[2026-09-14T12:01:03.455] Cog0  SIGNOFF,sf,1,bin,CHAR,cell,R5-CHAR-SENSE,task,3503,motor,RIGHT,crit,NET_VS_PASS1_PCT,measured,64,lo,-150,hi,150,units,PCT_X10,n,591,verdict,PASS
[2026-09-14T12:01:03.457] Cog0  SIGNOFF,sf,1,bin,CHAR,cell,R5-CHAR-SENSE,task,3503,motor,RIGHT,crit,NET_VS_PASS1_PCT,measured,49,lo,-150,hi,150,units,PCT_X10,n,591,verdict,PASS
[2026-09-14T12:01:03.459] Cog0  SIGNOFF,sf,1,bin,CHAR,cell,R5-CHAR-SENSE,task,3503,motor,LEFT,crit,NET_VS_PASS1_PCT,measured,49,lo,-150,hi,150,units,PCT_X10,n,591,verdict,PASS
[2026-09-14T12:01:03.461] Cog0  SIGNOFF,sf,1,bin,CHAR,cell,R5-CHAR-SENSE,task,3503,motor,LEFT,crit,NET_VS_PASS1_PCT,measured,106,lo,-150,hi,150,units,PCT_X10,n,591,verdict,PASS
[2026-09-14T12:01:03.462] Cog0  SIGNOFF,sf,1,bin,CHAR,cell,R5-CHAR-SENSE,task,3503,motor,RIGHT,crit,NET_VS_PASS1_PCT,measured,51,lo,-150,hi,150,units,PCT_X10,n,591,verdict,PASS
[2026-09-14T12:01:03.463] Cog0  SIGNOFF,sf,1,bin,CHAR,cell,R5-CHAR-SENSE,task,3503,motor,RIGHT,crit,NET_VS_PASS1_PCT,measured,97,lo,-150,hi,150,units,PCT_X10,n,591,verdict,PASS
[2026-09-14T12:01:03.465] Cog0  SIGNOFF,sf,1,bin,CHAR,cell,R4-CHAR-RPM,task,3502,motor,LEFT,crit,RPM_ERR,measured,0,lo,-2,hi,2,units,RPM,n,295,verdict,PASS
[2026-09-14T12:01:03.466] Cog0  SIGNOFF,sf,1,bin,CHAR,cell,R4-CHAR-RPM,task,3502,motor,LEFT,crit,RPM_ERR,measured,0,lo,-2,hi,2,units,RPM,n,295,verdict,PASS
[2026-09-14T12:01:03.468] Cog0  SIGNOFF,sf,1,bin,CHAR,cell,R4-CHAR-RPM,task,3502,motor,RIGHT,crit,RPM_ERR,measured,0,lo,-2,hi,2,units,RPM,n,295,verdict,PASS
[2026-09-14T12:01:03.469] Cog0  SIGNOFF,sf,1,bin,CHAR,cell,R4-CHAR-RPM,task,3502,motor,RIGHT,crit,RPM_ERR,measured,0,lo,-2,hi,2,units,RPM,n,295,verdict,PASS
[2026-09-14T12:01:03.470] Cog0  SIGNOFF,sf,1,bin,CHAR,cell,R4-CHAR-RPM,task,3502,motor,LEFT,crit,RPM_ERR,measured,0,lo,-2,hi,2,units,RPM,n,590,verdict,PASS
[2026-09-14T12:01:03.472] Cog0  SIGNOFF,sf,1,bin,CHAR,cell,R4-CHAR-RPM,task,3502,motor,LEFT,crit,RPM_ERR,measured,0,lo,-2,hi,2,units,RPM,n,590,verdict,PASS
[2026-09-14T12:01:03.473] Cog0  SIGNOFF,sf,1,bin,CHAR,cell,R4-CHAR-RPM,task,3502,motor,RIGHT,crit,RPM_ERR,measured,0,lo,-2,hi,2,units,RPM,n,590,verdict,PASS
[2026-09-14T12:01:03.475] Cog0  SIGNOFF,sf,1,bin,CHAR,cell,R4-CHAR-RPM,task,3502,motor,RIGHT,crit,RPM_ERR,measured,0,lo,-2,hi,2,units,RPM,n,590,verdict,PASS
[2026-09-14T12:01:03.476] Cog0  SIGNOFF,sf,1,bin,CHAR,cell,R2-CHAR-ISCALE,task,3500,motor,LEFT,crit,RSENSE_IMPLIED,measured,149,lo,135,hi,165,units,COUNT,n,591,verdict,PASS
[2026-09-14T12:01:03.478] Cog0  SIGNOFF,sf,1,bin,CHAR,cell,R2-CHAR-ISCALE,task,3500,motor,LEFT,crit,RSENSE_IMPLIED,measured,149,lo,135,hi,165,units,COUNT,n,591,verdict,PASS
[2026-09-14T12:01:03.480] Cog0  SIGNOFF,sf,1,bin,CHAR,cell,R2-CHAR-ISCALE,task,3500,motor,RIGHT,crit,RSENSE_IMPLIED,measured,149,lo,135,hi,165,units,COUNT,n,591,verdict,PASS
[2026-09-14T12:01:03.482] Cog0  SIGNOFF,sf,1,bin,CHAR,cell,R2-CHAR-ISCALE,task,3500,motor,RIGHT,crit,RSENSE_IMPLIED,measured,150,lo,135,hi,165,units,COUNT,n,591,verdict,PASS
[2026-09-14T12:01:03.483] Cog0  SIGNOFF,sf,1,bin,CHAR,cell,R2-CHAR-ISCALE,task,3500,motor,LEFT,crit,RSENSE_IMPLIED,measured,149,lo,135,hi,165,units,COUNT,n,591,verdict,PASS
[2026-09-14T12:01:03.485] Cog0  SIGNOFF,sf,1,bin,CHAR,cell,R2-CHAR-ISCALE,task,3500,motor,LEFT,crit,RSENSE_IMPLIED,measured,149,lo,135,hi,165,units,COUNT,n,591,verdict,PASS
[2026-09-14T12:01:03.486] Cog0  SIGNOFF,sf,1,bin,CHAR,cell,R2-CHAR-ISCALE,task,3500,motor,RIGHT,crit,RSENSE_IMPLIED,measured,150,lo,135,hi,165,units,COUNT,n,591,verdict,PASS
[2026-09-14T12:01:03.488] Cog0  SIGNOFF,sf,1,bin,CHAR,cell,R2-CHAR-ISCALE,task,3500,motor,RIGHT,crit,RSENSE_IMPLIED,measured,149,lo,135,hi,165,units,COUNT,n,591,verdict,PASS
[2026-09-14T12:01:03.489] Cog0  SIGNOFF,sf,1,bin,CHAR,cell,R3-CHAR-INTEG,task,3501,motor,LEFT,crit,MISSED_ILLEGAL_SUM,measured,0,lo,0,hi,0,units,COUNT,n,5,verdict,PASS
[2026-09-14T12:01:03.491] Cog0  SIGNOFF,sf,1,bin,CHAR,cell,R3-CHAR-INTEG,task,3501,motor,RIGHT,crit,MISSED_ILLEGAL_SUM,measured,0,lo,0,hi,0,units,COUNT,n,4,verdict,PASS
[2026-09-14T12:01:03.493] Cog0  SIGNOFF,sf,1,bin,CHAR,cell,R10-CHAR-STEERFAIL,task,3533,motor,NONE,crit,RET_NEG_NOLEAK,measured,FALSE,lo,TRUE,hi,TRUE,units,BOOL,n,1,verdict,FAIL
[2026-09-14T12:01:03.494] Cog0  SIGNOFF,sf,1,bin,CHAR,cell,R10-CHAR-STEERSTART,task,3533,motor,NONE,crit,STEER_START_COG,measured,TRUE,lo,TRUE,hi,TRUE,units,BOOL,n,1,verdict,PASS
[2026-09-14T12:01:03.495] Cog0  SIGNOFF,sf,1,bin,CHAR,cell,R10-CHAR-STEERLIVE,task,3533,motor,LEFT,crit,WHEEL_TICKS,measured,13,lo,6,hi,NA,units,TICKS,n,1,verdict,PASS
[2026-09-14T12:01:03.497] Cog0  SIGNOFF,sf,1,bin,CHAR,cell,R10-CHAR-STEERLIVE,task,3533,motor,RIGHT,crit,WHEEL_TICKS,measured,13,lo,6,hi,NA,units,TICKS,n,1,verdict,PASS
[2026-09-14T12:01:03.499] Cog0  SIGNOFF,sf,1,bin,CHAR,cell,R13-CHAR-BRAKESTART,task,3535,motor,LEFT,crit,BRAKE_START_MOVE,measured,NA,lo,TRUE,hi,TRUE,units,BOOL,n,0,verdict,NOMEAS
[2026-09-14T12:01:03.501] Cog0  SIGNOFF,sf,1,bin,CHAR,cell,R13-CHAR-BRAKESTART,task,3535,motor,LEFT,crit,BRAKE_START_MOVE,measured,NA,lo,TRUE,hi,TRUE,units,BOOL,n,0,verdict,NOMEAS
[2026-09-14T12:01:03.502] Cog0  SIGNOFF,sf,1,bin,CHAR,cell,R13-CHAR-BRAKESTART,task,3535,motor,RIGHT,crit,BRAKE_START_MOVE,measured,NA,lo,TRUE,hi,TRUE,units,BOOL,n,0,verdict,NOMEAS
[2026-09-14T12:01:03.504] Cog0  SIGNOFF,sf,1,bin,CHAR,cell,R13-CHAR-BRAKESTART,task,3535,motor,RIGHT,crit,BRAKE_START_MOVE,measured,NA,lo,TRUE,hi,TRUE,units,BOOL,n,0,verdict,NOMEAS
[2026-09-14T12:01:03.504] Cog0  BC-END,exit,COMPLETE,preflight_ok,TRUE,holds_run,9,lib_abort,FALSE,trap,NA
[2026-09-14T12:01:03.519] Cog0  * BENCH CHAR RUN COMPLETE -- safe to disconnect
[2026-09-14T12:01:03.520] Cog0  DEBUG_END_SESSION

=== Debug Logger Session Ended at 2026-09-14T12:01:03.522 ===
