=== Debug Logger Session Started at 2026-09-14T10:00:00.000 ===
[2026-09-14T10:00:00.000] [SYSTEM] [DOWNLOAD TO RAM] File: test_bench_detect.bin | Size: 31637 bytes | Modified: 2026-09-14T16:00:00.000Z
[2026-09-14T10:00:01.000] Cog0  BD-BANNER,fmt,2,tool,test_bench_detect,purpose,getBoardType_characterization
[2026-09-14T10:00:01.000] Cog0  BD-CFG,cfg_id,BENCH,cfg_file,isp_bldc_motor_userconfig_bench,motor_type,0,drive_voltage,6,wheel_dia_x10,65,left_base,32,right_base,16
[2026-09-14T10:00:01.000] Cog0  BD-CLK,clkfreq_declared,270_000_000,clkfreq_runtime,270_000_000,match,1
[2026-09-14T10:00:01.000] Cog0  BD-BUILD,src_rev,3,lib_linked,1,phase2_compiled,1,rail_declared,UNDECLARED,n_rep,32,n_live,8,probe_max,2_000,cal_iter,500,tail_groups,1
[2026-09-14T10:00:01.000] Cog0  BD-RUN,run_ct,13_843_482,run_ts,HOSTLOG
[2026-09-14T10:00:01.000] Cog0  BD-ENUM,grp,0,gnm,P0_P15,local,0,lib,0,match,1
[2026-09-14T10:00:01.000] Cog0  BD-ENUM,grp,8,gnm,P8_P23,local,8,lib,8,match,1
[2026-09-14T10:00:01.000] Cog0  BD-ENUM,grp,16,gnm,P16_P31,local,16,lib,16,match,1
[2026-09-14T10:00:01.000] Cog0  BD-ENUM,grp,24,gnm,NO_USE_P24_P39,local,24,lib,24,match,1
[2026-09-14T10:00:01.000] Cog0  BD-ENUM,grp,32,gnm,P32_P47,local,32,lib,32,match,1
[2026-09-14T10:00:01.000] Cog0  BD-ENUM,grp,40,gnm,P40_P55,local,40,lib,40,match,1
[2026-09-14T10:00:01.000] Cog0  BD-MAP,grp,0,gnm,P0_P15,pin,4,ovl,NONE,guard,NONE
[2026-09-14T10:00:01.000] Cog0  BD-MAP,grp,8,gnm,P8_P23,pin,12,ovl,NONE,guard,NONE
[2026-09-14T10:00:01.000] Cog0  BD-MAP,grp,16,gnm,P16_P31,pin,20,ovl,SELF,guard,NONE
[2026-09-14T10:00:01.000] Cog0  BD-MAP,grp,24,gnm,NO_USE_P24_P39,pin,28,ovl,RIGHT+12_PWM_W_L,guard,GATE_OVERLAP
[2026-09-14T10:00:01.000] Cog0  BD-MAP,grp,32,gnm,P32_P47,pin,36,ovl,SELF,guard,NONE
[2026-09-14T10:00:01.000] Cog0  BD-MAP,grp,40,gnm,P40_P55,pin,44,ovl,LEFT+12_PWM_W_L,guard,GATE_OVERLAP
[2026-09-14T10:00:01.000] Cog0  BD-PLAN,sw,1,phase,1,groups,ALL,n,32,cog,NONE,cogst,NONE,clr,NOCLR
[2026-09-14T10:00:01.000] Cog0  BD-PLAN,sw,2,phase,1,groups,ALL,n,32,cog,NONE,cogst,NONE,clr,CLR
[2026-09-14T10:00:01.000] Cog0  BD-PLAN,sw,3,phase,2,groups,P0_P15,n,8,cog,P0_P15,cogst,RUNNING,clr,NOCLR
[2026-09-14T10:00:01.000] Cog0  BD-PLAN,sw,4,phase,2,groups,ALL,n,32,cog,P0_P15,cogst,STOPPED,clr,NOCLR
[2026-09-14T10:00:01.000] Cog0  BD-PLAN,sw,5,phase,2,groups,ALL,n,32,cog,P0_P15,cogst,STOPPED,clr,CLR
[2026-09-14T10:00:01.000] Cog0  BD-PLAN,sw,6,phase,2,groups,P16_P31,n,8,cog,P16_P31,cogst,RUNNING,clr,NOCLR
[2026-09-14T10:00:01.000] Cog0  BD-PLAN,sw,7,phase,2,groups,ALL,n,32,cog,P16_P31,cogst,STOPPED,clr,NOCLR
[2026-09-14T10:00:01.000] Cog0  BD-PLAN,sw,8,phase,2,groups,ALL,n,32,cog,P16_P31,cogst,STOPPED,clr,CLR
[2026-09-14T10:00:01.000] Cog0  BD-GATE,mark,build,answer,COMPILED
[2026-09-14T10:00:01.000] Cog0  BD-NOTE,SYNTHETIC SELFTEST FIXTURE for tools/signoff-collate.py check (m) -- the 2026-09-11 baseline BD-CELL values (sums moved within +-11 where the baseline is not 0 or 500) with exactly the COMPARED predictions applied and the bench-base guard skips; BD-REP lines omitted
[2026-09-14T10:00:01.000] Cog0  BD-CAL,idx,1,iter,500,tix,200_064,tix_per_iter,400
[2026-09-14T10:00:01.000] Cog0  BD-PHASE,n,1,mark,begin,recs,NOMEAS,reason,NA
[2026-09-14T10:00:01.000] Cog0  BD-SWEEP,sw,1,mark,begin,cells,NOMEAS,skipped,NOMEAS,reps,NOMEAS
[2026-09-14T10:00:01.000] Cog0  BD-CELL,sw,1,grp,0,gnm,P0_P15,cog,NONE,cogst,NONE,clr,NOCLR,n,32,sum_min,500,sum_max,500,sum_mean,500,va,0,vb,0,vn,32,modal,NODET,fl_min,NEVER,fl_max,NEVER,fl_never,32,bnc_max,NOMEAS,libvrd,NODET,agree,1
[2026-09-14T10:00:01.000] Cog0  BD-CELL,sw,1,grp,16,gnm,P16_P31,cog,NONE,cogst,NONE,clr,NOCLR,n,32,sum_min,96,sum_max,100,sum_mean,98,va,0,vb,32,vn,0,modal,REVB,fl_min,47,fl_max,48,fl_never,0,bnc_max,0,libvrd,REVB,agree,1
[2026-09-14T10:00:01.000] Cog0  BD-CELL,sw,1,grp,32,gnm,P32_P47,cog,NONE,cogst,NONE,clr,NOCLR,n,32,sum_min,97,sum_max,101,sum_mean,98,va,0,vb,32,vn,0,modal,REVB,fl_min,47,fl_max,49,fl_never,0,bnc_max,0,libvrd,REVB,agree,1
[2026-09-14T10:00:01.000] Cog0  BD-SKIPPED,sw,1,grp,40,gnm,P40_P55,pin,44,ovl,LEFT+12_PWM_W_L,cog,NONE,cogst,NONE,clr,NOCLR,n,32,reason,GATE_OVERLAP
[2026-09-14T10:00:01.000] Cog0  BD-CELL,sw,1,grp,8,gnm,P8_P23,cog,NONE,cogst,NONE,clr,NOCLR,n,32,sum_min,500,sum_max,500,sum_mean,500,va,0,vb,0,vn,32,modal,NODET,fl_min,NEVER,fl_max,NEVER,fl_never,32,bnc_max,NOMEAS,libvrd,NODET,agree,1
[2026-09-14T10:00:01.000] Cog0  BD-SKIPPED,sw,1,grp,24,gnm,NO_USE_P24_P39,pin,28,ovl,RIGHT+12_PWM_W_L,cog,NONE,cogst,NONE,clr,NOCLR,n,32,reason,GATE_OVERLAP
[2026-09-14T10:00:01.000] Cog0  BD-SWEEP,sw,1,mark,end,cells,4,skipped,2,reps,128
[2026-09-14T10:00:01.000] Cog0  BD-NOTE,sweep 2 follows a pinclear of every swept group -- two 8-pin calls per group per ruling R1
[2026-09-14T10:00:01.000] Cog0  BD-SWEEP,sw,2,mark,begin,cells,NOMEAS,skipped,NOMEAS,reps,NOMEAS
[2026-09-14T10:00:01.000] Cog0  BD-CELL,sw,2,grp,0,gnm,P0_P15,cog,NONE,cogst,NONE,clr,CLR,n,32,sum_min,500,sum_max,500,sum_mean,500,va,0,vb,0,vn,32,modal,NODET,fl_min,NEVER,fl_max,NEVER,fl_never,32,bnc_max,NOMEAS,libvrd,NODET,agree,1
[2026-09-14T10:00:01.000] Cog0  BD-CELL,sw,2,grp,16,gnm,P16_P31,cog,NONE,cogst,NONE,clr,CLR,n,32,sum_min,97,sum_max,101,sum_mean,98,va,0,vb,32,vn,0,modal,REVB,fl_min,47,fl_max,48,fl_never,0,bnc_max,0,libvrd,REVB,agree,1
[2026-09-14T10:00:01.000] Cog0  BD-CELL,sw,2,grp,32,gnm,P32_P47,cog,NONE,cogst,NONE,clr,CLR,n,32,sum_min,97,sum_max,102,sum_mean,98,va,0,vb,32,vn,0,modal,REVB,fl_min,47,fl_max,49,fl_never,0,bnc_max,0,libvrd,REVB,agree,1
[2026-09-14T10:00:01.000] Cog0  BD-SKIPPED,sw,2,grp,40,gnm,P40_P55,pin,44,ovl,LEFT+12_PWM_W_L,cog,NONE,cogst,NONE,clr,CLR,n,32,reason,GATE_OVERLAP
[2026-09-14T10:00:01.000] Cog0  BD-CELL,sw,2,grp,8,gnm,P8_P23,cog,NONE,cogst,NONE,clr,CLR,n,32,sum_min,500,sum_max,500,sum_mean,500,va,0,vb,0,vn,32,modal,NODET,fl_min,NEVER,fl_max,NEVER,fl_never,32,bnc_max,NOMEAS,libvrd,NODET,agree,1
[2026-09-14T10:00:01.000] Cog0  BD-SKIPPED,sw,2,grp,24,gnm,NO_USE_P24_P39,pin,28,ovl,RIGHT+12_PWM_W_L,cog,NONE,cogst,NONE,clr,CLR,n,32,reason,GATE_OVERLAP
[2026-09-14T10:00:01.000] Cog0  BD-SWEEP,sw,2,mark,end,cells,4,skipped,2,reps,128
[2026-09-14T10:00:01.000] Cog0  BD-CAL,idx,2,iter,500,tix,200_064,tix_per_iter,400
[2026-09-14T10:00:01.000] Cog0  BD-PHASE,n,1,mark,end,recs,256,reason,NA
[2026-09-14T10:00:01.000] Cog0  BD-PHASE,n,2,mark,begin,recs,NOMEAS,reason,NA
[2026-09-14T10:00:01.000] Cog0  BD-PH2,grp,0,step,pre,detmode,BRD_REV_B,start_ret,NOMEAS,motorcog,NOMEAS,pins,$FFFF
[2026-09-14T10:00:01.000] Cog0  BD-PH2,grp,0,step,starting,detmode,BRD_REV_B,start_ret,NOMEAS,motorcog,NOMEAS,pins,$FFFF
[2026-09-14T10:00:01.000] Cog0  BD-PH2,grp,0,step,started,detmode,BRD_REV_B,start_ret,1,motorcog,2,pins,$C008
[2026-09-14T10:00:01.000] Cog0  BD-PH2,grp,0,step,running,detmode,BRD_REV_B,start_ret,NOMEAS,motorcog,NOMEAS,pins,$C008
[2026-09-14T10:00:01.000] Cog0  BD-SWEEP,sw,3,mark,begin,cells,NOMEAS,skipped,NOMEAS,reps,NOMEAS
[2026-09-14T10:00:01.000] Cog0  BD-CELL,sw,3,grp,0,gnm,P0_P15,cog,P0_P15,cogst,RUNNING,clr,NOCLR,n,8,sum_min,1,sum_max,3,sum_mean,1,va,0,vb,0,vn,8,modal,NODET,fl_min,1,fl_max,1,fl_never,0,bnc_max,1,libvrd,REVB,agree,0
[2026-09-14T10:00:01.000] Cog0  BD-SWEEP,sw,3,mark,end,cells,1,skipped,0,reps,8
[2026-09-14T10:00:01.000] Cog0  BD-PH2,grp,0,step,stopping,detmode,BRD_REV_B,start_ret,NOMEAS,motorcog,NOMEAS,pins,$C008
[2026-09-14T10:00:01.000] Cog0  BD-PH2,grp,0,step,stopped,detmode,BRD_REV_B,start_ret,NOMEAS,motorcog,NOMEAS,pins,$D51F
[2026-09-14T10:00:01.000] Cog0  BD-SWEEP,sw,4,mark,begin,cells,NOMEAS,skipped,NOMEAS,reps,NOMEAS
[2026-09-14T10:00:01.000] Cog0  BD-CELL,sw,4,grp,0,gnm,P0_P15,cog,P0_P15,cogst,STOPPED,clr,NOCLR,n,32,sum_min,500,sum_max,500,sum_mean,500,va,0,vb,0,vn,32,modal,NODET,fl_min,NEVER,fl_max,NEVER,fl_never,32,bnc_max,NOMEAS,libvrd,NODET,agree,1
[2026-09-14T10:00:01.000] Cog0  BD-CELL,sw,4,grp,16,gnm,P16_P31,cog,P0_P15,cogst,STOPPED,clr,NOCLR,n,32,sum_min,93,sum_max,98,sum_mean,94,va,0,vb,32,vn,0,modal,REVB,fl_min,48,fl_max,50,fl_never,0,bnc_max,0,libvrd,REVB,agree,1
[2026-09-14T10:00:01.000] Cog0  BD-CELL,sw,4,grp,32,gnm,P32_P47,cog,P0_P15,cogst,STOPPED,clr,NOCLR,n,32,sum_min,93,sum_max,98,sum_mean,94,va,0,vb,32,vn,0,modal,REVB,fl_min,48,fl_max,50,fl_never,0,bnc_max,0,libvrd,REVB,agree,1
[2026-09-14T10:00:01.000] Cog0  BD-SKIPPED,sw,4,grp,40,gnm,P40_P55,pin,44,ovl,LEFT+12_PWM_W_L,cog,P0_P15,cogst,STOPPED,clr,NOCLR,n,32,reason,GATE_OVERLAP
[2026-09-14T10:00:01.000] Cog0  BD-CELL,sw,4,grp,8,gnm,P8_P23,cog,P0_P15,cogst,STOPPED,clr,NOCLR,n,32,sum_min,500,sum_max,500,sum_mean,500,va,0,vb,0,vn,32,modal,NODET,fl_min,NEVER,fl_max,NEVER,fl_never,32,bnc_max,NOMEAS,libvrd,NODET,agree,1
[2026-09-14T10:00:01.000] Cog0  BD-SKIPPED,sw,4,grp,24,gnm,NO_USE_P24_P39,pin,28,ovl,RIGHT+12_PWM_W_L,cog,P0_P15,cogst,STOPPED,clr,NOCLR,n,32,reason,GATE_OVERLAP
[2026-09-14T10:00:01.000] Cog0  BD-SWEEP,sw,4,mark,end,cells,4,skipped,2,reps,128
[2026-09-14T10:00:01.000] Cog0  BD-SWEEP,sw,5,mark,begin,cells,NOMEAS,skipped,NOMEAS,reps,NOMEAS
[2026-09-14T10:00:01.000] Cog0  BD-CELL,sw,5,grp,0,gnm,P0_P15,cog,P0_P15,cogst,STOPPED,clr,CLR,n,32,sum_min,500,sum_max,500,sum_mean,500,va,0,vb,0,vn,32,modal,NODET,fl_min,NEVER,fl_max,NEVER,fl_never,32,bnc_max,NOMEAS,libvrd,NODET,agree,1
[2026-09-14T10:00:01.000] Cog0  BD-CELL,sw,5,grp,16,gnm,P16_P31,cog,P0_P15,cogst,STOPPED,clr,CLR,n,32,sum_min,93,sum_max,97,sum_mean,94,va,0,vb,32,vn,0,modal,REVB,fl_min,48,fl_max,50,fl_never,0,bnc_max,0,libvrd,REVB,agree,1
[2026-09-14T10:00:01.000] Cog0  BD-CELL,sw,5,grp,32,gnm,P32_P47,cog,P0_P15,cogst,STOPPED,clr,CLR,n,32,sum_min,94,sum_max,99,sum_mean,94,va,0,vb,32,vn,0,modal,REVB,fl_min,48,fl_max,50,fl_never,0,bnc_max,0,libvrd,REVB,agree,1
[2026-09-14T10:00:01.000] Cog0  BD-SKIPPED,sw,5,grp,40,gnm,P40_P55,pin,44,ovl,LEFT+12_PWM_W_L,cog,P0_P15,cogst,STOPPED,clr,CLR,n,32,reason,GATE_OVERLAP
[2026-09-14T10:00:01.000] Cog0  BD-CELL,sw,5,grp,8,gnm,P8_P23,cog,P0_P15,cogst,STOPPED,clr,CLR,n,32,sum_min,500,sum_max,500,sum_mean,500,va,0,vb,0,vn,32,modal,NODET,fl_min,NEVER,fl_max,NEVER,fl_never,32,bnc_max,NOMEAS,libvrd,NODET,agree,1
[2026-09-14T10:00:01.000] Cog0  BD-SKIPPED,sw,5,grp,24,gnm,NO_USE_P24_P39,pin,28,ovl,RIGHT+12_PWM_W_L,cog,P0_P15,cogst,STOPPED,clr,CLR,n,32,reason,GATE_OVERLAP
[2026-09-14T10:00:01.000] Cog0  BD-SWEEP,sw,5,mark,end,cells,4,skipped,2,reps,128
[2026-09-14T10:00:01.000] Cog0  BD-PH2,grp,16,step,pre,detmode,BRD_REV_B,start_ret,NOMEAS,motorcog,NOMEAS,pins,$0060
[2026-09-14T10:00:01.000] Cog0  BD-PH2,grp,16,step,starting,detmode,BRD_REV_B,start_ret,NOMEAS,motorcog,NOMEAS,pins,$0060
[2026-09-14T10:00:01.000] Cog0  BD-PH2,grp,16,step,started,detmode,BRD_REV_B,start_ret,1,motorcog,2,pins,$0068
[2026-09-14T10:00:01.000] Cog0  BD-PH2,grp,16,step,running,detmode,BRD_REV_B,start_ret,NOMEAS,motorcog,NOMEAS,pins,$0068
[2026-09-14T10:00:01.000] Cog0  BD-SWEEP,sw,6,mark,begin,cells,NOMEAS,skipped,NOMEAS,reps,NOMEAS
[2026-09-14T10:00:01.000] Cog0  BD-CELL,sw,6,grp,16,gnm,P16_P31,cog,P16_P31,cogst,RUNNING,clr,NOCLR,n,8,sum_min,1,sum_max,3,sum_mean,2,va,0,vb,0,vn,8,modal,NODET,fl_min,1,fl_max,1,fl_never,0,bnc_max,1,libvrd,REVB,agree,0
[2026-09-14T10:00:01.000] Cog0  BD-SWEEP,sw,6,mark,end,cells,1,skipped,0,reps,8
[2026-09-14T10:00:01.000] Cog0  BD-PH2,grp,16,step,stopping,detmode,BRD_REV_B,start_ret,NOMEAS,motorcog,NOMEAS,pins,$0068
[2026-09-14T10:00:01.000] Cog0  BD-PH2,grp,16,step,stopped,detmode,BRD_REV_B,start_ret,NOMEAS,motorcog,NOMEAS,pins,$0060
[2026-09-14T10:00:01.000] Cog0  BD-SWEEP,sw,7,mark,begin,cells,NOMEAS,skipped,NOMEAS,reps,NOMEAS
[2026-09-14T10:00:01.000] Cog0  BD-CELL,sw,7,grp,0,gnm,P0_P15,cog,P16_P31,cogst,STOPPED,clr,NOCLR,n,32,sum_min,500,sum_max,500,sum_mean,500,va,0,vb,0,vn,32,modal,NODET,fl_min,NEVER,fl_max,NEVER,fl_never,32,bnc_max,NOMEAS,libvrd,NODET,agree,1
[2026-09-14T10:00:01.000] Cog0  BD-CELL,sw,7,grp,16,gnm,P16_P31,cog,P16_P31,cogst,STOPPED,clr,NOCLR,n,32,sum_min,94,sum_max,99,sum_mean,96,va,0,vb,32,vn,0,modal,REVB,fl_min,48,fl_max,50,fl_never,0,bnc_max,0,libvrd,REVB,agree,1
[2026-09-14T10:00:01.000] Cog0  BD-CELL,sw,7,grp,32,gnm,P32_P47,cog,P16_P31,cogst,STOPPED,clr,NOCLR,n,32,sum_min,93,sum_max,98,sum_mean,94,va,0,vb,32,vn,0,modal,REVB,fl_min,48,fl_max,51,fl_never,0,bnc_max,0,libvrd,REVB,agree,1
[2026-09-14T10:00:01.000] Cog0  BD-SKIPPED,sw,7,grp,40,gnm,P40_P55,pin,44,ovl,LEFT+12_PWM_W_L,cog,P16_P31,cogst,STOPPED,clr,NOCLR,n,32,reason,GATE_OVERLAP
[2026-09-14T10:00:01.000] Cog0  BD-CELL,sw,7,grp,8,gnm,P8_P23,cog,P16_P31,cogst,STOPPED,clr,NOCLR,n,32,sum_min,500,sum_max,500,sum_mean,500,va,0,vb,0,vn,32,modal,NODET,fl_min,NEVER,fl_max,NEVER,fl_never,32,bnc_max,NOMEAS,libvrd,NODET,agree,1
[2026-09-14T10:00:01.000] Cog0  BD-SKIPPED,sw,7,grp,24,gnm,NO_USE_P24_P39,pin,28,ovl,RIGHT+12_PWM_W_L,cog,P16_P31,cogst,STOPPED,clr,NOCLR,n,32,reason,GATE_OVERLAP
[2026-09-14T10:00:01.000] Cog0  BD-SWEEP,sw,7,mark,end,cells,4,skipped,2,reps,128
[2026-09-14T10:00:01.000] Cog0  BD-SWEEP,sw,8,mark,begin,cells,NOMEAS,skipped,NOMEAS,reps,NOMEAS
[2026-09-14T10:00:01.000] Cog0  BD-CELL,sw,8,grp,0,gnm,P0_P15,cog,P16_P31,cogst,STOPPED,clr,CLR,n,32,sum_min,500,sum_max,500,sum_mean,500,va,0,vb,0,vn,32,modal,NODET,fl_min,NEVER,fl_max,NEVER,fl_never,32,bnc_max,NOMEAS,libvrd,NODET,agree,1
[2026-09-14T10:00:01.000] Cog0  BD-CELL,sw,8,grp,16,gnm,P16_P31,cog,P16_P31,cogst,STOPPED,clr,CLR,n,32,sum_min,93,sum_max,97,sum_mean,94,va,0,vb,32,vn,0,modal,REVB,fl_min,48,fl_max,50,fl_never,0,bnc_max,0,libvrd,REVB,agree,1
[2026-09-14T10:00:01.000] Cog0  BD-CELL,sw,8,grp,32,gnm,P32_P47,cog,P16_P31,cogst,STOPPED,clr,CLR,n,32,sum_min,93,sum_max,97,sum_mean,94,va,0,vb,32,vn,0,modal,REVB,fl_min,48,fl_max,50,fl_never,0,bnc_max,0,libvrd,REVB,agree,1
[2026-09-14T10:00:01.000] Cog0  BD-SKIPPED,sw,8,grp,40,gnm,P40_P55,pin,44,ovl,LEFT+12_PWM_W_L,cog,P16_P31,cogst,STOPPED,clr,CLR,n,32,reason,GATE_OVERLAP
[2026-09-14T10:00:01.000] Cog0  BD-CELL,sw,8,grp,8,gnm,P8_P23,cog,P16_P31,cogst,STOPPED,clr,CLR,n,32,sum_min,500,sum_max,500,sum_mean,500,va,0,vb,0,vn,32,modal,NODET,fl_min,NEVER,fl_max,NEVER,fl_never,32,bnc_max,NOMEAS,libvrd,NODET,agree,1
[2026-09-14T10:00:01.000] Cog0  BD-SKIPPED,sw,8,grp,24,gnm,NO_USE_P24_P39,pin,28,ovl,RIGHT+12_PWM_W_L,cog,P16_P31,cogst,STOPPED,clr,CLR,n,32,reason,GATE_OVERLAP
[2026-09-14T10:00:01.000] Cog0  BD-SWEEP,sw,8,mark,end,cells,4,skipped,2,reps,128
[2026-09-14T10:00:01.000] Cog0  BD-PHASE,n,2,mark,end,recs,528,reason,NA
[2026-09-14T10:00:01.000] Cog0  BD-CAL,idx,3,iter,500,tix,200_064,tix_per_iter,400
[2026-09-14T10:00:01.000] Cog0  BD-DONE,recs,784,phase2,RAN
[2026-09-14T10:00:01.000] Cog0  DEBUG_END_SESSION
