=== Debug Logger Session Started at 2026-09-14T12:00:00.000 ===
[2026-09-14T12:00:00.000] [SYSTEM] [DOWNLOAD TO RAM] File: test_bench_detect.bin | Size: 30320 bytes | Modified: 2026-09-14T18:00:00.000Z
[2026-09-14T12:00:01.000] Cog0  BD-BANNER,fmt,1,tool,test_bench_detect,purpose,getBoardType_characterization
[2026-09-14T12:00:01.000] Cog0  BD-CFG,cfg_id,BENCH,cfg_file,isp_bldc_motor_userconfig_bench,motor_type,0,drive_voltage,6,wheel_dia_x10,65,left_base,32,right_base,16
[2026-09-14T12:00:01.000] Cog0  BD-CLK,clkfreq_declared,270_000_000,clkfreq_runtime,270_000_000,match,1
[2026-09-14T12:00:01.000] Cog0  BD-BUILD,src_rev,2,lib_linked,1,phase2_compiled,1,rail_declared,UNDECLARED,n_rep,1,n_live,1,probe_max,2_000,cal_iter,500,tail_groups,1
[2026-09-14T12:00:01.000] Cog0  BD-ENUM,grp,0,gnm,P0_P15,local,0,lib,0,match,1
[2026-09-14T12:00:01.000] Cog0  BD-ENUM,grp,8,gnm,P8_P23,local,8,lib,8,match,1
[2026-09-14T12:00:01.000] Cog0  BD-ENUM,grp,16,gnm,P16_P31,local,16,lib,16,match,1
[2026-09-14T12:00:01.000] Cog0  BD-ENUM,grp,24,gnm,NO_USE_P24_P39,local,24,lib,24,match,1
[2026-09-14T12:00:01.000] Cog0  BD-ENUM,grp,32,gnm,P32_P47,local,32,lib,32,match,1
[2026-09-14T12:00:01.000] Cog0  BD-ENUM,grp,40,gnm,P40_P55,local,40,lib,40,match,1
[2026-09-14T12:00:01.000] Cog0  BD-MAP,grp,0,gnm,P0_P15,pin,4,ovl,NONE
[2026-09-14T12:00:01.000] Cog0  BD-MAP,grp,8,gnm,P8_P23,pin,12,ovl,NONE
[2026-09-14T12:00:01.000] Cog0  BD-MAP,grp,16,gnm,P16_P31,pin,20,ovl,SELF
[2026-09-14T12:00:01.000] Cog0  BD-MAP,grp,24,gnm,NO_USE_P24_P39,pin,28,ovl,P16_P31+12_PWM_W_L
[2026-09-14T12:00:01.000] Cog0  BD-MAP,grp,32,gnm,P32_P47,pin,36,ovl,SELF
[2026-09-14T12:00:01.000] Cog0  BD-MAP,grp,40,gnm,P40_P55,pin,44,ovl,P0_P15+12_PWM_W_L
[2026-09-14T12:00:01.000] Cog0  BD-PLAN,sw,1,phase,1,groups,ALL,n,1,cog,NONE,cogst,NONE,clr,NOCLR
[2026-09-14T12:00:01.000] Cog0  BD-PLAN,sw,2,phase,1,groups,ALL,n,1,cog,NONE,cogst,NONE,clr,CLR
[2026-09-14T12:00:01.000] Cog0  BD-PLAN,sw,3,phase,2,groups,P0_P15,n,1,cog,P0_P15,cogst,RUNNING,clr,NOCLR
[2026-09-14T12:00:01.000] Cog0  BD-PLAN,sw,4,phase,2,groups,ALL,n,1,cog,P0_P15,cogst,STOPPED,clr,NOCLR
[2026-09-14T12:00:01.000] Cog0  BD-PLAN,sw,5,phase,2,groups,ALL,n,1,cog,P0_P15,cogst,STOPPED,clr,CLR
[2026-09-14T12:00:01.000] Cog0  BD-PLAN,sw,6,phase,2,groups,P16_P31,n,1,cog,P16_P31,cogst,RUNNING,clr,NOCLR
[2026-09-14T12:00:01.000] Cog0  BD-PLAN,sw,7,phase,2,groups,ALL,n,1,cog,P16_P31,cogst,STOPPED,clr,NOCLR
[2026-09-14T12:00:01.000] Cog0  BD-PLAN,sw,8,phase,2,groups,ALL,n,1,cog,P16_P31,cogst,STOPPED,clr,CLR
[2026-09-14T12:00:01.000] Cog0  BD-GATE,mark,build,answer,COMPILED
[2026-09-14T12:00:01.000] Cog0  BD-NOTE,SYNTHETIC SELFTEST FIXTURE for tools/signoff-collate.py check (r) -- the SRC_REV 2 record set (no guard) on the bench bases LEFT 32 RIGHT 16 with the plan cut to one repeat per cell
[2026-09-14T12:00:01.000] Cog0  BD-PHASE,n,1,mark,begin,recs,NOMEAS,reason,NA
[2026-09-14T12:00:01.000] Cog0  BD-SWEEP,sw,1,mark,begin
[2026-09-14T12:00:01.000] Cog0  BD-REP,sw,1,grp,0,gnm,P0_P15,pin,4,ovl,NONE,rep,1,cog,NONE,cogst,NONE,clr,NOCLR,sum,500,sumtix,100_056,vrd,NODET,iter,NEVER,fltix,NEVER,bnc,NOMEAS,exit,MAXED,pre,$FFFF,post,$FFFF
[2026-09-14T12:00:01.000] Cog0  BD-CELL,sw,1,grp,0,gnm,P0_P15,cog,NONE,cogst,NONE,clr,NOCLR,n,1,sum_min,500,sum_max,500,sum_mean,500,va,0,vb,0,vn,1,modal,NODET,fl_min,NEVER,fl_max,NEVER,fl_never,1,bnc_max,NOMEAS,libvrd,NODET,agree,1
[2026-09-14T12:00:01.000] Cog0  BD-REP,sw,1,grp,16,gnm,P16_P31,pin,20,ovl,SELF,rep,1,cog,NONE,cogst,NONE,clr,NOCLR,sum,98,sumtix,100_056,vrd,REVB,iter,47,fltix,19_984,bnc,0,exit,LOW,pre,$0060,post,$0060
[2026-09-14T12:00:01.000] Cog0  BD-CELL,sw,1,grp,16,gnm,P16_P31,cog,NONE,cogst,NONE,clr,NOCLR,n,1,sum_min,98,sum_max,98,sum_mean,98,va,0,vb,1,vn,0,modal,REVB,fl_min,47,fl_max,47,fl_never,0,bnc_max,0,libvrd,REVB,agree,1
[2026-09-14T12:00:01.000] Cog0  BD-REP,sw,1,grp,32,gnm,P32_P47,pin,36,ovl,SELF,rep,1,cog,NONE,cogst,NONE,clr,NOCLR,sum,98,sumtix,100_056,vrd,REVB,iter,48,fltix,20_408,bnc,0,exit,LOW,pre,$0040,post,$0040
[2026-09-14T12:00:01.000] Cog0  BD-CELL,sw,1,grp,32,gnm,P32_P47,cog,NONE,cogst,NONE,clr,NOCLR,n,1,sum_min,98,sum_max,98,sum_mean,98,va,0,vb,1,vn,0,modal,REVB,fl_min,48,fl_max,48,fl_never,0,bnc_max,0,libvrd,REVB,agree,1
[2026-09-14T12:00:01.000] Cog0  BD-REP,sw,1,grp,40,gnm,P40_P55,pin,44,ovl,P0_P15+12_PWM_W_L,rep,1,cog,NONE,cogst,NONE,clr,NOCLR,sum,1,sumtix,100_056,vrd,NODET,iter,2,fltix,904,bnc,0,exit,LOW,pre,$FF00,post,$FF00
[2026-09-14T12:00:01.000] Cog0  BD-CELL,sw,1,grp,40,gnm,P40_P55,cog,NONE,cogst,NONE,clr,NOCLR,n,1,sum_min,1,sum_max,1,sum_mean,1,va,0,vb,0,vn,1,modal,NODET,fl_min,2,fl_max,2,fl_never,0,bnc_max,0,libvrd,NODET,agree,1
[2026-09-14T12:00:01.000] Cog0  BD-REP,sw,1,grp,8,gnm,P8_P23,pin,12,ovl,NONE,rep,1,cog,NONE,cogst,NONE,clr,NOCLR,sum,500,sumtix,100_056,vrd,NODET,iter,NEVER,fltix,NEVER,bnc,NOMEAS,exit,MAXED,pre,$60FF,post,$60FF
[2026-09-14T12:00:01.000] Cog0  BD-CELL,sw,1,grp,8,gnm,P8_P23,cog,NONE,cogst,NONE,clr,NOCLR,n,1,sum_min,500,sum_max,500,sum_mean,500,va,0,vb,0,vn,1,modal,NODET,fl_min,NEVER,fl_max,NEVER,fl_never,1,bnc_max,NOMEAS,libvrd,NODET,agree,1
[2026-09-14T12:00:01.000] Cog0  BD-REP,sw,1,grp,24,gnm,NO_USE_P24_P39,pin,28,ovl,P16_P31+12_PWM_W_L,rep,1,cog,NONE,cogst,NONE,clr,NOCLR,sum,1,sumtix,100_056,vrd,NODET,iter,2,fltix,904,bnc,0,exit,LOW,pre,$4000,post,$4000
[2026-09-14T12:00:01.000] Cog0  BD-CELL,sw,1,grp,24,gnm,NO_USE_P24_P39,cog,NONE,cogst,NONE,clr,NOCLR,n,1,sum_min,1,sum_max,1,sum_mean,1,va,0,vb,0,vn,1,modal,NODET,fl_min,2,fl_max,2,fl_never,0,bnc_max,0,libvrd,NOBASE,agree,NA
[2026-09-14T12:00:01.000] Cog0  BD-SWEEP,sw,1,mark,end
[2026-09-14T12:00:01.000] Cog0  BD-SWEEP,sw,2,mark,begin
[2026-09-14T12:00:01.000] Cog0  BD-REP,sw,2,grp,0,gnm,P0_P15,pin,4,ovl,NONE,rep,1,cog,NONE,cogst,NONE,clr,CLR,sum,500,sumtix,100_056,vrd,NODET,iter,NEVER,fltix,NEVER,bnc,NOMEAS,exit,MAXED,pre,$FFFF,post,$FFFF
[2026-09-14T12:00:01.000] Cog0  BD-CELL,sw,2,grp,0,gnm,P0_P15,cog,NONE,cogst,NONE,clr,CLR,n,1,sum_min,500,sum_max,500,sum_mean,500,va,0,vb,0,vn,1,modal,NODET,fl_min,NEVER,fl_max,NEVER,fl_never,1,bnc_max,NOMEAS,libvrd,NODET,agree,1
[2026-09-14T12:00:01.000] Cog0  BD-REP,sw,2,grp,16,gnm,P16_P31,pin,20,ovl,SELF,rep,1,cog,NONE,cogst,NONE,clr,CLR,sum,98,sumtix,100_056,vrd,REVB,iter,47,fltix,19_984,bnc,0,exit,LOW,pre,$0060,post,$0060
[2026-09-14T12:00:01.000] Cog0  BD-CELL,sw,2,grp,16,gnm,P16_P31,cog,NONE,cogst,NONE,clr,CLR,n,1,sum_min,98,sum_max,98,sum_mean,98,va,0,vb,1,vn,0,modal,REVB,fl_min,47,fl_max,47,fl_never,0,bnc_max,0,libvrd,REVB,agree,1
[2026-09-14T12:00:01.000] Cog0  BD-REP,sw,2,grp,32,gnm,P32_P47,pin,36,ovl,SELF,rep,1,cog,NONE,cogst,NONE,clr,CLR,sum,99,sumtix,100_056,vrd,REVB,iter,47,fltix,19_984,bnc,0,exit,LOW,pre,$0040,post,$0040
[2026-09-14T12:00:01.000] Cog0  BD-CELL,sw,2,grp,32,gnm,P32_P47,cog,NONE,cogst,NONE,clr,CLR,n,1,sum_min,99,sum_max,99,sum_mean,99,va,0,vb,1,vn,0,modal,REVB,fl_min,47,fl_max,47,fl_never,0,bnc_max,0,libvrd,REVB,agree,1
[2026-09-14T12:00:01.000] Cog0  BD-REP,sw,2,grp,40,gnm,P40_P55,pin,44,ovl,P0_P15+12_PWM_W_L,rep,1,cog,NONE,cogst,NONE,clr,CLR,sum,1,sumtix,100_056,vrd,NODET,iter,2,fltix,904,bnc,0,exit,LOW,pre,$FF00,post,$FF00
[2026-09-14T12:00:01.000] Cog0  BD-CELL,sw,2,grp,40,gnm,P40_P55,cog,NONE,cogst,NONE,clr,CLR,n,1,sum_min,1,sum_max,1,sum_mean,1,va,0,vb,0,vn,1,modal,NODET,fl_min,2,fl_max,2,fl_never,0,bnc_max,0,libvrd,NODET,agree,1
[2026-09-14T12:00:01.000] Cog0  BD-REP,sw,2,grp,8,gnm,P8_P23,pin,12,ovl,NONE,rep,1,cog,NONE,cogst,NONE,clr,CLR,sum,500,sumtix,100_056,vrd,NODET,iter,NEVER,fltix,NEVER,bnc,NOMEAS,exit,MAXED,pre,$60FF,post,$60FF
[2026-09-14T12:00:01.000] Cog0  BD-CELL,sw,2,grp,8,gnm,P8_P23,cog,NONE,cogst,NONE,clr,CLR,n,1,sum_min,500,sum_max,500,sum_mean,500,va,0,vb,0,vn,1,modal,NODET,fl_min,NEVER,fl_max,NEVER,fl_never,1,bnc_max,NOMEAS,libvrd,NODET,agree,1
[2026-09-14T12:00:01.000] Cog0  BD-REP,sw,2,grp,24,gnm,NO_USE_P24_P39,pin,28,ovl,P16_P31+12_PWM_W_L,rep,1,cog,NONE,cogst,NONE,clr,CLR,sum,1,sumtix,100_056,vrd,NODET,iter,2,fltix,904,bnc,0,exit,LOW,pre,$4000,post,$4000
[2026-09-14T12:00:01.000] Cog0  BD-CELL,sw,2,grp,24,gnm,NO_USE_P24_P39,cog,NONE,cogst,NONE,clr,CLR,n,1,sum_min,1,sum_max,1,sum_mean,1,va,0,vb,0,vn,1,modal,NODET,fl_min,2,fl_max,2,fl_never,0,bnc_max,0,libvrd,NOBASE,agree,NA
[2026-09-14T12:00:01.000] Cog0  BD-SWEEP,sw,2,mark,end
[2026-09-14T12:00:01.000] Cog0  BD-PHASE,n,1,mark,end,recs,12,reason,NA
[2026-09-14T12:00:01.000] Cog0  BD-PHASE,n,2,mark,begin,recs,NOMEAS,reason,NA
[2026-09-14T12:00:01.000] Cog0  BD-PH2,grp,0,step,pre,detmode,BRD_REV_B,start_ret,NOMEAS,motorcog,NOMEAS,pins,$FFFF
[2026-09-14T12:00:01.000] Cog0  BD-PH2,grp,0,step,starting,detmode,BRD_REV_B,start_ret,NOMEAS,motorcog,NOMEAS,pins,$FFFF
[2026-09-14T12:00:01.000] Cog0  BD-PH2,grp,0,step,started,detmode,BRD_REV_B,start_ret,1,motorcog,2,pins,$C008
[2026-09-14T12:00:01.000] Cog0  BD-PH2,grp,0,step,running,detmode,BRD_REV_B,start_ret,NOMEAS,motorcog,NOMEAS,pins,$C008
[2026-09-14T12:00:01.000] Cog0  BD-SWEEP,sw,3,mark,begin
[2026-09-14T12:00:01.000] Cog0  BD-REP,sw,3,grp,0,gnm,P0_P15,pin,4,ovl,NONE,rep,1,cog,P0_P15,cogst,RUNNING,clr,NOCLR,sum,2,sumtix,100_056,vrd,NODET,iter,1,fltix,480,bnc,0,exit,LOW,pre,$C008,post,$C008
[2026-09-14T12:00:01.000] Cog0  BD-CELL,sw,3,grp,0,gnm,P0_P15,cog,P0_P15,cogst,RUNNING,clr,NOCLR,n,1,sum_min,2,sum_max,2,sum_mean,2,va,0,vb,0,vn,1,modal,NODET,fl_min,1,fl_max,1,fl_never,0,bnc_max,0,libvrd,REVB,agree,0
[2026-09-14T12:00:01.000] Cog0  BD-SWEEP,sw,3,mark,end
[2026-09-14T12:00:01.000] Cog0  BD-PH2,grp,0,step,stopping,detmode,BRD_REV_B,start_ret,NOMEAS,motorcog,NOMEAS,pins,$C008
[2026-09-14T12:00:01.000] Cog0  BD-PH2,grp,0,step,stopped,detmode,BRD_REV_B,start_ret,NOMEAS,motorcog,NOMEAS,pins,$D51F
[2026-09-14T12:00:01.000] Cog0  BD-SWEEP,sw,4,mark,begin
[2026-09-14T12:00:01.000] Cog0  BD-REP,sw,4,grp,0,gnm,P0_P15,pin,4,ovl,NONE,rep,1,cog,P0_P15,cogst,STOPPED,clr,NOCLR,sum,500,sumtix,104_048,vrd,NODET,iter,NEVER,fltix,NEVER,bnc,NOMEAS,exit,MAXED,pre,$D51F,post,$D51F
[2026-09-14T12:00:01.000] Cog0  BD-CELL,sw,4,grp,0,gnm,P0_P15,cog,P0_P15,cogst,STOPPED,clr,NOCLR,n,1,sum_min,500,sum_max,500,sum_mean,500,va,0,vb,0,vn,1,modal,NODET,fl_min,NEVER,fl_max,NEVER,fl_never,1,bnc_max,NOMEAS,libvrd,NODET,agree,1
[2026-09-14T12:00:01.000] Cog0  BD-REP,sw,4,grp,16,gnm,P16_P31,pin,20,ovl,SELF,rep,1,cog,P0_P15,cogst,STOPPED,clr,NOCLR,sum,94,sumtix,104_048,vrd,REVB,iter,48,fltix,20_032,bnc,0,exit,LOW,pre,$0060,post,$0060
[2026-09-14T12:00:01.000] Cog0  BD-CELL,sw,4,grp,16,gnm,P16_P31,cog,P0_P15,cogst,STOPPED,clr,NOCLR,n,1,sum_min,94,sum_max,94,sum_mean,94,va,0,vb,1,vn,0,modal,REVB,fl_min,48,fl_max,48,fl_never,0,bnc_max,0,libvrd,REVB,agree,1
[2026-09-14T12:00:01.000] Cog0  BD-REP,sw,4,grp,32,gnm,P32_P47,pin,36,ovl,SELF,rep,1,cog,P0_P15,cogst,STOPPED,clr,NOCLR,sum,95,sumtix,104_048,vrd,REVB,iter,49,fltix,20_448,bnc,0,exit,LOW,pre,$0040,post,$0040
[2026-09-14T12:00:01.000] Cog0  BD-CELL,sw,4,grp,32,gnm,P32_P47,cog,P0_P15,cogst,STOPPED,clr,NOCLR,n,1,sum_min,95,sum_max,95,sum_mean,95,va,0,vb,1,vn,0,modal,REVB,fl_min,49,fl_max,49,fl_never,0,bnc_max,0,libvrd,REVB,agree,1
[2026-09-14T12:00:01.000] Cog0  BD-REP,sw,4,grp,40,gnm,P40_P55,pin,44,ovl,P0_P15+12_PWM_W_L,rep,1,cog,P0_P15,cogst,STOPPED,clr,NOCLR,sum,1,sumtix,104_048,vrd,NODET,iter,2,fltix,896,bnc,0,exit,LOW,pre,$FF00,post,$FF00
[2026-09-14T12:00:01.000] Cog0  BD-CELL,sw,4,grp,40,gnm,P40_P55,cog,P0_P15,cogst,STOPPED,clr,NOCLR,n,1,sum_min,1,sum_max,1,sum_mean,1,va,0,vb,0,vn,1,modal,NODET,fl_min,2,fl_max,2,fl_never,0,bnc_max,0,libvrd,NODET,agree,1
[2026-09-14T12:00:01.000] Cog0  BD-REP,sw,4,grp,8,gnm,P8_P23,pin,12,ovl,NONE,rep,1,cog,P0_P15,cogst,STOPPED,clr,NOCLR,sum,500,sumtix,104_048,vrd,NODET,iter,NEVER,fltix,NEVER,bnc,NOMEAS,exit,MAXED,pre,$60FF,post,$60FF
[2026-09-14T12:00:01.000] Cog0  BD-CELL,sw,4,grp,8,gnm,P8_P23,cog,P0_P15,cogst,STOPPED,clr,NOCLR,n,1,sum_min,500,sum_max,500,sum_mean,500,va,0,vb,0,vn,1,modal,NODET,fl_min,NEVER,fl_max,NEVER,fl_never,1,bnc_max,NOMEAS,libvrd,NODET,agree,1
[2026-09-14T12:00:01.000] Cog0  BD-REP,sw,4,grp,24,gnm,NO_USE_P24_P39,pin,28,ovl,P16_P31+12_PWM_W_L,rep,1,cog,P0_P15,cogst,STOPPED,clr,NOCLR,sum,1,sumtix,104_048,vrd,NODET,iter,2,fltix,896,bnc,0,exit,LOW,pre,$4000,post,$4000
[2026-09-14T12:00:01.000] Cog0  BD-CELL,sw,4,grp,24,gnm,NO_USE_P24_P39,cog,P0_P15,cogst,STOPPED,clr,NOCLR,n,1,sum_min,1,sum_max,1,sum_mean,1,va,0,vb,0,vn,1,modal,NODET,fl_min,2,fl_max,2,fl_never,0,bnc_max,0,libvrd,NOBASE,agree,NA
[2026-09-14T12:00:01.000] Cog0  BD-SWEEP,sw,4,mark,end
[2026-09-14T12:00:01.000] Cog0  BD-SWEEP,sw,5,mark,begin
[2026-09-14T12:00:01.000] Cog0  BD-REP,sw,5,grp,0,gnm,P0_P15,pin,4,ovl,NONE,rep,1,cog,P0_P15,cogst,STOPPED,clr,CLR,sum,500,sumtix,104_048,vrd,NODET,iter,NEVER,fltix,NEVER,bnc,NOMEAS,exit,MAXED,pre,$FFFF,post,$FFFF
[2026-09-14T12:00:01.000] Cog0  BD-CELL,sw,5,grp,0,gnm,P0_P15,cog,P0_P15,cogst,STOPPED,clr,CLR,n,1,sum_min,500,sum_max,500,sum_mean,500,va,0,vb,0,vn,1,modal,NODET,fl_min,NEVER,fl_max,NEVER,fl_never,1,bnc_max,NOMEAS,libvrd,NODET,agree,1
[2026-09-14T12:00:01.000] Cog0  BD-REP,sw,5,grp,16,gnm,P16_P31,pin,20,ovl,SELF,rep,1,cog,P0_P15,cogst,STOPPED,clr,CLR,sum,94,sumtix,104_048,vrd,REVB,iter,48,fltix,20_032,bnc,0,exit,LOW,pre,$0060,post,$0060
[2026-09-14T12:00:01.000] Cog0  BD-CELL,sw,5,grp,16,gnm,P16_P31,cog,P0_P15,cogst,STOPPED,clr,CLR,n,1,sum_min,94,sum_max,94,sum_mean,94,va,0,vb,1,vn,0,modal,REVB,fl_min,48,fl_max,48,fl_never,0,bnc_max,0,libvrd,REVB,agree,1
[2026-09-14T12:00:01.000] Cog0  BD-REP,sw,5,grp,32,gnm,P32_P47,pin,36,ovl,SELF,rep,1,cog,P0_P15,cogst,STOPPED,clr,CLR,sum,95,sumtix,104_048,vrd,REVB,iter,49,fltix,20_448,bnc,0,exit,LOW,pre,$0040,post,$0040
[2026-09-14T12:00:01.000] Cog0  BD-CELL,sw,5,grp,32,gnm,P32_P47,cog,P0_P15,cogst,STOPPED,clr,CLR,n,1,sum_min,95,sum_max,95,sum_mean,95,va,0,vb,1,vn,0,modal,REVB,fl_min,49,fl_max,49,fl_never,0,bnc_max,0,libvrd,REVB,agree,1
[2026-09-14T12:00:01.000] Cog0  BD-REP,sw,5,grp,40,gnm,P40_P55,pin,44,ovl,P0_P15+12_PWM_W_L,rep,1,cog,P0_P15,cogst,STOPPED,clr,CLR,sum,1,sumtix,104_048,vrd,NODET,iter,2,fltix,896,bnc,0,exit,LOW,pre,$FF00,post,$FF00
[2026-09-14T12:00:01.000] Cog0  BD-CELL,sw,5,grp,40,gnm,P40_P55,cog,P0_P15,cogst,STOPPED,clr,CLR,n,1,sum_min,1,sum_max,1,sum_mean,1,va,0,vb,0,vn,1,modal,NODET,fl_min,2,fl_max,2,fl_never,0,bnc_max,0,libvrd,NODET,agree,1
[2026-09-14T12:00:01.000] Cog0  BD-REP,sw,5,grp,8,gnm,P8_P23,pin,12,ovl,NONE,rep,1,cog,P0_P15,cogst,STOPPED,clr,CLR,sum,500,sumtix,104_048,vrd,NODET,iter,NEVER,fltix,NEVER,bnc,NOMEAS,exit,MAXED,pre,$60FF,post,$60FF
[2026-09-14T12:00:01.000] Cog0  BD-CELL,sw,5,grp,8,gnm,P8_P23,cog,P0_P15,cogst,STOPPED,clr,CLR,n,1,sum_min,500,sum_max,500,sum_mean,500,va,0,vb,0,vn,1,modal,NODET,fl_min,NEVER,fl_max,NEVER,fl_never,1,bnc_max,NOMEAS,libvrd,NODET,agree,1
[2026-09-14T12:00:01.000] Cog0  BD-REP,sw,5,grp,24,gnm,NO_USE_P24_P39,pin,28,ovl,P16_P31+12_PWM_W_L,rep,1,cog,P0_P15,cogst,STOPPED,clr,CLR,sum,1,sumtix,104_048,vrd,NODET,iter,2,fltix,896,bnc,0,exit,LOW,pre,$4000,post,$4000
[2026-09-14T12:00:01.000] Cog0  BD-CELL,sw,5,grp,24,gnm,NO_USE_P24_P39,cog,P0_P15,cogst,STOPPED,clr,CLR,n,1,sum_min,1,sum_max,1,sum_mean,1,va,0,vb,0,vn,1,modal,NODET,fl_min,2,fl_max,2,fl_never,0,bnc_max,0,libvrd,NOBASE,agree,NA
[2026-09-14T12:00:01.000] Cog0  BD-SWEEP,sw,5,mark,end
[2026-09-14T12:00:01.000] Cog0  BD-PH2,grp,16,step,pre,detmode,BRD_REV_B,start_ret,NOMEAS,motorcog,NOMEAS,pins,$0060
[2026-09-14T12:00:01.000] Cog0  BD-PH2,grp,16,step,starting,detmode,BRD_REV_B,start_ret,NOMEAS,motorcog,NOMEAS,pins,$0060
[2026-09-14T12:00:01.000] Cog0  BD-PH2,grp,16,step,started,detmode,BRD_REV_B,start_ret,1,motorcog,2,pins,$0068
[2026-09-14T12:00:01.000] Cog0  BD-PH2,grp,16,step,running,detmode,BRD_REV_B,start_ret,NOMEAS,motorcog,NOMEAS,pins,$0068
[2026-09-14T12:00:01.000] Cog0  BD-SWEEP,sw,6,mark,begin
[2026-09-14T12:00:01.000] Cog0  BD-REP,sw,6,grp,16,gnm,P16_P31,pin,20,ovl,SELF,rep,1,cog,P16_P31,cogst,RUNNING,clr,NOCLR,sum,2,sumtix,100_056,vrd,NODET,iter,1,fltix,480,bnc,0,exit,LOW,pre,$0068,post,$0068
[2026-09-14T12:00:01.000] Cog0  BD-CELL,sw,6,grp,16,gnm,P16_P31,cog,P16_P31,cogst,RUNNING,clr,NOCLR,n,1,sum_min,2,sum_max,2,sum_mean,2,va,0,vb,0,vn,1,modal,NODET,fl_min,1,fl_max,1,fl_never,0,bnc_max,0,libvrd,REVB,agree,0
[2026-09-14T12:00:01.000] Cog0  BD-SWEEP,sw,6,mark,end
[2026-09-14T12:00:01.000] Cog0  BD-PH2,grp,16,step,stopping,detmode,BRD_REV_B,start_ret,NOMEAS,motorcog,NOMEAS,pins,$0068
[2026-09-14T12:00:01.000] Cog0  BD-PH2,grp,16,step,stopped,detmode,BRD_REV_B,start_ret,NOMEAS,motorcog,NOMEAS,pins,$0060
[2026-09-14T12:00:01.000] Cog0  BD-SWEEP,sw,7,mark,begin
[2026-09-14T12:00:01.000] Cog0  BD-REP,sw,7,grp,0,gnm,P0_P15,pin,4,ovl,NONE,rep,1,cog,P16_P31,cogst,STOPPED,clr,NOCLR,sum,500,sumtix,104_048,vrd,NODET,iter,NEVER,fltix,NEVER,bnc,NOMEAS,exit,MAXED,pre,$FFFF,post,$FFFF
[2026-09-14T12:00:01.000] Cog0  BD-CELL,sw,7,grp,0,gnm,P0_P15,cog,P16_P31,cogst,STOPPED,clr,NOCLR,n,1,sum_min,500,sum_max,500,sum_mean,500,va,0,vb,0,vn,1,modal,NODET,fl_min,NEVER,fl_max,NEVER,fl_never,1,bnc_max,NOMEAS,libvrd,NODET,agree,1
[2026-09-14T12:00:01.000] Cog0  BD-REP,sw,7,grp,16,gnm,P16_P31,pin,20,ovl,SELF,rep,1,cog,P16_P31,cogst,STOPPED,clr,NOCLR,sum,95,sumtix,104_048,vrd,REVB,iter,48,fltix,20_032,bnc,0,exit,LOW,pre,$0060,post,$0060
[2026-09-14T12:00:01.000] Cog0  BD-CELL,sw,7,grp,16,gnm,P16_P31,cog,P16_P31,cogst,STOPPED,clr,NOCLR,n,1,sum_min,95,sum_max,95,sum_mean,95,va,0,vb,1,vn,0,modal,REVB,fl_min,48,fl_max,48,fl_never,0,bnc_max,0,libvrd,REVB,agree,1
[2026-09-14T12:00:01.000] Cog0  BD-REP,sw,7,grp,32,gnm,P32_P47,pin,36,ovl,SELF,rep,1,cog,P16_P31,cogst,STOPPED,clr,NOCLR,sum,94,sumtix,104_048,vrd,REVB,iter,49,fltix,20_448,bnc,0,exit,LOW,pre,$0040,post,$0040
[2026-09-14T12:00:01.000] Cog0  BD-CELL,sw,7,grp,32,gnm,P32_P47,cog,P16_P31,cogst,STOPPED,clr,NOCLR,n,1,sum_min,94,sum_max,94,sum_mean,94,va,0,vb,1,vn,0,modal,REVB,fl_min,49,fl_max,49,fl_never,0,bnc_max,0,libvrd,REVB,agree,1
[2026-09-14T12:00:01.000] Cog0  BD-REP,sw,7,grp,40,gnm,P40_P55,pin,44,ovl,P0_P15+12_PWM_W_L,rep,1,cog,P16_P31,cogst,STOPPED,clr,NOCLR,sum,1,sumtix,104_048,vrd,NODET,iter,2,fltix,896,bnc,0,exit,LOW,pre,$FF00,post,$FF00
[2026-09-14T12:00:01.000] Cog0  BD-CELL,sw,7,grp,40,gnm,P40_P55,cog,P16_P31,cogst,STOPPED,clr,NOCLR,n,1,sum_min,1,sum_max,1,sum_mean,1,va,0,vb,0,vn,1,modal,NODET,fl_min,2,fl_max,2,fl_never,0,bnc_max,0,libvrd,NODET,agree,1
[2026-09-14T12:00:01.000] Cog0  BD-REP,sw,7,grp,8,gnm,P8_P23,pin,12,ovl,NONE,rep,1,cog,P16_P31,cogst,STOPPED,clr,NOCLR,sum,500,sumtix,104_048,vrd,NODET,iter,NEVER,fltix,NEVER,bnc,NOMEAS,exit,MAXED,pre,$60FF,post,$60FF
[2026-09-14T12:00:01.000] Cog0  BD-CELL,sw,7,grp,8,gnm,P8_P23,cog,P16_P31,cogst,STOPPED,clr,NOCLR,n,1,sum_min,500,sum_max,500,sum_mean,500,va,0,vb,0,vn,1,modal,NODET,fl_min,NEVER,fl_max,NEVER,fl_never,1,bnc_max,NOMEAS,libvrd,NODET,agree,1
[2026-09-14T12:00:01.000] Cog0  BD-REP,sw,7,grp,24,gnm,NO_USE_P24_P39,pin,28,ovl,P16_P31+12_PWM_W_L,rep,1,cog,P16_P31,cogst,STOPPED,clr,NOCLR,sum,1,sumtix,104_048,vrd,NODET,iter,2,fltix,896,bnc,0,exit,LOW,pre,$4000,post,$4000
[2026-09-14T12:00:01.000] Cog0  BD-CELL,sw,7,grp,24,gnm,NO_USE_P24_P39,cog,P16_P31,cogst,STOPPED,clr,NOCLR,n,1,sum_min,1,sum_max,1,sum_mean,1,va,0,vb,0,vn,1,modal,NODET,fl_min,2,fl_max,2,fl_never,0,bnc_max,0,libvrd,NOBASE,agree,NA
[2026-09-14T12:00:01.000] Cog0  BD-SWEEP,sw,7,mark,end
[2026-09-14T12:00:01.000] Cog0  BD-SWEEP,sw,8,mark,begin
[2026-09-14T12:00:01.000] Cog0  BD-REP,sw,8,grp,0,gnm,P0_P15,pin,4,ovl,NONE,rep,1,cog,P16_P31,cogst,STOPPED,clr,CLR,sum,500,sumtix,104_048,vrd,NODET,iter,NEVER,fltix,NEVER,bnc,NOMEAS,exit,MAXED,pre,$FFFF,post,$FFFF
[2026-09-14T12:00:01.000] Cog0  BD-CELL,sw,8,grp,0,gnm,P0_P15,cog,P16_P31,cogst,STOPPED,clr,CLR,n,1,sum_min,500,sum_max,500,sum_mean,500,va,0,vb,0,vn,1,modal,NODET,fl_min,NEVER,fl_max,NEVER,fl_never,1,bnc_max,NOMEAS,libvrd,NODET,agree,1
[2026-09-14T12:00:01.000] Cog0  BD-REP,sw,8,grp,16,gnm,P16_P31,pin,20,ovl,SELF,rep,1,cog,P16_P31,cogst,STOPPED,clr,CLR,sum,94,sumtix,104_048,vrd,REVB,iter,48,fltix,20_032,bnc,0,exit,LOW,pre,$0060,post,$0060
[2026-09-14T12:00:01.000] Cog0  BD-CELL,sw,8,grp,16,gnm,P16_P31,cog,P16_P31,cogst,STOPPED,clr,CLR,n,1,sum_min,94,sum_max,94,sum_mean,94,va,0,vb,1,vn,0,modal,REVB,fl_min,48,fl_max,48,fl_never,0,bnc_max,0,libvrd,REVB,agree,1
[2026-09-14T12:00:01.000] Cog0  BD-REP,sw,8,grp,32,gnm,P32_P47,pin,36,ovl,SELF,rep,1,cog,P16_P31,cogst,STOPPED,clr,CLR,sum,95,sumtix,104_048,vrd,REVB,iter,49,fltix,20_448,bnc,0,exit,LOW,pre,$0040,post,$0040
[2026-09-14T12:00:01.000] Cog0  BD-CELL,sw,8,grp,32,gnm,P32_P47,cog,P16_P31,cogst,STOPPED,clr,CLR,n,1,sum_min,95,sum_max,95,sum_mean,95,va,0,vb,1,vn,0,modal,REVB,fl_min,49,fl_max,49,fl_never,0,bnc_max,0,libvrd,REVB,agree,1
[2026-09-14T12:00:01.000] Cog0  BD-REP,sw,8,grp,40,gnm,P40_P55,pin,44,ovl,P0_P15+12_PWM_W_L,rep,1,cog,P16_P31,cogst,STOPPED,clr,CLR,sum,1,sumtix,104_048,vrd,NODET,iter,2,fltix,896,bnc,0,exit,LOW,pre,$FF00,post,$FF00
[2026-09-14T12:00:01.000] Cog0  BD-CELL,sw,8,grp,40,gnm,P40_P55,cog,P16_P31,cogst,STOPPED,clr,CLR,n,1,sum_min,1,sum_max,1,sum_mean,1,va,0,vb,0,vn,1,modal,NODET,fl_min,2,fl_max,2,fl_never,0,bnc_max,0,libvrd,NODET,agree,1
[2026-09-14T12:00:01.000] Cog0  BD-REP,sw,8,grp,8,gnm,P8_P23,pin,12,ovl,NONE,rep,1,cog,P16_P31,cogst,STOPPED,clr,CLR,sum,500,sumtix,104_048,vrd,NODET,iter,NEVER,fltix,NEVER,bnc,NOMEAS,exit,MAXED,pre,$60FF,post,$60FF
[2026-09-14T12:00:01.000] Cog0  BD-CELL,sw,8,grp,8,gnm,P8_P23,cog,P16_P31,cogst,STOPPED,clr,CLR,n,1,sum_min,500,sum_max,500,sum_mean,500,va,0,vb,0,vn,1,modal,NODET,fl_min,NEVER,fl_max,NEVER,fl_never,1,bnc_max,NOMEAS,libvrd,NODET,agree,1
[2026-09-14T12:00:01.000] Cog0  BD-REP,sw,8,grp,24,gnm,NO_USE_P24_P39,pin,28,ovl,P16_P31+12_PWM_W_L,rep,1,cog,P16_P31,cogst,STOPPED,clr,CLR,sum,1,sumtix,104_048,vrd,NODET,iter,2,fltix,896,bnc,0,exit,LOW,pre,$4000,post,$4000
[2026-09-14T12:00:01.000] Cog0  BD-CELL,sw,8,grp,24,gnm,NO_USE_P24_P39,cog,P16_P31,cogst,STOPPED,clr,CLR,n,1,sum_min,1,sum_max,1,sum_mean,1,va,0,vb,0,vn,1,modal,NODET,fl_min,2,fl_max,2,fl_never,0,bnc_max,0,libvrd,NOBASE,agree,NA
[2026-09-14T12:00:01.000] Cog0  BD-SWEEP,sw,8,mark,end
[2026-09-14T12:00:01.000] Cog0  BD-PHASE,n,2,mark,end,recs,26,reason,NA
[2026-09-14T12:00:01.000] Cog0  BD-DONE,recs,38,phase2,RAN
[2026-09-14T12:00:01.000] Cog0  DEBUG_END_SESSION
