=== Debug Logger Session Started at 2026-09-14T11:46:36.065 ===
PNut-Term-TS: v1.0.8
Program: debug
=====================================

[2026-09-14T11:46:36.063] [SYSTEM] [DOWNLOAD TO RAM] File: test_bench_t0.bin | Size: 30455 bytes | Modified: 2026-09-14T17:46:35.053Z
[2026-09-14T11:46:37.368] Cog0  * test_bench_t0 -- Tier 0: no motor, no motion, no risk (T0-10/11/13/14b/15 excepted)
[2026-09-14T11:46:37.370] Cog0  SIGNOFF-DECL,sf,1,bin,T0,cell,R1-T0-RESTART,task,3499
[2026-09-14T11:46:37.370] Cog0  SIGNOFF-DECL,sf,1,bin,T0,cell,R10-T0-STOPREADY,task,3533
[2026-09-14T11:46:46.500] Cog0  * Motor COG #1
[2026-09-14T11:46:46.501] [ROUTING ERROR: Binary data in COG message]
[2026-09-14T11:46:46.501] [BINARY DATA: 108 bytes - displaying as hex]
[2026-09-14T11:46:46.501]   0000: 43 6F 67 31 20 20 F9 43 6F 67 31 43 6F 67 30 20  |Cog1  .Cog1Cog0 |
[2026-09-14T11:46:46.501]   0010: 20 54 30 2D 31 35 63 2C 62 61 73 65 6C 69 6E 65  | T0-15c,baseline|
[2026-09-14T11:46:46.501]   0020: 2C 37 2C 66 72 65 65 31 2C 36 2C 73 74 61 72 74  |,7,free1,6,start|
[2026-09-14T11:46:46.501]   0030: 31 2C 30 2C 66 72 65 65 32 2C 36 2C 73 74 61 72  |1,0,free2,6,star|
[2026-09-14T11:46:46.501]   0040: 74 32 2C 30 2C 66 72 65 65 33 2C 37 2C 61 62 6F  |t2,0,free3,7,abo|
[2026-09-14T11:46:46.501]   0050: 72 74 65 64 31 2C 46 41 4C 53 45 2C 61 62 6F 72  |rted1,FALSE,abor|
[2026-09-14T11:46:46.501]   0060: 74 65 64 32 2C 46 41 4C 53 45 0D 0A              |ted2,FALSE..    |Cog0  SIGNOFF,sf,1,bin,T0,cell,R1-T0-RESTART,task,3499,motor,NONE,crit,NO_ORPHAN,measured,TRUE,lo,TRUE,hi,TRUE,units,BOOL,n,1,verdict,PASS
[2026-09-14T11:46:46.502] Cog0  T0-15d,driver_state,0,ready,FALSE,stopped,FALSE,t0_15c_aborted,FALSE
[2026-09-14T11:46:46.502] Cog0  SIGNOFF,sf,1,bin,T0,cell,R10-T0-STOPREADY,task,3533,motor,NONE,crit,STOP_NOT_READY,measured,TRUE,lo,TRUE,hi,TRUE,units,BOOL,n,1,verdict,PASS
[2026-09-14T11:46:46.586] Cog0  DEBUG_END_SESSION

=== Debug Logger Session Ended at 2026-09-14T11:46:46.593 ===
