=== Debug Logger Session Started at 2026-09-14T11:46:36.065 ===
PNut-Term-TS: v1.0.8
Program: debug
=====================================

[2026-09-14T11:46:36.063] [SYSTEM] [DOWNLOAD TO RAM] File: test_bench_t0.bin | Size: 30455 bytes | Modified: 2026-09-14T17:46:35.053Z
[2026-09-14T11:46:37.368] Cog0  * test_bench_t0 -- Tier 0: no motor, no motion, no risk (T0-10/11/13/14b/15 excepted)
[2026-09-14T11:46:37.370] Cog0  SIGNOFF-DECL,sf,1,bin,T0,cell,R1-T0-RESTART,task,3499
[2026-09-14T11:46:46.500] Cog0  * Motor COG #1
[2026-09-14T11:46:46.501] [ROUTING ERROR: Binary data in COG message]
[2026-09-14T11:46:46.501] [BINARY DATA: 142 bytes - displaying as hex]
[2026-09-14T11:46:46.501]   0000: FF 7C 43 6F 67 30 20 20 53 49 47 4E 4F 46 46 2C  |.|Cog0  SIGNOFF,|
[2026-09-14T11:46:46.501]   0010: 73 66 2C 31 2C 62 69 6E 2C 54 30 2C 63 65 6C 6C  |sf,1,bin,T0,cell|
[2026-09-14T11:46:46.501]   0020: 2C 52 31 2D 54 30 2D 52 45 53 54 41 52 54 2C 74  |,R1-T0-RESTART,t|
[2026-09-14T11:46:46.501]   0030: 61 73 6B 2C 33 34 39 39 2C 6D 6F 74 6F 72 2C 4E  |ask,3499,motor,N|
[2026-09-14T11:46:46.501]   0040: 4F 4E 45 2C 63 72 69 74 2C 4E 4F 5F 4F 52 50 48  |ONE,crit,NO_ORPH|
[2026-09-14T11:46:46.501]   0050: 41 4E 2C 6D 65 61 73 75 72 65 64 2C 54 52 55 45  |AN,measured,TRUE|
[2026-09-14T11:46:46.501]   0060: 2C 6C 6F 2C 54 52 55 45 2C 68 69 2C 54 52 55 45  |,lo,TRUE,hi,TRUE|
[2026-09-14T11:46:46.501]   0070: 2C 75 6E 69 74 73 2C 42 4F 4F 4C 2C 6E 2C 31 2C  |,units,BOOL,n,1,|
[2026-09-14T11:46:46.501]   0080: 76 65 72 64 69 63 74 2C 50 41 53 53 0D 0A        |verdict,PASS..  |Cog0  T0-15d,driver_state,0,ready,FALSE,stopped,FALSE,t0_15c_aborted,FALSE
[2026-09-14T12:01:02.388] [ROUTING ERROR: Binary data in COG message]
[2026-09-14T12:01:02.388] [BINARY DATA: 48 bytes - displaying as hex]
[2026-09-14T12:01:02.388]   0000: 43 6F 67 32 20 20 49 4E FF 43 6F 67 32 20 20 49  |Cog2  IN.Cog2  I|
[2026-09-14T12:01:02.388]   0010: 4E 49 54 20 24 30 30 30 30 5F 30 46 41 38 20 24  |NIT $0000_0FA8 $|
[2026-09-14T12:01:02.388]   0020: 30 30 30 30 5F 38 39 35 43 20 6A 75 6D 70 0D 0A  |0000_895C jump..|Cog3  INIT $0000_0FA8 $0000_89DC jump
[2026-09-14T12:01:02.407] [ROUTING ERROR: Binary data in COG message]
[2026-09-14T12:01:02.407] [BINARY DATA: 1296 bytes - displaying as hex]
[2026-09-14T12:01:02.407]   0000: 43 6F 67 32 20 20 49 4E FF 4F 4B 4F 6F 4F 6F 4F  |Cog2  IN.OKOoOoO|
[2026-09-14T12:01:02.407]   0010: 79 4F 69 4F 69 4F 6D 4F 6D 4F 6D 4F 69 4F 79 4F  |yOiOiOmOmOmOiOyO|
[2026-09-14T12:01:02.407]   0020: 69 4F 6F 4F 5B 4F 7D 4F 6D 4F 69 4F 7D 4F 69 4F  |iOoO[O}OmOiO}OiO|
[2026-09-14T12:01:02.407]   0030: 79 4F 79 4F 6D 4F 69 4F 7F 4F 7D 4F 79 4F 79 4F  |yOyOmOiO.O}OyOyO|
[2026-09-14T12:01:02.407]   0040: 79 4F 69 4F 5B 4F 6D 4F 7F 4F 69 4F 4B 4F 6D 4F  |yOiO[OmO.OiOKOmO|
[2026-09-14T12:01:02.407]   0050: 69 4F 69 4F 69 4F 6F 4F 69 4F 5D 4F 69 4F 6D 4F  |iOiOiOoOiO]OiOmO|
[2026-09-14T12:01:02.407]   0060: 6D 4F 5D 4F 7B 4F 69 4F 7D 4F 69 4F 7F 4F 7B 4F  |mO]O{OiO}OiO.O{O|
[2026-09-14T12:01:02.407]   0070: 4D 4F 4B 4F 4B 4F 6F 4F 6F 4F 79 4F 69 4F 69 4F  |MOKOKOoOoOyOiOiO|
[2026-09-14T12:01:02.407]   0080: 4D 4F 4F 4F 5D 4F 7B 4F 69 4F 6F 4F 7F 4F 6D 4F  |MOOO]O{OiOoO.OmO|
[2026-09-14T12:01:02.407]   0090: 4D 4F 6D 4F 6F 4F 7B 4F 6D 4F 6D 4F 7B 4F 69 4F  |MOmOoO{OmOmO{OiO|
[2026-09-14T12:01:02.407]   00A0: 7D 4F 69 4F 7D 4F 7B 4F 6D 4F 69 4F 6F 4F 6F 4F  |}OiO}O{OmOiOoOoO|
[2026-09-14T12:01:02.407]   00B0: 6F 4F 7B 4F 6D 4F 7D 4F 5F 4F 6F 4F 7F 4F 6D 4F  |oO{OmO}O_OoO.OmO|
[2026-09-14T12:01:02.407]   00C0: 69 4F 7D 4F 69 4F 6D 4F 79 4F 4D 4F 79 4F 7B 4F  |iO}OiOmOyOMOyO{O|
[2026-09-14T12:01:02.407]   00D0: 5F 4F 4D 4F 79 4F 7B 4F 4D 4F 4D 4F 4B 4F 4B 4F  |_OMOyO{OMOMOKOKO|
[2026-09-14T12:01:02.408]   00E0: 6F 4F 6F 4F 79 4F 69 4F 69 4F 69 4F 69 4F 69 4F  |oOoOyOiOiOiOiOiO|
[2026-09-14T12:01:02.408]   00F0: 69 4F 69 4F 7B 4F 6D 4F 7F 4F 4D 4F 6D 4F 6F 4F  |iOiO{OmO.OMOmOoO|
[2026-09-14T12:01:02.408]   0100: 7B 4F 6D 4F 6D 4F 7B 4F 69 4F 7D 4F 69 4F 7B 4F  |{OmOmO{OiO}OiO{O|
[2026-09-14T12:01:02.408]   0110: 79 4F 7F 4F 6D 4F 69 4F 6F 4F 6F 4F 6F 4F 7B 4F  |yO.OmOiOoOoOoO{O|
[2026-09-14T12:01:02.408]   0120: 6D 4F 7D 4F 5F 4F 7B 4F 6D 4F 7F 4F 69 4F 7D 4F  |mO}O_O{OmO.OiO}O|
[2026-09-14T12:01:02.408]   0130: 69 4F 6D 4F 4D 4F 79 4F 7F 4F 4B 4F 5F 4F 79 4F  |iOmOMOyO.OKO_OyO|
[2026-09-14T12:01:02.408]   0140: 7F 4F 4B 4F 79 4F 4D 4F 4B 4F 4B 4F 6F 4F 6F 4F  |.OKOyOMOKOKOoOoO|
[2026-09-14T12:01:02.408]   0150: 79 4F 69 4F 69 4F 69 4F 6D 4F 69 4F 4B 4F 69 4F  |yOiOiOiOmOiOKOiO|
[2026-09-14T12:01:02.408]   0160: 6D 4F 6B 4F 69 4F 4F 4F 5B 4F 49 4F 4D 4F 4D 4F  |mOkOiOOO[OIOMOMO|
[2026-09-14T12:01:02.408]   0170: 7B 4F 69 4F 6F 4F 7B 4F 69 4F 6D 4F 6D 4F 5F 4F  |{OiOoO{OiOmOmO_O|
[2026-09-14T12:01:02.408]   0180: 6B 4F 6F 4F 7D 4F 69 4F 7D 4F 69 4F 7F 4F 5F 4F  |kOoO}OiO}OiO.O_O|
[2026-09-14T12:01:02.408]   0190: 79 4F 7B 4F 7F 4F 4D 4F 4B 4F 4B 4F 6F 4F 6F 4F  |yO{O.OMOKOKOoOoO|
[2026-09-14T12:01:02.408]   01A0: 79 4F 69 4F 69 4F 6B 4F 69 4F 69 4F 6F 4F 69 4F  |yOiOiOkOiOiOoOiO|
[2026-09-14T12:01:02.408]   01B0: 7D 4F 69 4F 7F 4F 69 4F 6D 4F 7D 4F 6D 4F 7B 4F  |}OiO.OiOmO}OmO{O|
[2026-09-14T12:01:02.408]   01C0: 69 4F 6D 4F 6D 4F 69 4F 6D 4F 5F 4F 6F 4F 69 4F  |iOmOmOiOmO_OoOiO|
[2026-09-14T12:01:02.408]   01D0: 79 4F 69 4F 7D 4F 69 4F 7F 4F 79 4F 6D 4F 69 4F  |yOiO}OiO.OyOmOiO|
[2026-09-14T12:01:02.408]   01E0: 79 4F 7F 4F 6D 4F 5F 4F 6D 4F 69 4F 6D 4F 69 4F  |yO.OmO_OmOiOmOiO|
[2026-09-14T12:01:02.408]   01F0: 7D 4F 69 4F 7D 4F 69 4F 7B 4F 5F 4F 79 4F 7B 4F  |}OiO}OiO{O_OyO{O|
[2026-09-14T12:01:02.408]   0200: 7B 4F 6D 4F 69 4F 69 4F 6D 4F 6B 4F 5F 4F 6F 4F  |{OmOiOiOmOkO_OoO|
[2026-09-14T12:01:02.408]   0210: 7B 4F 69 4F 6D 4F 69 4F 7D 4F 69 4F 7F 4F 5F 4F  |{OiOmOiO}OiO.O_O|
[2026-09-14T12:01:02.408]   0220: 79 4F 7B 4F 7F 4F 6D 4F 69 4F 6D 4F 7D 4F 7D 4F  |yO{O.OmOiOmO}O}O|
[2026-09-14T12:01:02.408]   0230: 79 4F 5F 4F 6D 4F 69 4F 6F 4F 69 4F 7D 4F 69 4F  |yO_OmOiOoOiO}OiO|
[2026-09-14T12:01:02.408]   0240: 79 4F 5F 4F 7F 4F 79 4F 79 4F 6D 4F 69 4F 6D 4F  |yO_O.OyOyOmOiOmO|
[2026-09-14T12:01:02.408]   0250: 7D 4F 7D 4F 79 4F 5F 4F 6D 4F 69 4F 79 4F 69 4F  |}O}OyO_OmOiOyOiO|
[2026-09-14T12:01:02.408]   0260: 7D 4F 69 4F 7B 4F 7D 4F 5F 4F 7B 4F 7F 4F 7D 4F  |}OiO{O}O_O{O.O}O|
[2026-09-14T12:01:02.408]   0270: 4D 4F 4B 4F 4B 4F 6F 4F 6F 4F 79 4F 69 4F 69 4F  |MOKOKOoOoOyOiOiO|
[2026-09-14T12:01:02.408]   0280: 6B 4F 69 4F 69 4F 69 4F 69 4F 69 4F 69 4F 7F 4F  |kOiOiOiOiOiOiO.O|
[2026-09-14T12:01:02.408]   0290: 69 4F 6D 4F 7D 4F 6D 4F 7B 4F 69 4F 6D 4F 7D 4F  |iOmO}OmO{OiOmO}O|
[2026-09-14T12:01:02.408]   02A0: 7D 4F 79 4F 5F 4F 7D 4F 79 4F 69 4F 7D 4F 69 4F  |}OyO_O}OyOiO}OiO|
[2026-09-14T12:01:02.408]   02B0: 79 4F 79 4F 6D 4F 69 4F 6D 4F 7D 4F 7D 4F 79 4F  |yOyOmOiOmO}O}OyO|
[2026-09-14T12:01:02.408]   02C0: 5F 4F 6D 4F 6F 4F 69 4F 7D 4F 69 4F 7D 4F 6D 4F  |_OmOoOiO}OiO}OmO|
[2026-09-14T12:01:02.408]   02D0: 69 4F 6B 4F 6F 4F 6F 4F 5F 4F 6B 4F 7D 4F 6B 4F  |iOkOoOoO_OkO}OkO|
[2026-09-14T12:01:02.408]   02E0: 6B 4F 7B 4F 69 4F 7D 4F 69 4F 79 4F 7B 4F 7D 4F  |kO{OiO}OiOyO{O}O|
[2026-09-14T12:01:02.408]   02F0: 5F 4F 79 4F 79 4F 79 4F 4D 4F 4B 4F 4B 4F 6F 4F  |_OyOyOyOMOKOKOoO|
[2026-09-14T12:01:02.408]   0300: 6F 4F 79 4F 69 4F 69 4F 6B 4F 5F 4F 49 4F 4D 4F  |oOyOiOiOkO_OIOMO|
[2026-09-14T12:01:02.408]   0310: 6B 4F 69 4F 6D 4F 6D 4F 6F 4F 69 4F 6D 4F 5F 4F  |kOiOmOmOoOiOmO_O|
[2026-09-14T12:01:02.408]   0320: 6F 4F 6D 4F 7D 4F 69 4F 6F 4F 6D 4F 69 4F 7D 4F  |oOmO}OiOoOmOiO}O|
[2026-09-14T12:01:02.408]   0330: 69 4F 7F 4F 4D 4F 4B 4F 4B 4F 6F 4F 6F 4F 79 4F  |iO.OMOKOKOoOoOyO|
[2026-09-14T12:01:02.408]   0340: 69 4F 69 4F 6B 4F 69 4F 4D 4F 4F 4F 5D 4F 5B 4F  |iOiOkOiOMOOO]O[O|
[2026-09-14T12:01:02.408]   0350: 59 4F 69 4F 4B 4F 4F 4F 4F 4F 69 4F 7B 4F 6D 4F  |YOiOKOOOOOiO{OmO|
[2026-09-14T12:01:02.408]   0360: 6D 4F 6D 4F 6B 4F 7D 4F 6D 4F 6D 4F 59 4F 6F 4F  |mOmOkO}OmOmOYOoO|
[2026-09-14T12:01:02.408]   0370: 7F 4F 6D 4F 7B 4F 69 4F 7D 4F 69 4F 7F 4F 4D 4F  |.OmO{OiO}OiO.OMO|
[2026-09-14T12:01:02.408]   0380: 4B 4F 4B 4F 6F 4F 6F 4F 79 4F 69 4F 69 4F 6B 4F  |KOKOoOoOyOiOiOkO|
[2026-09-14T12:01:02.408]   0390: 69 4F 4D 4F 59 4F 49 4F 5D 4F 69 4F 7B 4F 69 4F  |iOMOYOIO]OiO{OiO|
[2026-09-14T12:01:02.408]   03A0: 4B 4F 4F 4F 4F 4F 69 4F 6D 4F 5D 4F 7B 4F 6D 4F  |KOOOOOiOmO]O{OmO|
[2026-09-14T12:01:02.408]   03B0: 7B 4F 5B 4F 6D 4F 6D 4F 6D 4F 6B 4F 7D 4F 6D 4F  |{O[OmOmOmOkO}OmO|
[2026-09-14T12:01:02.408]   03C0: 6D 4F 5F 4F 6F 4F 6D 4F 7D 4F 7B 4F 69 4F 7D 4F  |mO_OoOmO}O{OiO}O|
[2026-09-14T12:01:02.408]   03D0: 69 4F 7F 4F 69 4F 6D 4F 69 4F 79 4F 4F 4F 7F 4F  |iO.OiOmOiOyOOO.O|
[2026-09-14T12:01:02.408]   03E0: 6D 4F 49 4F 6F 4F 6B 4F 7B 4F 6D 4F 49 4F 7D 4F  |mOIOoOkO{OmOIO}O|
[2026-09-14T12:01:02.408]   03F0: 59 4F 7F 4F 7B 4F 69 4F 7D 4F 69 4F 79 4F 7D 4F  |YO.O{OiO}OiOyO}O|
[2026-09-14T12:01:02.408]   0400: 7F 4F 5F 4F 79 4F 79 4F 79 4F 5F 4F 79 4F 79 4F  |.O_OyOyOyO_OyOyO|
[2026-09-14T12:01:02.408]   0410: 79 4F 69 4F 6D 4F 69 4F 6F 4F 4F 4F 7F 4F 6D 4F  |yOiOmOiOoOOO.OmO|
[2026-09-14T12:01:02.408]   0420: 49 4F 6F 4F 6B 4F 7B 4F 6D 4F 49 4F 7D 4F 59 4F  |IOoOkO{OmOIO}OYO|
[2026-09-14T12:01:02.408]   0430: 7F 4F 7B 4F 69 4F 7D 4F 69 4F 7D 4F 7D 4F 7D 4F  |.O{OiO}OiO}O}O}O|
[2026-09-14T12:01:02.408]   0440: 5F 4F 7F 4F 7B 4F 79 4F 4D 4F 4B 4F 4B 4F 6F 4F  |_O.O{OyOMOKOKOoO|
[2026-09-14T12:01:02.408]   0450: 6F 4F 79 4F 69 4F 69 4F 6D 4F 4D 4F 4F 4F 5D 4F  |oOyOiOiOmOMOOO]O|
[2026-09-14T12:01:02.408]   0460: 6D 4F 69 4F 69 4F 6F 4F 69 4F 6F 4F 6B 4F 7B 4F  |mOiOiOoOiOoOkO{O|
[2026-09-14T12:01:02.408]   0470: 69 4F 7D 4F 69 4F 79 4F 69 4F 6F 4F 5D 4F 6F 4F  |iO}OiOyOiOoO]OoO|
[2026-09-14T12:01:02.408]   0480: 7D 4F 49 4F 6F 4F 6B 4F 7B 4F 69 4F 7D 4F 69 4F  |}OIOoOkO{OiO}OiO|
[2026-09-14T12:01:02.408]   0490: 6D 4F 79 4F 79 4F 79 4F 79 4F 5F 4F 79 4F 79 4F  |mOyOyOyOyO_OyOyO|
[2026-09-14T12:01:02.408]   04A0: 79 4F 79 4F 69 4F 79 4F 69 4F 7B 4F 79 4F 6F 4F  |yOyOiOyOiO{OyOoO|
[2026-09-14T12:01:02.408]   04B0: 6B 4F 69 4F 7D 4F 69 4F 79 4F 4D 4F 4B 4F 4B 4F  |kOiO}OiOyOMOKOKO|
[2026-09-14T12:01:02.408]   04C0: 6F 4F 6F 4F 79 4F 69 4F 69 4F 6B 4F 69 4F 4D 4F  |oOoOyOiOiOkOiOMO|
[2026-09-14T12:01:02.408]   04D0: 6F 4F 7D 4F 6F 4F 7B 4F 69 4F 4B 4F 4F 4F 4F 4F  |oO}OoO{OiOKOOOOO|
[2026-09-14T12:01:02.408]   04E0: 69 4F 6B 4F 7B 4F 4D 4F 4B 43 6F 67 32 20 20 49  |iOkO{OMOKCog2  I|
[2026-09-14T12:01:02.408]   04F0: 4E 49 54 20 24 30 30 30 30 5F 36 34 32 45 20 24  |NIT $0000_642E $|
[2026-09-14T12:01:02.408]   0500: 30 30 30 30 5F 39 30 36 46 20 6C 6F 61 64 0D 0A  |0000_906F load..|Cog0  --- pinSum = 97, 64010 Rev B, highTimeUs = 71
[2026-09-14T12:01:02.412] [BINARY DATA: 58 bytes - displaying as hex]
[2026-09-14T12:01:02.412]   0000: 43 6F 67 33 FF 43 6F 67 30 20 20 2D 2D 2D 20 70  |Cog3.Cog0  --- p|
[2026-09-14T12:01:02.412]   0010: 69 6E 53 75 6D 20 3D 20 39 39 2C 20 36 34 30 31  |inSum = 99, 6401|
[2026-09-14T12:01:02.412]   0020: 30 20 52 65 76 20 42 2C 20 68 69 67 68 54 69 6D  |0 Rev B, highTim|
[2026-09-14T12:01:02.413]   0030: 65 55 73 20 3D 20 37 33 0D 0A                    |eUs = 73..      |Cog0  MOT: fwdDegrees = 43, offset_fwd = $1E93_E93E
[2026-09-14T12:01:03.429] [BINARY DATA: 273 bytes - displaying as hex]
[2026-09-14T12:01:03.429]   0000: 43 6F E7 07 43 07 6F 07 67 07 31 07 21 07 21 07  |Co..C.o.g.1.!.!.|
[2026-09-14T12:01:03.429]   0010: 43 07 43 07 2D 07 43 07 53 07 41 07 4B 07 45 07  |C.C.-.C.S.A.K.E.|
[2026-09-14T12:01:03.429]   0020: 2D 07 6D 07 6F 07 75 07 6F 07 73 07 2D 07 4D 07  |-.m.o.u.o.s.-.M.|
[2026-09-14T12:01:03.429]   0030: 45 07 47 07 55 07 2D 07 69 07 6F 07 63 07 73 07  |E.G.U.-.i.o.c.s.|
[2026-09-14T12:01:03.429]   0040: 65 07 2D 07 31 07 39 07 5F 07 33 07 37 07 35 07  |e.-.1.9._.3.7.5.|
[2026-09-14T12:01:03.429]   0050: 5F 07 31 07 31 07 31 07 2D 07 67 07 73 07 61 07  |_.1.1.1.-.g.s.a.|
[2026-09-14T12:01:03.429]   0060: 6D 07 65 07 2D 07 4D 07 4F 07 55 07 4F 07 53 07  |m.e.-.M.O.U.O.S.|
[2026-09-14T12:01:03.429]   0070: 2D 07 73 07 61 07 6F 07 2D 07 55 07 53 07 55 07  |-.s.a.o.-.U.S.U.|
[2026-09-14T12:01:03.429]   0080: 45 07 2D 07 73 07 75 07 61 07 73 07 75 07 5F 07  |E.-.s.u.a.s.u._.|
[2026-09-14T12:01:03.429]   0090: 73 07 65 07 75 07 75 07 73 07 6F 07 2D 07 31 07  |s.e.u.u.s.o.-.1.|
[2026-09-14T12:01:03.429]   00A0: 2D 07 61 07 63 07 6F 07 73 07 75 07 2D 07 47 07  |-.a.c.o.s.u.-.G.|
[2026-09-14T12:01:03.429]   00B0: 41 07 4D 07 53 07 45 07 2D 07 73 07 65 07 61 07  |A.M.S.E.-.s.e.a.|
[2026-09-14T12:01:03.429]   00C0: 65 07 79 07 2D 07 4F 07 41 07 2D 07 75 07 69 07  |e.y.-.O.A.-.u.i.|
[2026-09-14T12:01:03.429]   00D0: 63 07 6B 07 73 07 5F 07 65 07 65 07 6D 07 75 07  |c.k.s._.e.e.m.u.|
[2026-09-14T12:01:03.429]   00E0: 61 07 2D 07 4F 07 41 07 2D 07 67 07 61 07 75 07  |a.-.O.A.-.g.a.u.|
[2026-09-14T12:01:03.429]   00F0: 6D 07 75 07 2D 07 4F 07 41 07 2D 07 73 07 75 07  |m.u.-.O.A.-.s.u.|
[2026-09-14T12:01:03.429]   0100: 6F 07 71 07 71 07 65 07 65 07 2D 07 4F 07 41 07  |o.q.q.e.e.-.O.A.|
[2026-09-14T12:01:03.446]   0110: 0D                                               |.               |<BELL><CLEOL><BELL>C<BELL>o<BELL>g<BELL>1<BELL>!<BELL>!<BELL>-<BELL>-<BELL>-<BELL>!<BELL>q<BELL>i<BELL>o<BELL>S<BELL>u<BELL>m<BELL>!<BELL>=<BELL>!<BELL>9<BELL>9<BELL>-<BELL>!<BELL>7<BELL>5<BELL>1<BELL>1<BELL>1<BELL>!<BELL>S<BELL>e<BELL>w<BELL>!<BELL>C<BELL>-<BELL>!<BELL>i<BELL>i<BELL>g<BELL>i<BELL>U<BELL>i<BELL>m<BELL>e<BELL>U<BELL>s<BELL>!<BELL>=<BELL>!<BELL>7<BELL>3<BELL><CR><BELL><CLEOL><BELL>C<BELL>o<BELL>g<BELL>1<BELL>!<BELL>!<BELL>M<BELL>O<BELL>U<BELL>;<BELL>!<BELL>g<BELL>w<BELL>e<BELL>E<BELL>e<BELL>g<BELL>s<BELL>e<BELL>e<BELL>s<BELL>!<BELL>=<BELL>!<BELL>5<BELL>3<BELL>-<BELL>!<BELL>o<BELL>g<BELL>g<BELL>s<BELL>e<BELL>u<BELL>_<BELL>g<BELL>w<BELL>e<BELL>!<BELL>=<BELL>!<BELL>%<BELL>1<BELL>E<BELL>9<BELL>3<BELL>_<BELL>E<BELL>9<BELL>3<BELL>E<BELL><CR><BELL><CLEOL><BELL>C<BELL>o<BELL>g<BELL>1<BELL>!<BELL>!<BELL>!<BELL>!<BELL>!<BELL>!<BELL>!<BELL>s<BELL>e<BELL>w<BELL>E<BELL>e<BELL>g<BELL>s<BELL>e<BELL>e<BELL>s<BELL>!<BELL>=<BELL>!<BELL>3<BELL>1<BELL>7<BELL>-<BELL>!<BELL>o<BELL>g<BELL>g<BELL>s<BELL>e<BELL>u<BELL>_<BELL>s<BELL>e<BELL>w<BELL>!<BELL>=<BELL>!<BELL>%<BELL>E<BELL>1<BELL>7<BELL>C<BELL>_<BELL>1<BELL>7<BELL>C<BELL>1<BELL><CR><BELL><CLEOL><BELL>C<BELL>o<BELL>g<BELL>1<BELL>!<BELL>!<BELL>!<BELL>-<BELL>!<BELL>C<BELL>a<BELL>m<BELL>c<BELL>!<BELL>G<BELL>S<BELL>A<BELL>M<BELL>E<BELL>;<BELL>!<BELL>g<BELL>s<BELL>a<BELL>m<BELL>e<BELL>_<BELL>c<BELL>o<BELL>u<BELL>!<BELL>=<BELL>!<BELL>7<BELL>_<BELL>1<BELL>3<BELL>7<BELL><CR><BELL><CLEOL><BELL>C<BELL>o<BELL>g<BELL>1<BELL>!<BELL>!<BELL>+<BELL>!<BELL>i<BELL>o<BELL>i<BELL>u<BELL>!<BELL>w<BELL>a<BELL>m<BELL>u<BELL>e<BELL>s<BELL>!<BELL>e<BELL>e<BELL>a<BELL>e<BELL>_<BELL>g<BELL>a<BELL>q<BELL>!<BELL>=<BELL>!<BELL>7<BELL>1<BELL>-<BELL>!<BELL>q<BELL>w<BELL>m<BELL>_<BELL>m<BELL>i<BELL>m<BELL>i<BELL>u<BELL>!<BELL>=<BELL>!<BELL>3<BELL>_<BELL>1<BELL>3<BELL>3<BELL>-<BELL>!<BELL>a<BELL>e<BELL>c<BELL>_<BELL>g<BELL>s<BELL>a<BELL>m<BELL>!<BELL>=<BELL>!<BELL>7<BELL>_<BELL>1<BELL>3<BELL>7<BELL>-<BELL>!<BELL>e<BELL>u<BELL>u<BELL>y<BELL>_<BELL>m<BELL>i<BELL>o<BELL>!<BELL>=<BELL>!<BELL>1<BELL>_<BELL>7<BELL>1<BELL>1<BELL>-<BELL>!<BELL>e<BELL>u<BELL>u<BELL>y<BELL>_<BELL>m<BELL>a<BELL>y<BELL>!<BELL>=<BELL>!<BELL>3<BELL>5<BELL>_<BELL>3<BELL>7<BELL>5<BELL><CR><BELL><CLEOL><BELL>C<BELL>o<BELL>g<BELL>1<BELL>!<BELL>!<BELL>+<BELL>!<BELL>!<BELL>!<BELL>!<BELL>!<BELL>!<BELL>w<BELL>a<BELL>m<BELL>u<BELL>e<BELL>s<BELL>!<BELL>e<BELL>u<BELL>u<BELL>y<BELL>_<BELL>u<BELL>q<BELL>!<BELL>=<BELL>!<BELL>1<BELL>9<BELL>-<BELL>!<BELL>e<BELL>u<BELL>u<BELL>y<BELL>_<BELL>e<BELL>o<BELL>!<BELL>=<BELL>!<BELL>5<BELL>-<BELL>!<BELL>c<BELL>g<BELL>g<BELL>_<BELL>c<BELL>u<BELL>c<BELL>k<BELL>s<BELL>!<BELL>=<BELL>!<BELL>1<BELL>3<BELL>5<BELL>_<BELL>1<BELL>1<BELL>1<BELL><CR><BELL><CLEOL><BELL>C<BELL>o<BELL>g<BELL>1<BELL>!<BELL>!<BELL>+<BELL>W<BELL>A<BELL>M<BELL>+<BELL>!<BELL>m<BELL>e<BELL>g<BELL>a<BELL>m<BELL>W<BELL>o<BELL>m<BELL>u<BELL>a<BELL>g<BELL>e<BELL>!<BELL>=<BELL>!<BELL>7<BELL><CR><BELL><CLEOL><BELL>C<BELL>o<BELL>g<BELL>1<BELL>!<BELL>!<BELL>+<BELL>!<BELL>E<BELL>O<BELL>U<BELL>S<BELL>Y<BELL>!<BELL>C<BELL>G<BELL>G<BELL>!<BELL>s<BELL>e<BELL>m<BELL>e<BELL>c<BELL>u<BELL>e<BELL>e<BELL>Q<BELL>o<BELL>w<BELL>e<BELL>s<BELL>!<BELL>=<BELL>!<BELL>7<BELL><CR><BELL><CLEOL><BELL>C<BELL>o<BELL>g<BELL>1<BELL>!<BELL>!<BELL>+<BELL>!<BELL>E<BELL>Y<BELL>I<BELL>U<BELL>!<BELL>3<BELL>!<BELL>C<BELL>G<BELL>G<BELL>!<BELL>e<BELL>U<BELL>s<BELL>e<BELL>s<BELL>S<BELL>e<BELL>m<BELL>e<BELL>c<BELL>u<BELL>e<BELL>e<BELL>W<BELL>o<BELL>m<BELL>u<BELL>s<BELL>!<BELL>=<BELL>!<BELL>7<BELL>!<BELL>m<BELL>a<BELL>y<BELL>G<BELL>w<BELL>e<BELL>I<BELL>o<BELL>c<BELL>s<BELL>e<BELL>A<BELL>u<BELL>Q<BELL>w<BELL>s<BELL>!<BELL>=<BELL>!<BELL>1<BELL>5<BELL>7<BELL>_<BELL>1<BELL>1<BELL>1<BELL>_<BELL>1<BELL>1<BELL>1<BELL>!<BELL>m<BELL>i<BELL>o<BELL>G<BELL>w<BELL>e<BELL>I<BELL>o<BELL>c<BELL>s<BELL>e<BELL>A<BELL>u<BELL>Q<BELL>w<BELL>s<BELL>!<BELL>=<BELL>!<BELL>5<BELL>5<BELL>5<BELL>_<BELL>7<BELL>3<BELL>9<BELL><CR><BELL><CLEOL><BELL>C<BELL>o<BELL>g<BELL>1<BELL>!<BELL>!<BELL>-<BELL>M<BELL>O<BELL>U<BELL>-<BELL>!<BELL>i<BELL>o<BELL>i<BELL>o<BELL>c<BELL>s<BELL>!<BELL>=<BELL>!<BELL>1<BELL>!<BELL>o<BELL>U<BELL>g<BELL>u<BELL>I<BELL>o<BELL>c<BELL>s<BELL>!<BELL>=<BELL>!<BELL>%<BELL>1<BELL>1<BELL>1<BELL>1<BELL>_<BELL>1<BELL>1<BELL>1<BELL>1<BELL>!<BELL>1<BELL>!<BELL>s<BELL>y<BELL>o<BELL>c<BELL>!<BELL>=<BELL>!<BELL>1<BELL><CR><BELL><CLEOL><BELL>C<BELL>o<BELL>g<BELL>1<BELL>!<BELL>!<BELL>+<BELL>!<BELL>M<BELL>o<BELL>u<BELL>o<BELL>s<BELL>!<BELL>C<BELL>O<BELL>G<BELL>!<BELL>#<BELL>3<BELL><CR>[BINARY DATA: 142 bytes - displaying as hex]
[2026-09-14T12:01:03.446]   0000: 07 0B 43 6F E7 43 6F 67 30 20 20 42 43 2D 42 52  |..Co.Cog0  BC-BR|
[2026-09-14T12:01:03.446]   0010: 41 4B 45 2C 6D 6F 74 6F 72 2C 4C 45 46 54 2C 69  |AKE,motor,LEFT,i|
[2026-09-14T12:01:03.446]   0020: 6E 63 72 65 2C 2D 31 38 5F 33 37 35 5F 30 30 30  |ncre,-18_375_000|
[2026-09-14T12:01:03.446]   0030: 2C 66 72 61 6D 65 2C 4D 4F 54 4F 52 2C 72 61 6E  |,frame,MOTOR,ran|
[2026-09-14T12:01:03.446]   0040: 2C 54 52 55 45 2C 73 74 61 72 74 5F 72 65 74 75  |,TRUE,start_retu|
[2026-09-14T12:01:03.446]   0050: 72 6E 2C 30 2C 61 62 6F 72 74 2C 46 41 4C 53 45  |rn,0,abort,FALSE|
[2026-09-14T12:01:03.446]   0060: 2C 72 65 61 64 79 2C 4E 41 2C 74 69 63 6B 73 5F  |,ready,NA,ticks_|
[2026-09-14T12:01:03.446]   0070: 64 65 6C 74 61 2C 4E 41 2C 66 61 75 6C 74 2C 4E  |delta,NA,fault,N|
[2026-09-14T12:01:03.446]   0080: 41 2C 73 74 6F 70 70 65 64 2C 4E 41 0D 0A        |A,stopped,NA..  |Cog0  --- pinSum = 97, 64010 Rev B, highTimeUs = 71
[2026-09-14T12:01:03.446] Cog0  DEBUG_END_SESSION

=== Debug Logger Session Ended at 2026-09-14T12:01:03.450 ===
